Starting GenParams Tune: Brewed_vinegar - Seed 20 - Gen ADASYN - All Scales


==================================================
Running gen-params experiment for Brewed_vinegar
==================================================

--- Fold 1/10 ---

  >> Seed sets per label: 20

    >> Seed Fold Selection: 1/10
    Evaluating Model: KNN
      -> [Baseline] Acc: 1.0000, F1: 1.0000, Time: 0.09s
      HP Tuning KNN...
n_iterations: 4
n_required_iterations: 4
n_possible_iterations: 5
min_resources_: 60
max_resources_: 12000
aggressive_elimination: False
factor: 3
----------
iter: 0
n_candidates: 50
n_resources: 60
Fitting 5 folds for each of 50 candidates, totalling 250 fits
----------
iter: 1
n_candidates: 17
n_resources: 180
Fitting 5 folds for each of 17 candidates, totalling 85 fits
----------
iter: 2
n_candidates: 6
n_resources: 540
Fitting 5 folds for each of 6 candidates, totalling 30 fits
----------
iter: 3
n_candidates: 2
n_resources: 1620
Fitting 5 folds for each of 2 candidates, totalling 10 fits
      -> [Tuned_Baseline] Acc: 1.0000, F1: 1.0000, Time: 0.08s
    Evaluating Model: RandomForest
      -> [Baseline] Acc: 1.0000, F1: 1.0000, Time: 1.03s
      HP Tuning RandomForest...
n_iterations: 4
n_required_iterations: 4
n_possible_iterations: 5
min_resources_: 60
max_resources_: 12000
aggressive_elimination: False
factor: 3
----------
iter: 0
n_candidates: 50
n_resources: 60
Fitting 5 folds for each of 50 candidates, totalling 250 fits
----------
iter: 1
n_candidates: 17
n_resources: 180
Fitting 5 folds for each of 17 candidates, totalling 85 fits
----------
iter: 2
n_candidates: 6
n_resources: 540
Fitting 5 folds for each of 6 candidates, totalling 30 fits
----------
iter: 3
n_candidates: 2
n_resources: 1620
Fitting 5 folds for each of 2 candidates, totalling 10 fits
      -> [Tuned_Baseline] Acc: 1.0000, F1: 1.0000, Time: 0.01s
    Evaluating Model: LinearSVC
      -> [Baseline] Acc: 0.9767, F1: 0.9766, Time: 0.07s
      HP Tuning LinearSVC...
n_iterations: 4
n_required_iterations: 4
n_possible_iterations: 5
min_resources_: 60
max_resources_: 12000
aggressive_elimination: False
factor: 3
----------
iter: 0
n_candidates: 50
n_resources: 60
Fitting 5 folds for each of 50 candidates, totalling 250 fits
----------
iter: 1
n_candidates: 17
n_resources: 180
Fitting 5 folds for each of 17 candidates, totalling 85 fits
----------
iter: 2
n_candidates: 6
n_resources: 540
Fitting 5 folds for each of 6 candidates, totalling 30 fits
----------
iter: 3
n_candidates: 2
n_resources: 1620
Fitting 5 folds for each of 2 candidates, totalling 10 fits
      -> [Tuned_Baseline] Acc: 0.9773, F1: 0.9773, Time: 0.00s
    Evaluating Model: LogisticRegression
      -> [Baseline] Acc: 1.0000, F1: 1.0000, Time: 1.77s
      HP Tuning LogisticRegression...
n_iterations: 4
n_required_iterations: 4
n_possible_iterations: 5
min_resources_: 60
max_resources_: 12000
aggressive_elimination: False
factor: 3
----------
iter: 0
n_candidates: 50
n_resources: 60
Fitting 5 folds for each of 50 candidates, totalling 250 fits
----------
iter: 1
n_candidates: 17
n_resources: 180
Fitting 5 folds for each of 17 candidates, totalling 85 fits
----------
iter: 2
n_candidates: 6
n_resources: 540
Fitting 5 folds for each of 6 candidates, totalling 30 fits
----------
iter: 3
n_candidates: 2
n_resources: 1620
Fitting 5 folds for each of 2 candidates, totalling 10 fits
      -> [Tuned_Baseline] Acc: 1.0000, F1: 1.0000, Time: 0.00s
    Evaluating Model: RNN
      -> [Baseline] Acc: 0.7333, F1: 0.6262, Time: 49.20s
      HP Tuning RNN...
n_iterations: 3
n_required_iterations: 4
n_possible_iterations: 3
min_resources_: 10
max_resources_: 120
aggressive_elimination: False
factor: 3
----------
iter: 0
n_candidates: 50
n_resources: 10
Fitting 5 folds for each of 50 candidates, totalling 250 fits
----------
iter: 1
n_candidates: 17
n_resources: 30
Fitting 5 folds for each of 17 candidates, totalling 85 fits
----------
iter: 2
n_candidates: 6
n_resources: 90
Fitting 5 folds for each of 6 candidates, totalling 30 fits
      -> [Tuned_Baseline] Acc: 1.0000, F1: 1.0000, Time: 0.00s
    [=== Generating 2x synthetic data with ADASYN (Set 1, Params: {'n_neighbors': 1}) ===]
      [!] Failed generation with ADASYN at 2x: Not any neigbours belong to the majority class. This case will induce a NaN case with a division by zero. ADASYN is not suited for this specific dataset. Use SMOTE instead.
    [=== Generating 2x synthetic data with ADASYN (Set 2, Params: {'n_neighbors': 2}) ===]
      [!] Failed generation with ADASYN at 2x: Not any neigbours belong to the majority class. This case will induce a NaN case with a division by zero. ADASYN is not suited for this specific dataset. Use SMOTE instead.
    [=== Generating 2x synthetic data with ADASYN (Set 3, Params: {'n_neighbors': 3}) ===]
      [!] Failed generation with ADASYN at 2x: Not any neigbours belong to the majority class. This case will induce a NaN case with a division by zero. ADASYN is not suited for this specific dataset. Use SMOTE instead.
    [=== Generating 2x synthetic data with ADASYN (Set 4, Params: {'n_neighbors': 4}) ===]
      [!] Failed generation with ADASYN at 2x: Not any neigbours belong to the majority class. This case will induce a NaN case with a division by zero. ADASYN is not suited for this specific dataset. Use SMOTE instead.
    [=== Generating 2x synthetic data with ADASYN (Set 5, Params: {'n_neighbors': 5}) ===]
      [!] Failed generation with ADASYN at 2x: Not any neigbours belong to the majority class. This case will induce a NaN case with a division by zero. ADASYN is not suited for this specific dataset. Use SMOTE instead.
    [=== Generating 3x synthetic data with ADASYN (Set 1, Params: {'n_neighbors': 1}) ===]
      [!] Failed generation with ADASYN at 3x: Not any neigbours belong to the majority class. This case will induce a NaN case with a division by zero. ADASYN is not suited for this specific dataset. Use SMOTE instead.
    [=== Generating 3x synthetic data with ADASYN (Set 2, Params: {'n_neighbors': 2}) ===]
      [!] Failed generation with ADASYN at 3x: Not any neigbours belong to the majority class. This case will induce a NaN case with a division by zero. ADASYN is not suited for this specific dataset. Use SMOTE instead.
    [=== Generating 3x synthetic data with ADASYN (Set 3, Params: {'n_neighbors': 3}) ===]
      [!] Failed generation with ADASYN at 3x: Not any neigbours belong to the majority class. This case will induce a NaN case with a division by zero. ADASYN is not suited for this specific dataset. Use SMOTE instead.
    [=== Generating 3x synthetic data with ADASYN (Set 4, Params: {'n_neighbors': 4}) ===]
      [!] Failed generation with ADASYN at 3x: Not any neigbours belong to the majority class. This case will induce a NaN case with a division by zero. ADASYN is not suited for this specific dataset. Use SMOTE instead.
    [=== Generating 3x synthetic data with ADASYN (Set 5, Params: {'n_neighbors': 5}) ===]
      [!] Failed generation with ADASYN at 3x: Not any neigbours belong to the majority class. This case will induce a NaN case with a division by zero. ADASYN is not suited for this specific dataset. Use SMOTE instead.
    [=== Generating 5x synthetic data with ADASYN (Set 1, Params: {'n_neighbors': 1}) ===]
      [!] Failed generation with ADASYN at 5x: Not any neigbours belong to the majority class. This case will induce a NaN case with a division by zero. ADASYN is not suited for this specific dataset. Use SMOTE instead.
    [=== Generating 5x synthetic data with ADASYN (Set 2, Params: {'n_neighbors': 2}) ===]
      [!] Failed generation with ADASYN at 5x: Not any neigbours belong to the majority class. This case will induce a NaN case with a division by zero. ADASYN is not suited for this specific dataset. Use SMOTE instead.
    [=== Generating 5x synthetic data with ADASYN (Set 3, Params: {'n_neighbors': 3}) ===]
      [!] Failed generation with ADASYN at 5x: Not any neigbours belong to the majority class. This case will induce a NaN case with a division by zero. ADASYN is not suited for this specific dataset. Use SMOTE instead.
    [=== Generating 5x synthetic data with ADASYN (Set 4, Params: {'n_neighbors': 4}) ===]
      [!] Failed generation with ADASYN at 5x: Not any neigbours belong to the majority class. This case will induce a NaN case with a division by zero. ADASYN is not suited for this specific dataset. Use SMOTE instead.
    [=== Generating 5x synthetic data with ADASYN (Set 5, Params: {'n_neighbors': 5}) ===]
      [!] Failed generation with ADASYN at 5x: Not any neigbours belong to the majority class. This case will induce a NaN case with a division by zero. ADASYN is not suited for this specific dataset. Use SMOTE instead.
    [=== Generating 10x synthetic data with ADASYN (Set 1, Params: {'n_neighbors': 1}) ===]
      [!] Failed generation with ADASYN at 10x: Not any neigbours belong to the majority class. This case will induce a NaN case with a division by zero. ADASYN is not suited for this specific dataset. Use SMOTE instead.
    [=== Generating 10x synthetic data with ADASYN (Set 2, Params: {'n_neighbors': 2}) ===]
      [!] Failed generation with ADASYN at 10x: Not any neigbours belong to the majority class. This case will induce a NaN case with a division by zero. ADASYN is not suited for this specific dataset. Use SMOTE instead.
    [=== Generating 10x synthetic data with ADASYN (Set 3, Params: {'n_neighbors': 3}) ===]
      [!] Failed generation with ADASYN at 10x: Not any neigbours belong to the majority class. This case will induce a NaN case with a division by zero. ADASYN is not suited for this specific dataset. Use SMOTE instead.
    [=== Generating 10x synthetic data with ADASYN (Set 4, Params: {'n_neighbors': 4}) ===]
      [!] Failed generation with ADASYN at 10x: Not any neigbours belong to the majority class. This case will induce a NaN case with a division by zero. ADASYN is not suited for this specific dataset. Use SMOTE instead.
    [=== Generating 10x synthetic data with ADASYN (Set 5, Params: {'n_neighbors': 5}) ===]
      [!] Failed generation with ADASYN at 10x: Not any neigbours belong to the majority class. This case will induce a NaN case with a division by zero. ADASYN is not suited for this specific dataset. Use SMOTE instead.

    >> Seed Fold Selection: 2/10
    Evaluating Model: KNN
      -> [Baseline] Acc: 1.0000, F1: 1.0000, Time: 0.09s
      HP Tuning KNN...
n_iterations: 4
n_required_iterations: 4
n_possible_iterations: 5
min_resources_: 60
max_resources_: 12000
aggressive_elimination: False
factor: 3
----------
iter: 0
n_candidates: 50
n_resources: 60
Fitting 5 folds for each of 50 candidates, totalling 250 fits
----------
iter: 1
n_candidates: 17
n_resources: 180
Fitting 5 folds for each of 17 candidates, totalling 85 fits
----------
iter: 2
n_candidates: 6
n_resources: 540
Fitting 5 folds for each of 6 candidates, totalling 30 fits
----------
iter: 3
n_candidates: 2
n_resources: 1620
Fitting 5 folds for each of 2 candidates, totalling 10 fits
      -> [Tuned_Baseline] Acc: 1.0000, F1: 1.0000, Time: 0.10s
    Evaluating Model: RandomForest
      -> [Baseline] Acc: 1.0000, F1: 1.0000, Time: 1.05s
      HP Tuning RandomForest...
n_iterations: 4
n_required_iterations: 4
n_possible_iterations: 5
min_resources_: 60
max_resources_: 12000
aggressive_elimination: False
factor: 3
----------
iter: 0
n_candidates: 50
n_resources: 60
Fitting 5 folds for each of 50 candidates, totalling 250 fits
----------
iter: 1
n_candidates: 17
n_resources: 180
Fitting 5 folds for each of 17 candidates, totalling 85 fits
----------
iter: 2
n_candidates: 6
n_resources: 540
Fitting 5 folds for each of 6 candidates, totalling 30 fits
----------
iter: 3
n_candidates: 2
n_resources: 1620
Fitting 5 folds for each of 2 candidates, totalling 10 fits
      -> [Tuned_Baseline] Acc: 1.0000, F1: 1.0000, Time: 0.02s
    Evaluating Model: LinearSVC
      -> [Baseline] Acc: 0.9773, F1: 0.9772, Time: 0.07s
      HP Tuning LinearSVC...
n_iterations: 4
n_required_iterations: 4
n_possible_iterations: 5
min_resources_: 60
max_resources_: 12000
aggressive_elimination: False
factor: 3
----------
iter: 0
n_candidates: 50
n_resources: 60
Fitting 5 folds for each of 50 candidates, totalling 250 fits
----------
iter: 1
n_candidates: 17
n_resources: 180
Fitting 5 folds for each of 17 candidates, totalling 85 fits
----------
iter: 2
n_candidates: 6
n_resources: 540
Fitting 5 folds for each of 6 candidates, totalling 30 fits
----------
iter: 3
n_candidates: 2
n_resources: 1620
Fitting 5 folds for each of 2 candidates, totalling 10 fits
      -> [Tuned_Baseline] Acc: 0.9793, F1: 0.9793, Time: 0.00s
    Evaluating Model: LogisticRegression
      -> [Baseline] Acc: 1.0000, F1: 1.0000, Time: 0.40s
      HP Tuning LogisticRegression...
n_iterations: 4
n_required_iterations: 4
n_possible_iterations: 5
min_resources_: 60
max_resources_: 12000
aggressive_elimination: False
factor: 3
----------
iter: 0
n_candidates: 50
n_resources: 60
Fitting 5 folds for each of 50 candidates, totalling 250 fits
----------
iter: 1
n_candidates: 17
n_resources: 180
Fitting 5 folds for each of 17 candidates, totalling 85 fits
----------
iter: 2
n_candidates: 6
n_resources: 540
Fitting 5 folds for each of 6 candidates, totalling 30 fits
----------
iter: 3
n_candidates: 2
n_resources: 1620
Fitting 5 folds for each of 2 candidates, totalling 10 fits
      -> [Tuned_Baseline] Acc: 1.0000, F1: 1.0000, Time: 0.00s
    Evaluating Model: RNN
      -> [Baseline] Acc: 0.9333, F1: 0.9289, Time: 5.04s
      HP Tuning RNN...
n_iterations: 3
n_required_iterations: 4
n_possible_iterations: 3
min_resources_: 10
max_resources_: 120
aggressive_elimination: False
factor: 3
----------
iter: 0
n_candidates: 50
n_resources: 10
Fitting 5 folds for each of 50 candidates, totalling 250 fits
----------
iter: 1
n_candidates: 17
n_resources: 30
Fitting 5 folds for each of 17 candidates, totalling 85 fits
----------
iter: 2
n_candidates: 6
n_resources: 90
Fitting 5 folds for each of 6 candidates, totalling 30 fits
      -> [Tuned_Baseline] Acc: 1.0000, F1: 1.0000, Time: 0.04s
    [=== Generating 2x synthetic data with ADASYN (Set 1, Params: {'n_neighbors': 1}) ===]
      [!] Failed generation with ADASYN at 2x: Not any neigbours belong to the majority class. This case will induce a NaN case with a division by zero. ADASYN is not suited for this specific dataset. Use SMOTE instead.
    [=== Generating 2x synthetic data with ADASYN (Set 2, Params: {'n_neighbors': 2}) ===]
      [!] Failed generation with ADASYN at 2x: Not any neigbours belong to the majority class. This case will induce a NaN case with a division by zero. ADASYN is not suited for this specific dataset. Use SMOTE instead.
    [=== Generating 2x synthetic data with ADASYN (Set 3, Params: {'n_neighbors': 3}) ===]
      [!] Failed generation with ADASYN at 2x: Not any neigbours belong to the majority class. This case will induce a NaN case with a division by zero. ADASYN is not suited for this specific dataset. Use SMOTE instead.
    [=== Generating 2x synthetic data with ADASYN (Set 4, Params: {'n_neighbors': 4}) ===]
      [!] Failed generation with ADASYN at 2x: Not any neigbours belong to the majority class. This case will induce a NaN case with a division by zero. ADASYN is not suited for this specific dataset. Use SMOTE instead.
    [=== Generating 2x synthetic data with ADASYN (Set 5, Params: {'n_neighbors': 5}) ===]
      [!] Failed generation with ADASYN at 2x: Not any neigbours belong to the majority class. This case will induce a NaN case with a division by zero. ADASYN is not suited for this specific dataset. Use SMOTE instead.
    [=== Generating 3x synthetic data with ADASYN (Set 1, Params: {'n_neighbors': 1}) ===]
      [!] Failed generation with ADASYN at 3x: Not any neigbours belong to the majority class. This case will induce a NaN case with a division by zero. ADASYN is not suited for this specific dataset. Use SMOTE instead.
    [=== Generating 3x synthetic data with ADASYN (Set 2, Params: {'n_neighbors': 2}) ===]
      [!] Failed generation with ADASYN at 3x: Not any neigbours belong to the majority class. This case will induce a NaN case with a division by zero. ADASYN is not suited for this specific dataset. Use SMOTE instead.
    [=== Generating 3x synthetic data with ADASYN (Set 3, Params: {'n_neighbors': 3}) ===]
      [!] Failed generation with ADASYN at 3x: Not any neigbours belong to the majority class. This case will induce a NaN case with a division by zero. ADASYN is not suited for this specific dataset. Use SMOTE instead.
    [=== Generating 3x synthetic data with ADASYN (Set 4, Params: {'n_neighbors': 4}) ===]
      [!] Failed generation with ADASYN at 3x: Not any neigbours belong to the majority class. This case will induce a NaN case with a division by zero. ADASYN is not suited for this specific dataset. Use SMOTE instead.
    [=== Generating 3x synthetic data with ADASYN (Set 5, Params: {'n_neighbors': 5}) ===]
      [!] Failed generation with ADASYN at 3x: Not any neigbours belong to the majority class. This case will induce a NaN case with a division by zero. ADASYN is not suited for this specific dataset. Use SMOTE instead.
    [=== Generating 5x synthetic data with ADASYN (Set 1, Params: {'n_neighbors': 1}) ===]
      [!] Failed generation with ADASYN at 5x: Not any neigbours belong to the majority class. This case will induce a NaN case with a division by zero. ADASYN is not suited for this specific dataset. Use SMOTE instead.
    [=== Generating 5x synthetic data with ADASYN (Set 2, Params: {'n_neighbors': 2}) ===]
      [!] Failed generation with ADASYN at 5x: Not any neigbours belong to the majority class. This case will induce a NaN case with a division by zero. ADASYN is not suited for this specific dataset. Use SMOTE instead.
    [=== Generating 5x synthetic data with ADASYN (Set 3, Params: {'n_neighbors': 3}) ===]
      [!] Failed generation with ADASYN at 5x: Not any neigbours belong to the majority class. This case will induce a NaN case with a division by zero. ADASYN is not suited for this specific dataset. Use SMOTE instead.
    [=== Generating 5x synthetic data with ADASYN (Set 4, Params: {'n_neighbors': 4}) ===]
      [!] Failed generation with ADASYN at 5x: Not any neigbours belong to the majority class. This case will induce a NaN case with a division by zero. ADASYN is not suited for this specific dataset. Use SMOTE instead.
    [=== Generating 5x synthetic data with ADASYN (Set 5, Params: {'n_neighbors': 5}) ===]
      [!] Failed generation with ADASYN at 5x: Not any neigbours belong to the majority class. This case will induce a NaN case with a division by zero. ADASYN is not suited for this specific dataset. Use SMOTE instead.
    [=== Generating 10x synthetic data with ADASYN (Set 1, Params: {'n_neighbors': 1}) ===]
      [!] Failed generation with ADASYN at 10x: Not any neigbours belong to the majority class. This case will induce a NaN case with a division by zero. ADASYN is not suited for this specific dataset. Use SMOTE instead.
    [=== Generating 10x synthetic data with ADASYN (Set 2, Params: {'n_neighbors': 2}) ===]
      [!] Failed generation with ADASYN at 10x: Not any neigbours belong to the majority class. This case will induce a NaN case with a division by zero. ADASYN is not suited for this specific dataset. Use SMOTE instead.
    [=== Generating 10x synthetic data with ADASYN (Set 3, Params: {'n_neighbors': 3}) ===]
      [!] Failed generation with ADASYN at 10x: Not any neigbours belong to the majority class. This case will induce a NaN case with a division by zero. ADASYN is not suited for this specific dataset. Use SMOTE instead.
    [=== Generating 10x synthetic data with ADASYN (Set 4, Params: {'n_neighbors': 4}) ===]
      [!] Failed generation with ADASYN at 10x: Not any neigbours belong to the majority class. This case will induce a NaN case with a division by zero. ADASYN is not suited for this specific dataset. Use SMOTE instead.
    [=== Generating 10x synthetic data with ADASYN (Set 5, Params: {'n_neighbors': 5}) ===]
      [!] Failed generation with ADASYN at 10x: Not any neigbours belong to the majority class. This case will induce a NaN case with a division by zero. ADASYN is not suited for this specific dataset. Use SMOTE instead.

    >> Seed Fold Selection: 3/10
    Evaluating Model: KNN
      -> [Baseline] Acc: 1.0000, F1: 1.0000, Time: 0.18s
      HP Tuning KNN...
n_iterations: 4
n_required_iterations: 4
n_possible_iterations: 5
min_resources_: 60
max_resources_: 12000
aggressive_elimination: False
factor: 3
----------
iter: 0
n_candidates: 50
n_resources: 60
Fitting 5 folds for each of 50 candidates, totalling 250 fits
----------
iter: 1
n_candidates: 17
n_resources: 180
Fitting 5 folds for each of 17 candidates, totalling 85 fits
----------
iter: 2
n_candidates: 6
n_resources: 540
Fitting 5 folds for each of 6 candidates, totalling 30 fits
----------
iter: 3
n_candidates: 2
n_resources: 1620
Fitting 5 folds for each of 2 candidates, totalling 10 fits
      -> [Tuned_Baseline] Acc: 1.0000, F1: 1.0000, Time: 0.02s
    Evaluating Model: RandomForest
      -> [Baseline] Acc: 1.0000, F1: 1.0000, Time: 2.20s
      HP Tuning RandomForest...
n_iterations: 4
n_required_iterations: 4
n_possible_iterations: 5
min_resources_: 60
max_resources_: 12000
aggressive_elimination: False
factor: 3
----------
iter: 0
n_candidates: 50
n_resources: 60
Fitting 5 folds for each of 50 candidates, totalling 250 fits
----------
iter: 1
n_candidates: 17
n_resources: 180
Fitting 5 folds for each of 17 candidates, totalling 85 fits
----------
iter: 2
n_candidates: 6
n_resources: 540
Fitting 5 folds for each of 6 candidates, totalling 30 fits
----------
iter: 3
n_candidates: 2
n_resources: 1620
Fitting 5 folds for each of 2 candidates, totalling 10 fits
      -> [Tuned_Baseline] Acc: 1.0000, F1: 1.0000, Time: 0.02s
    Evaluating Model: LinearSVC
      -> [Baseline] Acc: 0.9820, F1: 0.9820, Time: 0.14s
      HP Tuning LinearSVC...
n_iterations: 4
n_required_iterations: 4
n_possible_iterations: 5
min_resources_: 60
max_resources_: 12000
aggressive_elimination: False
factor: 3
----------
iter: 0
n_candidates: 50
n_resources: 60
Fitting 5 folds for each of 50 candidates, totalling 250 fits
----------
iter: 1
n_candidates: 17
n_resources: 180
Fitting 5 folds for each of 17 candidates, totalling 85 fits
----------
iter: 2
n_candidates: 6
n_resources: 540
Fitting 5 folds for each of 6 candidates, totalling 30 fits
----------
iter: 3
n_candidates: 2
n_resources: 1620
Fitting 5 folds for each of 2 candidates, totalling 10 fits
      -> [Tuned_Baseline] Acc: 0.9820, F1: 0.9820, Time: 0.00s
    Evaluating Model: LogisticRegression
      -> [Baseline] Acc: 1.0000, F1: 1.0000, Time: 0.63s
      HP Tuning LogisticRegression...
n_iterations: 4
n_required_iterations: 4
n_possible_iterations: 5
min_resources_: 60
max_resources_: 12000
aggressive_elimination: False
factor: 3
----------
iter: 0
n_candidates: 50
n_resources: 60
Fitting 5 folds for each of 50 candidates, totalling 250 fits
----------
iter: 1
n_candidates: 17
n_resources: 180
Fitting 5 folds for each of 17 candidates, totalling 85 fits
----------
iter: 2
n_candidates: 6
n_resources: 540
Fitting 5 folds for each of 6 candidates, totalling 30 fits
----------
iter: 3
n_candidates: 2
n_resources: 1620
Fitting 5 folds for each of 2 candidates, totalling 10 fits
      -> [Tuned_Baseline] Acc: 1.0000, F1: 1.0000, Time: 0.00s
    Evaluating Model: RNN
      -> [Baseline] Acc: 0.8000, F1: 0.7437, Time: 2.70s
      HP Tuning RNN...
n_iterations: 3
n_required_iterations: 4
n_possible_iterations: 3
min_resources_: 10
max_resources_: 120
aggressive_elimination: False
factor: 3
----------
iter: 0
n_candidates: 50
n_resources: 10
Fitting 5 folds for each of 50 candidates, totalling 250 fits
----------
iter: 1
n_candidates: 17
n_resources: 30
Fitting 5 folds for each of 17 candidates, totalling 85 fits
----------
iter: 2
n_candidates: 6
n_resources: 90
Fitting 5 folds for each of 6 candidates, totalling 30 fits
      -> [Tuned_Baseline] Acc: 1.0000, F1: 1.0000, Time: 0.04s
    [=== Generating 2x synthetic data with ADASYN (Set 1, Params: {'n_neighbors': 1}) ===]
      [!] Failed generation with ADASYN at 2x: Not any neigbours belong to the majority class. This case will induce a NaN case with a division by zero. ADASYN is not suited for this specific dataset. Use SMOTE instead.
    [=== Generating 2x synthetic data with ADASYN (Set 2, Params: {'n_neighbors': 2}) ===]
      [!] Failed generation with ADASYN at 2x: Not any neigbours belong to the majority class. This case will induce a NaN case with a division by zero. ADASYN is not suited for this specific dataset. Use SMOTE instead.
    [=== Generating 2x synthetic data with ADASYN (Set 3, Params: {'n_neighbors': 3}) ===]
      [!] Failed generation with ADASYN at 2x: Not any neigbours belong to the majority class. This case will induce a NaN case with a division by zero. ADASYN is not suited for this specific dataset. Use SMOTE instead.
    [=== Generating 2x synthetic data with ADASYN (Set 4, Params: {'n_neighbors': 4}) ===]
      [!] Failed generation with ADASYN at 2x: Not any neigbours belong to the majority class. This case will induce a NaN case with a division by zero. ADASYN is not suited for this specific dataset. Use SMOTE instead.
    [=== Generating 2x synthetic data with ADASYN (Set 5, Params: {'n_neighbors': 5}) ===]
      [!] Failed generation with ADASYN at 2x: Not any neigbours belong to the majority class. This case will induce a NaN case with a division by zero. ADASYN is not suited for this specific dataset. Use SMOTE instead.
    [=== Generating 3x synthetic data with ADASYN (Set 1, Params: {'n_neighbors': 1}) ===]
      [!] Failed generation with ADASYN at 3x: Not any neigbours belong to the majority class. This case will induce a NaN case with a division by zero. ADASYN is not suited for this specific dataset. Use SMOTE instead.
    [=== Generating 3x synthetic data with ADASYN (Set 2, Params: {'n_neighbors': 2}) ===]
      [!] Failed generation with ADASYN at 3x: Not any neigbours belong to the majority class. This case will induce a NaN case with a division by zero. ADASYN is not suited for this specific dataset. Use SMOTE instead.
    [=== Generating 3x synthetic data with ADASYN (Set 3, Params: {'n_neighbors': 3}) ===]
      [!] Failed generation with ADASYN at 3x: Not any neigbours belong to the majority class. This case will induce a NaN case with a division by zero. ADASYN is not suited for this specific dataset. Use SMOTE instead.
    [=== Generating 3x synthetic data with ADASYN (Set 4, Params: {'n_neighbors': 4}) ===]
      [!] Failed generation with ADASYN at 3x: Not any neigbours belong to the majority class. This case will induce a NaN case with a division by zero. ADASYN is not suited for this specific dataset. Use SMOTE instead.
    [=== Generating 3x synthetic data with ADASYN (Set 5, Params: {'n_neighbors': 5}) ===]
      [!] Failed generation with ADASYN at 3x: Not any neigbours belong to the majority class. This case will induce a NaN case with a division by zero. ADASYN is not suited for this specific dataset. Use SMOTE instead.
    [=== Generating 5x synthetic data with ADASYN (Set 1, Params: {'n_neighbors': 1}) ===]
      [!] Failed generation with ADASYN at 5x: Not any neigbours belong to the majority class. This case will induce a NaN case with a division by zero. ADASYN is not suited for this specific dataset. Use SMOTE instead.
    [=== Generating 5x synthetic data with ADASYN (Set 2, Params: {'n_neighbors': 2}) ===]
      [!] Failed generation with ADASYN at 5x: Not any neigbours belong to the majority class. This case will induce a NaN case with a division by zero. ADASYN is not suited for this specific dataset. Use SMOTE instead.
    [=== Generating 5x synthetic data with ADASYN (Set 3, Params: {'n_neighbors': 3}) ===]
      [!] Failed generation with ADASYN at 5x: Not any neigbours belong to the majority class. This case will induce a NaN case with a division by zero. ADASYN is not suited for this specific dataset. Use SMOTE instead.
    [=== Generating 5x synthetic data with ADASYN (Set 4, Params: {'n_neighbors': 4}) ===]
      [!] Failed generation with ADASYN at 5x: Not any neigbours belong to the majority class. This case will induce a NaN case with a division by zero. ADASYN is not suited for this specific dataset. Use SMOTE instead.
    [=== Generating 5x synthetic data with ADASYN (Set 5, Params: {'n_neighbors': 5}) ===]
      [!] Failed generation with ADASYN at 5x: Not any neigbours belong to the majority class. This case will induce a NaN case with a division by zero. ADASYN is not suited for this specific dataset. Use SMOTE instead.
    [=== Generating 10x synthetic data with ADASYN (Set 1, Params: {'n_neighbors': 1}) ===]
      [!] Failed generation with ADASYN at 10x: Not any neigbours belong to the majority class. This case will induce a NaN case with a division by zero. ADASYN is not suited for this specific dataset. Use SMOTE instead.
    [=== Generating 10x synthetic data with ADASYN (Set 2, Params: {'n_neighbors': 2}) ===]
      [!] Failed generation with ADASYN at 10x: Not any neigbours belong to the majority class. This case will induce a NaN case with a division by zero. ADASYN is not suited for this specific dataset. Use SMOTE instead.
    [=== Generating 10x synthetic data with ADASYN (Set 3, Params: {'n_neighbors': 3}) ===]
      [!] Failed generation with ADASYN at 10x: Not any neigbours belong to the majority class. This case will induce a NaN case with a division by zero. ADASYN is not suited for this specific dataset. Use SMOTE instead.
    [=== Generating 10x synthetic data with ADASYN (Set 4, Params: {'n_neighbors': 4}) ===]
      [!] Failed generation with ADASYN at 10x: Not any neigbours belong to the majority class. This case will induce a NaN case with a division by zero. ADASYN is not suited for this specific dataset. Use SMOTE instead.
    [=== Generating 10x synthetic data with ADASYN (Set 5, Params: {'n_neighbors': 5}) ===]
      [!] Failed generation with ADASYN at 10x: Not any neigbours belong to the majority class. This case will induce a NaN case with a division by zero. ADASYN is not suited for this specific dataset. Use SMOTE instead.

    >> Seed Fold Selection: 4/10
    Evaluating Model: KNN
      -> [Baseline] Acc: 1.0000, F1: 1.0000, Time: 0.09s
      HP Tuning KNN...
n_iterations: 4
n_required_iterations: 4
n_possible_iterations: 5
min_resources_: 60
max_resources_: 12000
aggressive_elimination: False
factor: 3
----------
iter: 0
n_candidates: 50
n_resources: 60
Fitting 5 folds for each of 50 candidates, totalling 250 fits
----------
iter: 1
n_candidates: 17
n_resources: 180
Fitting 5 folds for each of 17 candidates, totalling 85 fits
----------
iter: 2
n_candidates: 6
n_resources: 540
Fitting 5 folds for each of 6 candidates, totalling 30 fits
----------
iter: 3
n_candidates: 2
n_resources: 1620
Fitting 5 folds for each of 2 candidates, totalling 10 fits
      -> [Tuned_Baseline] Acc: 1.0000, F1: 1.0000, Time: 0.19s
    Evaluating Model: RandomForest
      -> [Baseline] Acc: 1.0000, F1: 1.0000, Time: 1.91s
      HP Tuning RandomForest...
n_iterations: 4
n_required_iterations: 4
n_possible_iterations: 5
min_resources_: 60
max_resources_: 12000
aggressive_elimination: False
factor: 3
----------
iter: 0
n_candidates: 50
n_resources: 60
Fitting 5 folds for each of 50 candidates, totalling 250 fits
----------
iter: 1
n_candidates: 17
n_resources: 180
Fitting 5 folds for each of 17 candidates, totalling 85 fits
----------
iter: 2
n_candidates: 6
n_resources: 540
Fitting 5 folds for each of 6 candidates, totalling 30 fits
----------
iter: 3
n_candidates: 2
n_resources: 1620
Fitting 5 folds for each of 2 candidates, totalling 10 fits
      -> [Tuned_Baseline] Acc: 1.0000, F1: 1.0000, Time: 0.05s
    Evaluating Model: LinearSVC
      -> [Baseline] Acc: 0.9840, F1: 0.9840, Time: 0.11s
      HP Tuning LinearSVC...
n_iterations: 4
n_required_iterations: 4
n_possible_iterations: 5
min_resources_: 60
max_resources_: 12000
aggressive_elimination: False
factor: 3
----------
iter: 0
n_candidates: 50
n_resources: 60
Fitting 5 folds for each of 50 candidates, totalling 250 fits
----------
iter: 1
n_candidates: 17
n_resources: 180
Fitting 5 folds for each of 17 candidates, totalling 85 fits
----------
iter: 2
n_candidates: 6
n_resources: 540
Fitting 5 folds for each of 6 candidates, totalling 30 fits
----------
iter: 3
n_candidates: 2
n_resources: 1620
Fitting 5 folds for each of 2 candidates, totalling 10 fits
      -> [Tuned_Baseline] Acc: 0.9847, F1: 0.9847, Time: 0.00s
    Evaluating Model: LogisticRegression
      -> [Baseline] Acc: 1.0000, F1: 1.0000, Time: 1.29s
      HP Tuning LogisticRegression...
n_iterations: 4
n_required_iterations: 4
n_possible_iterations: 5
min_resources_: 60
max_resources_: 12000
aggressive_elimination: False
factor: 3
----------
iter: 0
n_candidates: 50
n_resources: 60
Fitting 5 folds for each of 50 candidates, totalling 250 fits
----------
iter: 1
n_candidates: 17
n_resources: 180
Fitting 5 folds for each of 17 candidates, totalling 85 fits
----------
iter: 2
n_candidates: 6
n_resources: 540
Fitting 5 folds for each of 6 candidates, totalling 30 fits
----------
iter: 3
n_candidates: 2
n_resources: 1620
Fitting 5 folds for each of 2 candidates, totalling 10 fits
      -> [Tuned_Baseline] Acc: 1.0000, F1: 1.0000, Time: 0.00s
    Evaluating Model: RNN
      -> [Baseline] Acc: 0.8000, F1: 0.7429, Time: 9.65s
      HP Tuning RNN...
n_iterations: 3
n_required_iterations: 4
n_possible_iterations: 3
min_resources_: 10
max_resources_: 120
aggressive_elimination: False
factor: 3
----------
iter: 0
n_candidates: 50
n_resources: 10
Fitting 5 folds for each of 50 candidates, totalling 250 fits
----------
iter: 1
n_candidates: 17
n_resources: 30
Fitting 5 folds for each of 17 candidates, totalling 85 fits
----------
iter: 2
n_candidates: 6
n_resources: 90
Fitting 5 folds for each of 6 candidates, totalling 30 fits
      -> [Tuned_Baseline] Acc: 1.0000, F1: 1.0000, Time: 0.03s
    [=== Generating 2x synthetic data with ADASYN (Set 1, Params: {'n_neighbors': 1}) ===]
      [!] Failed generation with ADASYN at 2x: Not any neigbours belong to the majority class. This case will induce a NaN case with a division by zero. ADASYN is not suited for this specific dataset. Use SMOTE instead.
    [=== Generating 2x synthetic data with ADASYN (Set 2, Params: {'n_neighbors': 2}) ===]
      [!] Failed generation with ADASYN at 2x: Not any neigbours belong to the majority class. This case will induce a NaN case with a division by zero. ADASYN is not suited for this specific dataset. Use SMOTE instead.
    [=== Generating 2x synthetic data with ADASYN (Set 3, Params: {'n_neighbors': 3}) ===]
      [!] Failed generation with ADASYN at 2x: Not any neigbours belong to the majority class. This case will induce a NaN case with a division by zero. ADASYN is not suited for this specific dataset. Use SMOTE instead.
    [=== Generating 2x synthetic data with ADASYN (Set 4, Params: {'n_neighbors': 4}) ===]
      [!] Failed generation with ADASYN at 2x: Not any neigbours belong to the majority class. This case will induce a NaN case with a division by zero. ADASYN is not suited for this specific dataset. Use SMOTE instead.
    [=== Generating 2x synthetic data with ADASYN (Set 5, Params: {'n_neighbors': 5}) ===]
      [!] Failed generation with ADASYN at 2x: Not any neigbours belong to the majority class. This case will induce a NaN case with a division by zero. ADASYN is not suited for this specific dataset. Use SMOTE instead.
    [=== Generating 3x synthetic data with ADASYN (Set 1, Params: {'n_neighbors': 1}) ===]
      [!] Failed generation with ADASYN at 3x: Not any neigbours belong to the majority class. This case will induce a NaN case with a division by zero. ADASYN is not suited for this specific dataset. Use SMOTE instead.
    [=== Generating 3x synthetic data with ADASYN (Set 2, Params: {'n_neighbors': 2}) ===]
      [!] Failed generation with ADASYN at 3x: Not any neigbours belong to the majority class. This case will induce a NaN case with a division by zero. ADASYN is not suited for this specific dataset. Use SMOTE instead.
    [=== Generating 3x synthetic data with ADASYN (Set 3, Params: {'n_neighbors': 3}) ===]
      [!] Failed generation with ADASYN at 3x: Not any neigbours belong to the majority class. This case will induce a NaN case with a division by zero. ADASYN is not suited for this specific dataset. Use SMOTE instead.
    [=== Generating 3x synthetic data with ADASYN (Set 4, Params: {'n_neighbors': 4}) ===]
      [!] Failed generation with ADASYN at 3x: Not any neigbours belong to the majority class. This case will induce a NaN case with a division by zero. ADASYN is not suited for this specific dataset. Use SMOTE instead.
    [=== Generating 3x synthetic data with ADASYN (Set 5, Params: {'n_neighbors': 5}) ===]
      [!] Failed generation with ADASYN at 3x: Not any neigbours belong to the majority class. This case will induce a NaN case with a division by zero. ADASYN is not suited for this specific dataset. Use SMOTE instead.
    [=== Generating 5x synthetic data with ADASYN (Set 1, Params: {'n_neighbors': 1}) ===]
      [!] Failed generation with ADASYN at 5x: Not any neigbours belong to the majority class. This case will induce a NaN case with a division by zero. ADASYN is not suited for this specific dataset. Use SMOTE instead.
    [=== Generating 5x synthetic data with ADASYN (Set 2, Params: {'n_neighbors': 2}) ===]
      [!] Failed generation with ADASYN at 5x: Not any neigbours belong to the majority class. This case will induce a NaN case with a division by zero. ADASYN is not suited for this specific dataset. Use SMOTE instead.
    [=== Generating 5x synthetic data with ADASYN (Set 3, Params: {'n_neighbors': 3}) ===]
      [!] Failed generation with ADASYN at 5x: Not any neigbours belong to the majority class. This case will induce a NaN case with a division by zero. ADASYN is not suited for this specific dataset. Use SMOTE instead.
    [=== Generating 5x synthetic data with ADASYN (Set 4, Params: {'n_neighbors': 4}) ===]
      [!] Failed generation with ADASYN at 5x: Not any neigbours belong to the majority class. This case will induce a NaN case with a division by zero. ADASYN is not suited for this specific dataset. Use SMOTE instead.
    [=== Generating 5x synthetic data with ADASYN (Set 5, Params: {'n_neighbors': 5}) ===]
      [!] Failed generation with ADASYN at 5x: Not any neigbours belong to the majority class. This case will induce a NaN case with a division by zero. ADASYN is not suited for this specific dataset. Use SMOTE instead.
    [=== Generating 10x synthetic data with ADASYN (Set 1, Params: {'n_neighbors': 1}) ===]
      [!] Failed generation with ADASYN at 10x: Not any neigbours belong to the majority class. This case will induce a NaN case with a division by zero. ADASYN is not suited for this specific dataset. Use SMOTE instead.
    [=== Generating 10x synthetic data with ADASYN (Set 2, Params: {'n_neighbors': 2}) ===]
      [!] Failed generation with ADASYN at 10x: Not any neigbours belong to the majority class. This case will induce a NaN case with a division by zero. ADASYN is not suited for this specific dataset. Use SMOTE instead.
    [=== Generating 10x synthetic data with ADASYN (Set 3, Params: {'n_neighbors': 3}) ===]
      [!] Failed generation with ADASYN at 10x: Not any neigbours belong to the majority class. This case will induce a NaN case with a division by zero. ADASYN is not suited for this specific dataset. Use SMOTE instead.
    [=== Generating 10x synthetic data with ADASYN (Set 4, Params: {'n_neighbors': 4}) ===]
      [!] Failed generation with ADASYN at 10x: Not any neigbours belong to the majority class. This case will induce a NaN case with a division by zero. ADASYN is not suited for this specific dataset. Use SMOTE instead.
    [=== Generating 10x synthetic data with ADASYN (Set 5, Params: {'n_neighbors': 5}) ===]
      [!] Failed generation with ADASYN at 10x: Not any neigbours belong to the majority class. This case will induce a NaN case with a division by zero. ADASYN is not suited for this specific dataset. Use SMOTE instead.

    >> Seed Fold Selection: 5/10
    Evaluating Model: KNN
      -> [Baseline] Acc: 1.0000, F1: 1.0000, Time: 0.17s
      HP Tuning KNN...
n_iterations: 4
n_required_iterations: 4
n_possible_iterations: 5
min_resources_: 60
max_resources_: 12000
aggressive_elimination: False
factor: 3
----------
iter: 0
n_candidates: 50
n_resources: 60
Fitting 5 folds for each of 50 candidates, totalling 250 fits
----------
iter: 1
n_candidates: 17
n_resources: 180
Fitting 5 folds for each of 17 candidates, totalling 85 fits
----------
iter: 2
n_candidates: 6
n_resources: 540
Fitting 5 folds for each of 6 candidates, totalling 30 fits
----------
iter: 3
n_candidates: 2
n_resources: 1620
Fitting 5 folds for each of 2 candidates, totalling 10 fits
      -> [Tuned_Baseline] Acc: 1.0000, F1: 1.0000, Time: 0.10s
    Evaluating Model: RandomForest
      -> [Baseline] Acc: 1.0000, F1: 1.0000, Time: 1.16s
      HP Tuning RandomForest...
n_iterations: 4
n_required_iterations: 4
n_possible_iterations: 5
min_resources_: 60
max_resources_: 12000
aggressive_elimination: False
factor: 3
----------
iter: 0
n_candidates: 50
n_resources: 60
Fitting 5 folds for each of 50 candidates, totalling 250 fits
----------
iter: 1
n_candidates: 17
n_resources: 180
Fitting 5 folds for each of 17 candidates, totalling 85 fits
----------
iter: 2
n_candidates: 6
n_resources: 540
Fitting 5 folds for each of 6 candidates, totalling 30 fits
----------
iter: 3
n_candidates: 2
n_resources: 1620
Fitting 5 folds for each of 2 candidates, totalling 10 fits
      -> [Tuned_Baseline] Acc: 1.0000, F1: 1.0000, Time: 0.03s
    Evaluating Model: LinearSVC
      -> [Baseline] Acc: 0.9813, F1: 0.9813, Time: 0.13s
      HP Tuning LinearSVC...
n_iterations: 4
n_required_iterations: 4
n_possible_iterations: 5
min_resources_: 60
max_resources_: 12000
aggressive_elimination: False
factor: 3
----------
iter: 0
n_candidates: 50
n_resources: 60
Fitting 5 folds for each of 50 candidates, totalling 250 fits
----------
iter: 1
n_candidates: 17
n_resources: 180
Fitting 5 folds for each of 17 candidates, totalling 85 fits
----------
iter: 2
n_candidates: 6
n_resources: 540
Fitting 5 folds for each of 6 candidates, totalling 30 fits
----------
iter: 3
n_candidates: 2
n_resources: 1620
Fitting 5 folds for each of 2 candidates, totalling 10 fits
      -> [Tuned_Baseline] Acc: 0.9747, F1: 0.9746, Time: 0.00s
    Evaluating Model: LogisticRegression
      -> [Baseline] Acc: 1.0000, F1: 1.0000, Time: 0.89s
      HP Tuning LogisticRegression...
n_iterations: 4
n_required_iterations: 4
n_possible_iterations: 5
min_resources_: 60
max_resources_: 12000
aggressive_elimination: False
factor: 3
----------
iter: 0
n_candidates: 50
n_resources: 60
Fitting 5 folds for each of 50 candidates, totalling 250 fits
----------
iter: 1
n_candidates: 17
n_resources: 180
Fitting 5 folds for each of 17 candidates, totalling 85 fits
----------
iter: 2
n_candidates: 6
n_resources: 540
Fitting 5 folds for each of 6 candidates, totalling 30 fits
----------
iter: 3
n_candidates: 2
n_resources: 1620
Fitting 5 folds for each of 2 candidates, totalling 10 fits
      -> [Tuned_Baseline] Acc: 1.0000, F1: 1.0000, Time: 0.00s
    Evaluating Model: RNN
      -> [Baseline] Acc: 0.8667, F1: 0.8095, Time: 4.97s
      HP Tuning RNN...
n_iterations: 3
n_required_iterations: 4
n_possible_iterations: 3
min_resources_: 10
max_resources_: 120
aggressive_elimination: False
factor: 3
----------
iter: 0
n_candidates: 50
n_resources: 10
Fitting 5 folds for each of 50 candidates, totalling 250 fits
----------
iter: 1
n_candidates: 17
n_resources: 30
Fitting 5 folds for each of 17 candidates, totalling 85 fits
----------
iter: 2
n_candidates: 6
n_resources: 90
Fitting 5 folds for each of 6 candidates, totalling 30 fits
      -> [Tuned_Baseline] Acc: 0.9333, F1: 0.9289, Time: 0.02s
    [=== Generating 2x synthetic data with ADASYN (Set 1, Params: {'n_neighbors': 1}) ===]
      [!] Failed generation with ADASYN at 2x: Not any neigbours belong to the majority class. This case will induce a NaN case with a division by zero. ADASYN is not suited for this specific dataset. Use SMOTE instead.
    [=== Generating 2x synthetic data with ADASYN (Set 2, Params: {'n_neighbors': 2}) ===]
      [!] Failed generation with ADASYN at 2x: Not any neigbours belong to the majority class. This case will induce a NaN case with a division by zero. ADASYN is not suited for this specific dataset. Use SMOTE instead.
    [=== Generating 2x synthetic data with ADASYN (Set 3, Params: {'n_neighbors': 3}) ===]
      [!] Failed generation with ADASYN at 2x: Not any neigbours belong to the majority class. This case will induce a NaN case with a division by zero. ADASYN is not suited for this specific dataset. Use SMOTE instead.
    [=== Generating 2x synthetic data with ADASYN (Set 4, Params: {'n_neighbors': 4}) ===]
      [!] Failed generation with ADASYN at 2x: Not any neigbours belong to the majority class. This case will induce a NaN case with a division by zero. ADASYN is not suited for this specific dataset. Use SMOTE instead.
    [=== Generating 2x synthetic data with ADASYN (Set 5, Params: {'n_neighbors': 5}) ===]
      [!] Failed generation with ADASYN at 2x: Not any neigbours belong to the majority class. This case will induce a NaN case with a division by zero. ADASYN is not suited for this specific dataset. Use SMOTE instead.
    [=== Generating 3x synthetic data with ADASYN (Set 1, Params: {'n_neighbors': 1}) ===]
      [!] Failed generation with ADASYN at 3x: Not any neigbours belong to the majority class. This case will induce a NaN case with a division by zero. ADASYN is not suited for this specific dataset. Use SMOTE instead.
    [=== Generating 3x synthetic data with ADASYN (Set 2, Params: {'n_neighbors': 2}) ===]
      [!] Failed generation with ADASYN at 3x: Not any neigbours belong to the majority class. This case will induce a NaN case with a division by zero. ADASYN is not suited for this specific dataset. Use SMOTE instead.
    [=== Generating 3x synthetic data with ADASYN (Set 3, Params: {'n_neighbors': 3}) ===]
      [!] Failed generation with ADASYN at 3x: Not any neigbours belong to the majority class. This case will induce a NaN case with a division by zero. ADASYN is not suited for this specific dataset. Use SMOTE instead.
    [=== Generating 3x synthetic data with ADASYN (Set 4, Params: {'n_neighbors': 4}) ===]
      [!] Failed generation with ADASYN at 3x: Not any neigbours belong to the majority class. This case will induce a NaN case with a division by zero. ADASYN is not suited for this specific dataset. Use SMOTE instead.
    [=== Generating 3x synthetic data with ADASYN (Set 5, Params: {'n_neighbors': 5}) ===]
      [!] Failed generation with ADASYN at 3x: Not any neigbours belong to the majority class. This case will induce a NaN case with a division by zero. ADASYN is not suited for this specific dataset. Use SMOTE instead.
    [=== Generating 5x synthetic data with ADASYN (Set 1, Params: {'n_neighbors': 1}) ===]
      [!] Failed generation with ADASYN at 5x: Not any neigbours belong to the majority class. This case will induce a NaN case with a division by zero. ADASYN is not suited for this specific dataset. Use SMOTE instead.
    [=== Generating 5x synthetic data with ADASYN (Set 2, Params: {'n_neighbors': 2}) ===]
      [!] Failed generation with ADASYN at 5x: Not any neigbours belong to the majority class. This case will induce a NaN case with a division by zero. ADASYN is not suited for this specific dataset. Use SMOTE instead.
    [=== Generating 5x synthetic data with ADASYN (Set 3, Params: {'n_neighbors': 3}) ===]
      [!] Failed generation with ADASYN at 5x: Not any neigbours belong to the majority class. This case will induce a NaN case with a division by zero. ADASYN is not suited for this specific dataset. Use SMOTE instead.
    [=== Generating 5x synthetic data with ADASYN (Set 4, Params: {'n_neighbors': 4}) ===]
      [!] Failed generation with ADASYN at 5x: Not any neigbours belong to the majority class. This case will induce a NaN case with a division by zero. ADASYN is not suited for this specific dataset. Use SMOTE instead.
    [=== Generating 5x synthetic data with ADASYN (Set 5, Params: {'n_neighbors': 5}) ===]
      [!] Failed generation with ADASYN at 5x: Not any neigbours belong to the majority class. This case will induce a NaN case with a division by zero. ADASYN is not suited for this specific dataset. Use SMOTE instead.
    [=== Generating 10x synthetic data with ADASYN (Set 1, Params: {'n_neighbors': 1}) ===]
      [!] Failed generation with ADASYN at 10x: Not any neigbours belong to the majority class. This case will induce a NaN case with a division by zero. ADASYN is not suited for this specific dataset. Use SMOTE instead.
    [=== Generating 10x synthetic data with ADASYN (Set 2, Params: {'n_neighbors': 2}) ===]
      [!] Failed generation with ADASYN at 10x: Not any neigbours belong to the majority class. This case will induce a NaN case with a division by zero. ADASYN is not suited for this specific dataset. Use SMOTE instead.
    [=== Generating 10x synthetic data with ADASYN (Set 3, Params: {'n_neighbors': 3}) ===]
      [!] Failed generation with ADASYN at 10x: Not any neigbours belong to the majority class. This case will induce a NaN case with a division by zero. ADASYN is not suited for this specific dataset. Use SMOTE instead.
    [=== Generating 10x synthetic data with ADASYN (Set 4, Params: {'n_neighbors': 4}) ===]
      [!] Failed generation with ADASYN at 10x: Not any neigbours belong to the majority class. This case will induce a NaN case with a division by zero. ADASYN is not suited for this specific dataset. Use SMOTE instead.
    [=== Generating 10x synthetic data with ADASYN (Set 5, Params: {'n_neighbors': 5}) ===]
      [!] Failed generation with ADASYN at 10x: Not any neigbours belong to the majority class. This case will induce a NaN case with a division by zero. ADASYN is not suited for this specific dataset. Use SMOTE instead.

    >> Seed Fold Selection: 6/10
    Evaluating Model: KNN
      -> [Baseline] Acc: 1.0000, F1: 1.0000, Time: 0.10s
      HP Tuning KNN...
n_iterations: 4
n_required_iterations: 4
n_possible_iterations: 5
min_resources_: 60
max_resources_: 12000
aggressive_elimination: False
factor: 3
----------
iter: 0
n_candidates: 50
n_resources: 60
Fitting 5 folds for each of 50 candidates, totalling 250 fits
----------
iter: 1
n_candidates: 17
n_resources: 180
Fitting 5 folds for each of 17 candidates, totalling 85 fits
----------
iter: 2
n_candidates: 6
n_resources: 540
Fitting 5 folds for each of 6 candidates, totalling 30 fits
----------
iter: 3
n_candidates: 2
n_resources: 1620
Fitting 5 folds for each of 2 candidates, totalling 10 fits
      -> [Tuned_Baseline] Acc: 1.0000, F1: 1.0000, Time: 0.02s
    Evaluating Model: RandomForest
      -> [Baseline] Acc: 1.0000, F1: 1.0000, Time: 1.31s
      HP Tuning RandomForest...
n_iterations: 4
n_required_iterations: 4
n_possible_iterations: 5
min_resources_: 60
max_resources_: 12000
aggressive_elimination: False
factor: 3
----------
iter: 0
n_candidates: 50
n_resources: 60
Fitting 5 folds for each of 50 candidates, totalling 250 fits
----------
iter: 1
n_candidates: 17
n_resources: 180
Fitting 5 folds for each of 17 candidates, totalling 85 fits
----------
iter: 2
n_candidates: 6
n_resources: 540
Fitting 5 folds for each of 6 candidates, totalling 30 fits
----------
iter: 3
n_candidates: 2
n_resources: 1620
Fitting 5 folds for each of 2 candidates, totalling 10 fits
      -> [Tuned_Baseline] Acc: 1.0000, F1: 1.0000, Time: 0.02s
    Evaluating Model: LinearSVC
      -> [Baseline] Acc: 0.9820, F1: 0.9820, Time: 0.07s
      HP Tuning LinearSVC...
n_iterations: 4
n_required_iterations: 4
n_possible_iterations: 5
min_resources_: 60
max_resources_: 12000
aggressive_elimination: False
factor: 3
----------
iter: 0
n_candidates: 50
n_resources: 60
Fitting 5 folds for each of 50 candidates, totalling 250 fits
----------
iter: 1
n_candidates: 17
n_resources: 180
Fitting 5 folds for each of 17 candidates, totalling 85 fits
----------
iter: 2
n_candidates: 6
n_resources: 540
Fitting 5 folds for each of 6 candidates, totalling 30 fits
----------
iter: 3
n_candidates: 2
n_resources: 1620
Fitting 5 folds for each of 2 candidates, totalling 10 fits
      -> [Tuned_Baseline] Acc: 0.9747, F1: 0.9746, Time: 0.00s
    Evaluating Model: LogisticRegression
      -> [Baseline] Acc: 0.9993, F1: 0.9993, Time: 0.42s
      HP Tuning LogisticRegression...
n_iterations: 4
n_required_iterations: 4
n_possible_iterations: 5
min_resources_: 60
max_resources_: 12000
aggressive_elimination: False
factor: 3
----------
iter: 0
n_candidates: 50
n_resources: 60
Fitting 5 folds for each of 50 candidates, totalling 250 fits
----------
iter: 1
n_candidates: 17
n_resources: 180
Fitting 5 folds for each of 17 candidates, totalling 85 fits
----------
iter: 2
n_candidates: 6
n_resources: 540
Fitting 5 folds for each of 6 candidates, totalling 30 fits
----------
iter: 3
n_candidates: 2
n_resources: 1620
Fitting 5 folds for each of 2 candidates, totalling 10 fits
      -> [Tuned_Baseline] Acc: 1.0000, F1: 1.0000, Time: 0.00s
    Evaluating Model: RNN
      -> [Baseline] Acc: 0.7333, F1: 0.6889, Time: 4.30s
      HP Tuning RNN...
n_iterations: 3
n_required_iterations: 4
n_possible_iterations: 3
min_resources_: 10
max_resources_: 120
aggressive_elimination: False
factor: 3
----------
iter: 0
n_candidates: 50
n_resources: 10
Fitting 5 folds for each of 50 candidates, totalling 250 fits
----------
iter: 1
n_candidates: 17
n_resources: 30
Fitting 5 folds for each of 17 candidates, totalling 85 fits
----------
iter: 2
n_candidates: 6
n_resources: 90
Fitting 5 folds for each of 6 candidates, totalling 30 fits
      -> [Tuned_Baseline] Acc: 0.8667, F1: 0.8556, Time: 0.01s
    [=== Generating 2x synthetic data with ADASYN (Set 1, Params: {'n_neighbors': 1}) ===]
      [!] Failed generation with ADASYN at 2x: Not any neigbours belong to the majority class. This case will induce a NaN case with a division by zero. ADASYN is not suited for this specific dataset. Use SMOTE instead.
    [=== Generating 2x synthetic data with ADASYN (Set 2, Params: {'n_neighbors': 2}) ===]
      [!] Failed generation with ADASYN at 2x: Not any neigbours belong to the majority class. This case will induce a NaN case with a division by zero. ADASYN is not suited for this specific dataset. Use SMOTE instead.
    [=== Generating 2x synthetic data with ADASYN (Set 3, Params: {'n_neighbors': 3}) ===]
      [!] Failed generation with ADASYN at 2x: Not any neigbours belong to the majority class. This case will induce a NaN case with a division by zero. ADASYN is not suited for this specific dataset. Use SMOTE instead.
    [=== Generating 2x synthetic data with ADASYN (Set 4, Params: {'n_neighbors': 4}) ===]
      [!] Failed generation with ADASYN at 2x: Not any neigbours belong to the majority class. This case will induce a NaN case with a division by zero. ADASYN is not suited for this specific dataset. Use SMOTE instead.
    [=== Generating 2x synthetic data with ADASYN (Set 5, Params: {'n_neighbors': 5}) ===]
      [!] Failed generation with ADASYN at 2x: Not any neigbours belong to the majority class. This case will induce a NaN case with a division by zero. ADASYN is not suited for this specific dataset. Use SMOTE instead.
    [=== Generating 3x synthetic data with ADASYN (Set 1, Params: {'n_neighbors': 1}) ===]
      [!] Failed generation with ADASYN at 3x: Not any neigbours belong to the majority class. This case will induce a NaN case with a division by zero. ADASYN is not suited for this specific dataset. Use SMOTE instead.
    [=== Generating 3x synthetic data with ADASYN (Set 2, Params: {'n_neighbors': 2}) ===]
      [!] Failed generation with ADASYN at 3x: Not any neigbours belong to the majority class. This case will induce a NaN case with a division by zero. ADASYN is not suited for this specific dataset. Use SMOTE instead.
    [=== Generating 3x synthetic data with ADASYN (Set 3, Params: {'n_neighbors': 3}) ===]
      [!] Failed generation with ADASYN at 3x: Not any neigbours belong to the majority class. This case will induce a NaN case with a division by zero. ADASYN is not suited for this specific dataset. Use SMOTE instead.
    [=== Generating 3x synthetic data with ADASYN (Set 4, Params: {'n_neighbors': 4}) ===]
      [!] Failed generation with ADASYN at 3x: Not any neigbours belong to the majority class. This case will induce a NaN case with a division by zero. ADASYN is not suited for this specific dataset. Use SMOTE instead.
    [=== Generating 3x synthetic data with ADASYN (Set 5, Params: {'n_neighbors': 5}) ===]
      [!] Failed generation with ADASYN at 3x: Not any neigbours belong to the majority class. This case will induce a NaN case with a division by zero. ADASYN is not suited for this specific dataset. Use SMOTE instead.
    [=== Generating 5x synthetic data with ADASYN (Set 1, Params: {'n_neighbors': 1}) ===]
      [!] Failed generation with ADASYN at 5x: Not any neigbours belong to the majority class. This case will induce a NaN case with a division by zero. ADASYN is not suited for this specific dataset. Use SMOTE instead.
    [=== Generating 5x synthetic data with ADASYN (Set 2, Params: {'n_neighbors': 2}) ===]
      [!] Failed generation with ADASYN at 5x: Not any neigbours belong to the majority class. This case will induce a NaN case with a division by zero. ADASYN is not suited for this specific dataset. Use SMOTE instead.
    [=== Generating 5x synthetic data with ADASYN (Set 3, Params: {'n_neighbors': 3}) ===]
      [!] Failed generation with ADASYN at 5x: Not any neigbours belong to the majority class. This case will induce a NaN case with a division by zero. ADASYN is not suited for this specific dataset. Use SMOTE instead.
    [=== Generating 5x synthetic data with ADASYN (Set 4, Params: {'n_neighbors': 4}) ===]
      [!] Failed generation with ADASYN at 5x: Not any neigbours belong to the majority class. This case will induce a NaN case with a division by zero. ADASYN is not suited for this specific dataset. Use SMOTE instead.
    [=== Generating 5x synthetic data with ADASYN (Set 5, Params: {'n_neighbors': 5}) ===]
      [!] Failed generation with ADASYN at 5x: Not any neigbours belong to the majority class. This case will induce a NaN case with a division by zero. ADASYN is not suited for this specific dataset. Use SMOTE instead.
    [=== Generating 10x synthetic data with ADASYN (Set 1, Params: {'n_neighbors': 1}) ===]
      [!] Failed generation with ADASYN at 10x: Not any neigbours belong to the majority class. This case will induce a NaN case with a division by zero. ADASYN is not suited for this specific dataset. Use SMOTE instead.
    [=== Generating 10x synthetic data with ADASYN (Set 2, Params: {'n_neighbors': 2}) ===]
      [!] Failed generation with ADASYN at 10x: Not any neigbours belong to the majority class. This case will induce a NaN case with a division by zero. ADASYN is not suited for this specific dataset. Use SMOTE instead.
    [=== Generating 10x synthetic data with ADASYN (Set 3, Params: {'n_neighbors': 3}) ===]
      [!] Failed generation with ADASYN at 10x: Not any neigbours belong to the majority class. This case will induce a NaN case with a division by zero. ADASYN is not suited for this specific dataset. Use SMOTE instead.
    [=== Generating 10x synthetic data with ADASYN (Set 4, Params: {'n_neighbors': 4}) ===]
      [!] Failed generation with ADASYN at 10x: Not any neigbours belong to the majority class. This case will induce a NaN case with a division by zero. ADASYN is not suited for this specific dataset. Use SMOTE instead.
    [=== Generating 10x synthetic data with ADASYN (Set 5, Params: {'n_neighbors': 5}) ===]
      [!] Failed generation with ADASYN at 10x: Not any neigbours belong to the majority class. This case will induce a NaN case with a division by zero. ADASYN is not suited for this specific dataset. Use SMOTE instead.

    >> Seed Fold Selection: 7/10
    Evaluating Model: KNN
      -> [Baseline] Acc: 1.0000, F1: 1.0000, Time: 0.15s
      HP Tuning KNN...
n_iterations: 4
n_required_iterations: 4
n_possible_iterations: 5
min_resources_: 60
max_resources_: 12000
aggressive_elimination: False
factor: 3
----------
iter: 0
n_candidates: 50
n_resources: 60
Fitting 5 folds for each of 50 candidates, totalling 250 fits
----------
iter: 1
n_candidates: 17
n_resources: 180
Fitting 5 folds for each of 17 candidates, totalling 85 fits
----------
iter: 2
n_candidates: 6
n_resources: 540
Fitting 5 folds for each of 6 candidates, totalling 30 fits
----------
iter: 3
n_candidates: 2
n_resources: 1620
Fitting 5 folds for each of 2 candidates, totalling 10 fits
      -> [Tuned_Baseline] Acc: 1.0000, F1: 1.0000, Time: 0.19s
    Evaluating Model: RandomForest
      -> [Baseline] Acc: 1.0000, F1: 1.0000, Time: 1.94s
      HP Tuning RandomForest...
n_iterations: 4
n_required_iterations: 4
n_possible_iterations: 5
min_resources_: 60
max_resources_: 12000
aggressive_elimination: False
factor: 3
----------
iter: 0
n_candidates: 50
n_resources: 60
Fitting 5 folds for each of 50 candidates, totalling 250 fits
----------
iter: 1
n_candidates: 17
n_resources: 180
Fitting 5 folds for each of 17 candidates, totalling 85 fits
----------
iter: 2
n_candidates: 6
n_resources: 540
Fitting 5 folds for each of 6 candidates, totalling 30 fits
----------
iter: 3
n_candidates: 2
n_resources: 1620
Fitting 5 folds for each of 2 candidates, totalling 10 fits
      -> [Tuned_Baseline] Acc: 1.0000, F1: 1.0000, Time: 0.04s
    Evaluating Model: LinearSVC
      -> [Baseline] Acc: 0.9787, F1: 0.9786, Time: 0.07s
      HP Tuning LinearSVC...
n_iterations: 4
n_required_iterations: 4
n_possible_iterations: 5
min_resources_: 60
max_resources_: 12000
aggressive_elimination: False
factor: 3
----------
iter: 0
n_candidates: 50
n_resources: 60
Fitting 5 folds for each of 50 candidates, totalling 250 fits
----------
iter: 1
n_candidates: 17
n_resources: 180
Fitting 5 folds for each of 17 candidates, totalling 85 fits
----------
iter: 2
n_candidates: 6
n_resources: 540
Fitting 5 folds for each of 6 candidates, totalling 30 fits
----------
iter: 3
n_candidates: 2
n_resources: 1620
Fitting 5 folds for each of 2 candidates, totalling 10 fits
      -> [Tuned_Baseline] Acc: 0.9793, F1: 0.9793, Time: 0.00s
    Evaluating Model: LogisticRegression
      -> [Baseline] Acc: 1.0000, F1: 1.0000, Time: 0.36s
      HP Tuning LogisticRegression...
n_iterations: 4
n_required_iterations: 4
n_possible_iterations: 5
min_resources_: 60
max_resources_: 12000
aggressive_elimination: False
factor: 3
----------
iter: 0
n_candidates: 50
n_resources: 60
Fitting 5 folds for each of 50 candidates, totalling 250 fits
----------
iter: 1
n_candidates: 17
n_resources: 180
Fitting 5 folds for each of 17 candidates, totalling 85 fits
----------
iter: 2
n_candidates: 6
n_resources: 540
Fitting 5 folds for each of 6 candidates, totalling 30 fits
----------
iter: 3
n_candidates: 2
n_resources: 1620
Fitting 5 folds for each of 2 candidates, totalling 10 fits
      -> [Tuned_Baseline] Acc: 1.0000, F1: 1.0000, Time: 0.00s
    Evaluating Model: RNN
      -> [Baseline] Acc: 0.8000, F1: 0.7429, Time: 3.36s
      HP Tuning RNN...
n_iterations: 3
n_required_iterations: 4
n_possible_iterations: 3
min_resources_: 10
max_resources_: 120
aggressive_elimination: False
factor: 3
----------
iter: 0
n_candidates: 50
n_resources: 10
Fitting 5 folds for each of 50 candidates, totalling 250 fits
----------
iter: 1
n_candidates: 17
n_resources: 30
Fitting 5 folds for each of 17 candidates, totalling 85 fits
----------
iter: 2
n_candidates: 6
n_resources: 90
Fitting 5 folds for each of 6 candidates, totalling 30 fits
      -> [Tuned_Baseline] Acc: 1.0000, F1: 1.0000, Time: 0.02s
    [=== Generating 2x synthetic data with ADASYN (Set 1, Params: {'n_neighbors': 1}) ===]
      [!] Failed generation with ADASYN at 2x: Not any neigbours belong to the majority class. This case will induce a NaN case with a division by zero. ADASYN is not suited for this specific dataset. Use SMOTE instead.
    [=== Generating 2x synthetic data with ADASYN (Set 2, Params: {'n_neighbors': 2}) ===]
      [!] Failed generation with ADASYN at 2x: Not any neigbours belong to the majority class. This case will induce a NaN case with a division by zero. ADASYN is not suited for this specific dataset. Use SMOTE instead.
    [=== Generating 2x synthetic data with ADASYN (Set 3, Params: {'n_neighbors': 3}) ===]
      [!] Failed generation with ADASYN at 2x: Not any neigbours belong to the majority class. This case will induce a NaN case with a division by zero. ADASYN is not suited for this specific dataset. Use SMOTE instead.
    [=== Generating 2x synthetic data with ADASYN (Set 4, Params: {'n_neighbors': 4}) ===]
      [!] Failed generation with ADASYN at 2x: Not any neigbours belong to the majority class. This case will induce a NaN case with a division by zero. ADASYN is not suited for this specific dataset. Use SMOTE instead.
    [=== Generating 2x synthetic data with ADASYN (Set 5, Params: {'n_neighbors': 5}) ===]
      [!] Failed generation with ADASYN at 2x: Not any neigbours belong to the majority class. This case will induce a NaN case with a division by zero. ADASYN is not suited for this specific dataset. Use SMOTE instead.
    [=== Generating 3x synthetic data with ADASYN (Set 1, Params: {'n_neighbors': 1}) ===]
      [!] Failed generation with ADASYN at 3x: Not any neigbours belong to the majority class. This case will induce a NaN case with a division by zero. ADASYN is not suited for this specific dataset. Use SMOTE instead.
    [=== Generating 3x synthetic data with ADASYN (Set 2, Params: {'n_neighbors': 2}) ===]
      [!] Failed generation with ADASYN at 3x: Not any neigbours belong to the majority class. This case will induce a NaN case with a division by zero. ADASYN is not suited for this specific dataset. Use SMOTE instead.
    [=== Generating 3x synthetic data with ADASYN (Set 3, Params: {'n_neighbors': 3}) ===]
      [!] Failed generation with ADASYN at 3x: Not any neigbours belong to the majority class. This case will induce a NaN case with a division by zero. ADASYN is not suited for this specific dataset. Use SMOTE instead.
    [=== Generating 3x synthetic data with ADASYN (Set 4, Params: {'n_neighbors': 4}) ===]
      [!] Failed generation with ADASYN at 3x: Not any neigbours belong to the majority class. This case will induce a NaN case with a division by zero. ADASYN is not suited for this specific dataset. Use SMOTE instead.
    [=== Generating 3x synthetic data with ADASYN (Set 5, Params: {'n_neighbors': 5}) ===]
      [!] Failed generation with ADASYN at 3x: Not any neigbours belong to the majority class. This case will induce a NaN case with a division by zero. ADASYN is not suited for this specific dataset. Use SMOTE instead.
    [=== Generating 5x synthetic data with ADASYN (Set 1, Params: {'n_neighbors': 1}) ===]
      [!] Failed generation with ADASYN at 5x: Not any neigbours belong to the majority class. This case will induce a NaN case with a division by zero. ADASYN is not suited for this specific dataset. Use SMOTE instead.
    [=== Generating 5x synthetic data with ADASYN (Set 2, Params: {'n_neighbors': 2}) ===]
      [!] Failed generation with ADASYN at 5x: Not any neigbours belong to the majority class. This case will induce a NaN case with a division by zero. ADASYN is not suited for this specific dataset. Use SMOTE instead.
    [=== Generating 5x synthetic data with ADASYN (Set 3, Params: {'n_neighbors': 3}) ===]
      [!] Failed generation with ADASYN at 5x: Not any neigbours belong to the majority class. This case will induce a NaN case with a division by zero. ADASYN is not suited for this specific dataset. Use SMOTE instead.
    [=== Generating 5x synthetic data with ADASYN (Set 4, Params: {'n_neighbors': 4}) ===]
      [!] Failed generation with ADASYN at 5x: Not any neigbours belong to the majority class. This case will induce a NaN case with a division by zero. ADASYN is not suited for this specific dataset. Use SMOTE instead.
    [=== Generating 5x synthetic data with ADASYN (Set 5, Params: {'n_neighbors': 5}) ===]
      [!] Failed generation with ADASYN at 5x: Not any neigbours belong to the majority class. This case will induce a NaN case with a division by zero. ADASYN is not suited for this specific dataset. Use SMOTE instead.
    [=== Generating 10x synthetic data with ADASYN (Set 1, Params: {'n_neighbors': 1}) ===]
      [!] Failed generation with ADASYN at 10x: Not any neigbours belong to the majority class. This case will induce a NaN case with a division by zero. ADASYN is not suited for this specific dataset. Use SMOTE instead.
    [=== Generating 10x synthetic data with ADASYN (Set 2, Params: {'n_neighbors': 2}) ===]
      [!] Failed generation with ADASYN at 10x: Not any neigbours belong to the majority class. This case will induce a NaN case with a division by zero. ADASYN is not suited for this specific dataset. Use SMOTE instead.
    [=== Generating 10x synthetic data with ADASYN (Set 3, Params: {'n_neighbors': 3}) ===]
      [!] Failed generation with ADASYN at 10x: Not any neigbours belong to the majority class. This case will induce a NaN case with a division by zero. ADASYN is not suited for this specific dataset. Use SMOTE instead.
    [=== Generating 10x synthetic data with ADASYN (Set 4, Params: {'n_neighbors': 4}) ===]
      [!] Failed generation with ADASYN at 10x: Not any neigbours belong to the majority class. This case will induce a NaN case with a division by zero. ADASYN is not suited for this specific dataset. Use SMOTE instead.
    [=== Generating 10x synthetic data with ADASYN (Set 5, Params: {'n_neighbors': 5}) ===]
      [!] Failed generation with ADASYN at 10x: Not any neigbours belong to the majority class. This case will induce a NaN case with a division by zero. ADASYN is not suited for this specific dataset. Use SMOTE instead.

    >> Seed Fold Selection: 8/10
    Evaluating Model: KNN
      -> [Baseline] Acc: 1.0000, F1: 1.0000, Time: 0.21s
      HP Tuning KNN...
n_iterations: 4
n_required_iterations: 4
n_possible_iterations: 5
min_resources_: 60
max_resources_: 12000
aggressive_elimination: False
factor: 3
----------
iter: 0
n_candidates: 50
n_resources: 60
Fitting 5 folds for each of 50 candidates, totalling 250 fits
----------
iter: 1
n_candidates: 17
n_resources: 180
Fitting 5 folds for each of 17 candidates, totalling 85 fits
----------
iter: 2
n_candidates: 6
n_resources: 540
Fitting 5 folds for each of 6 candidates, totalling 30 fits
----------
iter: 3
n_candidates: 2
n_resources: 1620
Fitting 5 folds for each of 2 candidates, totalling 10 fits
      -> [Tuned_Baseline] Acc: 1.0000, F1: 1.0000, Time: 0.13s
    Evaluating Model: RandomForest
      -> [Baseline] Acc: 1.0000, F1: 1.0000, Time: 1.73s
      HP Tuning RandomForest...
n_iterations: 4
n_required_iterations: 4
n_possible_iterations: 5
min_resources_: 60
max_resources_: 12000
aggressive_elimination: False
factor: 3
----------
iter: 0
n_candidates: 50
n_resources: 60
Fitting 5 folds for each of 50 candidates, totalling 250 fits
----------
iter: 1
n_candidates: 17
n_resources: 180
Fitting 5 folds for each of 17 candidates, totalling 85 fits
----------
iter: 2
n_candidates: 6
n_resources: 540
Fitting 5 folds for each of 6 candidates, totalling 30 fits
----------
iter: 3
n_candidates: 2
n_resources: 1620
Fitting 5 folds for each of 2 candidates, totalling 10 fits
      -> [Tuned_Baseline] Acc: 1.0000, F1: 1.0000, Time: 0.05s
    Evaluating Model: LinearSVC
      -> [Baseline] Acc: 0.9800, F1: 0.9800, Time: 0.21s
      HP Tuning LinearSVC...
n_iterations: 4
n_required_iterations: 4
n_possible_iterations: 5
min_resources_: 60
max_resources_: 12000
aggressive_elimination: False
factor: 3
----------
iter: 0
n_candidates: 50
n_resources: 60
Fitting 5 folds for each of 50 candidates, totalling 250 fits
----------
iter: 1
n_candidates: 17
n_resources: 180
Fitting 5 folds for each of 17 candidates, totalling 85 fits
----------
iter: 2
n_candidates: 6
n_resources: 540
Fitting 5 folds for each of 6 candidates, totalling 30 fits
----------
iter: 3
n_candidates: 2
n_resources: 1620
Fitting 5 folds for each of 2 candidates, totalling 10 fits
      -> [Tuned_Baseline] Acc: 0.9740, F1: 0.9739, Time: 0.00s
    Evaluating Model: LogisticRegression
      -> [Baseline] Acc: 1.0000, F1: 1.0000, Time: 0.53s
      HP Tuning LogisticRegression...
n_iterations: 4
n_required_iterations: 4
n_possible_iterations: 5
min_resources_: 60
max_resources_: 12000
aggressive_elimination: False
factor: 3
----------
iter: 0
n_candidates: 50
n_resources: 60
Fitting 5 folds for each of 50 candidates, totalling 250 fits
----------
iter: 1
n_candidates: 17
n_resources: 180
Fitting 5 folds for each of 17 candidates, totalling 85 fits
----------
iter: 2
n_candidates: 6
n_resources: 540
Fitting 5 folds for each of 6 candidates, totalling 30 fits
----------
iter: 3
n_candidates: 2
n_resources: 1620
Fitting 5 folds for each of 2 candidates, totalling 10 fits
      -> [Tuned_Baseline] Acc: 1.0000, F1: 1.0000, Time: 0.00s
    Evaluating Model: RNN
      -> [Baseline] Acc: 0.8667, F1: 0.8114, Time: 5.36s
      HP Tuning RNN...
n_iterations: 3
n_required_iterations: 4
n_possible_iterations: 3
min_resources_: 10
max_resources_: 120
aggressive_elimination: False
factor: 3
----------
iter: 0
n_candidates: 50
n_resources: 10
Fitting 5 folds for each of 50 candidates, totalling 250 fits
----------
iter: 1
n_candidates: 17
n_resources: 30
Fitting 5 folds for each of 17 candidates, totalling 85 fits
----------
iter: 2
n_candidates: 6
n_resources: 90
Fitting 5 folds for each of 6 candidates, totalling 30 fits
      -> [Tuned_Baseline] Acc: 1.0000, F1: 1.0000, Time: 0.07s
    [=== Generating 2x synthetic data with ADASYN (Set 1, Params: {'n_neighbors': 1}) ===]
      [!] Failed generation with ADASYN at 2x: Not any neigbours belong to the majority class. This case will induce a NaN case with a division by zero. ADASYN is not suited for this specific dataset. Use SMOTE instead.
    [=== Generating 2x synthetic data with ADASYN (Set 2, Params: {'n_neighbors': 2}) ===]
      [!] Failed generation with ADASYN at 2x: Not any neigbours belong to the majority class. This case will induce a NaN case with a division by zero. ADASYN is not suited for this specific dataset. Use SMOTE instead.
    [=== Generating 2x synthetic data with ADASYN (Set 3, Params: {'n_neighbors': 3}) ===]
      [!] Failed generation with ADASYN at 2x: Not any neigbours belong to the majority class. This case will induce a NaN case with a division by zero. ADASYN is not suited for this specific dataset. Use SMOTE instead.
    [=== Generating 2x synthetic data with ADASYN (Set 4, Params: {'n_neighbors': 4}) ===]
      [!] Failed generation with ADASYN at 2x: Not any neigbours belong to the majority class. This case will induce a NaN case with a division by zero. ADASYN is not suited for this specific dataset. Use SMOTE instead.
    [=== Generating 2x synthetic data with ADASYN (Set 5, Params: {'n_neighbors': 5}) ===]
      [!] Failed generation with ADASYN at 2x: Not any neigbours belong to the majority class. This case will induce a NaN case with a division by zero. ADASYN is not suited for this specific dataset. Use SMOTE instead.
    [=== Generating 3x synthetic data with ADASYN (Set 1, Params: {'n_neighbors': 1}) ===]
      [!] Failed generation with ADASYN at 3x: Not any neigbours belong to the majority class. This case will induce a NaN case with a division by zero. ADASYN is not suited for this specific dataset. Use SMOTE instead.
    [=== Generating 3x synthetic data with ADASYN (Set 2, Params: {'n_neighbors': 2}) ===]
      [!] Failed generation with ADASYN at 3x: Not any neigbours belong to the majority class. This case will induce a NaN case with a division by zero. ADASYN is not suited for this specific dataset. Use SMOTE instead.
    [=== Generating 3x synthetic data with ADASYN (Set 3, Params: {'n_neighbors': 3}) ===]
      [!] Failed generation with ADASYN at 3x: Not any neigbours belong to the majority class. This case will induce a NaN case with a division by zero. ADASYN is not suited for this specific dataset. Use SMOTE instead.
    [=== Generating 3x synthetic data with ADASYN (Set 4, Params: {'n_neighbors': 4}) ===]
      [!] Failed generation with ADASYN at 3x: Not any neigbours belong to the majority class. This case will induce a NaN case with a division by zero. ADASYN is not suited for this specific dataset. Use SMOTE instead.
    [=== Generating 3x synthetic data with ADASYN (Set 5, Params: {'n_neighbors': 5}) ===]
      [!] Failed generation with ADASYN at 3x: Not any neigbours belong to the majority class. This case will induce a NaN case with a division by zero. ADASYN is not suited for this specific dataset. Use SMOTE instead.
    [=== Generating 5x synthetic data with ADASYN (Set 1, Params: {'n_neighbors': 1}) ===]
      [!] Failed generation with ADASYN at 5x: Not any neigbours belong to the majority class. This case will induce a NaN case with a division by zero. ADASYN is not suited for this specific dataset. Use SMOTE instead.
    [=== Generating 5x synthetic data with ADASYN (Set 2, Params: {'n_neighbors': 2}) ===]
      [!] Failed generation with ADASYN at 5x: Not any neigbours belong to the majority class. This case will induce a NaN case with a division by zero. ADASYN is not suited for this specific dataset. Use SMOTE instead.
    [=== Generating 5x synthetic data with ADASYN (Set 3, Params: {'n_neighbors': 3}) ===]
      [!] Failed generation with ADASYN at 5x: Not any neigbours belong to the majority class. This case will induce a NaN case with a division by zero. ADASYN is not suited for this specific dataset. Use SMOTE instead.
    [=== Generating 5x synthetic data with ADASYN (Set 4, Params: {'n_neighbors': 4}) ===]
      [!] Failed generation with ADASYN at 5x: Not any neigbours belong to the majority class. This case will induce a NaN case with a division by zero. ADASYN is not suited for this specific dataset. Use SMOTE instead.
    [=== Generating 5x synthetic data with ADASYN (Set 5, Params: {'n_neighbors': 5}) ===]
      [!] Failed generation with ADASYN at 5x: Not any neigbours belong to the majority class. This case will induce a NaN case with a division by zero. ADASYN is not suited for this specific dataset. Use SMOTE instead.
    [=== Generating 10x synthetic data with ADASYN (Set 1, Params: {'n_neighbors': 1}) ===]
      [!] Failed generation with ADASYN at 10x: Not any neigbours belong to the majority class. This case will induce a NaN case with a division by zero. ADASYN is not suited for this specific dataset. Use SMOTE instead.
    [=== Generating 10x synthetic data with ADASYN (Set 2, Params: {'n_neighbors': 2}) ===]
      [!] Failed generation with ADASYN at 10x: Not any neigbours belong to the majority class. This case will induce a NaN case with a division by zero. ADASYN is not suited for this specific dataset. Use SMOTE instead.
    [=== Generating 10x synthetic data with ADASYN (Set 3, Params: {'n_neighbors': 3}) ===]
      [!] Failed generation with ADASYN at 10x: Not any neigbours belong to the majority class. This case will induce a NaN case with a division by zero. ADASYN is not suited for this specific dataset. Use SMOTE instead.
    [=== Generating 10x synthetic data with ADASYN (Set 4, Params: {'n_neighbors': 4}) ===]
      [!] Failed generation with ADASYN at 10x: Not any neigbours belong to the majority class. This case will induce a NaN case with a division by zero. ADASYN is not suited for this specific dataset. Use SMOTE instead.
    [=== Generating 10x synthetic data with ADASYN (Set 5, Params: {'n_neighbors': 5}) ===]
      [!] Failed generation with ADASYN at 10x: Not any neigbours belong to the majority class. This case will induce a NaN case with a division by zero. ADASYN is not suited for this specific dataset. Use SMOTE instead.

    >> Seed Fold Selection: 9/10
    Evaluating Model: KNN
      -> [Baseline] Acc: 1.0000, F1: 1.0000, Time: 0.18s
      HP Tuning KNN...
n_iterations: 4
n_required_iterations: 4
n_possible_iterations: 5
min_resources_: 60
max_resources_: 12000
aggressive_elimination: False
factor: 3
----------
iter: 0
n_candidates: 50
n_resources: 60
Fitting 5 folds for each of 50 candidates, totalling 250 fits
