Starting GenParams Tune: Chinese_wine - Seed 20 - Gen TimeVAE - All Scales


==================================================
Running gen-params experiment for Chinese_wine
==================================================

--- Fold 1/10 ---

  >> Seed sets per label: 20

    >> Seed Fold Selection: 1/10
    Evaluating Model: KNN
      -> [Baseline] Acc: 0.8956, F1: 0.8954, Time: 0.44s
      HP Tuning KNN...
n_iterations: 4
n_required_iterations: 4
n_possible_iterations: 5
min_resources_: 100
max_resources_: 20000
aggressive_elimination: False
factor: 3
----------
iter: 0
n_candidates: 50
n_resources: 100
Fitting 5 folds for each of 50 candidates, totalling 250 fits
----------
iter: 1
n_candidates: 17
n_resources: 300
Fitting 5 folds for each of 17 candidates, totalling 85 fits
----------
iter: 2
n_candidates: 6
n_resources: 900
Fitting 5 folds for each of 6 candidates, totalling 30 fits
----------
iter: 3
n_candidates: 2
n_resources: 2700
Fitting 5 folds for each of 2 candidates, totalling 10 fits
      -> [Tuned_Baseline] Acc: 0.9019, F1: 0.9018, Time: 0.30s
    Evaluating Model: RandomForest
      -> [Baseline] Acc: 0.8798, F1: 0.8796, Time: 5.18s
      HP Tuning RandomForest...
n_iterations: 4
n_required_iterations: 4
n_possible_iterations: 5
min_resources_: 100
max_resources_: 20000
aggressive_elimination: False
factor: 3
----------
iter: 0
n_candidates: 50
n_resources: 100
Fitting 5 folds for each of 50 candidates, totalling 250 fits
----------
iter: 1
n_candidates: 17
n_resources: 300
Fitting 5 folds for each of 17 candidates, totalling 85 fits
----------
iter: 2
n_candidates: 6
n_resources: 900
Fitting 5 folds for each of 6 candidates, totalling 30 fits
----------
iter: 3
n_candidates: 2
n_resources: 2700
Fitting 5 folds for each of 2 candidates, totalling 10 fits
      -> [Tuned_Baseline] Acc: 0.8759, F1: 0.8756, Time: 0.09s
    Evaluating Model: LinearSVC
      -> [Baseline] Acc: 0.7003, F1: 0.6820, Time: 0.15s
      HP Tuning LinearSVC...
n_iterations: 4
n_required_iterations: 4
n_possible_iterations: 5
min_resources_: 100
max_resources_: 20000
aggressive_elimination: False
factor: 3
----------
iter: 0
n_candidates: 50
n_resources: 100
Fitting 5 folds for each of 50 candidates, totalling 250 fits
----------
iter: 1
n_candidates: 17
n_resources: 300
Fitting 5 folds for each of 17 candidates, totalling 85 fits
----------
iter: 2
n_candidates: 6
n_resources: 900
Fitting 5 folds for each of 6 candidates, totalling 30 fits
----------
iter: 3
n_candidates: 2
n_resources: 2700
Fitting 5 folds for each of 2 candidates, totalling 10 fits
      -> [Tuned_Baseline] Acc: 0.6980, F1: 0.6807, Time: 0.00s
    Evaluating Model: LogisticRegression
      -> [Baseline] Acc: 0.7343, F1: 0.7268, Time: 1.92s
      HP Tuning LogisticRegression...
n_iterations: 4
n_required_iterations: 4
n_possible_iterations: 5
min_resources_: 100
max_resources_: 20000
aggressive_elimination: False
factor: 3
----------
iter: 0
n_candidates: 50
n_resources: 100
Fitting 5 folds for each of 50 candidates, totalling 250 fits
----------
iter: 1
n_candidates: 17
n_resources: 300
Fitting 5 folds for each of 17 candidates, totalling 85 fits
----------
iter: 2
n_candidates: 6
n_resources: 900
Fitting 5 folds for each of 6 candidates, totalling 30 fits
----------
iter: 3
n_candidates: 2
n_resources: 2700
Fitting 5 folds for each of 2 candidates, totalling 10 fits
      -> [Tuned_Baseline] Acc: 0.7522, F1: 0.7472, Time: 0.00s
    Evaluating Model: RNN
      -> [Baseline] Acc: 0.4556, F1: 0.3303, Time: 15.61s
      HP Tuning RNN...
n_iterations: 3
n_required_iterations: 4
n_possible_iterations: 3
min_resources_: 10
max_resources_: 200
aggressive_elimination: False
factor: 3
----------
iter: 0
n_candidates: 50
n_resources: 10
Fitting 5 folds for each of 50 candidates, totalling 250 fits
----------
iter: 1
n_candidates: 17
n_resources: 30
Fitting 5 folds for each of 17 candidates, totalling 85 fits
----------
iter: 2
n_candidates: 6
n_resources: 90
Fitting 5 folds for each of 6 candidates, totalling 30 fits
      -> [Tuned_Baseline] Acc: 0.4444, F1: 0.3246, Time: 1.52s
    [=== Generating 2x synthetic data with TimeVAE (Set 1, Params: {'latent_dim': 64, 'epochs': 40, 'batch_size': 32}) ===]
n_iterations: 4
n_required_iterations: 4
n_possible_iterations: 8
min_resources_: 20
max_resources_: 60000
aggressive_elimination: False
factor: 3
----------
iter: 0
n_candidates: 50
n_resources: 20
Fitting 1 folds for each of 50 candidates, totalling 50 fits
