Starting GenParams Tune: Chinese_wine - Seed 20 - Gen SMOTE - All Scales


==================================================
Running gen-params experiment for Chinese_wine
==================================================

--- Fold 1/10 ---

  >> Seed sets per label: 20

    >> Seed Fold Selection: 1/10
    Evaluating Model: KNN
      -> [Baseline] Acc: 0.8956, F1: 0.8954, Time: 0.35s
      HP Tuning KNN...
n_iterations: 4
n_required_iterations: 4
n_possible_iterations: 5
min_resources_: 100
max_resources_: 20000
aggressive_elimination: False
factor: 3
----------
iter: 0
n_candidates: 50
n_resources: 100
Fitting 5 folds for each of 50 candidates, totalling 250 fits
