Starting GenParams Tune: Plant_oil - Seed 20 - Gen TimeVAE - All Scales


==================================================
Running gen-params experiment for Plant_oil
==================================================

--- Fold 1/10 ---

  >> Seed sets per label: 20

    >> Seed Fold Selection: 1/10
    Evaluating Model: KNN
      -> [Baseline] Acc: 0.9500, F1: 0.9496, Time: 0.65s
      HP Tuning KNN...
n_iterations: 4
n_required_iterations: 4
n_possible_iterations: 5
min_resources_: 190
max_resources_: 38000
aggressive_elimination: False
factor: 3
----------
iter: 0
n_candidates: 50
n_resources: 190
Fitting 5 folds for each of 50 candidates, totalling 250 fits
----------
iter: 1
n_candidates: 17
n_resources: 570
Fitting 5 folds for each of 17 candidates, totalling 85 fits
----------
iter: 2
n_candidates: 6
n_resources: 1710
Fitting 5 folds for each of 6 candidates, totalling 30 fits
----------
iter: 3
n_candidates: 2
n_resources: 5130
Fitting 5 folds for each of 2 candidates, totalling 10 fits
      -> [Tuned_Baseline] Acc: 0.9517, F1: 0.9512, Time: 0.31s
    Evaluating Model: RandomForest
      -> [Baseline] Acc: 0.9473, F1: 0.9468, Time: 8.54s
      HP Tuning RandomForest...
n_iterations: 4
n_required_iterations: 4
n_possible_iterations: 5
min_resources_: 190
max_resources_: 38000
aggressive_elimination: False
factor: 3
----------
iter: 0
n_candidates: 50
n_resources: 190
Fitting 5 folds for each of 50 candidates, totalling 250 fits
----------
iter: 1
n_candidates: 17
n_resources: 570
Fitting 5 folds for each of 17 candidates, totalling 85 fits
----------
iter: 2
n_candidates: 6
n_resources: 1710
Fitting 5 folds for each of 6 candidates, totalling 30 fits
----------
iter: 3
n_candidates: 2
n_resources: 5130
Fitting 5 folds for each of 2 candidates, totalling 10 fits
      -> [Tuned_Baseline] Acc: 0.9479, F1: 0.9475, Time: 0.10s
    Evaluating Model: LinearSVC
      -> [Baseline] Acc: 0.7459, F1: 0.7347, Time: 0.52s
      HP Tuning LinearSVC...
n_iterations: 4
n_required_iterations: 4
n_possible_iterations: 5
min_resources_: 190
max_resources_: 38000
aggressive_elimination: False
factor: 3
----------
iter: 0
n_candidates: 50
n_resources: 190
Fitting 5 folds for each of 50 candidates, totalling 250 fits
----------
iter: 1
n_candidates: 17
n_resources: 570
Fitting 5 folds for each of 17 candidates, totalling 85 fits
----------
iter: 2
n_candidates: 6
n_resources: 1710
Fitting 5 folds for each of 6 candidates, totalling 30 fits
----------
iter: 3
n_candidates: 2
n_resources: 5130
Fitting 5 folds for each of 2 candidates, totalling 10 fits
      -> [Tuned_Baseline] Acc: 0.7463, F1: 0.7354, Time: 0.00s
    Evaluating Model: LogisticRegression
      -> [Baseline] Acc: 0.8195, F1: 0.8187, Time: 7.14s
      HP Tuning LogisticRegression...
n_iterations: 4
n_required_iterations: 4
n_possible_iterations: 5
min_resources_: 190
max_resources_: 38000
aggressive_elimination: False
factor: 3
----------
iter: 0
n_candidates: 50
n_resources: 190
Fitting 5 folds for each of 50 candidates, totalling 250 fits
----------
iter: 1
n_candidates: 17
n_resources: 570
Fitting 5 folds for each of 17 candidates, totalling 85 fits
----------
iter: 2
n_candidates: 6
n_resources: 1710
Fitting 5 folds for each of 6 candidates, totalling 30 fits
----------
iter: 3
n_candidates: 2
n_resources: 5130
Fitting 5 folds for each of 2 candidates, totalling 10 fits
      -> [Tuned_Baseline] Acc: 0.8417, F1: 0.8414, Time: 0.00s
    Evaluating Model: RNN
      -> [Baseline] Acc: 0.5188, F1: 0.4122, Time: 14.04s
      HP Tuning RNN...
n_iterations: 4
n_required_iterations: 4
n_possible_iterations: 4
min_resources_: 10
max_resources_: 380
aggressive_elimination: False
factor: 3
----------
iter: 0
n_candidates: 50
n_resources: 10
Fitting 5 folds for each of 50 candidates, totalling 250 fits
----------
iter: 1
n_candidates: 17
n_resources: 30
Fitting 5 folds for each of 17 candidates, totalling 85 fits
----------
iter: 2
n_candidates: 6
n_resources: 90
Fitting 5 folds for each of 6 candidates, totalling 30 fits
----------
iter: 3
n_candidates: 2
n_resources: 270
Fitting 5 folds for each of 2 candidates, totalling 10 fits
      -> [Tuned_Baseline] Acc: 0.6391, F1: 0.5787, Time: 1.24s
    [=== Generating 2x synthetic data with TimeVAE (Set 1, Params: {'latent_dim': 64, 'epochs': 40, 'batch_size': 32}) ===]
n_iterations: 4
n_required_iterations: 4
n_possible_iterations: 8
min_resources_: 38
max_resources_: 114000
aggressive_elimination: False
factor: 3
----------
iter: 0
n_candidates: 50
n_resources: 38
Fitting 1 folds for each of 50 candidates, totalling 50 fits
----------
iter: 1
n_candidates: 17
n_resources: 114
Fitting 1 folds for each of 17 candidates, totalling 17 fits
----------
iter: 2
n_candidates: 6
n_resources: 342
Fitting 1 folds for each of 6 candidates, totalling 6 fits
----------
iter: 3
n_candidates: 2
n_resources: 1026
Fitting 1 folds for each of 2 candidates, totalling 2 fits
      -> [KNN + TimeVAE Set 1] Acc: 0.9499, F1: 0.9495, Time: 0.52s
n_iterations: 4
n_required_iterations: 4
n_possible_iterations: 8
min_resources_: 38
max_resources_: 114000
aggressive_elimination: False
factor: 3
----------
iter: 0
n_candidates: 50
n_resources: 38
Fitting 1 folds for each of 50 candidates, totalling 50 fits
----------
iter: 1
n_candidates: 17
n_resources: 114
Fitting 1 folds for each of 17 candidates, totalling 17 fits
----------
iter: 2
n_candidates: 6
n_resources: 342
Fitting 1 folds for each of 6 candidates, totalling 6 fits
----------
iter: 3
n_candidates: 2
n_resources: 1026
Fitting 1 folds for each of 2 candidates, totalling 2 fits
      -> [RandomForest + TimeVAE Set 1] Acc: 0.9375, F1: 0.9373, Time: 9.28s
n_iterations: 4
n_required_iterations: 4
n_possible_iterations: 8
min_resources_: 38
max_resources_: 114000
aggressive_elimination: False
factor: 3
----------
iter: 0
n_candidates: 50
n_resources: 38
Fitting 1 folds for each of 50 candidates, totalling 50 fits
----------
iter: 1
n_candidates: 17
n_resources: 114
Fitting 1 folds for each of 17 candidates, totalling 17 fits
----------
iter: 2
n_candidates: 6
n_resources: 342
Fitting 1 folds for each of 6 candidates, totalling 6 fits
----------
iter: 3
n_candidates: 2
n_resources: 1026
Fitting 1 folds for each of 2 candidates, totalling 2 fits
      -> [LinearSVC + TimeVAE Set 1] Acc: 0.5498, F1: 0.5089, Time: 4.32s
n_iterations: 4
n_required_iterations: 4
n_possible_iterations: 8
min_resources_: 38
max_resources_: 114000
aggressive_elimination: False
factor: 3
----------
iter: 0
n_candidates: 50
n_resources: 38
Fitting 1 folds for each of 50 candidates, totalling 50 fits
----------
iter: 1
n_candidates: 17
n_resources: 114
Fitting 1 folds for each of 17 candidates, totalling 17 fits
----------
iter: 2
n_candidates: 6
n_resources: 342
Fitting 1 folds for each of 6 candidates, totalling 6 fits
----------
iter: 3
n_candidates: 2
n_resources: 1026
Fitting 1 folds for each of 2 candidates, totalling 2 fits
      -> [LogisticRegression + TimeVAE Set 1] Acc: 0.6514, F1: 0.6325, Time: 1.13s
      -> [RNN + TimeVAE Set 1] Acc: 0.6992, F1: 0.6284, Time: 2844.90s
    [=== Generating 2x synthetic data with TimeVAE (Set 2, Params: {'latent_dim': 8, 'epochs': 20, 'batch_size': 16}) ===]
n_iterations: 4
n_required_iterations: 4
n_possible_iterations: 8
min_resources_: 38
max_resources_: 114000
aggressive_elimination: False
factor: 3
----------
iter: 0
n_candidates: 50
n_resources: 38
Fitting 1 folds for each of 50 candidates, totalling 50 fits
----------
iter: 1
n_candidates: 17
n_resources: 114
Fitting 1 folds for each of 17 candidates, totalling 17 fits
----------
iter: 2
n_candidates: 6
n_resources: 342
Fitting 1 folds for each of 6 candidates, totalling 6 fits
----------
iter: 3
n_candidates: 2
n_resources: 1026
Fitting 1 folds for each of 2 candidates, totalling 2 fits
      -> [KNN + TimeVAE Set 2] Acc: 0.9508, F1: 0.9503, Time: 0.51s
n_iterations: 4
n_required_iterations: 4
n_possible_iterations: 8
min_resources_: 38
max_resources_: 114000
aggressive_elimination: False
factor: 3
----------
iter: 0
n_candidates: 50
n_resources: 38
Fitting 1 folds for each of 50 candidates, totalling 50 fits
----------
iter: 1
n_candidates: 17
n_resources: 114
Fitting 1 folds for each of 17 candidates, totalling 17 fits
----------
iter: 2
n_candidates: 6
n_resources: 342
Fitting 1 folds for each of 6 candidates, totalling 6 fits
----------
iter: 3
n_candidates: 2
n_resources: 1026
Fitting 1 folds for each of 2 candidates, totalling 2 fits
      -> [RandomForest + TimeVAE Set 2] Acc: 0.9468, F1: 0.9464, Time: 27.44s
n_iterations: 4
n_required_iterations: 4
n_possible_iterations: 8
min_resources_: 38
max_resources_: 114000
aggressive_elimination: False
factor: 3
----------
iter: 0
n_candidates: 50
n_resources: 38
Fitting 1 folds for each of 50 candidates, totalling 50 fits
----------
iter: 1
n_candidates: 17
n_resources: 114
Fitting 1 folds for each of 17 candidates, totalling 17 fits
----------
iter: 2
n_candidates: 6
n_resources: 342
Fitting 1 folds for each of 6 candidates, totalling 6 fits
----------
iter: 3
n_candidates: 2
n_resources: 1026
Fitting 1 folds for each of 2 candidates, totalling 2 fits
      -> [LinearSVC + TimeVAE Set 2] Acc: 0.5791, F1: 0.5502, Time: 4.46s
n_iterations: 4
n_required_iterations: 4
n_possible_iterations: 8
min_resources_: 38
max_resources_: 114000
aggressive_elimination: False
factor: 3
----------
iter: 0
n_candidates: 50
n_resources: 38
Fitting 1 folds for each of 50 candidates, totalling 50 fits
----------
iter: 1
n_candidates: 17
n_resources: 114
Fitting 1 folds for each of 17 candidates, totalling 17 fits
----------
iter: 2
n_candidates: 6
n_resources: 342
Fitting 1 folds for each of 6 candidates, totalling 6 fits
----------
iter: 3
n_candidates: 2
n_resources: 1026
Fitting 1 folds for each of 2 candidates, totalling 2 fits
      -> [LogisticRegression + TimeVAE Set 2] Acc: 0.6651, F1: 0.6613, Time: 6.27s
      -> [RNN + TimeVAE Set 2] Acc: 0.5865, F1: 0.5404, Time: 2748.19s
    [=== Generating 2x synthetic data with TimeVAE (Set 3, Params: {'latent_dim': 8, 'epochs': 40, 'batch_size': 128}) ===]
n_iterations: 4
n_required_iterations: 4
n_possible_iterations: 8
min_resources_: 38
max_resources_: 114000
aggressive_elimination: False
factor: 3
----------
iter: 0
n_candidates: 50
n_resources: 38
Fitting 1 folds for each of 50 candidates, totalling 50 fits
----------
iter: 1
n_candidates: 17
n_resources: 114
Fitting 1 folds for each of 17 candidates, totalling 17 fits
----------
iter: 2
n_candidates: 6
n_resources: 342
Fitting 1 folds for each of 6 candidates, totalling 6 fits
----------
iter: 3
n_candidates: 2
n_resources: 1026
Fitting 1 folds for each of 2 candidates, totalling 2 fits
      -> [KNN + TimeVAE Set 3] Acc: 0.9511, F1: 0.9507, Time: 0.51s
n_iterations: 4
n_required_iterations: 4
n_possible_iterations: 8
min_resources_: 38
max_resources_: 114000
aggressive_elimination: False
factor: 3
----------
iter: 0
n_candidates: 50
n_resources: 38
Fitting 1 folds for each of 50 candidates, totalling 50 fits
----------
iter: 1
n_candidates: 17
n_resources: 114
Fitting 1 folds for each of 17 candidates, totalling 17 fits
----------
iter: 2
n_candidates: 6
n_resources: 342
Fitting 1 folds for each of 6 candidates, totalling 6 fits
----------
iter: 3
n_candidates: 2
n_resources: 1026
Fitting 1 folds for each of 2 candidates, totalling 2 fits
      -> [RandomForest + TimeVAE Set 3] Acc: 0.9520, F1: 0.9515, Time: 28.84s
n_iterations: 4
n_required_iterations: 4
n_possible_iterations: 8
min_resources_: 38
max_resources_: 114000
aggressive_elimination: False
factor: 3
----------
iter: 0
n_candidates: 50
n_resources: 38
Fitting 1 folds for each of 50 candidates, totalling 50 fits
----------
iter: 1
n_candidates: 17
n_resources: 114
Fitting 1 folds for each of 17 candidates, totalling 17 fits
----------
iter: 2
n_candidates: 6
n_resources: 342
Fitting 1 folds for each of 6 candidates, totalling 6 fits
----------
iter: 3
n_candidates: 2
n_resources: 1026
Fitting 1 folds for each of 2 candidates, totalling 2 fits
      -> [LinearSVC + TimeVAE Set 3] Acc: 0.6113, F1: 0.5748, Time: 3.72s
n_iterations: 4
n_required_iterations: 4
n_possible_iterations: 8
min_resources_: 38
max_resources_: 114000
aggressive_elimination: False
factor: 3
----------
iter: 0
n_candidates: 50
n_resources: 38
Fitting 1 folds for each of 50 candidates, totalling 50 fits
----------
iter: 1
n_candidates: 17
n_resources: 114
Fitting 1 folds for each of 17 candidates, totalling 17 fits
----------
iter: 2
n_candidates: 6
n_resources: 342
Fitting 1 folds for each of 6 candidates, totalling 6 fits
----------
iter: 3
n_candidates: 2
n_resources: 1026
Fitting 1 folds for each of 2 candidates, totalling 2 fits
      -> [LogisticRegression + TimeVAE Set 3] Acc: 0.7273, F1: 0.7202, Time: 6.42s
      -> [RNN + TimeVAE Set 3] Acc: 0.6015, F1: 0.5559, Time: 2981.87s
    [=== Generating 2x synthetic data with TimeVAE (Set 4, Params: {'latent_dim': 8, 'epochs': 60, 'batch_size': 64}) ===]
n_iterations: 4
n_required_iterations: 4
n_possible_iterations: 8
min_resources_: 38
max_resources_: 114000
aggressive_elimination: False
factor: 3
----------
iter: 0
n_candidates: 50
n_resources: 38
Fitting 1 folds for each of 50 candidates, totalling 50 fits
----------
iter: 1
n_candidates: 17
n_resources: 114
Fitting 1 folds for each of 17 candidates, totalling 17 fits
----------
iter: 2
n_candidates: 6
n_resources: 342
Fitting 1 folds for each of 6 candidates, totalling 6 fits
----------
iter: 3
n_candidates: 2
n_resources: 1026
Fitting 1 folds for each of 2 candidates, totalling 2 fits
      -> [KNN + TimeVAE Set 4] Acc: 0.9477, F1: 0.9472, Time: 0.71s
n_iterations: 4
n_required_iterations: 4
n_possible_iterations: 8
min_resources_: 38
max_resources_: 114000
aggressive_elimination: False
factor: 3
----------
iter: 0
n_candidates: 50
n_resources: 38
Fitting 1 folds for each of 50 candidates, totalling 50 fits
----------
iter: 1
n_candidates: 17
n_resources: 114
Fitting 1 folds for each of 17 candidates, totalling 17 fits
----------
iter: 2
n_candidates: 6
n_resources: 342
Fitting 1 folds for each of 6 candidates, totalling 6 fits
----------
iter: 3
n_candidates: 2
n_resources: 1026
Fitting 1 folds for each of 2 candidates, totalling 2 fits
      -> [RandomForest + TimeVAE Set 4] Acc: 0.9473, F1: 0.9469, Time: 30.26s
n_iterations: 4
n_required_iterations: 4
n_possible_iterations: 8
min_resources_: 38
max_resources_: 114000
aggressive_elimination: False
factor: 3
----------
iter: 0
n_candidates: 50
n_resources: 38
Fitting 1 folds for each of 50 candidates, totalling 50 fits
----------
iter: 1
n_candidates: 17
n_resources: 114
Fitting 1 folds for each of 17 candidates, totalling 17 fits
----------
iter: 2
n_candidates: 6
n_resources: 342
Fitting 1 folds for each of 6 candidates, totalling 6 fits
----------
iter: 3
n_candidates: 2
n_resources: 1026
Fitting 1 folds for each of 2 candidates, totalling 2 fits
      -> [LinearSVC + TimeVAE Set 4] Acc: 0.6189, F1: 0.5921, Time: 3.67s
n_iterations: 4
n_required_iterations: 4
n_possible_iterations: 8
min_resources_: 38
max_resources_: 114000
aggressive_elimination: False
factor: 3
----------
iter: 0
n_candidates: 50
n_resources: 38
Fitting 1 folds for each of 50 candidates, totalling 50 fits
----------
iter: 1
n_candidates: 17
n_resources: 114
Fitting 1 folds for each of 17 candidates, totalling 17 fits
----------
iter: 2
n_candidates: 6
n_resources: 342
Fitting 1 folds for each of 6 candidates, totalling 6 fits
----------
iter: 3
n_candidates: 2
n_resources: 1026
Fitting 1 folds for each of 2 candidates, totalling 2 fits
      -> [LogisticRegression + TimeVAE Set 4] Acc: 0.7612, F1: 0.7589, Time: 6.34s
      -> [RNN + TimeVAE Set 4] Acc: 0.4211, F1: 0.3191, Time: 2652.38s
    [=== Generating 2x synthetic data with TimeVAE (Set 5, Params: {'latent_dim': 8, 'epochs': 30, 'batch_size': 64}) ===]
n_iterations: 4
n_required_iterations: 4
n_possible_iterations: 8
min_resources_: 38
max_resources_: 114000
aggressive_elimination: False
factor: 3
----------
iter: 0
n_candidates: 50
n_resources: 38
Fitting 1 folds for each of 50 candidates, totalling 50 fits
----------
iter: 1
n_candidates: 17
n_resources: 114
Fitting 1 folds for each of 17 candidates, totalling 17 fits
----------
iter: 2
n_candidates: 6
n_resources: 342
Fitting 1 folds for each of 6 candidates, totalling 6 fits
----------
iter: 3
n_candidates: 2
n_resources: 1026
Fitting 1 folds for each of 2 candidates, totalling 2 fits
      -> [KNN + TimeVAE Set 5] Acc: 0.9506, F1: 0.9501, Time: 0.51s
n_iterations: 4
n_required_iterations: 4
n_possible_iterations: 8
min_resources_: 38
max_resources_: 114000
aggressive_elimination: False
factor: 3
----------
iter: 0
n_candidates: 50
n_resources: 38
Fitting 1 folds for each of 50 candidates, totalling 50 fits
----------
iter: 1
n_candidates: 17
n_resources: 114
Fitting 1 folds for each of 17 candidates, totalling 17 fits
----------
iter: 2
n_candidates: 6
n_resources: 342
Fitting 1 folds for each of 6 candidates, totalling 6 fits
----------
iter: 3
n_candidates: 2
n_resources: 1026
Fitting 1 folds for each of 2 candidates, totalling 2 fits
      -> [RandomForest + TimeVAE Set 5] Acc: 0.9459, F1: 0.9455, Time: 25.36s
n_iterations: 4
n_required_iterations: 4
n_possible_iterations: 8
min_resources_: 38
max_resources_: 114000
aggressive_elimination: False
factor: 3
----------
iter: 0
n_candidates: 50
n_resources: 38
Fitting 1 folds for each of 50 candidates, totalling 50 fits
----------
iter: 1
n_candidates: 17
n_resources: 114
Fitting 1 folds for each of 17 candidates, totalling 17 fits
----------
iter: 2
n_candidates: 6
n_resources: 342
Fitting 1 folds for each of 6 candidates, totalling 6 fits
----------
iter: 3
n_candidates: 2
n_resources: 1026
Fitting 1 folds for each of 2 candidates, totalling 2 fits
      -> [LinearSVC + TimeVAE Set 5] Acc: 0.5951, F1: 0.5635, Time: 3.50s
n_iterations: 4
n_required_iterations: 4
n_possible_iterations: 8
min_resources_: 38
max_resources_: 114000
aggressive_elimination: False
factor: 3
----------
iter: 0
n_candidates: 50
n_resources: 38
Fitting 1 folds for each of 50 candidates, totalling 50 fits
----------
iter: 1
n_candidates: 17
n_resources: 114
Fitting 1 folds for each of 17 candidates, totalling 17 fits
----------
iter: 2
n_candidates: 6
n_resources: 342
Fitting 1 folds for each of 6 candidates, totalling 6 fits
----------
iter: 3
n_candidates: 2
n_resources: 1026
Fitting 1 folds for each of 2 candidates, totalling 2 fits
      -> [LogisticRegression + TimeVAE Set 5] Acc: 0.7116, F1: 0.7024, Time: 8.95s
      -> [RNN + TimeVAE Set 5] Acc: 0.7218, F1: 0.6867, Time: 2516.73s
    [=== Generating 2x synthetic data with TimeVAE (Set 6, Params: {'latent_dim': 32, 'epochs': 30, 'batch_size': 32}) ===]
n_iterations: 4
n_required_iterations: 4
n_possible_iterations: 8
min_resources_: 38
max_resources_: 114000
aggressive_elimination: False
factor: 3
----------
iter: 0
n_candidates: 50
n_resources: 38
Fitting 1 folds for each of 50 candidates, totalling 50 fits
----------
iter: 1
n_candidates: 17
n_resources: 114
Fitting 1 folds for each of 17 candidates, totalling 17 fits
----------
iter: 2
n_candidates: 6
n_resources: 342
Fitting 1 folds for each of 6 candidates, totalling 6 fits
----------
iter: 3
n_candidates: 2
n_resources: 1026
Fitting 1 folds for each of 2 candidates, totalling 2 fits
      -> [KNN + TimeVAE Set 6] Acc: 0.9441, F1: 0.9436, Time: 0.71s
n_iterations: 4
n_required_iterations: 4
n_possible_iterations: 8
min_resources_: 38
max_resources_: 114000
aggressive_elimination: False
factor: 3
----------
iter: 0
n_candidates: 50
n_resources: 38
Fitting 1 folds for each of 50 candidates, totalling 50 fits
----------
iter: 1
n_candidates: 17
n_resources: 114
Fitting 1 folds for each of 17 candidates, totalling 17 fits
----------
iter: 2
n_candidates: 6
n_resources: 342
Fitting 1 folds for each of 6 candidates, totalling 6 fits
----------
iter: 3
n_candidates: 2
n_resources: 1026
Fitting 1 folds for each of 2 candidates, totalling 2 fits
      -> [RandomForest + TimeVAE Set 6] Acc: 0.9475, F1: 0.9471, Time: 26.97s
n_iterations: 4
n_required_iterations: 4
n_possible_iterations: 8
min_resources_: 38
max_resources_: 114000
aggressive_elimination: False
factor: 3
----------
iter: 0
n_candidates: 50
n_resources: 38
Fitting 1 folds for each of 50 candidates, totalling 50 fits
----------
iter: 1
n_candidates: 17
n_resources: 114
Fitting 1 folds for each of 17 candidates, totalling 17 fits
----------
iter: 2
n_candidates: 6
n_resources: 342
Fitting 1 folds for each of 6 candidates, totalling 6 fits
----------
iter: 3
n_candidates: 2
n_resources: 1026
Fitting 1 folds for each of 2 candidates, totalling 2 fits
      -> [LinearSVC + TimeVAE Set 6] Acc: 0.4944, F1: 0.4411, Time: 0.62s
n_iterations: 4
n_required_iterations: 4
n_possible_iterations: 8
min_resources_: 38
max_resources_: 114000
aggressive_elimination: False
factor: 3
----------
iter: 0
n_candidates: 50
n_resources: 38
Fitting 1 folds for each of 50 candidates, totalling 50 fits
----------
iter: 1
n_candidates: 17
n_resources: 114
Fitting 1 folds for each of 17 candidates, totalling 17 fits
----------
iter: 2
n_candidates: 6
n_resources: 342
Fitting 1 folds for each of 6 candidates, totalling 6 fits
----------
iter: 3
n_candidates: 2
n_resources: 1026
Fitting 1 folds for each of 2 candidates, totalling 2 fits
      -> [LogisticRegression + TimeVAE Set 6] Acc: 0.6668, F1: 0.6494, Time: 9.21s
      -> [RNN + TimeVAE Set 6] Acc: 0.6090, F1: 0.5508, Time: 2321.71s
    [=== Generating 2x synthetic data with TimeVAE (Set 7, Params: {'latent_dim': 24, 'epochs': 20, 'batch_size': 128}) ===]
n_iterations: 4
n_required_iterations: 4
n_possible_iterations: 8
min_resources_: 38
max_resources_: 114000
aggressive_elimination: False
factor: 3
----------
iter: 0
n_candidates: 50
n_resources: 38
Fitting 1 folds for each of 50 candidates, totalling 50 fits
----------
iter: 1
n_candidates: 17
n_resources: 114
Fitting 1 folds for each of 17 candidates, totalling 17 fits
----------
iter: 2
n_candidates: 6
n_resources: 342
Fitting 1 folds for each of 6 candidates, totalling 6 fits
----------
iter: 3
n_candidates: 2
n_resources: 1026
Fitting 1 folds for each of 2 candidates, totalling 2 fits
      -> [KNN + TimeVAE Set 7] Acc: 0.9511, F1: 0.9506, Time: 0.43s
n_iterations: 4
n_required_iterations: 4
n_possible_iterations: 8
min_resources_: 38
max_resources_: 114000
aggressive_elimination: False
factor: 3
----------
iter: 0
n_candidates: 50
n_resources: 38
Fitting 1 folds for each of 50 candidates, totalling 50 fits
----------
iter: 1
n_candidates: 17
n_resources: 114
Fitting 1 folds for each of 17 candidates, totalling 17 fits
----------
iter: 2
n_candidates: 6
n_resources: 342
Fitting 1 folds for each of 6 candidates, totalling 6 fits
----------
iter: 3
n_candidates: 2
n_resources: 1026
Fitting 1 folds for each of 2 candidates, totalling 2 fits
      -> [RandomForest + TimeVAE Set 7] Acc: 0.9446, F1: 0.9443, Time: 22.67s
n_iterations: 4
n_required_iterations: 4
n_possible_iterations: 8
min_resources_: 38
max_resources_: 114000
aggressive_elimination: False
factor: 3
----------
iter: 0
n_candidates: 50
n_resources: 38
Fitting 1 folds for each of 50 candidates, totalling 50 fits
----------
iter: 1
n_candidates: 17
n_resources: 114
Fitting 1 folds for each of 17 candidates, totalling 17 fits
----------
iter: 2
n_candidates: 6
n_resources: 342
Fitting 1 folds for each of 6 candidates, totalling 6 fits
----------
iter: 3
n_candidates: 2
n_resources: 1026
Fitting 1 folds for each of 2 candidates, totalling 2 fits
      -> [LinearSVC + TimeVAE Set 7] Acc: 0.5225, F1: 0.4831, Time: 3.67s
n_iterations: 4
n_required_iterations: 4
n_possible_iterations: 8
min_resources_: 38
max_resources_: 114000
aggressive_elimination: False
factor: 3
----------
iter: 0
n_candidates: 50
n_resources: 38
Fitting 1 folds for each of 50 candidates, totalling 50 fits
----------
iter: 1
n_candidates: 17
n_resources: 114
Fitting 1 folds for each of 17 candidates, totalling 17 fits
----------
iter: 2
n_candidates: 6
n_resources: 342
Fitting 1 folds for each of 6 candidates, totalling 6 fits
----------
iter: 3
n_candidates: 2
n_resources: 1026
Fitting 1 folds for each of 2 candidates, totalling 2 fits
      -> [LogisticRegression + TimeVAE Set 7] Acc: 0.6566, F1: 0.6466, Time: 1.13s
      -> [RNN + TimeVAE Set 7] Acc: 0.6165, F1: 0.5560, Time: 2965.41s
    [=== Generating 2x synthetic data with TimeVAE (Set 8, Params: {'latent_dim': 24, 'epochs': 50, 'batch_size': 16}) ===]
n_iterations: 4
n_required_iterations: 4
n_possible_iterations: 8
min_resources_: 38
max_resources_: 114000
aggressive_elimination: False
factor: 3
----------
iter: 0
n_candidates: 50
n_resources: 38
Fitting 1 folds for each of 50 candidates, totalling 50 fits
----------
iter: 1
n_candidates: 17
n_resources: 114
Fitting 1 folds for each of 17 candidates, totalling 17 fits
----------
iter: 2
n_candidates: 6
n_resources: 342
Fitting 1 folds for each of 6 candidates, totalling 6 fits
----------
iter: 3
n_candidates: 2
n_resources: 1026
Fitting 1 folds for each of 2 candidates, totalling 2 fits
      -> [KNN + TimeVAE Set 8] Acc: 0.9460, F1: 0.9456, Time: 0.19s
n_iterations: 4
n_required_iterations: 4
n_possible_iterations: 8
min_resources_: 38
max_resources_: 114000
aggressive_elimination: False
factor: 3
----------
iter: 0
n_candidates: 50
n_resources: 38
Fitting 1 folds for each of 50 candidates, totalling 50 fits
----------
iter: 1
n_candidates: 17
n_resources: 114
Fitting 1 folds for each of 17 candidates, totalling 17 fits
----------
iter: 2
n_candidates: 6
n_resources: 342
Fitting 1 folds for each of 6 candidates, totalling 6 fits
----------
iter: 3
n_candidates: 2
n_resources: 1026
Fitting 1 folds for each of 2 candidates, totalling 2 fits
      -> [RandomForest + TimeVAE Set 8] Acc: 0.9470, F1: 0.9466, Time: 20.42s
n_iterations: 4
n_required_iterations: 4
n_possible_iterations: 8
min_resources_: 38
max_resources_: 114000
aggressive_elimination: False
factor: 3
----------
iter: 0
n_candidates: 50
n_resources: 38
Fitting 1 folds for each of 50 candidates, totalling 50 fits
----------
iter: 1
n_candidates: 17
n_resources: 114
Fitting 1 folds for each of 17 candidates, totalling 17 fits
----------
iter: 2
n_candidates: 6
n_resources: 342
Fitting 1 folds for each of 6 candidates, totalling 6 fits
----------
iter: 3
n_candidates: 2
n_resources: 1026
Fitting 1 folds for each of 2 candidates, totalling 2 fits
      -> [LinearSVC + TimeVAE Set 8] Acc: 0.5560, F1: 0.5017, Time: 3.64s
n_iterations: 4
n_required_iterations: 4
n_possible_iterations: 8
min_resources_: 38
max_resources_: 114000
aggressive_elimination: False
factor: 3
----------
iter: 0
n_candidates: 50
n_resources: 38
Fitting 1 folds for each of 50 candidates, totalling 50 fits
----------
iter: 1
n_candidates: 17
n_resources: 114
Fitting 1 folds for each of 17 candidates, totalling 17 fits
----------
iter: 2
n_candidates: 6
n_resources: 342
Fitting 1 folds for each of 6 candidates, totalling 6 fits
----------
iter: 3
n_candidates: 2
n_resources: 1026
Fitting 1 folds for each of 2 candidates, totalling 2 fits
      -> [LogisticRegression + TimeVAE Set 8] Acc: 0.6643, F1: 0.6531, Time: 4.12s
      -> [RNN + TimeVAE Set 8] Acc: 0.7744, F1: 0.7423, Time: 2981.60s
    [=== Generating 2x synthetic data with TimeVAE (Set 9, Params: {'latent_dim': 8, 'epochs': 20, 'batch_size': 64}) ===]
n_iterations: 4
n_required_iterations: 4
n_possible_iterations: 8
min_resources_: 38
max_resources_: 114000
aggressive_elimination: False
factor: 3
----------
iter: 0
n_candidates: 50
n_resources: 38
Fitting 1 folds for each of 50 candidates, totalling 50 fits
----------
iter: 1
n_candidates: 17
n_resources: 114
Fitting 1 folds for each of 17 candidates, totalling 17 fits
----------
iter: 2
n_candidates: 6
n_resources: 342
Fitting 1 folds for each of 6 candidates, totalling 6 fits
----------
iter: 3
n_candidates: 2
n_resources: 1026
Fitting 1 folds for each of 2 candidates, totalling 2 fits
      -> [KNN + TimeVAE Set 9] Acc: 0.9502, F1: 0.9498, Time: 0.69s
n_iterations: 4
n_required_iterations: 4
n_possible_iterations: 8
min_resources_: 38
max_resources_: 114000
aggressive_elimination: False
factor: 3
----------
iter: 0
n_candidates: 50
n_resources: 38
Fitting 1 folds for each of 50 candidates, totalling 50 fits
----------
iter: 1
n_candidates: 17
n_resources: 114
Fitting 1 folds for each of 17 candidates, totalling 17 fits
----------
iter: 2
n_candidates: 6
n_resources: 342
Fitting 1 folds for each of 6 candidates, totalling 6 fits
----------
iter: 3
n_candidates: 2
n_resources: 1026
Fitting 1 folds for each of 2 candidates, totalling 2 fits
      -> [RandomForest + TimeVAE Set 9] Acc: 0.9437, F1: 0.9430, Time: 22.00s
n_iterations: 4
n_required_iterations: 4
n_possible_iterations: 8
min_resources_: 38
max_resources_: 114000
aggressive_elimination: False
factor: 3
----------
iter: 0
n_candidates: 50
n_resources: 38
Fitting 1 folds for each of 50 candidates, totalling 50 fits
----------
iter: 1
n_candidates: 17
n_resources: 114
Fitting 1 folds for each of 17 candidates, totalling 17 fits
----------
iter: 2
n_candidates: 6
n_resources: 342
Fitting 1 folds for each of 6 candidates, totalling 6 fits
----------
iter: 3
n_candidates: 2
n_resources: 1026
Fitting 1 folds for each of 2 candidates, totalling 2 fits
      -> [LinearSVC + TimeVAE Set 9] Acc: 0.6234, F1: 0.5950, Time: 3.29s
n_iterations: 4
n_required_iterations: 4
n_possible_iterations: 8
min_resources_: 38
max_resources_: 114000
aggressive_elimination: False
factor: 3
----------
iter: 0
n_candidates: 50
n_resources: 38
Fitting 1 folds for each of 50 candidates, totalling 50 fits
----------
iter: 1
n_candidates: 17
n_resources: 114
Fitting 1 folds for each of 17 candidates, totalling 17 fits
----------
iter: 2
n_candidates: 6
n_resources: 342
Fitting 1 folds for each of 6 candidates, totalling 6 fits
----------
iter: 3
n_candidates: 2
n_resources: 1026
Fitting 1 folds for each of 2 candidates, totalling 2 fits
      -> [LogisticRegression + TimeVAE Set 9] Acc: 0.7154, F1: 0.7080, Time: 5.32s
      -> [RNN + TimeVAE Set 9] Acc: 0.7368, F1: 0.7180, Time: 75.44s
    [=== Generating 2x synthetic data with TimeVAE (Set 10, Params: {'latent_dim': 24, 'epochs': 50, 'batch_size': 128}) ===]
n_iterations: 4
n_required_iterations: 4
n_possible_iterations: 8
min_resources_: 38
max_resources_: 114000
aggressive_elimination: False
factor: 3
----------
iter: 0
n_candidates: 50
n_resources: 38
Fitting 1 folds for each of 50 candidates, totalling 50 fits
----------
iter: 1
n_candidates: 17
n_resources: 114
Fitting 1 folds for each of 17 candidates, totalling 17 fits
----------
iter: 2
n_candidates: 6
n_resources: 342
Fitting 1 folds for each of 6 candidates, totalling 6 fits
----------
iter: 3
n_candidates: 2
n_resources: 1026
Fitting 1 folds for each of 2 candidates, totalling 2 fits
      -> [KNN + TimeVAE Set 10] Acc: 0.9508, F1: 0.9503, Time: 0.51s
n_iterations: 4
n_required_iterations: 4
n_possible_iterations: 8
min_resources_: 38
max_resources_: 114000
aggressive_elimination: False
factor: 3
----------
iter: 0
n_candidates: 50
n_resources: 38
Fitting 1 folds for each of 50 candidates, totalling 50 fits
----------
iter: 1
n_candidates: 17
n_resources: 114
Fitting 1 folds for each of 17 candidates, totalling 17 fits
----------
iter: 2
n_candidates: 6
n_resources: 342
Fitting 1 folds for each of 6 candidates, totalling 6 fits
----------
iter: 3
n_candidates: 2
n_resources: 1026
Fitting 1 folds for each of 2 candidates, totalling 2 fits
      -> [RandomForest + TimeVAE Set 10] Acc: 0.9444, F1: 0.9441, Time: 27.92s
n_iterations: 4
n_required_iterations: 4
n_possible_iterations: 8
min_resources_: 38
max_resources_: 114000
aggressive_elimination: False
factor: 3
----------
iter: 0
n_candidates: 50
n_resources: 38
Fitting 1 folds for each of 50 candidates, totalling 50 fits
----------
iter: 1
n_candidates: 17
n_resources: 114
Fitting 1 folds for each of 17 candidates, totalling 17 fits
----------
iter: 2
n_candidates: 6
n_resources: 342
Fitting 1 folds for each of 6 candidates, totalling 6 fits
----------
iter: 3
n_candidates: 2
n_resources: 1026
Fitting 1 folds for each of 2 candidates, totalling 2 fits
      -> [LinearSVC + TimeVAE Set 10] Acc: 0.5627, F1: 0.5293, Time: 0.79s
n_iterations: 4
n_required_iterations: 4
n_possible_iterations: 8
min_resources_: 38
max_resources_: 114000
aggressive_elimination: False
factor: 3
----------
iter: 0
n_candidates: 50
n_resources: 38
Fitting 1 folds for each of 50 candidates, totalling 50 fits
----------
iter: 1
n_candidates: 17
n_resources: 114
Fitting 1 folds for each of 17 candidates, totalling 17 fits
----------
iter: 2
n_candidates: 6
n_resources: 342
Fitting 1 folds for each of 6 candidates, totalling 6 fits
----------
iter: 3
n_candidates: 2
n_resources: 1026
Fitting 1 folds for each of 2 candidates, totalling 2 fits
      -> [LogisticRegression + TimeVAE Set 10] Acc: 0.6679, F1: 0.6543, Time: 9.53s
      -> [RNN + TimeVAE Set 10] Acc: 0.5940, F1: 0.5592, Time: 2953.42s
    [=== Generating 3x synthetic data with TimeVAE (Set 1, Params: {'latent_dim': 64, 'epochs': 40, 'batch_size': 32}) ===]
n_iterations: 4
n_required_iterations: 4
n_possible_iterations: 8
min_resources_: 38
max_resources_: 138000
aggressive_elimination: False
factor: 3
----------
iter: 0
n_candidates: 50
n_resources: 38
Fitting 1 folds for each of 50 candidates, totalling 50 fits
----------
iter: 1
n_candidates: 17
n_resources: 114
Fitting 1 folds for each of 17 candidates, totalling 17 fits
----------
iter: 2
n_candidates: 6
n_resources: 342
Fitting 1 folds for each of 6 candidates, totalling 6 fits
----------
iter: 3
n_candidates: 2
n_resources: 1026
Fitting 1 folds for each of 2 candidates, totalling 2 fits
      -> [KNN + TimeVAE Set 1] Acc: 0.9514, F1: 0.9512, Time: 0.35s
n_iterations: 4
n_required_iterations: 4
n_possible_iterations: 8
min_resources_: 38
max_resources_: 138000
aggressive_elimination: False
factor: 3
----------
iter: 0
n_candidates: 50
n_resources: 38
Fitting 1 folds for each of 50 candidates, totalling 50 fits
----------
iter: 1
n_candidates: 17
n_resources: 114
Fitting 1 folds for each of 17 candidates, totalling 17 fits
----------
iter: 2
n_candidates: 6
n_resources: 342
Fitting 1 folds for each of 6 candidates, totalling 6 fits
----------
iter: 3
n_candidates: 2
n_resources: 1026
Fitting 1 folds for each of 2 candidates, totalling 2 fits
      -> [RandomForest + TimeVAE Set 1] Acc: 0.9426, F1: 0.9422, Time: 19.46s
n_iterations: 4
n_required_iterations: 4
n_possible_iterations: 8
min_resources_: 38
max_resources_: 138000
aggressive_elimination: False
factor: 3
----------
iter: 0
n_candidates: 50
n_resources: 38
Fitting 1 folds for each of 50 candidates, totalling 50 fits
----------
iter: 1
n_candidates: 17
n_resources: 114
Fitting 1 folds for each of 17 candidates, totalling 17 fits
----------
iter: 2
n_candidates: 6
n_resources: 342
Fitting 1 folds for each of 6 candidates, totalling 6 fits
----------
iter: 3
n_candidates: 2
n_resources: 1026
Fitting 1 folds for each of 2 candidates, totalling 2 fits
      -> [LinearSVC + TimeVAE Set 1] Acc: 0.4659, F1: 0.4106, Time: 7.80s
n_iterations: 4
n_required_iterations: 4
n_possible_iterations: 8
min_resources_: 38
max_resources_: 138000
aggressive_elimination: False
factor: 3
----------
iter: 0
n_candidates: 50
n_resources: 38
Fitting 1 folds for each of 50 candidates, totalling 50 fits
----------
iter: 1
n_candidates: 17
n_resources: 114
Fitting 1 folds for each of 17 candidates, totalling 17 fits
----------
iter: 2
n_candidates: 6
n_resources: 342
Fitting 1 folds for each of 6 candidates, totalling 6 fits
----------
iter: 3
n_candidates: 2
n_resources: 1026
Fitting 1 folds for each of 2 candidates, totalling 2 fits
      -> [LogisticRegression + TimeVAE Set 1] Acc: 0.5599, F1: 0.5275, Time: 5.18s
      -> [RNN + TimeVAE Set 1] Acc: 0.6316, F1: 0.5823, Time: 2601.62s
    [=== Generating 3x synthetic data with TimeVAE (Set 2, Params: {'latent_dim': 8, 'epochs': 20, 'batch_size': 16}) ===]
n_iterations: 4
n_required_iterations: 4
n_possible_iterations: 8
min_resources_: 38
max_resources_: 138000
aggressive_elimination: False
factor: 3
----------
iter: 0
n_candidates: 50
n_resources: 38
Fitting 1 folds for each of 50 candidates, totalling 50 fits
----------
iter: 1
n_candidates: 17
n_resources: 114
Fitting 1 folds for each of 17 candidates, totalling 17 fits
----------
iter: 2
n_candidates: 6
n_resources: 342
Fitting 1 folds for each of 6 candidates, totalling 6 fits
----------
iter: 3
n_candidates: 2
n_resources: 1026
Fitting 1 folds for each of 2 candidates, totalling 2 fits
      -> [KNN + TimeVAE Set 2] Acc: 0.9523, F1: 0.9521, Time: 0.35s
n_iterations: 4
n_required_iterations: 4
n_possible_iterations: 8
min_resources_: 38
max_resources_: 138000
aggressive_elimination: False
factor: 3
----------
iter: 0
n_candidates: 50
n_resources: 38
Fitting 1 folds for each of 50 candidates, totalling 50 fits
----------
iter: 1
n_candidates: 17
n_resources: 114
Fitting 1 folds for each of 17 candidates, totalling 17 fits
----------
iter: 2
n_candidates: 6
n_resources: 342
Fitting 1 folds for each of 6 candidates, totalling 6 fits
----------
iter: 3
n_candidates: 2
n_resources: 1026
Fitting 1 folds for each of 2 candidates, totalling 2 fits
      -> [RandomForest + TimeVAE Set 2] Acc: 0.9467, F1: 0.9463, Time: 36.94s
n_iterations: 4
n_required_iterations: 4
n_possible_iterations: 8
min_resources_: 38
max_resources_: 138000
aggressive_elimination: False
factor: 3
----------
iter: 0
n_candidates: 50
n_resources: 38
Fitting 1 folds for each of 50 candidates, totalling 50 fits
----------
iter: 1
n_candidates: 17
n_resources: 114
Fitting 1 folds for each of 17 candidates, totalling 17 fits
----------
iter: 2
n_candidates: 6
n_resources: 342
Fitting 1 folds for each of 6 candidates, totalling 6 fits
----------
iter: 3
n_candidates: 2
n_resources: 1026
Fitting 1 folds for each of 2 candidates, totalling 2 fits
      -> [LinearSVC + TimeVAE Set 2] Acc: 0.5748, F1: 0.5378, Time: 8.06s
n_iterations: 4
n_required_iterations: 4
n_possible_iterations: 8
min_resources_: 38
max_resources_: 138000
aggressive_elimination: False
factor: 3
----------
iter: 0
n_candidates: 50
n_resources: 38
Fitting 1 folds for each of 50 candidates, totalling 50 fits
----------
iter: 1
n_candidates: 17
n_resources: 114
Fitting 1 folds for each of 17 candidates, totalling 17 fits
----------
iter: 2
n_candidates: 6
n_resources: 342
Fitting 1 folds for each of 6 candidates, totalling 6 fits
----------
iter: 3
n_candidates: 2
n_resources: 1026
Fitting 1 folds for each of 2 candidates, totalling 2 fits
      -> [LogisticRegression + TimeVAE Set 2] Acc: 0.6486, F1: 0.6416, Time: 6.43s
      -> [RNN + TimeVAE Set 2] Acc: 0.7218, F1: 0.7166, Time: 1950.93s
    [=== Generating 3x synthetic data with TimeVAE (Set 3, Params: {'latent_dim': 8, 'epochs': 40, 'batch_size': 128}) ===]
n_iterations: 4
n_required_iterations: 4
n_possible_iterations: 8
min_resources_: 38
max_resources_: 138000
aggressive_elimination: False
factor: 3
----------
iter: 0
n_candidates: 50
n_resources: 38
Fitting 1 folds for each of 50 candidates, totalling 50 fits
----------
iter: 1
n_candidates: 17
n_resources: 114
Fitting 1 folds for each of 17 candidates, totalling 17 fits
----------
iter: 2
n_candidates: 6
n_resources: 342
Fitting 1 folds for each of 6 candidates, totalling 6 fits
----------
iter: 3
n_candidates: 2
n_resources: 1026
Fitting 1 folds for each of 2 candidates, totalling 2 fits
      -> [KNN + TimeVAE Set 3] Acc: 0.9459, F1: 0.9455, Time: 0.31s
n_iterations: 4
n_required_iterations: 4
n_possible_iterations: 8
min_resources_: 38
max_resources_: 138000
aggressive_elimination: False
factor: 3
----------
iter: 0
n_candidates: 50
n_resources: 38
Fitting 1 folds for each of 50 candidates, totalling 50 fits
----------
iter: 1
n_candidates: 17
n_resources: 114
Fitting 1 folds for each of 17 candidates, totalling 17 fits
----------
iter: 2
n_candidates: 6
n_resources: 342
Fitting 1 folds for each of 6 candidates, totalling 6 fits
----------
iter: 3
n_candidates: 2
n_resources: 1026
Fitting 1 folds for each of 2 candidates, totalling 2 fits
      -> [RandomForest + TimeVAE Set 3] Acc: 0.9381, F1: 0.9377, Time: 25.37s
n_iterations: 4
n_required_iterations: 4
n_possible_iterations: 8
min_resources_: 38
max_resources_: 138000
aggressive_elimination: False
factor: 3
----------
iter: 0
n_candidates: 50
n_resources: 38
Fitting 1 folds for each of 50 candidates, totalling 50 fits
----------
iter: 1
n_candidates: 17
n_resources: 114
Fitting 1 folds for each of 17 candidates, totalling 17 fits
----------
iter: 2
n_candidates: 6
n_resources: 342
Fitting 1 folds for each of 6 candidates, totalling 6 fits
----------
iter: 3
n_candidates: 2
n_resources: 1026
Fitting 1 folds for each of 2 candidates, totalling 2 fits
      -> [LinearSVC + TimeVAE Set 3] Acc: 0.6005, F1: 0.5617, Time: 7.94s
n_iterations: 4
n_required_iterations: 4
n_possible_iterations: 8
min_resources_: 38
max_resources_: 138000
aggressive_elimination: False
factor: 3
----------
iter: 0
n_candidates: 50
n_resources: 38
Fitting 1 folds for each of 50 candidates, totalling 50 fits
----------
iter: 1
n_candidates: 17
n_resources: 114
Fitting 1 folds for each of 17 candidates, totalling 17 fits
----------
iter: 2
n_candidates: 6
n_resources: 342
Fitting 1 folds for each of 6 candidates, totalling 6 fits
----------
iter: 3
n_candidates: 2
n_resources: 1026
Fitting 1 folds for each of 2 candidates, totalling 2 fits
      -> [LogisticRegression + TimeVAE Set 3] Acc: 0.6907, F1: 0.6855, Time: 7.36s
      -> [RNN + TimeVAE Set 3] Acc: 0.6466, F1: 0.6117, Time: 4448.08s
    [=== Generating 3x synthetic data with TimeVAE (Set 4, Params: {'latent_dim': 8, 'epochs': 60, 'batch_size': 64}) ===]
n_iterations: 4
n_required_iterations: 4
n_possible_iterations: 8
min_resources_: 38
max_resources_: 138000
aggressive_elimination: False
factor: 3
----------
iter: 0
n_candidates: 50
n_resources: 38
Fitting 1 folds for each of 50 candidates, totalling 50 fits
----------
iter: 1
n_candidates: 17
n_resources: 114
Fitting 1 folds for each of 17 candidates, totalling 17 fits
----------
iter: 2
n_candidates: 6
n_resources: 342
Fitting 1 folds for each of 6 candidates, totalling 6 fits
----------
iter: 3
n_candidates: 2
n_resources: 1026
Fitting 1 folds for each of 2 candidates, totalling 2 fits
      -> [KNN + TimeVAE Set 4] Acc: 0.9490, F1: 0.9488, Time: 0.35s
n_iterations: 4
n_required_iterations: 4
n_possible_iterations: 8
min_resources_: 38
max_resources_: 138000
aggressive_elimination: False
factor: 3
----------
iter: 0
n_candidates: 50
n_resources: 38
Fitting 1 folds for each of 50 candidates, totalling 50 fits
----------
iter: 1
n_candidates: 17
n_resources: 114
Fitting 1 folds for each of 17 candidates, totalling 17 fits
----------
iter: 2
n_candidates: 6
n_resources: 342
Fitting 1 folds for each of 6 candidates, totalling 6 fits
----------
iter: 3
n_candidates: 2
n_resources: 1026
Fitting 1 folds for each of 2 candidates, totalling 2 fits
      -> [RandomForest + TimeVAE Set 4] Acc: 0.9490, F1: 0.9487, Time: 41.22s
n_iterations: 4
n_required_iterations: 4
n_possible_iterations: 8
min_resources_: 38
max_resources_: 138000
aggressive_elimination: False
factor: 3
----------
iter: 0
n_candidates: 50
n_resources: 38
Fitting 1 folds for each of 50 candidates, totalling 50 fits
----------
iter: 1
n_candidates: 17
n_resources: 114
Fitting 1 folds for each of 17 candidates, totalling 17 fits
----------
iter: 2
n_candidates: 6
n_resources: 342
Fitting 1 folds for each of 6 candidates, totalling 6 fits
----------
iter: 3
n_candidates: 2
n_resources: 1026
Fitting 1 folds for each of 2 candidates, totalling 2 fits
      -> [LinearSVC + TimeVAE Set 4] Acc: 0.6097, F1: 0.5848, Time: 3.25s
n_iterations: 4
n_required_iterations: 4
n_possible_iterations: 8
min_resources_: 38
max_resources_: 138000
aggressive_elimination: False
factor: 3
----------
iter: 0
n_candidates: 50
n_resources: 38
Fitting 1 folds for each of 50 candidates, totalling 50 fits
----------
iter: 1
n_candidates: 17
n_resources: 114
Fitting 1 folds for each of 17 candidates, totalling 17 fits
----------
iter: 2
n_candidates: 6
n_resources: 342
Fitting 1 folds for each of 6 candidates, totalling 6 fits
----------
iter: 3
n_candidates: 2
n_resources: 1026
Fitting 1 folds for each of 2 candidates, totalling 2 fits
      -> [LogisticRegression + TimeVAE Set 4] Acc: 0.7422, F1: 0.7379, Time: 12.69s
      -> [RNN + TimeVAE Set 4] Acc: 0.6466, F1: 0.6019, Time: 2933.06s
    [=== Generating 3x synthetic data with TimeVAE (Set 5, Params: {'latent_dim': 8, 'epochs': 30, 'batch_size': 64}) ===]
n_iterations: 4
n_required_iterations: 4
n_possible_iterations: 8
min_resources_: 38
max_resources_: 138000
aggressive_elimination: False
factor: 3
----------
iter: 0
n_candidates: 50
n_resources: 38
Fitting 1 folds for each of 50 candidates, totalling 50 fits
