Starting GenParams Tune: Plant_oil - Seed 20 - Gen GMM - All Scales


==================================================
Running gen-params experiment for Plant_oil
==================================================

--- Fold 1/10 ---

  >> Seed sets per label: 20

    >> Seed Fold Selection: 1/10
    Evaluating Model: KNN
      -> [Baseline] Acc: 0.9500, F1: 0.9496, Time: 0.72s
      HP Tuning KNN...
n_iterations: 4
n_required_iterations: 4
n_possible_iterations: 5
min_resources_: 190
max_resources_: 38000
aggressive_elimination: False
factor: 3
----------
iter: 0
n_candidates: 50
n_resources: 190
Fitting 5 folds for each of 50 candidates, totalling 250 fits
----------
iter: 1
n_candidates: 17
n_resources: 570
Fitting 5 folds for each of 17 candidates, totalling 85 fits
----------
iter: 2
n_candidates: 6
n_resources: 1710
Fitting 5 folds for each of 6 candidates, totalling 30 fits
----------
iter: 3
n_candidates: 2
n_resources: 5130
Fitting 5 folds for each of 2 candidates, totalling 10 fits
      -> [Tuned_Baseline] Acc: 0.9517, F1: 0.9512, Time: 0.36s
    Evaluating Model: RandomForest
      -> [Baseline] Acc: 0.9473, F1: 0.9468, Time: 11.86s
      HP Tuning RandomForest...
n_iterations: 4
n_required_iterations: 4
n_possible_iterations: 5
min_resources_: 190
max_resources_: 38000
aggressive_elimination: False
factor: 3
----------
iter: 0
n_candidates: 50
n_resources: 190
Fitting 5 folds for each of 50 candidates, totalling 250 fits
----------
iter: 1
n_candidates: 17
n_resources: 570
Fitting 5 folds for each of 17 candidates, totalling 85 fits
----------
iter: 2
n_candidates: 6
n_resources: 1710
Fitting 5 folds for each of 6 candidates, totalling 30 fits
----------
iter: 3
n_candidates: 2
n_resources: 5130
Fitting 5 folds for each of 2 candidates, totalling 10 fits
      -> [Tuned_Baseline] Acc: 0.9479, F1: 0.9475, Time: 1.17s
    Evaluating Model: LinearSVC
      -> [Baseline] Acc: 0.7459, F1: 0.7347, Time: 4.15s
      HP Tuning LinearSVC...
n_iterations: 4
n_required_iterations: 4
n_possible_iterations: 5
min_resources_: 190
max_resources_: 38000
aggressive_elimination: False
factor: 3
----------
iter: 0
n_candidates: 50
n_resources: 190
Fitting 5 folds for each of 50 candidates, totalling 250 fits
----------
iter: 1
n_candidates: 17
n_resources: 570
Fitting 5 folds for each of 17 candidates, totalling 85 fits
----------
iter: 2
n_candidates: 6
n_resources: 1710
Fitting 5 folds for each of 6 candidates, totalling 30 fits
----------
iter: 3
n_candidates: 2
n_resources: 5130
Fitting 5 folds for each of 2 candidates, totalling 10 fits
      -> [Tuned_Baseline] Acc: 0.7463, F1: 0.7354, Time: 0.03s
    Evaluating Model: LogisticRegression
      -> [Baseline] Acc: 0.8195, F1: 0.8187, Time: 14.62s
      HP Tuning LogisticRegression...
n_iterations: 4
n_required_iterations: 4
n_possible_iterations: 5
min_resources_: 190
max_resources_: 38000
aggressive_elimination: False
factor: 3
----------
iter: 0
n_candidates: 50
n_resources: 190
Fitting 5 folds for each of 50 candidates, totalling 250 fits
----------
iter: 1
n_candidates: 17
n_resources: 570
Fitting 5 folds for each of 17 candidates, totalling 85 fits
----------
iter: 2
n_candidates: 6
n_resources: 1710
Fitting 5 folds for each of 6 candidates, totalling 30 fits
----------
iter: 3
n_candidates: 2
n_resources: 5130
Fitting 5 folds for each of 2 candidates, totalling 10 fits
      -> [Tuned_Baseline] Acc: 0.8417, F1: 0.8414, Time: 0.05s
    Evaluating Model: RNN
      -> [Baseline] Acc: 0.4662, F1: 0.3592, Time: 141.13s
      HP Tuning RNN...
n_iterations: 4
n_required_iterations: 4
n_possible_iterations: 4
min_resources_: 10
max_resources_: 380
aggressive_elimination: False
factor: 3
----------
iter: 0
n_candidates: 50
n_resources: 10
Fitting 5 folds for each of 50 candidates, totalling 250 fits
----------
iter: 1
n_candidates: 17
n_resources: 30
Fitting 5 folds for each of 17 candidates, totalling 85 fits
----------
iter: 2
n_candidates: 6
n_resources: 90
Fitting 5 folds for each of 6 candidates, totalling 30 fits
----------
iter: 3
n_candidates: 2
n_resources: 270
Fitting 5 folds for each of 2 candidates, totalling 10 fits
      -> [Tuned_Baseline] Acc: 0.8195, F1: 0.7958, Time: 2.48s
    [=== Generating 2x synthetic data with GMM (Set 1, Params: {'n_components': 4, 'covariance_type': 'spherical'}) ===]
n_iterations: 4
n_required_iterations: 4
n_possible_iterations: 8
min_resources_: 38
max_resources_: 114000
aggressive_elimination: False
factor: 3
----------
iter: 0
n_candidates: 50
n_resources: 38
Fitting 1 folds for each of 50 candidates, totalling 50 fits
----------
iter: 1
n_candidates: 17
n_resources: 114
Fitting 1 folds for each of 17 candidates, totalling 17 fits
----------
iter: 2
n_candidates: 6
n_resources: 342
Fitting 1 folds for each of 6 candidates, totalling 6 fits
----------
iter: 3
n_candidates: 2
n_resources: 1026
Fitting 1 folds for each of 2 candidates, totalling 2 fits
      -> [KNN + GMM Set 1] Acc: 0.9494, F1: 0.9489, Time: 0.67s
n_iterations: 4
n_required_iterations: 4
n_possible_iterations: 8
min_resources_: 38
max_resources_: 114000
aggressive_elimination: False
factor: 3
----------
iter: 0
n_candidates: 50
n_resources: 38
Fitting 1 folds for each of 50 candidates, totalling 50 fits
----------
iter: 1
n_candidates: 17
n_resources: 114
Fitting 1 folds for each of 17 candidates, totalling 17 fits
----------
iter: 2
n_candidates: 6
n_resources: 342
Fitting 1 folds for each of 6 candidates, totalling 6 fits
----------
iter: 3
n_candidates: 2
n_resources: 1026
Fitting 1 folds for each of 2 candidates, totalling 2 fits
      -> [RandomForest + GMM Set 1] Acc: 0.9380, F1: 0.9374, Time: 38.96s
n_iterations: 4
n_required_iterations: 4
n_possible_iterations: 8
min_resources_: 38
max_resources_: 114000
aggressive_elimination: False
factor: 3
----------
iter: 0
n_candidates: 50
n_resources: 38
Fitting 1 folds for each of 50 candidates, totalling 50 fits
----------
iter: 1
n_candidates: 17
n_resources: 114
Fitting 1 folds for each of 17 candidates, totalling 17 fits
----------
iter: 2
n_candidates: 6
n_resources: 342
Fitting 1 folds for each of 6 candidates, totalling 6 fits
----------
iter: 3
n_candidates: 2
n_resources: 1026
Fitting 1 folds for each of 2 candidates, totalling 2 fits
      -> [LinearSVC + GMM Set 1] Acc: 0.7007, F1: 0.6775, Time: 4.27s
n_iterations: 4
n_required_iterations: 4
n_possible_iterations: 8
min_resources_: 38
max_resources_: 114000
aggressive_elimination: False
factor: 3
----------
iter: 0
n_candidates: 50
n_resources: 38
Fitting 1 folds for each of 50 candidates, totalling 50 fits
----------
iter: 1
n_candidates: 17
n_resources: 114
Fitting 1 folds for each of 17 candidates, totalling 17 fits
----------
iter: 2
n_candidates: 6
n_resources: 342
Fitting 1 folds for each of 6 candidates, totalling 6 fits
----------
iter: 3
n_candidates: 2
n_resources: 1026
Fitting 1 folds for each of 2 candidates, totalling 2 fits
      -> [LogisticRegression + GMM Set 1] Acc: 0.8094, F1: 0.8097, Time: 5.59s
      -> [RNN + GMM Set 1] Acc: 0.7744, F1: 0.7385, Time: 4188.24s
    [=== Generating 2x synthetic data with GMM (Set 2, Params: {'n_components': 1, 'covariance_type': 'diag'}) ===]
n_iterations: 4
n_required_iterations: 4
n_possible_iterations: 8
min_resources_: 38
max_resources_: 114000
aggressive_elimination: False
factor: 3
----------
iter: 0
n_candidates: 50
n_resources: 38
Fitting 1 folds for each of 50 candidates, totalling 50 fits
----------
iter: 1
n_candidates: 17
n_resources: 114
Fitting 1 folds for each of 17 candidates, totalling 17 fits
----------
iter: 2
n_candidates: 6
n_resources: 342
Fitting 1 folds for each of 6 candidates, totalling 6 fits
----------
iter: 3
n_candidates: 2
n_resources: 1026
Fitting 1 folds for each of 2 candidates, totalling 2 fits
      -> [KNN + GMM Set 2] Acc: 0.9516, F1: 0.9513, Time: 0.35s
n_iterations: 4
n_required_iterations: 4
n_possible_iterations: 8
min_resources_: 38
max_resources_: 114000
aggressive_elimination: False
factor: 3
----------
iter: 0
n_candidates: 50
n_resources: 38
Fitting 1 folds for each of 50 candidates, totalling 50 fits
----------
iter: 1
n_candidates: 17
n_resources: 114
Fitting 1 folds for each of 17 candidates, totalling 17 fits
----------
iter: 2
n_candidates: 6
n_resources: 342
Fitting 1 folds for each of 6 candidates, totalling 6 fits
----------
iter: 3
n_candidates: 2
n_resources: 1026
Fitting 1 folds for each of 2 candidates, totalling 2 fits
      -> [RandomForest + GMM Set 2] Acc: 0.9348, F1: 0.9342, Time: 13.70s
n_iterations: 4
n_required_iterations: 4
n_possible_iterations: 8
min_resources_: 38
max_resources_: 114000
aggressive_elimination: False
factor: 3
----------
iter: 0
n_candidates: 50
n_resources: 38
Fitting 1 folds for each of 50 candidates, totalling 50 fits
----------
iter: 1
n_candidates: 17
n_resources: 114
Fitting 1 folds for each of 17 candidates, totalling 17 fits
----------
iter: 2
n_candidates: 6
n_resources: 342
Fitting 1 folds for each of 6 candidates, totalling 6 fits
----------
iter: 3
n_candidates: 2
n_resources: 1026
Fitting 1 folds for each of 2 candidates, totalling 2 fits
      -> [LinearSVC + GMM Set 2] Acc: 0.6756, F1: 0.6474, Time: 0.74s
n_iterations: 4
n_required_iterations: 4
n_possible_iterations: 8
min_resources_: 38
max_resources_: 114000
aggressive_elimination: False
factor: 3
----------
iter: 0
n_candidates: 50
n_resources: 38
Fitting 1 folds for each of 50 candidates, totalling 50 fits
----------
iter: 1
n_candidates: 17
n_resources: 114
Fitting 1 folds for each of 17 candidates, totalling 17 fits
----------
iter: 2
n_candidates: 6
n_resources: 342
Fitting 1 folds for each of 6 candidates, totalling 6 fits
----------
iter: 3
n_candidates: 2
n_resources: 1026
Fitting 1 folds for each of 2 candidates, totalling 2 fits
      -> [LogisticRegression + GMM Set 2] Acc: 0.7259, F1: 0.7234, Time: 6.71s
      -> [RNN + GMM Set 2] Acc: 0.8045, F1: 0.7870, Time: 4119.14s
    [=== Generating 2x synthetic data with GMM (Set 3, Params: {'n_components': 4, 'covariance_type': 'spherical'}) ===]
n_iterations: 4
n_required_iterations: 4
n_possible_iterations: 8
min_resources_: 38
max_resources_: 114000
aggressive_elimination: False
factor: 3
----------
iter: 0
n_candidates: 50
n_resources: 38
Fitting 1 folds for each of 50 candidates, totalling 50 fits
----------
iter: 1
n_candidates: 17
n_resources: 114
Fitting 1 folds for each of 17 candidates, totalling 17 fits
----------
iter: 2
n_candidates: 6
n_resources: 342
Fitting 1 folds for each of 6 candidates, totalling 6 fits
----------
iter: 3
n_candidates: 2
n_resources: 1026
Fitting 1 folds for each of 2 candidates, totalling 2 fits
      -> [KNN + GMM Set 3] Acc: 0.9495, F1: 0.9490, Time: 1.35s
n_iterations: 4
n_required_iterations: 4
n_possible_iterations: 8
min_resources_: 38
max_resources_: 114000
aggressive_elimination: False
factor: 3
----------
iter: 0
n_candidates: 50
n_resources: 38
Fitting 1 folds for each of 50 candidates, totalling 50 fits
----------
iter: 1
n_candidates: 17
n_resources: 114
Fitting 1 folds for each of 17 candidates, totalling 17 fits
----------
iter: 2
n_candidates: 6
n_resources: 342
Fitting 1 folds for each of 6 candidates, totalling 6 fits
----------
iter: 3
n_candidates: 2
n_resources: 1026
Fitting 1 folds for each of 2 candidates, totalling 2 fits
      -> [RandomForest + GMM Set 3] Acc: 0.9368, F1: 0.9363, Time: 41.73s
n_iterations: 4
n_required_iterations: 4
n_possible_iterations: 8
min_resources_: 38
max_resources_: 114000
aggressive_elimination: False
factor: 3
----------
iter: 0
n_candidates: 50
n_resources: 38
Fitting 1 folds for each of 50 candidates, totalling 50 fits
----------
iter: 1
n_candidates: 17
n_resources: 114
Fitting 1 folds for each of 17 candidates, totalling 17 fits
----------
iter: 2
n_candidates: 6
n_resources: 342
Fitting 1 folds for each of 6 candidates, totalling 6 fits
----------
iter: 3
n_candidates: 2
n_resources: 1026
Fitting 1 folds for each of 2 candidates, totalling 2 fits
      -> [LinearSVC + GMM Set 3] Acc: 0.7007, F1: 0.6775, Time: 4.32s
n_iterations: 4
n_required_iterations: 4
n_possible_iterations: 8
min_resources_: 38
max_resources_: 114000
aggressive_elimination: False
factor: 3
----------
iter: 0
n_candidates: 50
n_resources: 38
Fitting 1 folds for each of 50 candidates, totalling 50 fits
----------
iter: 1
n_candidates: 17
n_resources: 114
Fitting 1 folds for each of 17 candidates, totalling 17 fits
----------
iter: 2
n_candidates: 6
n_resources: 342
Fitting 1 folds for each of 6 candidates, totalling 6 fits
----------
iter: 3
n_candidates: 2
n_resources: 1026
Fitting 1 folds for each of 2 candidates, totalling 2 fits
      -> [LogisticRegression + GMM Set 3] Acc: 0.8094, F1: 0.8097, Time: 6.60s
      -> [RNN + GMM Set 3] Acc: 0.6090, F1: 0.5166, Time: 3873.36s
    [=== Generating 2x synthetic data with GMM (Set 4, Params: {'n_components': 2, 'covariance_type': 'diag'}) ===]
n_iterations: 4
n_required_iterations: 4
n_possible_iterations: 8
min_resources_: 38
max_resources_: 114000
aggressive_elimination: False
factor: 3
----------
iter: 0
n_candidates: 50
n_resources: 38
Fitting 1 folds for each of 50 candidates, totalling 50 fits
----------
iter: 1
n_candidates: 17
n_resources: 114
Fitting 1 folds for each of 17 candidates, totalling 17 fits
----------
iter: 2
n_candidates: 6
n_resources: 342
Fitting 1 folds for each of 6 candidates, totalling 6 fits
----------
iter: 3
n_candidates: 2
n_resources: 1026
Fitting 1 folds for each of 2 candidates, totalling 2 fits
      -> [KNN + GMM Set 4] Acc: 0.9483, F1: 0.9478, Time: 0.70s
n_iterations: 4
n_required_iterations: 4
n_possible_iterations: 8
min_resources_: 38
max_resources_: 114000
aggressive_elimination: False
factor: 3
----------
iter: 0
n_candidates: 50
n_resources: 38
Fitting 1 folds for each of 50 candidates, totalling 50 fits
----------
iter: 1
n_candidates: 17
n_resources: 114
Fitting 1 folds for each of 17 candidates, totalling 17 fits
----------
iter: 2
n_candidates: 6
n_resources: 342
Fitting 1 folds for each of 6 candidates, totalling 6 fits
----------
iter: 3
n_candidates: 2
n_resources: 1026
Fitting 1 folds for each of 2 candidates, totalling 2 fits
      -> [RandomForest + GMM Set 4] Acc: 0.9368, F1: 0.9363, Time: 14.58s
n_iterations: 4
n_required_iterations: 4
n_possible_iterations: 8
min_resources_: 38
max_resources_: 114000
aggressive_elimination: False
factor: 3
----------
iter: 0
n_candidates: 50
n_resources: 38
Fitting 1 folds for each of 50 candidates, totalling 50 fits
----------
iter: 1
n_candidates: 17
n_resources: 114
Fitting 1 folds for each of 17 candidates, totalling 17 fits
----------
iter: 2
n_candidates: 6
n_resources: 342
Fitting 1 folds for each of 6 candidates, totalling 6 fits
----------
iter: 3
n_candidates: 2
n_resources: 1026
Fitting 1 folds for each of 2 candidates, totalling 2 fits
      -> [LinearSVC + GMM Set 4] Acc: 0.7242, F1: 0.7055, Time: 0.89s
n_iterations: 4
n_required_iterations: 4
n_possible_iterations: 8
min_resources_: 38
max_resources_: 114000
aggressive_elimination: False
factor: 3
----------
iter: 0
n_candidates: 50
n_resources: 38
Fitting 1 folds for each of 50 candidates, totalling 50 fits
----------
iter: 1
n_candidates: 17
n_resources: 114
Fitting 1 folds for each of 17 candidates, totalling 17 fits
----------
iter: 2
n_candidates: 6
n_resources: 342
Fitting 1 folds for each of 6 candidates, totalling 6 fits
----------
iter: 3
n_candidates: 2
n_resources: 1026
Fitting 1 folds for each of 2 candidates, totalling 2 fits
      -> [LogisticRegression + GMM Set 4] Acc: 0.7826, F1: 0.7834, Time: 15.88s
      -> [RNN + GMM Set 4] Acc: 0.7068, F1: 0.6709, Time: 5370.22s
    [=== Generating 2x synthetic data with GMM (Set 5, Params: {'n_components': 2, 'covariance_type': 'spherical'}) ===]
n_iterations: 4
n_required_iterations: 4
n_possible_iterations: 8
min_resources_: 38
max_resources_: 114000
aggressive_elimination: False
factor: 3
----------
iter: 0
n_candidates: 50
n_resources: 38
Fitting 1 folds for each of 50 candidates, totalling 50 fits
----------
iter: 1
n_candidates: 17
n_resources: 114
Fitting 1 folds for each of 17 candidates, totalling 17 fits
----------
iter: 2
n_candidates: 6
n_resources: 342
Fitting 1 folds for each of 6 candidates, totalling 6 fits
----------
iter: 3
n_candidates: 2
n_resources: 1026
Fitting 1 folds for each of 2 candidates, totalling 2 fits
      -> [KNN + GMM Set 5] Acc: 0.9481, F1: 0.9475, Time: 0.25s
n_iterations: 4
n_required_iterations: 4
n_possible_iterations: 8
min_resources_: 38
max_resources_: 114000
aggressive_elimination: False
factor: 3
----------
iter: 0
n_candidates: 50
n_resources: 38
Fitting 1 folds for each of 50 candidates, totalling 50 fits
----------
iter: 1
n_candidates: 17
n_resources: 114
Fitting 1 folds for each of 17 candidates, totalling 17 fits
----------
iter: 2
n_candidates: 6
n_resources: 342
Fitting 1 folds for each of 6 candidates, totalling 6 fits
----------
iter: 3
n_candidates: 2
n_resources: 1026
Fitting 1 folds for each of 2 candidates, totalling 2 fits
      -> [RandomForest + GMM Set 5] Acc: 0.9389, F1: 0.9385, Time: 26.05s
n_iterations: 4
n_required_iterations: 4
n_possible_iterations: 8
min_resources_: 38
max_resources_: 114000
aggressive_elimination: False
factor: 3
----------
iter: 0
n_candidates: 50
n_resources: 38
Fitting 1 folds for each of 50 candidates, totalling 50 fits
----------
iter: 1
n_candidates: 17
n_resources: 114
Fitting 1 folds for each of 17 candidates, totalling 17 fits
----------
iter: 2
n_candidates: 6
n_resources: 342
Fitting 1 folds for each of 6 candidates, totalling 6 fits
----------
iter: 3
n_candidates: 2
n_resources: 1026
Fitting 1 folds for each of 2 candidates, totalling 2 fits
      -> [LinearSVC + GMM Set 5] Acc: 0.6991, F1: 0.6760, Time: 0.79s
n_iterations: 4
n_required_iterations: 4
n_possible_iterations: 8
min_resources_: 38
max_resources_: 114000
aggressive_elimination: False
factor: 3
----------
iter: 0
n_candidates: 50
n_resources: 38
Fitting 1 folds for each of 50 candidates, totalling 50 fits
----------
iter: 1
n_candidates: 17
n_resources: 114
Fitting 1 folds for each of 17 candidates, totalling 17 fits
----------
iter: 2
n_candidates: 6
n_resources: 342
Fitting 1 folds for each of 6 candidates, totalling 6 fits
----------
iter: 3
n_candidates: 2
n_resources: 1026
Fitting 1 folds for each of 2 candidates, totalling 2 fits
      -> [LogisticRegression + GMM Set 5] Acc: 0.7636, F1: 0.7646, Time: 5.83s
      -> [RNN + GMM Set 5] Acc: 0.6767, F1: 0.6286, Time: 2270.41s
    [=== Generating 2x synthetic data with GMM (Set 6, Params: {'n_components': 1, 'covariance_type': 'full'}) ===]
n_iterations: 4
n_required_iterations: 4
n_possible_iterations: 8
min_resources_: 38
max_resources_: 114000
aggressive_elimination: False
factor: 3
----------
iter: 0
n_candidates: 50
n_resources: 38
Fitting 1 folds for each of 50 candidates, totalling 50 fits
----------
iter: 1
n_candidates: 17
n_resources: 114
Fitting 1 folds for each of 17 candidates, totalling 17 fits
----------
iter: 2
n_candidates: 6
n_resources: 342
Fitting 1 folds for each of 6 candidates, totalling 6 fits
----------
iter: 3
n_candidates: 2
n_resources: 1026
Fitting 1 folds for each of 2 candidates, totalling 2 fits
      -> [KNN + GMM Set 6] Acc: 0.9591, F1: 0.9590, Time: 0.57s
n_iterations: 4
n_required_iterations: 4
n_possible_iterations: 8
min_resources_: 38
max_resources_: 114000
aggressive_elimination: False
factor: 3
----------
iter: 0
n_candidates: 50
n_resources: 38
Fitting 1 folds for each of 50 candidates, totalling 50 fits
----------
iter: 1
n_candidates: 17
n_resources: 114
Fitting 1 folds for each of 17 candidates, totalling 17 fits
----------
iter: 2
n_candidates: 6
n_resources: 342
Fitting 1 folds for each of 6 candidates, totalling 6 fits
----------
iter: 3
n_candidates: 2
n_resources: 1026
Fitting 1 folds for each of 2 candidates, totalling 2 fits
      -> [RandomForest + GMM Set 6] Acc: 0.9511, F1: 0.9510, Time: 13.07s
n_iterations: 4
n_required_iterations: 4
n_possible_iterations: 8
min_resources_: 38
max_resources_: 114000
aggressive_elimination: False
factor: 3
----------
iter: 0
n_candidates: 50
n_resources: 38
Fitting 1 folds for each of 50 candidates, totalling 50 fits
----------
iter: 1
n_candidates: 17
n_resources: 114
Fitting 1 folds for each of 17 candidates, totalling 17 fits
----------
iter: 2
n_candidates: 6
n_resources: 342
Fitting 1 folds for each of 6 candidates, totalling 6 fits
----------
iter: 3
n_candidates: 2
n_resources: 1026
Fitting 1 folds for each of 2 candidates, totalling 2 fits
      -> [LinearSVC + GMM Set 6] Acc: 0.7441, F1: 0.7353, Time: 0.81s
n_iterations: 4
n_required_iterations: 4
n_possible_iterations: 8
min_resources_: 38
max_resources_: 114000
aggressive_elimination: False
factor: 3
----------
iter: 0
n_candidates: 50
n_resources: 38
Fitting 1 folds for each of 50 candidates, totalling 50 fits
----------
iter: 1
n_candidates: 17
n_resources: 114
Fitting 1 folds for each of 17 candidates, totalling 17 fits
----------
iter: 2
n_candidates: 6
n_resources: 342
Fitting 1 folds for each of 6 candidates, totalling 6 fits
----------
iter: 3
n_candidates: 2
n_resources: 1026
Fitting 1 folds for each of 2 candidates, totalling 2 fits
      -> [LogisticRegression + GMM Set 6] Acc: 0.8274, F1: 0.8278, Time: 6.81s
      -> [RNN + GMM Set 6] Acc: 0.8195, F1: 0.7916, Time: 5910.49s
    [=== Generating 2x synthetic data with GMM (Set 7, Params: {'n_components': 2, 'covariance_type': 'spherical'}) ===]
n_iterations: 4
n_required_iterations: 4
n_possible_iterations: 8
min_resources_: 38
max_resources_: 114000
aggressive_elimination: False
factor: 3
----------
iter: 0
n_candidates: 50
n_resources: 38
Fitting 1 folds for each of 50 candidates, totalling 50 fits
----------
iter: 1
n_candidates: 17
n_resources: 114
Fitting 1 folds for each of 17 candidates, totalling 17 fits
----------
iter: 2
n_candidates: 6
n_resources: 342
Fitting 1 folds for each of 6 candidates, totalling 6 fits
----------
iter: 3
n_candidates: 2
n_resources: 1026
Fitting 1 folds for each of 2 candidates, totalling 2 fits
      -> [KNN + GMM Set 7] Acc: 0.9481, F1: 0.9475, Time: 0.21s
n_iterations: 4
n_required_iterations: 4
n_possible_iterations: 8
min_resources_: 38
max_resources_: 114000
aggressive_elimination: False
factor: 3
----------
iter: 0
n_candidates: 50
n_resources: 38
Fitting 1 folds for each of 50 candidates, totalling 50 fits
----------
iter: 1
n_candidates: 17
n_resources: 114
Fitting 1 folds for each of 17 candidates, totalling 17 fits
----------
iter: 2
n_candidates: 6
n_resources: 342
Fitting 1 folds for each of 6 candidates, totalling 6 fits
----------
iter: 3
n_candidates: 2
n_resources: 1026
Fitting 1 folds for each of 2 candidates, totalling 2 fits
      -> [RandomForest + GMM Set 7] Acc: 0.9330, F1: 0.9325, Time: 35.13s
n_iterations: 4
n_required_iterations: 4
n_possible_iterations: 8
min_resources_: 38
max_resources_: 114000
aggressive_elimination: False
factor: 3
----------
iter: 0
n_candidates: 50
n_resources: 38
Fitting 1 folds for each of 50 candidates, totalling 50 fits
----------
iter: 1
n_candidates: 17
n_resources: 114
Fitting 1 folds for each of 17 candidates, totalling 17 fits
----------
iter: 2
n_candidates: 6
n_resources: 342
Fitting 1 folds for each of 6 candidates, totalling 6 fits
----------
iter: 3
n_candidates: 2
n_resources: 1026
Fitting 1 folds for each of 2 candidates, totalling 2 fits
      -> [LinearSVC + GMM Set 7] Acc: 0.6991, F1: 0.6760, Time: 0.80s
n_iterations: 4
n_required_iterations: 4
n_possible_iterations: 8
min_resources_: 38
max_resources_: 114000
aggressive_elimination: False
factor: 3
----------
iter: 0
n_candidates: 50
n_resources: 38
Fitting 1 folds for each of 50 candidates, totalling 50 fits
----------
iter: 1
n_candidates: 17
n_resources: 114
Fitting 1 folds for each of 17 candidates, totalling 17 fits
----------
iter: 2
n_candidates: 6
n_resources: 342
Fitting 1 folds for each of 6 candidates, totalling 6 fits
----------
iter: 3
n_candidates: 2
n_resources: 1026
Fitting 1 folds for each of 2 candidates, totalling 2 fits
      -> [LogisticRegression + GMM Set 7] Acc: 0.7636, F1: 0.7646, Time: 5.30s
      -> [RNN + GMM Set 7] Acc: 0.6917, F1: 0.6715, Time: 4265.34s
    [=== Generating 2x synthetic data with GMM (Set 8, Params: {'n_components': 5, 'covariance_type': 'diag'}) ===]
n_iterations: 4
n_required_iterations: 4
n_possible_iterations: 8
min_resources_: 38
max_resources_: 114000
aggressive_elimination: False
factor: 3
----------
iter: 0
n_candidates: 50
n_resources: 38
Fitting 1 folds for each of 50 candidates, totalling 50 fits
----------
iter: 1
n_candidates: 17
n_resources: 114
Fitting 1 folds for each of 17 candidates, totalling 17 fits
----------
iter: 2
n_candidates: 6
n_resources: 342
Fitting 1 folds for each of 6 candidates, totalling 6 fits
----------
iter: 3
n_candidates: 2
n_resources: 1026
Fitting 1 folds for each of 2 candidates, totalling 2 fits
      -> [KNN + GMM Set 8] Acc: 0.9533, F1: 0.9530, Time: 0.42s
n_iterations: 4
n_required_iterations: 4
n_possible_iterations: 8
min_resources_: 38
max_resources_: 114000
aggressive_elimination: False
factor: 3
----------
iter: 0
n_candidates: 50
n_resources: 38
Fitting 1 folds for each of 50 candidates, totalling 50 fits
----------
iter: 1
n_candidates: 17
n_resources: 114
Fitting 1 folds for each of 17 candidates, totalling 17 fits
----------
iter: 2
n_candidates: 6
n_resources: 342
Fitting 1 folds for each of 6 candidates, totalling 6 fits
----------
iter: 3
n_candidates: 2
n_resources: 1026
Fitting 1 folds for each of 2 candidates, totalling 2 fits
      -> [RandomForest + GMM Set 8] Acc: 0.9369, F1: 0.9363, Time: 17.57s
n_iterations: 4
n_required_iterations: 4
n_possible_iterations: 8
min_resources_: 38
max_resources_: 114000
aggressive_elimination: False
factor: 3
----------
iter: 0
n_candidates: 50
n_resources: 38
Fitting 1 folds for each of 50 candidates, totalling 50 fits
----------
iter: 1
n_candidates: 17
n_resources: 114
Fitting 1 folds for each of 17 candidates, totalling 17 fits
----------
iter: 2
n_candidates: 6
n_resources: 342
Fitting 1 folds for each of 6 candidates, totalling 6 fits
----------
iter: 3
n_candidates: 2
n_resources: 1026
Fitting 1 folds for each of 2 candidates, totalling 2 fits
      -> [LinearSVC + GMM Set 8] Acc: 0.7329, F1: 0.7174, Time: 1.72s
n_iterations: 4
n_required_iterations: 4
n_possible_iterations: 8
min_resources_: 38
max_resources_: 114000
aggressive_elimination: False
factor: 3
----------
iter: 0
n_candidates: 50
n_resources: 38
Fitting 1 folds for each of 50 candidates, totalling 50 fits
----------
iter: 1
n_candidates: 17
n_resources: 114
Fitting 1 folds for each of 17 candidates, totalling 17 fits
----------
iter: 2
n_candidates: 6
n_resources: 342
Fitting 1 folds for each of 6 candidates, totalling 6 fits
----------
iter: 3
n_candidates: 2
n_resources: 1026
Fitting 1 folds for each of 2 candidates, totalling 2 fits
      -> [LogisticRegression + GMM Set 8] Acc: 0.8335, F1: 0.8320, Time: 5.67s
      -> [RNN + GMM Set 8] Acc: 0.6316, F1: 0.5682, Time: 3421.14s
    [=== Generating 2x synthetic data with GMM (Set 9, Params: {'n_components': 2, 'covariance_type': 'diag'}) ===]
n_iterations: 4
n_required_iterations: 4
n_possible_iterations: 8
min_resources_: 38
max_resources_: 114000
aggressive_elimination: False
factor: 3
----------
iter: 0
n_candidates: 50
n_resources: 38
Fitting 1 folds for each of 50 candidates, totalling 50 fits
----------
iter: 1
n_candidates: 17
n_resources: 114
Fitting 1 folds for each of 17 candidates, totalling 17 fits
----------
iter: 2
n_candidates: 6
n_resources: 342
Fitting 1 folds for each of 6 candidates, totalling 6 fits
----------
iter: 3
n_candidates: 2
n_resources: 1026
Fitting 1 folds for each of 2 candidates, totalling 2 fits
      -> [KNN + GMM Set 9] Acc: 0.9483, F1: 0.9478, Time: 0.37s
n_iterations: 4
n_required_iterations: 4
n_possible_iterations: 8
min_resources_: 38
max_resources_: 114000
aggressive_elimination: False
factor: 3
----------
iter: 0
n_candidates: 50
n_resources: 38
Fitting 1 folds for each of 50 candidates, totalling 50 fits
----------
iter: 1
n_candidates: 17
n_resources: 114
Fitting 1 folds for each of 17 candidates, totalling 17 fits
----------
iter: 2
n_candidates: 6
n_resources: 342
Fitting 1 folds for each of 6 candidates, totalling 6 fits
----------
iter: 3
n_candidates: 2
n_resources: 1026
Fitting 1 folds for each of 2 candidates, totalling 2 fits
      -> [RandomForest + GMM Set 9] Acc: 0.9359, F1: 0.9354, Time: 12.83s
n_iterations: 4
n_required_iterations: 4
n_possible_iterations: 8
min_resources_: 38
max_resources_: 114000
aggressive_elimination: False
factor: 3
----------
iter: 0
n_candidates: 50
n_resources: 38
Fitting 1 folds for each of 50 candidates, totalling 50 fits
----------
iter: 1
n_candidates: 17
n_resources: 114
Fitting 1 folds for each of 17 candidates, totalling 17 fits
----------
iter: 2
n_candidates: 6
n_resources: 342
Fitting 1 folds for each of 6 candidates, totalling 6 fits
----------
iter: 3
n_candidates: 2
n_resources: 1026
Fitting 1 folds for each of 2 candidates, totalling 2 fits
      -> [LinearSVC + GMM Set 9] Acc: 0.7242, F1: 0.7055, Time: 0.83s
n_iterations: 4
n_required_iterations: 4
n_possible_iterations: 8
min_resources_: 38
max_resources_: 114000
aggressive_elimination: False
factor: 3
----------
iter: 0
n_candidates: 50
n_resources: 38
Fitting 1 folds for each of 50 candidates, totalling 50 fits
----------
iter: 1
n_candidates: 17
n_resources: 114
Fitting 1 folds for each of 17 candidates, totalling 17 fits
----------
iter: 2
n_candidates: 6
n_resources: 342
Fitting 1 folds for each of 6 candidates, totalling 6 fits
----------
iter: 3
n_candidates: 2
n_resources: 1026
Fitting 1 folds for each of 2 candidates, totalling 2 fits
      -> [LogisticRegression + GMM Set 9] Acc: 0.7846, F1: 0.7852, Time: 7.18s
      -> [RNN + GMM Set 9] Acc: 0.6391, F1: 0.5770, Time: 4480.03s
    [=== Generating 2x synthetic data with GMM (Set 10, Params: {'n_components': 4, 'covariance_type': 'tied'}) ===]
n_iterations: 4
n_required_iterations: 4
n_possible_iterations: 8
min_resources_: 38
max_resources_: 114000
aggressive_elimination: False
factor: 3
----------
iter: 0
n_candidates: 50
n_resources: 38
Fitting 1 folds for each of 50 candidates, totalling 50 fits
----------
iter: 1
n_candidates: 17
n_resources: 114
Fitting 1 folds for each of 17 candidates, totalling 17 fits
----------
iter: 2
n_candidates: 6
n_resources: 342
Fitting 1 folds for each of 6 candidates, totalling 6 fits
----------
iter: 3
n_candidates: 2
n_resources: 1026
Fitting 1 folds for each of 2 candidates, totalling 2 fits
      -> [KNN + GMM Set 10] Acc: 0.9629, F1: 0.9626, Time: 0.55s
n_iterations: 4
n_required_iterations: 4
n_possible_iterations: 8
min_resources_: 38
max_resources_: 114000
aggressive_elimination: False
factor: 3
----------
iter: 0
n_candidates: 50
n_resources: 38
Fitting 1 folds for each of 50 candidates, totalling 50 fits
----------
iter: 1
n_candidates: 17
n_resources: 114
Fitting 1 folds for each of 17 candidates, totalling 17 fits
----------
iter: 2
n_candidates: 6
n_resources: 342
Fitting 1 folds for each of 6 candidates, totalling 6 fits
----------
iter: 3
n_candidates: 2
n_resources: 1026
Fitting 1 folds for each of 2 candidates, totalling 2 fits
      -> [RandomForest + GMM Set 10] Acc: 0.9554, F1: 0.9552, Time: 12.00s
n_iterations: 4
n_required_iterations: 4
n_possible_iterations: 8
min_resources_: 38
max_resources_: 114000
aggressive_elimination: False
factor: 3
----------
iter: 0
n_candidates: 50
n_resources: 38
Fitting 1 folds for each of 50 candidates, totalling 50 fits
----------
iter: 1
n_candidates: 17
n_resources: 114
Fitting 1 folds for each of 17 candidates, totalling 17 fits
----------
iter: 2
n_candidates: 6
n_resources: 342
Fitting 1 folds for each of 6 candidates, totalling 6 fits
----------
iter: 3
n_candidates: 2
n_resources: 1026
Fitting 1 folds for each of 2 candidates, totalling 2 fits
      -> [LinearSVC + GMM Set 10] Acc: 0.7475, F1: 0.7377, Time: 0.82s
n_iterations: 4
n_required_iterations: 4
n_possible_iterations: 8
min_resources_: 38
max_resources_: 114000
aggressive_elimination: False
factor: 3
----------
iter: 0
n_candidates: 50
n_resources: 38
Fitting 1 folds for each of 50 candidates, totalling 50 fits
----------
iter: 1
n_candidates: 17
n_resources: 114
Fitting 1 folds for each of 17 candidates, totalling 17 fits
----------
iter: 2
n_candidates: 6
n_resources: 342
Fitting 1 folds for each of 6 candidates, totalling 6 fits
----------
iter: 3
n_candidates: 2
n_resources: 1026
Fitting 1 folds for each of 2 candidates, totalling 2 fits
      -> [LogisticRegression + GMM Set 10] Acc: 0.8347, F1: 0.8346, Time: 5.72s
      -> [RNN + GMM Set 10] Acc: 0.7218, F1: 0.6951, Time: 1847.81s
    [=== Generating 3x synthetic data with GMM (Set 1, Params: {'n_components': 4, 'covariance_type': 'spherical'}) ===]
n_iterations: 4
n_required_iterations: 4
n_possible_iterations: 8
min_resources_: 38
max_resources_: 138000
aggressive_elimination: False
factor: 3
----------
iter: 0
n_candidates: 50
n_resources: 38
Fitting 1 folds for each of 50 candidates, totalling 50 fits
