Starting GenParams Tune: Plant_oil - Seed 20 - Gen Mixup - All Scales


==================================================
Running gen-params experiment for Plant_oil
==================================================

--- Fold 1/10 ---

  >> Seed sets per label: 20

    >> Seed Fold Selection: 1/10
    Evaluating Model: KNN
      -> [Baseline] Acc: 0.9500, F1: 0.9496, Time: 0.48s
      HP Tuning KNN...
n_iterations: 4
n_required_iterations: 4
n_possible_iterations: 5
min_resources_: 190
max_resources_: 38000
aggressive_elimination: False
factor: 3
----------
iter: 0
n_candidates: 50
n_resources: 190
Fitting 5 folds for each of 50 candidates, totalling 250 fits
----------
iter: 1
n_candidates: 17
n_resources: 570
Fitting 5 folds for each of 17 candidates, totalling 85 fits
----------
iter: 2
n_candidates: 6
n_resources: 1710
Fitting 5 folds for each of 6 candidates, totalling 30 fits
----------
iter: 3
n_candidates: 2
n_resources: 5130
Fitting 5 folds for each of 2 candidates, totalling 10 fits
      -> [Tuned_Baseline] Acc: 0.9517, F1: 0.9512, Time: 0.33s
    Evaluating Model: RandomForest
      -> [Baseline] Acc: 0.9473, F1: 0.9468, Time: 8.80s
      HP Tuning RandomForest...
n_iterations: 4
n_required_iterations: 4
n_possible_iterations: 5
min_resources_: 190
max_resources_: 38000
aggressive_elimination: False
factor: 3
----------
iter: 0
n_candidates: 50
n_resources: 190
Fitting 5 folds for each of 50 candidates, totalling 250 fits
----------
iter: 1
n_candidates: 17
n_resources: 570
Fitting 5 folds for each of 17 candidates, totalling 85 fits
----------
iter: 2
n_candidates: 6
n_resources: 1710
Fitting 5 folds for each of 6 candidates, totalling 30 fits
----------
iter: 3
n_candidates: 2
n_resources: 5130
Fitting 5 folds for each of 2 candidates, totalling 10 fits
      -> [Tuned_Baseline] Acc: 0.9479, F1: 0.9475, Time: 0.09s
    Evaluating Model: LinearSVC
      -> [Baseline] Acc: 0.7459, F1: 0.7347, Time: 0.38s
      HP Tuning LinearSVC...
n_iterations: 4
n_required_iterations: 4
n_possible_iterations: 5
min_resources_: 190
max_resources_: 38000
aggressive_elimination: False
factor: 3
----------
iter: 0
n_candidates: 50
n_resources: 190
Fitting 5 folds for each of 50 candidates, totalling 250 fits
----------
iter: 1
n_candidates: 17
n_resources: 570
Fitting 5 folds for each of 17 candidates, totalling 85 fits
----------
iter: 2
n_candidates: 6
n_resources: 1710
Fitting 5 folds for each of 6 candidates, totalling 30 fits
----------
iter: 3
n_candidates: 2
n_resources: 5130
Fitting 5 folds for each of 2 candidates, totalling 10 fits
      -> [Tuned_Baseline] Acc: 0.7463, F1: 0.7354, Time: 0.00s
    Evaluating Model: LogisticRegression
      -> [Baseline] Acc: 0.8195, F1: 0.8187, Time: 7.34s
      HP Tuning LogisticRegression...
n_iterations: 4
n_required_iterations: 4
n_possible_iterations: 5
min_resources_: 190
max_resources_: 38000
aggressive_elimination: False
factor: 3
----------
iter: 0
n_candidates: 50
n_resources: 190
Fitting 5 folds for each of 50 candidates, totalling 250 fits
----------
iter: 1
n_candidates: 17
n_resources: 570
Fitting 5 folds for each of 17 candidates, totalling 85 fits
----------
iter: 2
n_candidates: 6
n_resources: 1710
Fitting 5 folds for each of 6 candidates, totalling 30 fits
----------
iter: 3
n_candidates: 2
n_resources: 5130
Fitting 5 folds for each of 2 candidates, totalling 10 fits
      -> [Tuned_Baseline] Acc: 0.8417, F1: 0.8414, Time: 0.00s
    Evaluating Model: RNN
      -> [Baseline] Acc: 0.4286, F1: 0.3466, Time: 28.06s
      HP Tuning RNN...
n_iterations: 4
n_required_iterations: 4
n_possible_iterations: 4
min_resources_: 10
max_resources_: 380
aggressive_elimination: False
factor: 3
----------
iter: 0
n_candidates: 50
n_resources: 10
Fitting 5 folds for each of 50 candidates, totalling 250 fits
----------
iter: 1
n_candidates: 17
n_resources: 30
Fitting 5 folds for each of 17 candidates, totalling 85 fits
----------
iter: 2
n_candidates: 6
n_resources: 90
Fitting 5 folds for each of 6 candidates, totalling 30 fits
----------
iter: 3
n_candidates: 2
n_resources: 270
Fitting 5 folds for each of 2 candidates, totalling 10 fits
      -> [Tuned_Baseline] Acc: 0.6917, F1: 0.6408, Time: 1.24s
    [=== Generating 2x synthetic data with Mixup (Set 1, Params: {'alpha': 0.1}) ===]
n_iterations: 4
n_required_iterations: 4
n_possible_iterations: 8
min_resources_: 38
max_resources_: 114000
aggressive_elimination: False
factor: 3
----------
iter: 0
n_candidates: 50
n_resources: 38
Fitting 1 folds for each of 50 candidates, totalling 50 fits
----------
iter: 1
n_candidates: 17
n_resources: 114
Fitting 1 folds for each of 17 candidates, totalling 17 fits
----------
iter: 2
n_candidates: 6
n_resources: 342
Fitting 1 folds for each of 6 candidates, totalling 6 fits
----------
iter: 3
n_candidates: 2
n_resources: 1026
Fitting 1 folds for each of 2 candidates, totalling 2 fits
      -> [KNN + Mixup Set 1] Acc: 0.9526, F1: 0.9520, Time: 0.48s
n_iterations: 4
n_required_iterations: 4
n_possible_iterations: 8
min_resources_: 38
max_resources_: 114000
aggressive_elimination: False
factor: 3
----------
iter: 0
n_candidates: 50
n_resources: 38
Fitting 1 folds for each of 50 candidates, totalling 50 fits
----------
iter: 1
n_candidates: 17
n_resources: 114
Fitting 1 folds for each of 17 candidates, totalling 17 fits
----------
iter: 2
n_candidates: 6
n_resources: 342
Fitting 1 folds for each of 6 candidates, totalling 6 fits
----------
iter: 3
n_candidates: 2
n_resources: 1026
Fitting 1 folds for each of 2 candidates, totalling 2 fits
      -> [RandomForest + Mixup Set 1] Acc: 0.9496, F1: 0.9491, Time: 10.79s
n_iterations: 4
n_required_iterations: 4
n_possible_iterations: 8
min_resources_: 38
max_resources_: 114000
aggressive_elimination: False
factor: 3
----------
iter: 0
n_candidates: 50
n_resources: 38
Fitting 1 folds for each of 50 candidates, totalling 50 fits
----------
iter: 1
n_candidates: 17
n_resources: 114
Fitting 1 folds for each of 17 candidates, totalling 17 fits
----------
iter: 2
n_candidates: 6
n_resources: 342
Fitting 1 folds for each of 6 candidates, totalling 6 fits
----------
iter: 3
n_candidates: 2
n_resources: 1026
Fitting 1 folds for each of 2 candidates, totalling 2 fits
      -> [LinearSVC + Mixup Set 1] Acc: 0.7335, F1: 0.7233, Time: 0.83s
n_iterations: 4
n_required_iterations: 4
n_possible_iterations: 8
min_resources_: 38
max_resources_: 114000
aggressive_elimination: False
factor: 3
----------
iter: 0
n_candidates: 50
n_resources: 38
Fitting 1 folds for each of 50 candidates, totalling 50 fits
----------
iter: 1
n_candidates: 17
n_resources: 114
Fitting 1 folds for each of 17 candidates, totalling 17 fits
----------
iter: 2
n_candidates: 6
n_resources: 342
Fitting 1 folds for each of 6 candidates, totalling 6 fits
----------
iter: 3
n_candidates: 2
n_resources: 1026
Fitting 1 folds for each of 2 candidates, totalling 2 fits
      -> [LogisticRegression + Mixup Set 1] Acc: 0.8189, F1: 0.8183, Time: 6.97s
      -> [RNN + Mixup Set 1] Acc: 0.8346, F1: 0.8238, Time: 2971.98s
    [=== Generating 2x synthetic data with Mixup (Set 2, Params: {'alpha': 0.2}) ===]
n_iterations: 4
n_required_iterations: 4
n_possible_iterations: 8
min_resources_: 38
max_resources_: 114000
aggressive_elimination: False
factor: 3
----------
iter: 0
n_candidates: 50
n_resources: 38
Fitting 1 folds for each of 50 candidates, totalling 50 fits
----------
iter: 1
n_candidates: 17
n_resources: 114
Fitting 1 folds for each of 17 candidates, totalling 17 fits
----------
iter: 2
n_candidates: 6
n_resources: 342
Fitting 1 folds for each of 6 candidates, totalling 6 fits
----------
iter: 3
n_candidates: 2
n_resources: 1026
Fitting 1 folds for each of 2 candidates, totalling 2 fits
      -> [KNN + Mixup Set 2] Acc: 0.9547, F1: 0.9544, Time: 0.26s
n_iterations: 4
n_required_iterations: 4
n_possible_iterations: 8
min_resources_: 38
max_resources_: 114000
aggressive_elimination: False
factor: 3
----------
iter: 0
n_candidates: 50
n_resources: 38
Fitting 1 folds for each of 50 candidates, totalling 50 fits
----------
iter: 1
n_candidates: 17
n_resources: 114
Fitting 1 folds for each of 17 candidates, totalling 17 fits
----------
iter: 2
n_candidates: 6
n_resources: 342
Fitting 1 folds for each of 6 candidates, totalling 6 fits
----------
iter: 3
n_candidates: 2
n_resources: 1026
Fitting 1 folds for each of 2 candidates, totalling 2 fits
      -> [RandomForest + Mixup Set 2] Acc: 0.9461, F1: 0.9458, Time: 10.94s
n_iterations: 4
n_required_iterations: 4
n_possible_iterations: 8
min_resources_: 38
max_resources_: 114000
aggressive_elimination: False
factor: 3
----------
iter: 0
n_candidates: 50
n_resources: 38
Fitting 1 folds for each of 50 candidates, totalling 50 fits
----------
iter: 1
n_candidates: 17
n_resources: 114
Fitting 1 folds for each of 17 candidates, totalling 17 fits
----------
iter: 2
n_candidates: 6
n_resources: 342
Fitting 1 folds for each of 6 candidates, totalling 6 fits
----------
iter: 3
n_candidates: 2
n_resources: 1026
Fitting 1 folds for each of 2 candidates, totalling 2 fits
      -> [LinearSVC + Mixup Set 2] Acc: 0.7501, F1: 0.7400, Time: 0.80s
n_iterations: 4
n_required_iterations: 4
n_possible_iterations: 8
min_resources_: 38
max_resources_: 114000
aggressive_elimination: False
factor: 3
----------
iter: 0
n_candidates: 50
n_resources: 38
Fitting 1 folds for each of 50 candidates, totalling 50 fits
----------
iter: 1
n_candidates: 17
n_resources: 114
Fitting 1 folds for each of 17 candidates, totalling 17 fits
----------
iter: 2
n_candidates: 6
n_resources: 342
Fitting 1 folds for each of 6 candidates, totalling 6 fits
----------
iter: 3
n_candidates: 2
n_resources: 1026
Fitting 1 folds for each of 2 candidates, totalling 2 fits
      -> [LogisticRegression + Mixup Set 2] Acc: 0.8435, F1: 0.8431, Time: 5.59s
      -> [RNN + Mixup Set 2] Acc: 0.7744, F1: 0.7723, Time: 2995.77s
    [=== Generating 2x synthetic data with Mixup (Set 3, Params: {'alpha': 0.4}) ===]
n_iterations: 4
n_required_iterations: 4
n_possible_iterations: 8
min_resources_: 38
max_resources_: 114000
aggressive_elimination: False
factor: 3
----------
iter: 0
n_candidates: 50
n_resources: 38
Fitting 1 folds for each of 50 candidates, totalling 50 fits
----------
iter: 1
n_candidates: 17
n_resources: 114
Fitting 1 folds for each of 17 candidates, totalling 17 fits
----------
iter: 2
n_candidates: 6
n_resources: 342
Fitting 1 folds for each of 6 candidates, totalling 6 fits
----------
iter: 3
n_candidates: 2
n_resources: 1026
Fitting 1 folds for each of 2 candidates, totalling 2 fits
      -> [KNN + Mixup Set 3] Acc: 0.9485, F1: 0.9479, Time: 0.74s
n_iterations: 4
n_required_iterations: 4
n_possible_iterations: 8
min_resources_: 38
max_resources_: 114000
aggressive_elimination: False
factor: 3
----------
iter: 0
n_candidates: 50
n_resources: 38
Fitting 1 folds for each of 50 candidates, totalling 50 fits
----------
iter: 1
n_candidates: 17
n_resources: 114
Fitting 1 folds for each of 17 candidates, totalling 17 fits
----------
iter: 2
n_candidates: 6
n_resources: 342
Fitting 1 folds for each of 6 candidates, totalling 6 fits
----------
iter: 3
n_candidates: 2
n_resources: 1026
Fitting 1 folds for each of 2 candidates, totalling 2 fits
      -> [RandomForest + Mixup Set 3] Acc: 0.9471, F1: 0.9470, Time: 11.22s
n_iterations: 4
n_required_iterations: 4
n_possible_iterations: 8
min_resources_: 38
max_resources_: 114000
aggressive_elimination: False
factor: 3
----------
iter: 0
n_candidates: 50
n_resources: 38
Fitting 1 folds for each of 50 candidates, totalling 50 fits
----------
iter: 1
n_candidates: 17
n_resources: 114
Fitting 1 folds for each of 17 candidates, totalling 17 fits
----------
iter: 2
n_candidates: 6
n_resources: 342
Fitting 1 folds for each of 6 candidates, totalling 6 fits
----------
iter: 3
n_candidates: 2
n_resources: 1026
Fitting 1 folds for each of 2 candidates, totalling 2 fits
      -> [LinearSVC + Mixup Set 3] Acc: 0.7486, F1: 0.7373, Time: 0.80s
n_iterations: 4
n_required_iterations: 4
n_possible_iterations: 8
min_resources_: 38
max_resources_: 114000
aggressive_elimination: False
factor: 3
----------
iter: 0
n_candidates: 50
n_resources: 38
Fitting 1 folds for each of 50 candidates, totalling 50 fits
----------
iter: 1
n_candidates: 17
n_resources: 114
Fitting 1 folds for each of 17 candidates, totalling 17 fits
----------
iter: 2
n_candidates: 6
n_resources: 342
Fitting 1 folds for each of 6 candidates, totalling 6 fits
----------
iter: 3
n_candidates: 2
n_resources: 1026
Fitting 1 folds for each of 2 candidates, totalling 2 fits
      -> [LogisticRegression + Mixup Set 3] Acc: 0.8285, F1: 0.8286, Time: 6.45s
      -> [RNN + Mixup Set 3] Acc: 0.5940, F1: 0.5414, Time: 3148.90s
    [=== Generating 2x synthetic data with Mixup (Set 4, Params: {'alpha': 0.6}) ===]
n_iterations: 4
n_required_iterations: 4
n_possible_iterations: 8
min_resources_: 38
max_resources_: 114000
aggressive_elimination: False
factor: 3
----------
iter: 0
n_candidates: 50
n_resources: 38
Fitting 1 folds for each of 50 candidates, totalling 50 fits
----------
iter: 1
n_candidates: 17
n_resources: 114
Fitting 1 folds for each of 17 candidates, totalling 17 fits
----------
iter: 2
n_candidates: 6
n_resources: 342
Fitting 1 folds for each of 6 candidates, totalling 6 fits
----------
iter: 3
n_candidates: 2
n_resources: 1026
Fitting 1 folds for each of 2 candidates, totalling 2 fits
      -> [KNN + Mixup Set 4] Acc: 0.9651, F1: 0.9649, Time: 0.27s
n_iterations: 4
n_required_iterations: 4
n_possible_iterations: 8
min_resources_: 38
max_resources_: 114000
aggressive_elimination: False
factor: 3
----------
iter: 0
n_candidates: 50
n_resources: 38
Fitting 1 folds for each of 50 candidates, totalling 50 fits
----------
iter: 1
n_candidates: 17
n_resources: 114
Fitting 1 folds for each of 17 candidates, totalling 17 fits
----------
iter: 2
n_candidates: 6
n_resources: 342
Fitting 1 folds for each of 6 candidates, totalling 6 fits
----------
iter: 3
n_candidates: 2
n_resources: 1026
Fitting 1 folds for each of 2 candidates, totalling 2 fits
      -> [RandomForest + Mixup Set 4] Acc: 0.9515, F1: 0.9511, Time: 11.29s
n_iterations: 4
n_required_iterations: 4
n_possible_iterations: 8
min_resources_: 38
max_resources_: 114000
aggressive_elimination: False
factor: 3
----------
iter: 0
n_candidates: 50
n_resources: 38
Fitting 1 folds for each of 50 candidates, totalling 50 fits
----------
iter: 1
n_candidates: 17
n_resources: 114
Fitting 1 folds for each of 17 candidates, totalling 17 fits
----------
iter: 2
n_candidates: 6
n_resources: 342
Fitting 1 folds for each of 6 candidates, totalling 6 fits
----------
iter: 3
n_candidates: 2
n_resources: 1026
Fitting 1 folds for each of 2 candidates, totalling 2 fits
      -> [LinearSVC + Mixup Set 4] Acc: 0.7495, F1: 0.7403, Time: 0.86s
n_iterations: 4
n_required_iterations: 4
n_possible_iterations: 8
min_resources_: 38
max_resources_: 114000
aggressive_elimination: False
factor: 3
----------
iter: 0
n_candidates: 50
n_resources: 38
Fitting 1 folds for each of 50 candidates, totalling 50 fits
----------
iter: 1
n_candidates: 17
n_resources: 114
Fitting 1 folds for each of 17 candidates, totalling 17 fits
----------
iter: 2
n_candidates: 6
n_resources: 342
Fitting 1 folds for each of 6 candidates, totalling 6 fits
----------
iter: 3
n_candidates: 2
n_resources: 1026
Fitting 1 folds for each of 2 candidates, totalling 2 fits
      -> [LogisticRegression + Mixup Set 4] Acc: 0.8413, F1: 0.8413, Time: 5.58s
      -> [RNN + Mixup Set 4] Acc: 0.8120, F1: 0.8057, Time: 2968.68s
    [=== Generating 2x synthetic data with Mixup (Set 5, Params: {'alpha': 0.8}) ===]
n_iterations: 4
n_required_iterations: 4
n_possible_iterations: 8
min_resources_: 38
max_resources_: 114000
aggressive_elimination: False
factor: 3
----------
iter: 0
n_candidates: 50
n_resources: 38
Fitting 1 folds for each of 50 candidates, totalling 50 fits
----------
iter: 1
n_candidates: 17
n_resources: 114
Fitting 1 folds for each of 17 candidates, totalling 17 fits
----------
iter: 2
n_candidates: 6
n_resources: 342
Fitting 1 folds for each of 6 candidates, totalling 6 fits
----------
iter: 3
n_candidates: 2
n_resources: 1026
Fitting 1 folds for each of 2 candidates, totalling 2 fits
      -> [KNN + Mixup Set 5] Acc: 0.9564, F1: 0.9561, Time: 0.28s
n_iterations: 4
n_required_iterations: 4
n_possible_iterations: 8
min_resources_: 38
max_resources_: 114000
aggressive_elimination: False
factor: 3
----------
iter: 0
n_candidates: 50
n_resources: 38
Fitting 1 folds for each of 50 candidates, totalling 50 fits
----------
iter: 1
n_candidates: 17
n_resources: 114
Fitting 1 folds for each of 17 candidates, totalling 17 fits
----------
iter: 2
n_candidates: 6
n_resources: 342
Fitting 1 folds for each of 6 candidates, totalling 6 fits
----------
iter: 3
n_candidates: 2
n_resources: 1026
Fitting 1 folds for each of 2 candidates, totalling 2 fits
      -> [RandomForest + Mixup Set 5] Acc: 0.9535, F1: 0.9531, Time: 11.56s
n_iterations: 4
n_required_iterations: 4
n_possible_iterations: 8
min_resources_: 38
max_resources_: 114000
aggressive_elimination: False
factor: 3
----------
iter: 0
n_candidates: 50
n_resources: 38
Fitting 1 folds for each of 50 candidates, totalling 50 fits
----------
iter: 1
n_candidates: 17
n_resources: 114
Fitting 1 folds for each of 17 candidates, totalling 17 fits
----------
iter: 2
n_candidates: 6
n_resources: 342
Fitting 1 folds for each of 6 candidates, totalling 6 fits
----------
iter: 3
n_candidates: 2
n_resources: 1026
Fitting 1 folds for each of 2 candidates, totalling 2 fits
      -> [LinearSVC + Mixup Set 5] Acc: 0.7443, F1: 0.7336, Time: 0.84s
n_iterations: 4
n_required_iterations: 4
n_possible_iterations: 8
min_resources_: 38
max_resources_: 114000
aggressive_elimination: False
factor: 3
----------
iter: 0
n_candidates: 50
n_resources: 38
Fitting 1 folds for each of 50 candidates, totalling 50 fits
----------
iter: 1
n_candidates: 17
n_resources: 114
Fitting 1 folds for each of 17 candidates, totalling 17 fits
----------
iter: 2
n_candidates: 6
n_resources: 342
Fitting 1 folds for each of 6 candidates, totalling 6 fits
----------
iter: 3
n_candidates: 2
n_resources: 1026
Fitting 1 folds for each of 2 candidates, totalling 2 fits
      -> [LogisticRegression + Mixup Set 5] Acc: 0.8432, F1: 0.8423, Time: 5.92s
      -> [RNN + Mixup Set 5] Acc: 0.7368, F1: 0.7119, Time: 623.94s
    [=== Generating 3x synthetic data with Mixup (Set 1, Params: {'alpha': 0.1}) ===]
n_iterations: 4
n_required_iterations: 4
n_possible_iterations: 8
min_resources_: 38
max_resources_: 138000
aggressive_elimination: False
factor: 3
----------
iter: 0
n_candidates: 50
n_resources: 38
Fitting 1 folds for each of 50 candidates, totalling 50 fits
----------
iter: 1
n_candidates: 17
n_resources: 114
Fitting 1 folds for each of 17 candidates, totalling 17 fits
----------
iter: 2
n_candidates: 6
n_resources: 342
Fitting 1 folds for each of 6 candidates, totalling 6 fits
----------
iter: 3
n_candidates: 2
n_resources: 1026
Fitting 1 folds for each of 2 candidates, totalling 2 fits
      -> [KNN + Mixup Set 1] Acc: 0.9617, F1: 0.9615, Time: 1.38s
n_iterations: 4
n_required_iterations: 4
n_possible_iterations: 8
min_resources_: 38
max_resources_: 138000
aggressive_elimination: False
factor: 3
----------
iter: 0
n_candidates: 50
n_resources: 38
Fitting 1 folds for each of 50 candidates, totalling 50 fits
----------
iter: 1
n_candidates: 17
n_resources: 114
Fitting 1 folds for each of 17 candidates, totalling 17 fits
----------
iter: 2
n_candidates: 6
n_resources: 342
Fitting 1 folds for each of 6 candidates, totalling 6 fits
----------
iter: 3
n_candidates: 2
n_resources: 1026
Fitting 1 folds for each of 2 candidates, totalling 2 fits
      -> [RandomForest + Mixup Set 1] Acc: 0.9553, F1: 0.9548, Time: 44.24s
n_iterations: 4
n_required_iterations: 4
n_possible_iterations: 8
min_resources_: 38
max_resources_: 138000
aggressive_elimination: False
factor: 3
----------
iter: 0
n_candidates: 50
n_resources: 38
Fitting 1 folds for each of 50 candidates, totalling 50 fits
----------
iter: 1
n_candidates: 17
n_resources: 114
Fitting 1 folds for each of 17 candidates, totalling 17 fits
----------
iter: 2
n_candidates: 6
n_resources: 342
Fitting 1 folds for each of 6 candidates, totalling 6 fits
----------
iter: 3
n_candidates: 2
n_resources: 1026
Fitting 1 folds for each of 2 candidates, totalling 2 fits
      -> [LinearSVC + Mixup Set 1] Acc: 0.7420, F1: 0.7302, Time: 3.16s
n_iterations: 4
n_required_iterations: 4
n_possible_iterations: 8
min_resources_: 38
max_resources_: 138000
aggressive_elimination: False
factor: 3
----------
iter: 0
n_candidates: 50
n_resources: 38
Fitting 1 folds for each of 50 candidates, totalling 50 fits
----------
iter: 1
n_candidates: 17
n_resources: 114
Fitting 1 folds for each of 17 candidates, totalling 17 fits
----------
iter: 2
n_candidates: 6
n_resources: 342
Fitting 1 folds for each of 6 candidates, totalling 6 fits
----------
iter: 3
n_candidates: 2
n_resources: 1026
Fitting 1 folds for each of 2 candidates, totalling 2 fits
      -> [LogisticRegression + Mixup Set 1] Acc: 0.8495, F1: 0.8492, Time: 7.77s
      -> [RNN + Mixup Set 1] Acc: 0.7143, F1: 0.6747, Time: 4474.52s
    [=== Generating 3x synthetic data with Mixup (Set 2, Params: {'alpha': 0.2}) ===]
n_iterations: 4
n_required_iterations: 4
n_possible_iterations: 8
min_resources_: 38
max_resources_: 138000
aggressive_elimination: False
factor: 3
----------
iter: 0
n_candidates: 50
n_resources: 38
Fitting 1 folds for each of 50 candidates, totalling 50 fits
----------
iter: 1
n_candidates: 17
n_resources: 114
Fitting 1 folds for each of 17 candidates, totalling 17 fits
----------
iter: 2
n_candidates: 6
n_resources: 342
Fitting 1 folds for each of 6 candidates, totalling 6 fits
----------
iter: 3
n_candidates: 2
n_resources: 1026
Fitting 1 folds for each of 2 candidates, totalling 2 fits
      -> [KNN + Mixup Set 2] Acc: 0.9535, F1: 0.9530, Time: 1.43s
n_iterations: 4
n_required_iterations: 4
n_possible_iterations: 8
min_resources_: 38
max_resources_: 138000
aggressive_elimination: False
factor: 3
----------
iter: 0
n_candidates: 50
n_resources: 38
Fitting 1 folds for each of 50 candidates, totalling 50 fits
----------
iter: 1
n_candidates: 17
n_resources: 114
Fitting 1 folds for each of 17 candidates, totalling 17 fits
----------
iter: 2
n_candidates: 6
n_resources: 342
Fitting 1 folds for each of 6 candidates, totalling 6 fits
----------
iter: 3
n_candidates: 2
n_resources: 1026
Fitting 1 folds for each of 2 candidates, totalling 2 fits
      -> [RandomForest + Mixup Set 2] Acc: 0.9483, F1: 0.9480, Time: 40.18s
n_iterations: 4
n_required_iterations: 4
n_possible_iterations: 8
min_resources_: 38
max_resources_: 138000
aggressive_elimination: False
factor: 3
----------
iter: 0
n_candidates: 50
n_resources: 38
Fitting 1 folds for each of 50 candidates, totalling 50 fits
----------
iter: 1
n_candidates: 17
n_resources: 114
Fitting 1 folds for each of 17 candidates, totalling 17 fits
----------
iter: 2
n_candidates: 6
n_resources: 342
Fitting 1 folds for each of 6 candidates, totalling 6 fits
----------
iter: 3
n_candidates: 2
n_resources: 1026
Fitting 1 folds for each of 2 candidates, totalling 2 fits
      -> [LinearSVC + Mixup Set 2] Acc: 0.7471, F1: 0.7354, Time: 2.83s
n_iterations: 4
n_required_iterations: 4
n_possible_iterations: 8
min_resources_: 38
max_resources_: 138000
aggressive_elimination: False
factor: 3
----------
iter: 0
n_candidates: 50
n_resources: 38
Fitting 1 folds for each of 50 candidates, totalling 50 fits
----------
iter: 1
n_candidates: 17
n_resources: 114
Fitting 1 folds for each of 17 candidates, totalling 17 fits
----------
iter: 2
n_candidates: 6
n_resources: 342
Fitting 1 folds for each of 6 candidates, totalling 6 fits
----------
iter: 3
n_candidates: 2
n_resources: 1026
Fitting 1 folds for each of 2 candidates, totalling 2 fits
      -> [LogisticRegression + Mixup Set 2] Acc: 0.8429, F1: 0.8428, Time: 6.71s
      -> [RNN + Mixup Set 2] Acc: 0.7519, F1: 0.7318, Time: 3191.37s
    [=== Generating 3x synthetic data with Mixup (Set 3, Params: {'alpha': 0.4}) ===]
n_iterations: 4
n_required_iterations: 4
n_possible_iterations: 8
min_resources_: 38
max_resources_: 138000
aggressive_elimination: False
factor: 3
----------
iter: 0
n_candidates: 50
n_resources: 38
Fitting 1 folds for each of 50 candidates, totalling 50 fits
----------
iter: 1
n_candidates: 17
n_resources: 114
Fitting 1 folds for each of 17 candidates, totalling 17 fits
----------
iter: 2
n_candidates: 6
n_resources: 342
Fitting 1 folds for each of 6 candidates, totalling 6 fits
----------
iter: 3
n_candidates: 2
n_resources: 1026
Fitting 1 folds for each of 2 candidates, totalling 2 fits
      -> [KNN + Mixup Set 3] Acc: 0.9539, F1: 0.9535, Time: 0.31s
n_iterations: 4
n_required_iterations: 4
n_possible_iterations: 8
min_resources_: 38
max_resources_: 138000
aggressive_elimination: False
factor: 3
----------
iter: 0
n_candidates: 50
n_resources: 38
Fitting 1 folds for each of 50 candidates, totalling 50 fits
----------
iter: 1
n_candidates: 17
n_resources: 114
Fitting 1 folds for each of 17 candidates, totalling 17 fits
----------
iter: 2
n_candidates: 6
n_resources: 342
Fitting 1 folds for each of 6 candidates, totalling 6 fits
----------
iter: 3
n_candidates: 2
n_resources: 1026
Fitting 1 folds for each of 2 candidates, totalling 2 fits
      -> [RandomForest + Mixup Set 3] Acc: 0.8589, F1: 0.8575, Time: 11.18s
n_iterations: 4
n_required_iterations: 4
n_possible_iterations: 8
min_resources_: 38
max_resources_: 138000
aggressive_elimination: False
factor: 3
----------
iter: 0
n_candidates: 50
n_resources: 38
Fitting 1 folds for each of 50 candidates, totalling 50 fits
----------
iter: 1
n_candidates: 17
n_resources: 114
Fitting 1 folds for each of 17 candidates, totalling 17 fits
----------
iter: 2
n_candidates: 6
n_resources: 342
Fitting 1 folds for each of 6 candidates, totalling 6 fits
----------
iter: 3
n_candidates: 2
n_resources: 1026
Fitting 1 folds for each of 2 candidates, totalling 2 fits
      -> [LinearSVC + Mixup Set 3] Acc: 0.7444, F1: 0.7345, Time: 1.85s
n_iterations: 4
n_required_iterations: 4
n_possible_iterations: 8
min_resources_: 38
max_resources_: 138000
aggressive_elimination: False
factor: 3
----------
iter: 0
n_candidates: 50
n_resources: 38
Fitting 1 folds for each of 50 candidates, totalling 50 fits
----------
iter: 1
n_candidates: 17
n_resources: 114
Fitting 1 folds for each of 17 candidates, totalling 17 fits
----------
iter: 2
n_candidates: 6
n_resources: 342
Fitting 1 folds for each of 6 candidates, totalling 6 fits
----------
iter: 3
n_candidates: 2
n_resources: 1026
Fitting 1 folds for each of 2 candidates, totalling 2 fits
      -> [LogisticRegression + Mixup Set 3] Acc: 0.8498, F1: 0.8494, Time: 6.37s
      -> [RNN + Mixup Set 3] Acc: 0.8195, F1: 0.8062, Time: 3161.91s
    [=== Generating 3x synthetic data with Mixup (Set 4, Params: {'alpha': 0.6}) ===]
n_iterations: 4
n_required_iterations: 4
n_possible_iterations: 8
min_resources_: 38
max_resources_: 138000
aggressive_elimination: False
factor: 3
----------
iter: 0
n_candidates: 50
n_resources: 38
Fitting 1 folds for each of 50 candidates, totalling 50 fits
----------
iter: 1
n_candidates: 17
n_resources: 114
Fitting 1 folds for each of 17 candidates, totalling 17 fits
----------
iter: 2
n_candidates: 6
n_resources: 342
Fitting 1 folds for each of 6 candidates, totalling 6 fits
----------
iter: 3
n_candidates: 2
n_resources: 1026
Fitting 1 folds for each of 2 candidates, totalling 2 fits
      -> [KNN + Mixup Set 4] Acc: 0.9680, F1: 0.9678, Time: 0.55s
n_iterations: 4
n_required_iterations: 4
n_possible_iterations: 8
min_resources_: 38
max_resources_: 138000
aggressive_elimination: False
factor: 3
----------
iter: 0
n_candidates: 50
n_resources: 38
Fitting 1 folds for each of 50 candidates, totalling 50 fits
----------
iter: 1
n_candidates: 17
n_resources: 114
Fitting 1 folds for each of 17 candidates, totalling 17 fits
----------
iter: 2
n_candidates: 6
n_resources: 342
Fitting 1 folds for each of 6 candidates, totalling 6 fits
----------
iter: 3
n_candidates: 2
n_resources: 1026
Fitting 1 folds for each of 2 candidates, totalling 2 fits
      -> [RandomForest + Mixup Set 4] Acc: 0.9582, F1: 0.9578, Time: 51.04s
n_iterations: 4
n_required_iterations: 4
n_possible_iterations: 8
min_resources_: 38
max_resources_: 138000
aggressive_elimination: False
factor: 3
----------
iter: 0
n_candidates: 50
n_resources: 38
Fitting 1 folds for each of 50 candidates, totalling 50 fits
----------
iter: 1
n_candidates: 17
n_resources: 114
Fitting 1 folds for each of 17 candidates, totalling 17 fits
----------
iter: 2
n_candidates: 6
n_resources: 342
Fitting 1 folds for each of 6 candidates, totalling 6 fits
----------
iter: 3
n_candidates: 2
n_resources: 1026
Fitting 1 folds for each of 2 candidates, totalling 2 fits
      -> [LinearSVC + Mixup Set 4] Acc: 0.7446, F1: 0.7333, Time: 1.93s
n_iterations: 4
n_required_iterations: 4
n_possible_iterations: 8
min_resources_: 38
max_resources_: 138000
aggressive_elimination: False
factor: 3
----------
iter: 0
n_candidates: 50
n_resources: 38
Fitting 1 folds for each of 50 candidates, totalling 50 fits
----------
iter: 1
n_candidates: 17
n_resources: 114
Fitting 1 folds for each of 17 candidates, totalling 17 fits
----------
iter: 2
n_candidates: 6
n_resources: 342
Fitting 1 folds for each of 6 candidates, totalling 6 fits
----------
iter: 3
n_candidates: 2
n_resources: 1026
Fitting 1 folds for each of 2 candidates, totalling 2 fits
      -> [LogisticRegression + Mixup Set 4] Acc: 0.8458, F1: 0.8461, Time: 12.16s
      -> [RNN + Mixup Set 4] Acc: 0.7594, F1: 0.7397, Time: 3355.33s
    [=== Generating 3x synthetic data with Mixup (Set 5, Params: {'alpha': 0.8}) ===]
n_iterations: 4
n_required_iterations: 4
n_possible_iterations: 8
min_resources_: 38
max_resources_: 138000
aggressive_elimination: False
factor: 3
----------
iter: 0
n_candidates: 50
n_resources: 38
Fitting 1 folds for each of 50 candidates, totalling 50 fits
----------
iter: 1
n_candidates: 17
n_resources: 114
Fitting 1 folds for each of 17 candidates, totalling 17 fits
----------
iter: 2
n_candidates: 6
n_resources: 342
Fitting 1 folds for each of 6 candidates, totalling 6 fits
----------
iter: 3
n_candidates: 2
n_resources: 1026
Fitting 1 folds for each of 2 candidates, totalling 2 fits
      -> [KNN + Mixup Set 5] Acc: 0.9582, F1: 0.9580, Time: 0.28s
n_iterations: 4
n_required_iterations: 4
n_possible_iterations: 8
min_resources_: 38
max_resources_: 138000
aggressive_elimination: False
factor: 3
----------
iter: 0
n_candidates: 50
n_resources: 38
Fitting 1 folds for each of 50 candidates, totalling 50 fits
----------
iter: 1
n_candidates: 17
n_resources: 114
Fitting 1 folds for each of 17 candidates, totalling 17 fits
----------
iter: 2
n_candidates: 6
n_resources: 342
Fitting 1 folds for each of 6 candidates, totalling 6 fits
----------
iter: 3
n_candidates: 2
n_resources: 1026
Fitting 1 folds for each of 2 candidates, totalling 2 fits
      -> [RandomForest + Mixup Set 5] Acc: 0.8391, F1: 0.8367, Time: 34.21s
n_iterations: 4
n_required_iterations: 4
n_possible_iterations: 8
min_resources_: 38
max_resources_: 138000
aggressive_elimination: False
factor: 3
----------
iter: 0
n_candidates: 50
n_resources: 38
Fitting 1 folds for each of 50 candidates, totalling 50 fits
----------
iter: 1
n_candidates: 17
n_resources: 114
Fitting 1 folds for each of 17 candidates, totalling 17 fits
----------
iter: 2
n_candidates: 6
n_resources: 342
Fitting 1 folds for each of 6 candidates, totalling 6 fits
----------
iter: 3
n_candidates: 2
n_resources: 1026
Fitting 1 folds for each of 2 candidates, totalling 2 fits
      -> [LinearSVC + Mixup Set 5] Acc: 0.7467, F1: 0.7379, Time: 2.73s
n_iterations: 4
n_required_iterations: 4
n_possible_iterations: 8
min_resources_: 38
max_resources_: 138000
aggressive_elimination: False
factor: 3
----------
iter: 0
n_candidates: 50
n_resources: 38
Fitting 1 folds for each of 50 candidates, totalling 50 fits
----------
iter: 1
n_candidates: 17
n_resources: 114
Fitting 1 folds for each of 17 candidates, totalling 17 fits
----------
iter: 2
n_candidates: 6
n_resources: 342
Fitting 1 folds for each of 6 candidates, totalling 6 fits
----------
iter: 3
n_candidates: 2
n_resources: 1026
Fitting 1 folds for each of 2 candidates, totalling 2 fits
      -> [LogisticRegression + Mixup Set 5] Acc: 0.8404, F1: 0.8409, Time: 7.77s
      -> [RNN + Mixup Set 5] Acc: 0.7519, F1: 0.7319, Time: 4554.77s
    [=== Generating 5x synthetic data with Mixup (Set 1, Params: {'alpha': 0.1}) ===]
n_iterations: 4
n_required_iterations: 4
n_possible_iterations: 8
min_resources_: 38
max_resources_: 138000
aggressive_elimination: False
factor: 3
----------
iter: 0
n_candidates: 50
n_resources: 38
Fitting 1 folds for each of 50 candidates, totalling 50 fits
----------
iter: 1
n_candidates: 17
n_resources: 114
Fitting 1 folds for each of 17 candidates, totalling 17 fits
----------
iter: 2
n_candidates: 6
n_resources: 342
Fitting 1 folds for each of 6 candidates, totalling 6 fits
----------
iter: 3
n_candidates: 2
n_resources: 1026
Fitting 1 folds for each of 2 candidates, totalling 2 fits
      -> [KNN + Mixup Set 1] Acc: 0.9551, F1: 0.9547, Time: 0.64s
n_iterations: 4
n_required_iterations: 4
n_possible_iterations: 8
min_resources_: 38
max_resources_: 138000
aggressive_elimination: False
factor: 3
----------
iter: 0
n_candidates: 50
n_resources: 38
Fitting 1 folds for each of 50 candidates, totalling 50 fits
----------
iter: 1
n_candidates: 17
n_resources: 114
Fitting 1 folds for each of 17 candidates, totalling 17 fits
----------
iter: 2
n_candidates: 6
n_resources: 342
Fitting 1 folds for each of 6 candidates, totalling 6 fits
----------
iter: 3
n_candidates: 2
n_resources: 1026
Fitting 1 folds for each of 2 candidates, totalling 2 fits
      -> [RandomForest + Mixup Set 1] Acc: 0.9559, F1: 0.9558, Time: 30.01s
n_iterations: 4
n_required_iterations: 4
n_possible_iterations: 8
min_resources_: 38
max_resources_: 138000
aggressive_elimination: False
factor: 3
----------
iter: 0
n_candidates: 50
n_resources: 38
Fitting 1 folds for each of 50 candidates, totalling 50 fits
----------
iter: 1
n_candidates: 17
n_resources: 114
Fitting 1 folds for each of 17 candidates, totalling 17 fits
----------
iter: 2
n_candidates: 6
n_resources: 342
Fitting 1 folds for each of 6 candidates, totalling 6 fits
----------
iter: 3
n_candidates: 2
n_resources: 1026
Fitting 1 folds for each of 2 candidates, totalling 2 fits
      -> [LinearSVC + Mixup Set 1] Acc: 0.7532, F1: 0.7428, Time: 1.87s
n_iterations: 4
n_required_iterations: 4
n_possible_iterations: 8
min_resources_: 38
max_resources_: 138000
aggressive_elimination: False
factor: 3
----------
iter: 0
n_candidates: 50
n_resources: 38
Fitting 1 folds for each of 50 candidates, totalling 50 fits
----------
iter: 1
n_candidates: 17
n_resources: 114
Fitting 1 folds for each of 17 candidates, totalling 17 fits
----------
iter: 2
n_candidates: 6
n_resources: 342
Fitting 1 folds for each of 6 candidates, totalling 6 fits
----------
iter: 3
n_candidates: 2
n_resources: 1026
Fitting 1 folds for each of 2 candidates, totalling 2 fits
      -> [LogisticRegression + Mixup Set 1] Acc: 0.8450, F1: 0.8447, Time: 15.65s
      -> [RNN + Mixup Set 1] Acc: 0.8271, F1: 0.8242, Time: 7649.23s
    [=== Generating 5x synthetic data with Mixup (Set 2, Params: {'alpha': 0.2}) ===]
n_iterations: 4
n_required_iterations: 4
n_possible_iterations: 8
min_resources_: 38
max_resources_: 138000
aggressive_elimination: False
factor: 3
----------
iter: 0
n_candidates: 50
n_resources: 38
Fitting 1 folds for each of 50 candidates, totalling 50 fits
