Starting GenParams Tune: Plant_oil - Seed 20 - Gen ADASYN - All Scales


==================================================
Running gen-params experiment for Plant_oil
==================================================

--- Fold 1/10 ---

  >> Seed sets per label: 20

    >> Seed Fold Selection: 1/10
    Evaluating Model: KNN
      -> [Baseline] Acc: 0.9500, F1: 0.9496, Time: 0.65s
      HP Tuning KNN...
n_iterations: 4
n_required_iterations: 4
n_possible_iterations: 5
min_resources_: 190
max_resources_: 38000
aggressive_elimination: False
factor: 3
----------
iter: 0
n_candidates: 50
n_resources: 190
Fitting 5 folds for each of 50 candidates, totalling 250 fits
----------
iter: 1
n_candidates: 17
n_resources: 570
Fitting 5 folds for each of 17 candidates, totalling 85 fits
----------
iter: 2
n_candidates: 6
n_resources: 1710
Fitting 5 folds for each of 6 candidates, totalling 30 fits
----------
iter: 3
n_candidates: 2
n_resources: 5130
Fitting 5 folds for each of 2 candidates, totalling 10 fits
      -> [Tuned_Baseline] Acc: 0.9517, F1: 0.9512, Time: 0.31s
    Evaluating Model: RandomForest
      -> [Baseline] Acc: 0.9473, F1: 0.9468, Time: 8.23s
      HP Tuning RandomForest...
n_iterations: 4
n_required_iterations: 4
n_possible_iterations: 5
min_resources_: 190
max_resources_: 38000
aggressive_elimination: False
factor: 3
----------
iter: 0
n_candidates: 50
n_resources: 190
Fitting 5 folds for each of 50 candidates, totalling 250 fits
----------
iter: 1
n_candidates: 17
n_resources: 570
Fitting 5 folds for each of 17 candidates, totalling 85 fits
----------
iter: 2
n_candidates: 6
n_resources: 1710
Fitting 5 folds for each of 6 candidates, totalling 30 fits
----------
iter: 3
n_candidates: 2
n_resources: 5130
Fitting 5 folds for each of 2 candidates, totalling 10 fits
      -> [Tuned_Baseline] Acc: 0.9479, F1: 0.9475, Time: 0.09s
    Evaluating Model: LinearSVC
      -> [Baseline] Acc: 0.7459, F1: 0.7347, Time: 0.37s
      HP Tuning LinearSVC...
n_iterations: 4
n_required_iterations: 4
n_possible_iterations: 5
min_resources_: 190
max_resources_: 38000
aggressive_elimination: False
factor: 3
----------
iter: 0
n_candidates: 50
n_resources: 190
Fitting 5 folds for each of 50 candidates, totalling 250 fits
----------
iter: 1
n_candidates: 17
n_resources: 570
Fitting 5 folds for each of 17 candidates, totalling 85 fits
----------
iter: 2
n_candidates: 6
n_resources: 1710
Fitting 5 folds for each of 6 candidates, totalling 30 fits
----------
iter: 3
n_candidates: 2
n_resources: 5130
Fitting 5 folds for each of 2 candidates, totalling 10 fits
      -> [Tuned_Baseline] Acc: 0.7463, F1: 0.7354, Time: 0.00s
    Evaluating Model: LogisticRegression
      -> [Baseline] Acc: 0.8195, F1: 0.8187, Time: 3.60s
      HP Tuning LogisticRegression...
n_iterations: 4
n_required_iterations: 4
n_possible_iterations: 5
min_resources_: 190
max_resources_: 38000
aggressive_elimination: False
factor: 3
----------
iter: 0
n_candidates: 50
n_resources: 190
Fitting 5 folds for each of 50 candidates, totalling 250 fits
----------
iter: 1
n_candidates: 17
n_resources: 570
Fitting 5 folds for each of 17 candidates, totalling 85 fits
----------
iter: 2
n_candidates: 6
n_resources: 1710
Fitting 5 folds for each of 6 candidates, totalling 30 fits
----------
iter: 3
n_candidates: 2
n_resources: 5130
Fitting 5 folds for each of 2 candidates, totalling 10 fits
      -> [Tuned_Baseline] Acc: 0.8417, F1: 0.8414, Time: 0.01s
    Evaluating Model: RNN
      -> [Baseline] Acc: 0.3534, F1: 0.2526, Time: 8.50s
      HP Tuning RNN...
n_iterations: 4
n_required_iterations: 4
n_possible_iterations: 4
min_resources_: 10
max_resources_: 380
aggressive_elimination: False
factor: 3
----------
iter: 0
n_candidates: 50
n_resources: 10
Fitting 5 folds for each of 50 candidates, totalling 250 fits
----------
iter: 1
n_candidates: 17
n_resources: 30
Fitting 5 folds for each of 17 candidates, totalling 85 fits
----------
iter: 2
n_candidates: 6
n_resources: 90
Fitting 5 folds for each of 6 candidates, totalling 30 fits
----------
iter: 3
n_candidates: 2
n_resources: 270
Fitting 5 folds for each of 2 candidates, totalling 10 fits
      -> [Tuned_Baseline] Acc: 0.6992, F1: 0.6487, Time: 0.01s
    [=== Generating 2x synthetic data with ADASYN (Set 1, Params: {'n_neighbors': 1}) ===]
      [!] Failed generation with ADASYN at 2x: Not any neigbours belong to the majority class. This case will induce a NaN case with a division by zero. ADASYN is not suited for this specific dataset. Use SMOTE instead.
    [=== Generating 2x synthetic data with ADASYN (Set 2, Params: {'n_neighbors': 2}) ===]
      [!] Failed generation with ADASYN at 2x: Not any neigbours belong to the majority class. This case will induce a NaN case with a division by zero. ADASYN is not suited for this specific dataset. Use SMOTE instead.
    [=== Generating 2x synthetic data with ADASYN (Set 3, Params: {'n_neighbors': 3}) ===]
      [!] Failed generation with ADASYN at 2x: Not any neigbours belong to the majority class. This case will induce a NaN case with a division by zero. ADASYN is not suited for this specific dataset. Use SMOTE instead.
    [=== Generating 2x synthetic data with ADASYN (Set 4, Params: {'n_neighbors': 4}) ===]
      [!] Failed generation with ADASYN at 2x: Not any neigbours belong to the majority class. This case will induce a NaN case with a division by zero. ADASYN is not suited for this specific dataset. Use SMOTE instead.
    [=== Generating 2x synthetic data with ADASYN (Set 5, Params: {'n_neighbors': 5}) ===]
      [!] Failed generation with ADASYN at 2x: Not any neigbours belong to the majority class. This case will induce a NaN case with a division by zero. ADASYN is not suited for this specific dataset. Use SMOTE instead.
    [=== Generating 3x synthetic data with ADASYN (Set 1, Params: {'n_neighbors': 1}) ===]
      [!] Failed generation with ADASYN at 3x: Not any neigbours belong to the majority class. This case will induce a NaN case with a division by zero. ADASYN is not suited for this specific dataset. Use SMOTE instead.
    [=== Generating 3x synthetic data with ADASYN (Set 2, Params: {'n_neighbors': 2}) ===]
      [!] Failed generation with ADASYN at 3x: Not any neigbours belong to the majority class. This case will induce a NaN case with a division by zero. ADASYN is not suited for this specific dataset. Use SMOTE instead.
    [=== Generating 3x synthetic data with ADASYN (Set 3, Params: {'n_neighbors': 3}) ===]
      [!] Failed generation with ADASYN at 3x: Not any neigbours belong to the majority class. This case will induce a NaN case with a division by zero. ADASYN is not suited for this specific dataset. Use SMOTE instead.
    [=== Generating 3x synthetic data with ADASYN (Set 4, Params: {'n_neighbors': 4}) ===]
      [!] Failed generation with ADASYN at 3x: Not any neigbours belong to the majority class. This case will induce a NaN case with a division by zero. ADASYN is not suited for this specific dataset. Use SMOTE instead.
    [=== Generating 3x synthetic data with ADASYN (Set 5, Params: {'n_neighbors': 5}) ===]
      [!] Failed generation with ADASYN at 3x: Not any neigbours belong to the majority class. This case will induce a NaN case with a division by zero. ADASYN is not suited for this specific dataset. Use SMOTE instead.
    [=== Generating 5x synthetic data with ADASYN (Set 1, Params: {'n_neighbors': 1}) ===]
      [!] Failed generation with ADASYN at 5x: Not any neigbours belong to the majority class. This case will induce a NaN case with a division by zero. ADASYN is not suited for this specific dataset. Use SMOTE instead.
    [=== Generating 5x synthetic data with ADASYN (Set 2, Params: {'n_neighbors': 2}) ===]
      [!] Failed generation with ADASYN at 5x: Not any neigbours belong to the majority class. This case will induce a NaN case with a division by zero. ADASYN is not suited for this specific dataset. Use SMOTE instead.
    [=== Generating 5x synthetic data with ADASYN (Set 3, Params: {'n_neighbors': 3}) ===]
      [!] Failed generation with ADASYN at 5x: Not any neigbours belong to the majority class. This case will induce a NaN case with a division by zero. ADASYN is not suited for this specific dataset. Use SMOTE instead.
    [=== Generating 5x synthetic data with ADASYN (Set 4, Params: {'n_neighbors': 4}) ===]
      [!] Failed generation with ADASYN at 5x: Not any neigbours belong to the majority class. This case will induce a NaN case with a division by zero. ADASYN is not suited for this specific dataset. Use SMOTE instead.
    [=== Generating 5x synthetic data with ADASYN (Set 5, Params: {'n_neighbors': 5}) ===]
      [!] Failed generation with ADASYN at 5x: Not any neigbours belong to the majority class. This case will induce a NaN case with a division by zero. ADASYN is not suited for this specific dataset. Use SMOTE instead.
    [=== Generating 10x synthetic data with ADASYN (Set 1, Params: {'n_neighbors': 1}) ===]
      [!] Failed generation with ADASYN at 10x: Not any neigbours belong to the majority class. This case will induce a NaN case with a division by zero. ADASYN is not suited for this specific dataset. Use SMOTE instead.
    [=== Generating 10x synthetic data with ADASYN (Set 2, Params: {'n_neighbors': 2}) ===]
      [!] Failed generation with ADASYN at 10x: Not any neigbours belong to the majority class. This case will induce a NaN case with a division by zero. ADASYN is not suited for this specific dataset. Use SMOTE instead.
    [=== Generating 10x synthetic data with ADASYN (Set 3, Params: {'n_neighbors': 3}) ===]
      [!] Failed generation with ADASYN at 10x: Not any neigbours belong to the majority class. This case will induce a NaN case with a division by zero. ADASYN is not suited for this specific dataset. Use SMOTE instead.
    [=== Generating 10x synthetic data with ADASYN (Set 4, Params: {'n_neighbors': 4}) ===]
      [!] Failed generation with ADASYN at 10x: Not any neigbours belong to the majority class. This case will induce a NaN case with a division by zero. ADASYN is not suited for this specific dataset. Use SMOTE instead.
    [=== Generating 10x synthetic data with ADASYN (Set 5, Params: {'n_neighbors': 5}) ===]
      [!] Failed generation with ADASYN at 10x: Not any neigbours belong to the majority class. This case will induce a NaN case with a division by zero. ADASYN is not suited for this specific dataset. Use SMOTE instead.

    >> Seed Fold Selection: 2/10
    Evaluating Model: KNN
      -> [Baseline] Acc: 0.9363, F1: 0.9349, Time: 0.58s
      HP Tuning KNN...
n_iterations: 4
n_required_iterations: 4
n_possible_iterations: 5
min_resources_: 190
max_resources_: 38000
aggressive_elimination: False
factor: 3
----------
iter: 0
n_candidates: 50
n_resources: 190
Fitting 5 folds for each of 50 candidates, totalling 250 fits
----------
iter: 1
n_candidates: 17
n_resources: 570
Fitting 5 folds for each of 17 candidates, totalling 85 fits
----------
iter: 2
n_candidates: 6
n_resources: 1710
Fitting 5 folds for each of 6 candidates, totalling 30 fits
----------
iter: 3
n_candidates: 2
n_resources: 5130
Fitting 5 folds for each of 2 candidates, totalling 10 fits
      -> [Tuned_Baseline] Acc: 0.9377, F1: 0.9363, Time: 0.37s
    Evaluating Model: RandomForest
      -> [Baseline] Acc: 0.9142, F1: 0.9114, Time: 10.76s
      HP Tuning RandomForest...
n_iterations: 4
n_required_iterations: 4
n_possible_iterations: 5
min_resources_: 190
max_resources_: 38000
aggressive_elimination: False
factor: 3
----------
iter: 0
n_candidates: 50
n_resources: 190
Fitting 5 folds for each of 50 candidates, totalling 250 fits
----------
iter: 1
n_candidates: 17
n_resources: 570
Fitting 5 folds for each of 17 candidates, totalling 85 fits
----------
iter: 2
n_candidates: 6
n_resources: 1710
Fitting 5 folds for each of 6 candidates, totalling 30 fits
----------
iter: 3
n_candidates: 2
n_resources: 5130
Fitting 5 folds for each of 2 candidates, totalling 10 fits
      -> [Tuned_Baseline] Acc: 0.9129, F1: 0.9100, Time: 0.14s
    Evaluating Model: LinearSVC
      -> [Baseline] Acc: 0.7326, F1: 0.7200, Time: 0.39s
      HP Tuning LinearSVC...
n_iterations: 4
n_required_iterations: 4
n_possible_iterations: 5
min_resources_: 190
max_resources_: 38000
aggressive_elimination: False
factor: 3
----------
iter: 0
n_candidates: 50
n_resources: 190
Fitting 5 folds for each of 50 candidates, totalling 250 fits
----------
iter: 1
n_candidates: 17
n_resources: 570
Fitting 5 folds for each of 17 candidates, totalling 85 fits
----------
iter: 2
n_candidates: 6
n_resources: 1710
Fitting 5 folds for each of 6 candidates, totalling 30 fits
----------
iter: 3
n_candidates: 2
n_resources: 5130
Fitting 5 folds for each of 2 candidates, totalling 10 fits
      -> [Tuned_Baseline] Acc: 0.7362, F1: 0.7242, Time: 0.00s
    Evaluating Model: LogisticRegression
      -> [Baseline] Acc: 0.8126, F1: 0.8044, Time: 4.26s
      HP Tuning LogisticRegression...
n_iterations: 4
n_required_iterations: 4
n_possible_iterations: 5
min_resources_: 190
max_resources_: 38000
aggressive_elimination: False
factor: 3
----------
iter: 0
n_candidates: 50
n_resources: 190
Fitting 5 folds for each of 50 candidates, totalling 250 fits
----------
iter: 1
n_candidates: 17
n_resources: 570
Fitting 5 folds for each of 17 candidates, totalling 85 fits
----------
iter: 2
n_candidates: 6
n_resources: 1710
Fitting 5 folds for each of 6 candidates, totalling 30 fits
----------
iter: 3
n_candidates: 2
n_resources: 5130
Fitting 5 folds for each of 2 candidates, totalling 10 fits
      -> [Tuned_Baseline] Acc: 0.8226, F1: 0.8169, Time: 0.01s
    Evaluating Model: RNN
      -> [Baseline] Acc: 0.5489, F1: 0.4811, Time: 8.53s
      HP Tuning RNN...
n_iterations: 4
n_required_iterations: 4
n_possible_iterations: 4
min_resources_: 10
max_resources_: 380
aggressive_elimination: False
factor: 3
----------
iter: 0
n_candidates: 50
n_resources: 10
Fitting 5 folds for each of 50 candidates, totalling 250 fits
----------
iter: 1
n_candidates: 17
n_resources: 30
Fitting 5 folds for each of 17 candidates, totalling 85 fits
----------
iter: 2
n_candidates: 6
n_resources: 90
Fitting 5 folds for each of 6 candidates, totalling 30 fits
----------
iter: 3
n_candidates: 2
n_resources: 270
Fitting 5 folds for each of 2 candidates, totalling 10 fits
      -> [Tuned_Baseline] Acc: 0.7368, F1: 0.7071, Time: 0.01s
    [=== Generating 2x synthetic data with ADASYN (Set 1, Params: {'n_neighbors': 1}) ===]
      [!] Failed generation with ADASYN at 2x: Not any neigbours belong to the majority class. This case will induce a NaN case with a division by zero. ADASYN is not suited for this specific dataset. Use SMOTE instead.
    [=== Generating 2x synthetic data with ADASYN (Set 2, Params: {'n_neighbors': 2}) ===]
      [!] Failed generation with ADASYN at 2x: Not any neigbours belong to the majority class. This case will induce a NaN case with a division by zero. ADASYN is not suited for this specific dataset. Use SMOTE instead.
    [=== Generating 2x synthetic data with ADASYN (Set 3, Params: {'n_neighbors': 3}) ===]
      [!] Failed generation with ADASYN at 2x: Not any neigbours belong to the majority class. This case will induce a NaN case with a division by zero. ADASYN is not suited for this specific dataset. Use SMOTE instead.
    [=== Generating 2x synthetic data with ADASYN (Set 4, Params: {'n_neighbors': 4}) ===]
      [!] Failed generation with ADASYN at 2x: Not any neigbours belong to the majority class. This case will induce a NaN case with a division by zero. ADASYN is not suited for this specific dataset. Use SMOTE instead.
    [=== Generating 2x synthetic data with ADASYN (Set 5, Params: {'n_neighbors': 5}) ===]
      [!] Failed generation with ADASYN at 2x: Not any neigbours belong to the majority class. This case will induce a NaN case with a division by zero. ADASYN is not suited for this specific dataset. Use SMOTE instead.
    [=== Generating 3x synthetic data with ADASYN (Set 1, Params: {'n_neighbors': 1}) ===]
      [!] Failed generation with ADASYN at 3x: Not any neigbours belong to the majority class. This case will induce a NaN case with a division by zero. ADASYN is not suited for this specific dataset. Use SMOTE instead.
    [=== Generating 3x synthetic data with ADASYN (Set 2, Params: {'n_neighbors': 2}) ===]
      [!] Failed generation with ADASYN at 3x: Not any neigbours belong to the majority class. This case will induce a NaN case with a division by zero. ADASYN is not suited for this specific dataset. Use SMOTE instead.
    [=== Generating 3x synthetic data with ADASYN (Set 3, Params: {'n_neighbors': 3}) ===]
      [!] Failed generation with ADASYN at 3x: Not any neigbours belong to the majority class. This case will induce a NaN case with a division by zero. ADASYN is not suited for this specific dataset. Use SMOTE instead.
    [=== Generating 3x synthetic data with ADASYN (Set 4, Params: {'n_neighbors': 4}) ===]
      [!] Failed generation with ADASYN at 3x: Not any neigbours belong to the majority class. This case will induce a NaN case with a division by zero. ADASYN is not suited for this specific dataset. Use SMOTE instead.
    [=== Generating 3x synthetic data with ADASYN (Set 5, Params: {'n_neighbors': 5}) ===]
      [!] Failed generation with ADASYN at 3x: Not any neigbours belong to the majority class. This case will induce a NaN case with a division by zero. ADASYN is not suited for this specific dataset. Use SMOTE instead.
    [=== Generating 5x synthetic data with ADASYN (Set 1, Params: {'n_neighbors': 1}) ===]
      [!] Failed generation with ADASYN at 5x: Not any neigbours belong to the majority class. This case will induce a NaN case with a division by zero. ADASYN is not suited for this specific dataset. Use SMOTE instead.
    [=== Generating 5x synthetic data with ADASYN (Set 2, Params: {'n_neighbors': 2}) ===]
      [!] Failed generation with ADASYN at 5x: Not any neigbours belong to the majority class. This case will induce a NaN case with a division by zero. ADASYN is not suited for this specific dataset. Use SMOTE instead.
    [=== Generating 5x synthetic data with ADASYN (Set 3, Params: {'n_neighbors': 3}) ===]
      [!] Failed generation with ADASYN at 5x: Not any neigbours belong to the majority class. This case will induce a NaN case with a division by zero. ADASYN is not suited for this specific dataset. Use SMOTE instead.
    [=== Generating 5x synthetic data with ADASYN (Set 4, Params: {'n_neighbors': 4}) ===]
      [!] Failed generation with ADASYN at 5x: Not any neigbours belong to the majority class. This case will induce a NaN case with a division by zero. ADASYN is not suited for this specific dataset. Use SMOTE instead.
    [=== Generating 5x synthetic data with ADASYN (Set 5, Params: {'n_neighbors': 5}) ===]
      [!] Failed generation with ADASYN at 5x: Not any neigbours belong to the majority class. This case will induce a NaN case with a division by zero. ADASYN is not suited for this specific dataset. Use SMOTE instead.
    [=== Generating 10x synthetic data with ADASYN (Set 1, Params: {'n_neighbors': 1}) ===]
      [!] Failed generation with ADASYN at 10x: Not any neigbours belong to the majority class. This case will induce a NaN case with a division by zero. ADASYN is not suited for this specific dataset. Use SMOTE instead.
    [=== Generating 10x synthetic data with ADASYN (Set 2, Params: {'n_neighbors': 2}) ===]
      [!] Failed generation with ADASYN at 10x: Not any neigbours belong to the majority class. This case will induce a NaN case with a division by zero. ADASYN is not suited for this specific dataset. Use SMOTE instead.
    [=== Generating 10x synthetic data with ADASYN (Set 3, Params: {'n_neighbors': 3}) ===]
      [!] Failed generation with ADASYN at 10x: Not any neigbours belong to the majority class. This case will induce a NaN case with a division by zero. ADASYN is not suited for this specific dataset. Use SMOTE instead.
    [=== Generating 10x synthetic data with ADASYN (Set 4, Params: {'n_neighbors': 4}) ===]
      [!] Failed generation with ADASYN at 10x: Not any neigbours belong to the majority class. This case will induce a NaN case with a division by zero. ADASYN is not suited for this specific dataset. Use SMOTE instead.
    [=== Generating 10x synthetic data with ADASYN (Set 5, Params: {'n_neighbors': 5}) ===]
      [!] Failed generation with ADASYN at 10x: Not any neigbours belong to the majority class. This case will induce a NaN case with a division by zero. ADASYN is not suited for this specific dataset. Use SMOTE instead.

    >> Seed Fold Selection: 3/10
    Evaluating Model: KNN
      -> [Baseline] Acc: 0.9514, F1: 0.9501, Time: 0.56s
      HP Tuning KNN...
n_iterations: 4
n_required_iterations: 4
n_possible_iterations: 5
min_resources_: 190
max_resources_: 38000
aggressive_elimination: False
factor: 3
----------
iter: 0
n_candidates: 50
n_resources: 190
Fitting 5 folds for each of 50 candidates, totalling 250 fits
----------
iter: 1
n_candidates: 17
n_resources: 570
Fitting 5 folds for each of 17 candidates, totalling 85 fits
----------
iter: 2
n_candidates: 6
n_resources: 1710
Fitting 5 folds for each of 6 candidates, totalling 30 fits
----------
iter: 3
n_candidates: 2
n_resources: 5130
Fitting 5 folds for each of 2 candidates, totalling 10 fits
      -> [Tuned_Baseline] Acc: 0.9506, F1: 0.9493, Time: 0.29s
    Evaluating Model: RandomForest
      -> [Baseline] Acc: 0.9341, F1: 0.9330, Time: 8.22s
      HP Tuning RandomForest...
n_iterations: 4
n_required_iterations: 4
n_possible_iterations: 5
min_resources_: 190
max_resources_: 38000
aggressive_elimination: False
factor: 3
----------
iter: 0
n_candidates: 50
n_resources: 190
Fitting 5 folds for each of 50 candidates, totalling 250 fits
----------
iter: 1
n_candidates: 17
n_resources: 570
Fitting 5 folds for each of 17 candidates, totalling 85 fits
----------
iter: 2
n_candidates: 6
n_resources: 1710
Fitting 5 folds for each of 6 candidates, totalling 30 fits
----------
iter: 3
n_candidates: 2
n_resources: 5130
Fitting 5 folds for each of 2 candidates, totalling 10 fits
      -> [Tuned_Baseline] Acc: 0.9292, F1: 0.9278, Time: 0.09s
    Evaluating Model: LinearSVC
      -> [Baseline] Acc: 0.7338, F1: 0.7259, Time: 0.35s
      HP Tuning LinearSVC...
n_iterations: 4
n_required_iterations: 4
n_possible_iterations: 5
min_resources_: 190
max_resources_: 38000
aggressive_elimination: False
factor: 3
----------
iter: 0
n_candidates: 50
n_resources: 190
Fitting 5 folds for each of 50 candidates, totalling 250 fits
----------
iter: 1
n_candidates: 17
n_resources: 570
Fitting 5 folds for each of 17 candidates, totalling 85 fits
----------
iter: 2
n_candidates: 6
n_resources: 1710
Fitting 5 folds for each of 6 candidates, totalling 30 fits
----------
iter: 3
n_candidates: 2
n_resources: 5130
Fitting 5 folds for each of 2 candidates, totalling 10 fits
      -> [Tuned_Baseline] Acc: 0.7347, F1: 0.7269, Time: 0.00s
    Evaluating Model: LogisticRegression
      -> [Baseline] Acc: 0.8199, F1: 0.8112, Time: 3.43s
      HP Tuning LogisticRegression...
n_iterations: 4
n_required_iterations: 4
n_possible_iterations: 5
min_resources_: 190
max_resources_: 38000
aggressive_elimination: False
factor: 3
----------
iter: 0
n_candidates: 50
n_resources: 190
Fitting 5 folds for each of 50 candidates, totalling 250 fits
----------
iter: 1
n_candidates: 17
n_resources: 570
Fitting 5 folds for each of 17 candidates, totalling 85 fits
----------
iter: 2
n_candidates: 6
n_resources: 1710
Fitting 5 folds for each of 6 candidates, totalling 30 fits
----------
iter: 3
n_candidates: 2
n_resources: 5130
Fitting 5 folds for each of 2 candidates, totalling 10 fits
      -> [Tuned_Baseline] Acc: 0.8406, F1: 0.8356, Time: 0.00s
    Evaluating Model: RNN
      -> [Baseline] Acc: 0.4662, F1: 0.3396, Time: 9.40s
      HP Tuning RNN...
n_iterations: 4
n_required_iterations: 4
n_possible_iterations: 4
min_resources_: 10
max_resources_: 380
aggressive_elimination: False
factor: 3
----------
iter: 0
n_candidates: 50
n_resources: 10
Fitting 5 folds for each of 50 candidates, totalling 250 fits
----------
iter: 1
n_candidates: 17
n_resources: 30
Fitting 5 folds for each of 17 candidates, totalling 85 fits
----------
iter: 2
n_candidates: 6
n_resources: 90
Fitting 5 folds for each of 6 candidates, totalling 30 fits
----------
iter: 3
n_candidates: 2
n_resources: 270
Fitting 5 folds for each of 2 candidates, totalling 10 fits
      -> [Tuned_Baseline] Acc: 0.7368, F1: 0.7066, Time: 1.24s
    [=== Generating 2x synthetic data with ADASYN (Set 1, Params: {'n_neighbors': 1}) ===]
      [!] Failed generation with ADASYN at 2x: Not any neigbours belong to the majority class. This case will induce a NaN case with a division by zero. ADASYN is not suited for this specific dataset. Use SMOTE instead.
    [=== Generating 2x synthetic data with ADASYN (Set 2, Params: {'n_neighbors': 2}) ===]
      [!] Failed generation with ADASYN at 2x: Not any neigbours belong to the majority class. This case will induce a NaN case with a division by zero. ADASYN is not suited for this specific dataset. Use SMOTE instead.
    [=== Generating 2x synthetic data with ADASYN (Set 3, Params: {'n_neighbors': 3}) ===]
      [!] Failed generation with ADASYN at 2x: Not any neigbours belong to the majority class. This case will induce a NaN case with a division by zero. ADASYN is not suited for this specific dataset. Use SMOTE instead.
    [=== Generating 2x synthetic data with ADASYN (Set 4, Params: {'n_neighbors': 4}) ===]
      [!] Failed generation with ADASYN at 2x: Not any neigbours belong to the majority class. This case will induce a NaN case with a division by zero. ADASYN is not suited for this specific dataset. Use SMOTE instead.
    [=== Generating 2x synthetic data with ADASYN (Set 5, Params: {'n_neighbors': 5}) ===]
      [!] Failed generation with ADASYN at 2x: Not any neigbours belong to the majority class. This case will induce a NaN case with a division by zero. ADASYN is not suited for this specific dataset. Use SMOTE instead.
    [=== Generating 3x synthetic data with ADASYN (Set 1, Params: {'n_neighbors': 1}) ===]
      [!] Failed generation with ADASYN at 3x: Not any neigbours belong to the majority class. This case will induce a NaN case with a division by zero. ADASYN is not suited for this specific dataset. Use SMOTE instead.
    [=== Generating 3x synthetic data with ADASYN (Set 2, Params: {'n_neighbors': 2}) ===]
      [!] Failed generation with ADASYN at 3x: Not any neigbours belong to the majority class. This case will induce a NaN case with a division by zero. ADASYN is not suited for this specific dataset. Use SMOTE instead.
    [=== Generating 3x synthetic data with ADASYN (Set 3, Params: {'n_neighbors': 3}) ===]
      [!] Failed generation with ADASYN at 3x: Not any neigbours belong to the majority class. This case will induce a NaN case with a division by zero. ADASYN is not suited for this specific dataset. Use SMOTE instead.
    [=== Generating 3x synthetic data with ADASYN (Set 4, Params: {'n_neighbors': 4}) ===]
      [!] Failed generation with ADASYN at 3x: Not any neigbours belong to the majority class. This case will induce a NaN case with a division by zero. ADASYN is not suited for this specific dataset. Use SMOTE instead.
    [=== Generating 3x synthetic data with ADASYN (Set 5, Params: {'n_neighbors': 5}) ===]
      [!] Failed generation with ADASYN at 3x: Not any neigbours belong to the majority class. This case will induce a NaN case with a division by zero. ADASYN is not suited for this specific dataset. Use SMOTE instead.
    [=== Generating 5x synthetic data with ADASYN (Set 1, Params: {'n_neighbors': 1}) ===]
      [!] Failed generation with ADASYN at 5x: Not any neigbours belong to the majority class. This case will induce a NaN case with a division by zero. ADASYN is not suited for this specific dataset. Use SMOTE instead.
    [=== Generating 5x synthetic data with ADASYN (Set 2, Params: {'n_neighbors': 2}) ===]
      [!] Failed generation with ADASYN at 5x: Not any neigbours belong to the majority class. This case will induce a NaN case with a division by zero. ADASYN is not suited for this specific dataset. Use SMOTE instead.
    [=== Generating 5x synthetic data with ADASYN (Set 3, Params: {'n_neighbors': 3}) ===]
      [!] Failed generation with ADASYN at 5x: Not any neigbours belong to the majority class. This case will induce a NaN case with a division by zero. ADASYN is not suited for this specific dataset. Use SMOTE instead.
    [=== Generating 5x synthetic data with ADASYN (Set 4, Params: {'n_neighbors': 4}) ===]
      [!] Failed generation with ADASYN at 5x: Not any neigbours belong to the majority class. This case will induce a NaN case with a division by zero. ADASYN is not suited for this specific dataset. Use SMOTE instead.
    [=== Generating 5x synthetic data with ADASYN (Set 5, Params: {'n_neighbors': 5}) ===]
      [!] Failed generation with ADASYN at 5x: Not any neigbours belong to the majority class. This case will induce a NaN case with a division by zero. ADASYN is not suited for this specific dataset. Use SMOTE instead.
    [=== Generating 10x synthetic data with ADASYN (Set 1, Params: {'n_neighbors': 1}) ===]
      [!] Failed generation with ADASYN at 10x: Not any neigbours belong to the majority class. This case will induce a NaN case with a division by zero. ADASYN is not suited for this specific dataset. Use SMOTE instead.
    [=== Generating 10x synthetic data with ADASYN (Set 2, Params: {'n_neighbors': 2}) ===]
      [!] Failed generation with ADASYN at 10x: Not any neigbours belong to the majority class. This case will induce a NaN case with a division by zero. ADASYN is not suited for this specific dataset. Use SMOTE instead.
    [=== Generating 10x synthetic data with ADASYN (Set 3, Params: {'n_neighbors': 3}) ===]
      [!] Failed generation with ADASYN at 10x: Not any neigbours belong to the majority class. This case will induce a NaN case with a division by zero. ADASYN is not suited for this specific dataset. Use SMOTE instead.
    [=== Generating 10x synthetic data with ADASYN (Set 4, Params: {'n_neighbors': 4}) ===]
      [!] Failed generation with ADASYN at 10x: Not any neigbours belong to the majority class. This case will induce a NaN case with a division by zero. ADASYN is not suited for this specific dataset. Use SMOTE instead.
    [=== Generating 10x synthetic data with ADASYN (Set 5, Params: {'n_neighbors': 5}) ===]
      [!] Failed generation with ADASYN at 10x: Not any neigbours belong to the majority class. This case will induce a NaN case with a division by zero. ADASYN is not suited for this specific dataset. Use SMOTE instead.

    >> Seed Fold Selection: 4/10
    Evaluating Model: KNN
      -> [Baseline] Acc: 0.9615, F1: 0.9613, Time: 0.69s
      HP Tuning KNN...
n_iterations: 4
n_required_iterations: 4
n_possible_iterations: 5
min_resources_: 190
max_resources_: 38000
aggressive_elimination: False
factor: 3
----------
iter: 0
n_candidates: 50
n_resources: 190
Fitting 5 folds for each of 50 candidates, totalling 250 fits
----------
iter: 1
n_candidates: 17
n_resources: 570
Fitting 5 folds for each of 17 candidates, totalling 85 fits
----------
iter: 2
n_candidates: 6
n_resources: 1710
Fitting 5 folds for each of 6 candidates, totalling 30 fits
----------
iter: 3
n_candidates: 2
n_resources: 5130
Fitting 5 folds for each of 2 candidates, totalling 10 fits
      -> [Tuned_Baseline] Acc: 0.9625, F1: 0.9622, Time: 0.43s
    Evaluating Model: RandomForest
      -> [Baseline] Acc: 0.9519, F1: 0.9516, Time: 10.97s
      HP Tuning RandomForest...
n_iterations: 4
n_required_iterations: 4
n_possible_iterations: 5
min_resources_: 190
max_resources_: 38000
aggressive_elimination: False
factor: 3
----------
iter: 0
n_candidates: 50
n_resources: 190
Fitting 5 folds for each of 50 candidates, totalling 250 fits
----------
iter: 1
n_candidates: 17
n_resources: 570
Fitting 5 folds for each of 17 candidates, totalling 85 fits
----------
iter: 2
n_candidates: 6
n_resources: 1710
Fitting 5 folds for each of 6 candidates, totalling 30 fits
----------
iter: 3
n_candidates: 2
n_resources: 5130
Fitting 5 folds for each of 2 candidates, totalling 10 fits
      -> [Tuned_Baseline] Acc: 0.9521, F1: 0.9518, Time: 0.16s
    Evaluating Model: LinearSVC
      -> [Baseline] Acc: 0.7244, F1: 0.7085, Time: 0.46s
      HP Tuning LinearSVC...
n_iterations: 4
n_required_iterations: 4
n_possible_iterations: 5
min_resources_: 190
max_resources_: 38000
aggressive_elimination: False
factor: 3
----------
iter: 0
n_candidates: 50
n_resources: 190
Fitting 5 folds for each of 50 candidates, totalling 250 fits
----------
iter: 1
n_candidates: 17
n_resources: 570
Fitting 5 folds for each of 17 candidates, totalling 85 fits
----------
iter: 2
n_candidates: 6
n_resources: 1710
Fitting 5 folds for each of 6 candidates, totalling 30 fits
----------
iter: 3
n_candidates: 2
n_resources: 5130
Fitting 5 folds for each of 2 candidates, totalling 10 fits
      -> [Tuned_Baseline] Acc: 0.7251, F1: 0.7094, Time: 0.01s
    Evaluating Model: LogisticRegression
      -> [Baseline] Acc: 0.8274, F1: 0.8238, Time: 5.57s
      HP Tuning LogisticRegression...
n_iterations: 4
n_required_iterations: 4
n_possible_iterations: 5
min_resources_: 190
max_resources_: 38000
aggressive_elimination: False
factor: 3
----------
iter: 0
n_candidates: 50
n_resources: 190
Fitting 5 folds for each of 50 candidates, totalling 250 fits
----------
iter: 1
n_candidates: 17
n_resources: 570
Fitting 5 folds for each of 17 candidates, totalling 85 fits
----------
iter: 2
n_candidates: 6
n_resources: 1710
Fitting 5 folds for each of 6 candidates, totalling 30 fits
----------
iter: 3
n_candidates: 2
n_resources: 5130
Fitting 5 folds for each of 2 candidates, totalling 10 fits
      -> [Tuned_Baseline] Acc: 0.8407, F1: 0.8405, Time: 0.01s
    Evaluating Model: RNN
      -> [Baseline] Acc: 0.4586, F1: 0.3461, Time: 11.27s
      HP Tuning RNN...
n_iterations: 4
n_required_iterations: 4
n_possible_iterations: 4
min_resources_: 10
max_resources_: 380
aggressive_elimination: False
factor: 3
----------
iter: 0
n_candidates: 50
n_resources: 10
Fitting 5 folds for each of 50 candidates, totalling 250 fits
----------
iter: 1
n_candidates: 17
n_resources: 30
Fitting 5 folds for each of 17 candidates, totalling 85 fits
----------
iter: 2
n_candidates: 6
n_resources: 90
Fitting 5 folds for each of 6 candidates, totalling 30 fits
----------
iter: 3
n_candidates: 2
n_resources: 270
Fitting 5 folds for each of 2 candidates, totalling 10 fits
      -> [Tuned_Baseline] Acc: 0.7218, F1: 0.6804, Time: 1.27s
    [=== Generating 2x synthetic data with ADASYN (Set 1, Params: {'n_neighbors': 1}) ===]
      [!] Failed generation with ADASYN at 2x: Not any neigbours belong to the majority class. This case will induce a NaN case with a division by zero. ADASYN is not suited for this specific dataset. Use SMOTE instead.
    [=== Generating 2x synthetic data with ADASYN (Set 2, Params: {'n_neighbors': 2}) ===]
      [!] Failed generation with ADASYN at 2x: Not any neigbours belong to the majority class. This case will induce a NaN case with a division by zero. ADASYN is not suited for this specific dataset. Use SMOTE instead.
    [=== Generating 2x synthetic data with ADASYN (Set 3, Params: {'n_neighbors': 3}) ===]
      [!] Failed generation with ADASYN at 2x: Not any neigbours belong to the majority class. This case will induce a NaN case with a division by zero. ADASYN is not suited for this specific dataset. Use SMOTE instead.
    [=== Generating 2x synthetic data with ADASYN (Set 4, Params: {'n_neighbors': 4}) ===]
      [!] Failed generation with ADASYN at 2x: Not any neigbours belong to the majority class. This case will induce a NaN case with a division by zero. ADASYN is not suited for this specific dataset. Use SMOTE instead.
    [=== Generating 2x synthetic data with ADASYN (Set 5, Params: {'n_neighbors': 5}) ===]
      [!] Failed generation with ADASYN at 2x: Not any neigbours belong to the majority class. This case will induce a NaN case with a division by zero. ADASYN is not suited for this specific dataset. Use SMOTE instead.
    [=== Generating 3x synthetic data with ADASYN (Set 1, Params: {'n_neighbors': 1}) ===]
      [!] Failed generation with ADASYN at 3x: Not any neigbours belong to the majority class. This case will induce a NaN case with a division by zero. ADASYN is not suited for this specific dataset. Use SMOTE instead.
    [=== Generating 3x synthetic data with ADASYN (Set 2, Params: {'n_neighbors': 2}) ===]
      [!] Failed generation with ADASYN at 3x: Not any neigbours belong to the majority class. This case will induce a NaN case with a division by zero. ADASYN is not suited for this specific dataset. Use SMOTE instead.
    [=== Generating 3x synthetic data with ADASYN (Set 3, Params: {'n_neighbors': 3}) ===]
      [!] Failed generation with ADASYN at 3x: Not any neigbours belong to the majority class. This case will induce a NaN case with a division by zero. ADASYN is not suited for this specific dataset. Use SMOTE instead.
    [=== Generating 3x synthetic data with ADASYN (Set 4, Params: {'n_neighbors': 4}) ===]
      [!] Failed generation with ADASYN at 3x: Not any neigbours belong to the majority class. This case will induce a NaN case with a division by zero. ADASYN is not suited for this specific dataset. Use SMOTE instead.
    [=== Generating 3x synthetic data with ADASYN (Set 5, Params: {'n_neighbors': 5}) ===]
      [!] Failed generation with ADASYN at 3x: Not any neigbours belong to the majority class. This case will induce a NaN case with a division by zero. ADASYN is not suited for this specific dataset. Use SMOTE instead.
    [=== Generating 5x synthetic data with ADASYN (Set 1, Params: {'n_neighbors': 1}) ===]
      [!] Failed generation with ADASYN at 5x: Not any neigbours belong to the majority class. This case will induce a NaN case with a division by zero. ADASYN is not suited for this specific dataset. Use SMOTE instead.
    [=== Generating 5x synthetic data with ADASYN (Set 2, Params: {'n_neighbors': 2}) ===]
      [!] Failed generation with ADASYN at 5x: Not any neigbours belong to the majority class. This case will induce a NaN case with a division by zero. ADASYN is not suited for this specific dataset. Use SMOTE instead.
    [=== Generating 5x synthetic data with ADASYN (Set 3, Params: {'n_neighbors': 3}) ===]
      [!] Failed generation with ADASYN at 5x: Not any neigbours belong to the majority class. This case will induce a NaN case with a division by zero. ADASYN is not suited for this specific dataset. Use SMOTE instead.
    [=== Generating 5x synthetic data with ADASYN (Set 4, Params: {'n_neighbors': 4}) ===]
      [!] Failed generation with ADASYN at 5x: Not any neigbours belong to the majority class. This case will induce a NaN case with a division by zero. ADASYN is not suited for this specific dataset. Use SMOTE instead.
    [=== Generating 5x synthetic data with ADASYN (Set 5, Params: {'n_neighbors': 5}) ===]
      [!] Failed generation with ADASYN at 5x: Not any neigbours belong to the majority class. This case will induce a NaN case with a division by zero. ADASYN is not suited for this specific dataset. Use SMOTE instead.
    [=== Generating 10x synthetic data with ADASYN (Set 1, Params: {'n_neighbors': 1}) ===]
      [!] Failed generation with ADASYN at 10x: Not any neigbours belong to the majority class. This case will induce a NaN case with a division by zero. ADASYN is not suited for this specific dataset. Use SMOTE instead.
    [=== Generating 10x synthetic data with ADASYN (Set 2, Params: {'n_neighbors': 2}) ===]
      [!] Failed generation with ADASYN at 10x: Not any neigbours belong to the majority class. This case will induce a NaN case with a division by zero. ADASYN is not suited for this specific dataset. Use SMOTE instead.
    [=== Generating 10x synthetic data with ADASYN (Set 3, Params: {'n_neighbors': 3}) ===]
      [!] Failed generation with ADASYN at 10x: Not any neigbours belong to the majority class. This case will induce a NaN case with a division by zero. ADASYN is not suited for this specific dataset. Use SMOTE instead.
    [=== Generating 10x synthetic data with ADASYN (Set 4, Params: {'n_neighbors': 4}) ===]
      [!] Failed generation with ADASYN at 10x: Not any neigbours belong to the majority class. This case will induce a NaN case with a division by zero. ADASYN is not suited for this specific dataset. Use SMOTE instead.
    [=== Generating 10x synthetic data with ADASYN (Set 5, Params: {'n_neighbors': 5}) ===]
      [!] Failed generation with ADASYN at 10x: Not any neigbours belong to the majority class. This case will induce a NaN case with a division by zero. ADASYN is not suited for this specific dataset. Use SMOTE instead.

    >> Seed Fold Selection: 5/10
    Evaluating Model: KNN
      -> [Baseline] Acc: 0.9415, F1: 0.9407, Time: 0.70s
      HP Tuning KNN...
n_iterations: 4
n_required_iterations: 4
n_possible_iterations: 5
min_resources_: 190
max_resources_: 38000
aggressive_elimination: False
factor: 3
----------
iter: 0
n_candidates: 50
n_resources: 190
Fitting 5 folds for each of 50 candidates, totalling 250 fits
----------
iter: 1
n_candidates: 17
n_resources: 570
Fitting 5 folds for each of 17 candidates, totalling 85 fits
----------
iter: 2
n_candidates: 6
n_resources: 1710
Fitting 5 folds for each of 6 candidates, totalling 30 fits
----------
iter: 3
n_candidates: 2
n_resources: 5130
Fitting 5 folds for each of 2 candidates, totalling 10 fits
      -> [Tuned_Baseline] Acc: 0.9448, F1: 0.9440, Time: 0.42s
    Evaluating Model: RandomForest
      -> [Baseline] Acc: 0.9217, F1: 0.9206, Time: 10.82s
      HP Tuning RandomForest...
n_iterations: 4
n_required_iterations: 4
n_possible_iterations: 5
min_resources_: 190
max_resources_: 38000
aggressive_elimination: False
factor: 3
----------
iter: 0
n_candidates: 50
n_resources: 190
Fitting 5 folds for each of 50 candidates, totalling 250 fits
----------
iter: 1
n_candidates: 17
n_resources: 570
Fitting 5 folds for each of 17 candidates, totalling 85 fits
----------
iter: 2
n_candidates: 6
n_resources: 1710
Fitting 5 folds for each of 6 candidates, totalling 30 fits
----------
iter: 3
n_candidates: 2
n_resources: 5130
Fitting 5 folds for each of 2 candidates, totalling 10 fits
      -> [Tuned_Baseline] Acc: 0.9184, F1: 0.9175, Time: 0.09s
    Evaluating Model: LinearSVC
      -> [Baseline] Acc: 0.7411, F1: 0.7328, Time: 0.42s
      HP Tuning LinearSVC...
n_iterations: 4
n_required_iterations: 4
n_possible_iterations: 5
min_resources_: 190
max_resources_: 38000
aggressive_elimination: False
factor: 3
----------
iter: 0
n_candidates: 50
n_resources: 190
Fitting 5 folds for each of 50 candidates, totalling 250 fits
----------
iter: 1
n_candidates: 17
n_resources: 570
Fitting 5 folds for each of 17 candidates, totalling 85 fits
----------
iter: 2
n_candidates: 6
n_resources: 1710
Fitting 5 folds for each of 6 candidates, totalling 30 fits
----------
iter: 3
n_candidates: 2
n_resources: 5130
Fitting 5 folds for each of 2 candidates, totalling 10 fits
      -> [Tuned_Baseline] Acc: 0.7420, F1: 0.7339, Time: 0.00s
    Evaluating Model: LogisticRegression
      -> [Baseline] Acc: 0.8183, F1: 0.8111, Time: 3.71s
      HP Tuning LogisticRegression...
n_iterations: 4
n_required_iterations: 4
n_possible_iterations: 5
min_resources_: 190
max_resources_: 38000
aggressive_elimination: False
factor: 3
----------
iter: 0
n_candidates: 50
n_resources: 190
Fitting 5 folds for each of 50 candidates, totalling 250 fits
----------
iter: 1
n_candidates: 17
n_resources: 570
Fitting 5 folds for each of 17 candidates, totalling 85 fits
----------
iter: 2
n_candidates: 6
n_resources: 1710
Fitting 5 folds for each of 6 candidates, totalling 30 fits
----------
iter: 3
n_candidates: 2
n_resources: 5130
Fitting 5 folds for each of 2 candidates, totalling 10 fits
      -> [Tuned_Baseline] Acc: 0.8302, F1: 0.8231, Time: 0.01s
    Evaluating Model: RNN
      -> [Baseline] Acc: 0.4737, F1: 0.3680, Time: 8.37s
      HP Tuning RNN...
n_iterations: 4
n_required_iterations: 4
n_possible_iterations: 4
min_resources_: 10
max_resources_: 380
aggressive_elimination: False
factor: 3
----------
iter: 0
n_candidates: 50
n_resources: 10
Fitting 5 folds for each of 50 candidates, totalling 250 fits
----------
iter: 1
n_candidates: 17
n_resources: 30
Fitting 5 folds for each of 17 candidates, totalling 85 fits
----------
iter: 2
n_candidates: 6
n_resources: 90
Fitting 5 folds for each of 6 candidates, totalling 30 fits
----------
iter: 3
n_candidates: 2
n_resources: 270
Fitting 5 folds for each of 2 candidates, totalling 10 fits
      -> [Tuned_Baseline] Acc: 0.3459, F1: 0.2240, Time: 1.26s
    [=== Generating 2x synthetic data with ADASYN (Set 1, Params: {'n_neighbors': 1}) ===]
      [!] Failed generation with ADASYN at 2x: Not any neigbours belong to the majority class. This case will induce a NaN case with a division by zero. ADASYN is not suited for this specific dataset. Use SMOTE instead.
    [=== Generating 2x synthetic data with ADASYN (Set 2, Params: {'n_neighbors': 2}) ===]
      [!] Failed generation with ADASYN at 2x: Not any neigbours belong to the majority class. This case will induce a NaN case with a division by zero. ADASYN is not suited for this specific dataset. Use SMOTE instead.
    [=== Generating 2x synthetic data with ADASYN (Set 3, Params: {'n_neighbors': 3}) ===]
      [!] Failed generation with ADASYN at 2x: Not any neigbours belong to the majority class. This case will induce a NaN case with a division by zero. ADASYN is not suited for this specific dataset. Use SMOTE instead.
    [=== Generating 2x synthetic data with ADASYN (Set 4, Params: {'n_neighbors': 4}) ===]
      [!] Failed generation with ADASYN at 2x: Not any neigbours belong to the majority class. This case will induce a NaN case with a division by zero. ADASYN is not suited for this specific dataset. Use SMOTE instead.
    [=== Generating 2x synthetic data with ADASYN (Set 5, Params: {'n_neighbors': 5}) ===]
      [!] Failed generation with ADASYN at 2x: Not any neigbours belong to the majority class. This case will induce a NaN case with a division by zero. ADASYN is not suited for this specific dataset. Use SMOTE instead.
    [=== Generating 3x synthetic data with ADASYN (Set 1, Params: {'n_neighbors': 1}) ===]
      [!] Failed generation with ADASYN at 3x: Not any neigbours belong to the majority class. This case will induce a NaN case with a division by zero. ADASYN is not suited for this specific dataset. Use SMOTE instead.
    [=== Generating 3x synthetic data with ADASYN (Set 2, Params: {'n_neighbors': 2}) ===]
      [!] Failed generation with ADASYN at 3x: Not any neigbours belong to the majority class. This case will induce a NaN case with a division by zero. ADASYN is not suited for this specific dataset. Use SMOTE instead.
    [=== Generating 3x synthetic data with ADASYN (Set 3, Params: {'n_neighbors': 3}) ===]
      [!] Failed generation with ADASYN at 3x: Not any neigbours belong to the majority class. This case will induce a NaN case with a division by zero. ADASYN is not suited for this specific dataset. Use SMOTE instead.
    [=== Generating 3x synthetic data with ADASYN (Set 4, Params: {'n_neighbors': 4}) ===]
      [!] Failed generation with ADASYN at 3x: Not any neigbours belong to the majority class. This case will induce a NaN case with a division by zero. ADASYN is not suited for this specific dataset. Use SMOTE instead.
    [=== Generating 3x synthetic data with ADASYN (Set 5, Params: {'n_neighbors': 5}) ===]
      [!] Failed generation with ADASYN at 3x: Not any neigbours belong to the majority class. This case will induce a NaN case with a division by zero. ADASYN is not suited for this specific dataset. Use SMOTE instead.
    [=== Generating 5x synthetic data with ADASYN (Set 1, Params: {'n_neighbors': 1}) ===]
      [!] Failed generation with ADASYN at 5x: Not any neigbours belong to the majority class. This case will induce a NaN case with a division by zero. ADASYN is not suited for this specific dataset. Use SMOTE instead.
    [=== Generating 5x synthetic data with ADASYN (Set 2, Params: {'n_neighbors': 2}) ===]
      [!] Failed generation with ADASYN at 5x: Not any neigbours belong to the majority class. This case will induce a NaN case with a division by zero. ADASYN is not suited for this specific dataset. Use SMOTE instead.
    [=== Generating 5x synthetic data with ADASYN (Set 3, Params: {'n_neighbors': 3}) ===]
      [!] Failed generation with ADASYN at 5x: Not any neigbours belong to the majority class. This case will induce a NaN case with a division by zero. ADASYN is not suited for this specific dataset. Use SMOTE instead.
    [=== Generating 5x synthetic data with ADASYN (Set 4, Params: {'n_neighbors': 4}) ===]
      [!] Failed generation with ADASYN at 5x: Not any neigbours belong to the majority class. This case will induce a NaN case with a division by zero. ADASYN is not suited for this specific dataset. Use SMOTE instead.
    [=== Generating 5x synthetic data with ADASYN (Set 5, Params: {'n_neighbors': 5}) ===]
      [!] Failed generation with ADASYN at 5x: Not any neigbours belong to the majority class. This case will induce a NaN case with a division by zero. ADASYN is not suited for this specific dataset. Use SMOTE instead.
    [=== Generating 10x synthetic data with ADASYN (Set 1, Params: {'n_neighbors': 1}) ===]
      [!] Failed generation with ADASYN at 10x: Not any neigbours belong to the majority class. This case will induce a NaN case with a division by zero. ADASYN is not suited for this specific dataset. Use SMOTE instead.
    [=== Generating 10x synthetic data with ADASYN (Set 2, Params: {'n_neighbors': 2}) ===]
      [!] Failed generation with ADASYN at 10x: Not any neigbours belong to the majority class. This case will induce a NaN case with a division by zero. ADASYN is not suited for this specific dataset. Use SMOTE instead.
    [=== Generating 10x synthetic data with ADASYN (Set 3, Params: {'n_neighbors': 3}) ===]
      [!] Failed generation with ADASYN at 10x: Not any neigbours belong to the majority class. This case will induce a NaN case with a division by zero. ADASYN is not suited for this specific dataset. Use SMOTE instead.
    [=== Generating 10x synthetic data with ADASYN (Set 4, Params: {'n_neighbors': 4}) ===]
      [!] Failed generation with ADASYN at 10x: Not any neigbours belong to the majority class. This case will induce a NaN case with a division by zero. ADASYN is not suited for this specific dataset. Use SMOTE instead.
    [=== Generating 10x synthetic data with ADASYN (Set 5, Params: {'n_neighbors': 5}) ===]
      [!] Failed generation with ADASYN at 10x: Not any neigbours belong to the majority class. This case will induce a NaN case with a division by zero. ADASYN is not suited for this specific dataset. Use SMOTE instead.

    >> Seed Fold Selection: 6/10
    Evaluating Model: KNN
      -> [Baseline] Acc: 0.9481, F1: 0.9476, Time: 0.70s
      HP Tuning KNN...
n_iterations: 4
n_required_iterations: 4
n_possible_iterations: 5
min_resources_: 190
max_resources_: 38000
aggressive_elimination: False
factor: 3
----------
iter: 0
n_candidates: 50
n_resources: 190
Fitting 5 folds for each of 50 candidates, totalling 250 fits
----------
iter: 1
n_candidates: 17
n_resources: 570
Fitting 5 folds for each of 17 candidates, totalling 85 fits
----------
iter: 2
n_candidates: 6
n_resources: 1710
Fitting 5 folds for each of 6 candidates, totalling 30 fits
----------
iter: 3
n_candidates: 2
n_resources: 5130
Fitting 5 folds for each of 2 candidates, totalling 10 fits
      -> [Tuned_Baseline] Acc: 0.9475, F1: 0.9471, Time: 0.40s
    Evaluating Model: RandomForest
      -> [Baseline] Acc: 0.9519, F1: 0.9514, Time: 12.10s
      HP Tuning RandomForest...
n_iterations: 4
n_required_iterations: 4
n_possible_iterations: 5
min_resources_: 190
max_resources_: 38000
aggressive_elimination: False
factor: 3
----------
iter: 0
n_candidates: 50
n_resources: 190
Fitting 5 folds for each of 50 candidates, totalling 250 fits
----------
iter: 1
n_candidates: 17
n_resources: 570
Fitting 5 folds for each of 17 candidates, totalling 85 fits
----------
iter: 2
n_candidates: 6
n_resources: 1710
Fitting 5 folds for each of 6 candidates, totalling 30 fits
----------
iter: 3
n_candidates: 2
n_resources: 5130
Fitting 5 folds for each of 2 candidates, totalling 10 fits
      -> [Tuned_Baseline] Acc: 0.9510, F1: 0.9505, Time: 0.11s
    Evaluating Model: LinearSVC
      -> [Baseline] Acc: 0.7323, F1: 0.7203, Time: 0.44s
      HP Tuning LinearSVC...
n_iterations: 4
n_required_iterations: 4
n_possible_iterations: 5
min_resources_: 190
max_resources_: 38000
aggressive_elimination: False
factor: 3
----------
iter: 0
n_candidates: 50
n_resources: 190
Fitting 5 folds for each of 50 candidates, totalling 250 fits
----------
iter: 1
n_candidates: 17
n_resources: 570
Fitting 5 folds for each of 17 candidates, totalling 85 fits
----------
iter: 2
n_candidates: 6
n_resources: 1710
Fitting 5 folds for each of 6 candidates, totalling 30 fits
----------
iter: 3
n_candidates: 2
n_resources: 5130
Fitting 5 folds for each of 2 candidates, totalling 10 fits
      -> [Tuned_Baseline] Acc: 0.7326, F1: 0.7210, Time: 0.01s
    Evaluating Model: LogisticRegression
      -> [Baseline] Acc: 0.8290, F1: 0.8270, Time: 5.82s
      HP Tuning LogisticRegression...
n_iterations: 4
n_required_iterations: 4
n_possible_iterations: 5
min_resources_: 190
max_resources_: 38000
aggressive_elimination: False
factor: 3
----------
iter: 0
n_candidates: 50
n_resources: 190
Fitting 5 folds for each of 50 candidates, totalling 250 fits
----------
iter: 1
n_candidates: 17
n_resources: 570
Fitting 5 folds for each of 17 candidates, totalling 85 fits
----------
iter: 2
n_candidates: 6
n_resources: 1710
Fitting 5 folds for each of 6 candidates, totalling 30 fits
----------
iter: 3
n_candidates: 2
n_resources: 5130
Fitting 5 folds for each of 2 candidates, totalling 10 fits
      -> [Tuned_Baseline] Acc: 0.8394, F1: 0.8380, Time: 0.01s
    Evaluating Model: RNN
      -> [Baseline] Acc: 0.5113, F1: 0.4151, Time: 15.10s
      HP Tuning RNN...
n_iterations: 4
n_required_iterations: 4
n_possible_iterations: 4
min_resources_: 10
max_resources_: 380
aggressive_elimination: False
factor: 3
----------
iter: 0
n_candidates: 50
n_resources: 10
Fitting 5 folds for each of 50 candidates, totalling 250 fits
----------
iter: 1
n_candidates: 17
n_resources: 30
Fitting 5 folds for each of 17 candidates, totalling 85 fits
----------
iter: 2
n_candidates: 6
n_resources: 90
Fitting 5 folds for each of 6 candidates, totalling 30 fits
----------
iter: 3
n_candidates: 2
n_resources: 270
Fitting 5 folds for each of 2 candidates, totalling 10 fits
      -> [Tuned_Baseline] Acc: 0.7143, F1: 0.6608, Time: 1.23s
    [=== Generating 2x synthetic data with ADASYN (Set 1, Params: {'n_neighbors': 1}) ===]
      [!] Failed generation with ADASYN at 2x: Not any neigbours belong to the majority class. This case will induce a NaN case with a division by zero. ADASYN is not suited for this specific dataset. Use SMOTE instead.
    [=== Generating 2x synthetic data with ADASYN (Set 2, Params: {'n_neighbors': 2}) ===]
      [!] Failed generation with ADASYN at 2x: Not any neigbours belong to the majority class. This case will induce a NaN case with a division by zero. ADASYN is not suited for this specific dataset. Use SMOTE instead.
    [=== Generating 2x synthetic data with ADASYN (Set 3, Params: {'n_neighbors': 3}) ===]
      [!] Failed generation with ADASYN at 2x: Not any neigbours belong to the majority class. This case will induce a NaN case with a division by zero. ADASYN is not suited for this specific dataset. Use SMOTE instead.
    [=== Generating 2x synthetic data with ADASYN (Set 4, Params: {'n_neighbors': 4}) ===]
      [!] Failed generation with ADASYN at 2x: Not any neigbours belong to the majority class. This case will induce a NaN case with a division by zero. ADASYN is not suited for this specific dataset. Use SMOTE instead.
    [=== Generating 2x synthetic data with ADASYN (Set 5, Params: {'n_neighbors': 5}) ===]
      [!] Failed generation with ADASYN at 2x: Not any neigbours belong to the majority class. This case will induce a NaN case with a division by zero. ADASYN is not suited for this specific dataset. Use SMOTE instead.
    [=== Generating 3x synthetic data with ADASYN (Set 1, Params: {'n_neighbors': 1}) ===]
      [!] Failed generation with ADASYN at 3x: Not any neigbours belong to the majority class. This case will induce a NaN case with a division by zero. ADASYN is not suited for this specific dataset. Use SMOTE instead.
    [=== Generating 3x synthetic data with ADASYN (Set 2, Params: {'n_neighbors': 2}) ===]
      [!] Failed generation with ADASYN at 3x: Not any neigbours belong to the majority class. This case will induce a NaN case with a division by zero. ADASYN is not suited for this specific dataset. Use SMOTE instead.
    [=== Generating 3x synthetic data with ADASYN (Set 3, Params: {'n_neighbors': 3}) ===]
      [!] Failed generation with ADASYN at 3x: Not any neigbours belong to the majority class. This case will induce a NaN case with a division by zero. ADASYN is not suited for this specific dataset. Use SMOTE instead.
    [=== Generating 3x synthetic data with ADASYN (Set 4, Params: {'n_neighbors': 4}) ===]
      [!] Failed generation with ADASYN at 3x: Not any neigbours belong to the majority class. This case will induce a NaN case with a division by zero. ADASYN is not suited for this specific dataset. Use SMOTE instead.
    [=== Generating 3x synthetic data with ADASYN (Set 5, Params: {'n_neighbors': 5}) ===]
      [!] Failed generation with ADASYN at 3x: Not any neigbours belong to the majority class. This case will induce a NaN case with a division by zero. ADASYN is not suited for this specific dataset. Use SMOTE instead.
    [=== Generating 5x synthetic data with ADASYN (Set 1, Params: {'n_neighbors': 1}) ===]
      [!] Failed generation with ADASYN at 5x: Not any neigbours belong to the majority class. This case will induce a NaN case with a division by zero. ADASYN is not suited for this specific dataset. Use SMOTE instead.
    [=== Generating 5x synthetic data with ADASYN (Set 2, Params: {'n_neighbors': 2}) ===]
      [!] Failed generation with ADASYN at 5x: Not any neigbours belong to the majority class. This case will induce a NaN case with a division by zero. ADASYN is not suited for this specific dataset. Use SMOTE instead.
    [=== Generating 5x synthetic data with ADASYN (Set 3, Params: {'n_neighbors': 3}) ===]
      [!] Failed generation with ADASYN at 5x: Not any neigbours belong to the majority class. This case will induce a NaN case with a division by zero. ADASYN is not suited for this specific dataset. Use SMOTE instead.
    [=== Generating 5x synthetic data with ADASYN (Set 4, Params: {'n_neighbors': 4}) ===]
      [!] Failed generation with ADASYN at 5x: Not any neigbours belong to the majority class. This case will induce a NaN case with a division by zero. ADASYN is not suited for this specific dataset. Use SMOTE instead.
    [=== Generating 5x synthetic data with ADASYN (Set 5, Params: {'n_neighbors': 5}) ===]
      [!] Failed generation with ADASYN at 5x: Not any neigbours belong to the majority class. This case will induce a NaN case with a division by zero. ADASYN is not suited for this specific dataset. Use SMOTE instead.
    [=== Generating 10x synthetic data with ADASYN (Set 1, Params: {'n_neighbors': 1}) ===]
      [!] Failed generation with ADASYN at 10x: Not any neigbours belong to the majority class. This case will induce a NaN case with a division by zero. ADASYN is not suited for this specific dataset. Use SMOTE instead.
    [=== Generating 10x synthetic data with ADASYN (Set 2, Params: {'n_neighbors': 2}) ===]
      [!] Failed generation with ADASYN at 10x: Not any neigbours belong to the majority class. This case will induce a NaN case with a division by zero. ADASYN is not suited for this specific dataset. Use SMOTE instead.
    [=== Generating 10x synthetic data with ADASYN (Set 3, Params: {'n_neighbors': 3}) ===]
      [!] Failed generation with ADASYN at 10x: Not any neigbours belong to the majority class. This case will induce a NaN case with a division by zero. ADASYN is not suited for this specific dataset. Use SMOTE instead.
    [=== Generating 10x synthetic data with ADASYN (Set 4, Params: {'n_neighbors': 4}) ===]
      [!] Failed generation with ADASYN at 10x: Not any neigbours belong to the majority class. This case will induce a NaN case with a division by zero. ADASYN is not suited for this specific dataset. Use SMOTE instead.
    [=== Generating 10x synthetic data with ADASYN (Set 5, Params: {'n_neighbors': 5}) ===]
      [!] Failed generation with ADASYN at 10x: Not any neigbours belong to the majority class. This case will induce a NaN case with a division by zero. ADASYN is not suited for this specific dataset. Use SMOTE instead.

    >> Seed Fold Selection: 7/10
    Evaluating Model: KNN
      -> [Baseline] Acc: 0.9427, F1: 0.9421, Time: 0.64s
      HP Tuning KNN...
n_iterations: 4
n_required_iterations: 4
n_possible_iterations: 5
min_resources_: 190
max_resources_: 38000
aggressive_elimination: False
factor: 3
----------
iter: 0
n_candidates: 50
n_resources: 190
Fitting 5 folds for each of 50 candidates, totalling 250 fits
----------
iter: 1
n_candidates: 17
n_resources: 570
Fitting 5 folds for each of 17 candidates, totalling 85 fits
----------
iter: 2
n_candidates: 6
n_resources: 1710
Fitting 5 folds for each of 6 candidates, totalling 30 fits
----------
iter: 3
n_candidates: 2
n_resources: 5130
Fitting 5 folds for each of 2 candidates, totalling 10 fits
      -> [Tuned_Baseline] Acc: 0.9429, F1: 0.9422, Time: 0.38s
    Evaluating Model: RandomForest
      -> [Baseline] Acc: 0.9444, F1: 0.9435, Time: 10.51s
      HP Tuning RandomForest...
n_iterations: 4
n_required_iterations: 4
n_possible_iterations: 5
min_resources_: 190
max_resources_: 38000
aggressive_elimination: False
factor: 3
----------
iter: 0
n_candidates: 50
n_resources: 190
Fitting 5 folds for each of 50 candidates, totalling 250 fits
----------
iter: 1
n_candidates: 17
n_resources: 570
Fitting 5 folds for each of 17 candidates, totalling 85 fits
----------
iter: 2
n_candidates: 6
n_resources: 1710
Fitting 5 folds for each of 6 candidates, totalling 30 fits
----------
iter: 3
n_candidates: 2
n_resources: 5130
Fitting 5 folds for each of 2 candidates, totalling 10 fits
      -> [Tuned_Baseline] Acc: 0.9445, F1: 0.9437, Time: 0.15s
    Evaluating Model: LinearSVC
      -> [Baseline] Acc: 0.7610, F1: 0.7501, Time: 0.39s
      HP Tuning LinearSVC...
n_iterations: 4
n_required_iterations: 4
n_possible_iterations: 5
min_resources_: 190
max_resources_: 38000
aggressive_elimination: False
factor: 3
----------
iter: 0
n_candidates: 50
n_resources: 190
Fitting 5 folds for each of 50 candidates, totalling 250 fits
----------
iter: 1
n_candidates: 17
n_resources: 570
Fitting 5 folds for each of 17 candidates, totalling 85 fits
----------
iter: 2
n_candidates: 6
n_resources: 1710
Fitting 5 folds for each of 6 candidates, totalling 30 fits
----------
iter: 3
n_candidates: 2
n_resources: 5130
Fitting 5 folds for each of 2 candidates, totalling 10 fits
      -> [Tuned_Baseline] Acc: 0.7625, F1: 0.7520, Time: 0.00s
    Evaluating Model: LogisticRegression
      -> [Baseline] Acc: 0.8275, F1: 0.8221, Time: 5.47s
      HP Tuning LogisticRegression...
n_iterations: 4
n_required_iterations: 4
n_possible_iterations: 5
min_resources_: 190
max_resources_: 38000
aggressive_elimination: False
factor: 3
----------
iter: 0
n_candidates: 50
n_resources: 190
Fitting 5 folds for each of 50 candidates, totalling 250 fits
----------
iter: 1
n_candidates: 17
n_resources: 570
Fitting 5 folds for each of 17 candidates, totalling 85 fits
----------
iter: 2
n_candidates: 6
n_resources: 1710
Fitting 5 folds for each of 6 candidates, totalling 30 fits
----------
iter: 3
n_candidates: 2
n_resources: 5130
Fitting 5 folds for each of 2 candidates, totalling 10 fits
      -> [Tuned_Baseline] Acc: 0.8581, F1: 0.8562, Time: 0.01s
    Evaluating Model: RNN
      -> [Baseline] Acc: 0.4361, F1: 0.3254, Time: 9.12s
      HP Tuning RNN...
n_iterations: 4
n_required_iterations: 4
n_possible_iterations: 4
min_resources_: 10
max_resources_: 380
aggressive_elimination: False
factor: 3
----------
iter: 0
n_candidates: 50
n_resources: 10
Fitting 5 folds for each of 50 candidates, totalling 250 fits
----------
iter: 1
n_candidates: 17
n_resources: 30
Fitting 5 folds for each of 17 candidates, totalling 85 fits
----------
iter: 2
n_candidates: 6
n_resources: 90
Fitting 5 folds for each of 6 candidates, totalling 30 fits
----------
iter: 3
n_candidates: 2
n_resources: 270
Fitting 5 folds for each of 2 candidates, totalling 10 fits
      -> [Tuned_Baseline] Acc: 0.6316, F1: 0.5877, Time: 1.23s
    [=== Generating 2x synthetic data with ADASYN (Set 1, Params: {'n_neighbors': 1}) ===]
      [!] Failed generation with ADASYN at 2x: Not any neigbours belong to the majority class. This case will induce a NaN case with a division by zero. ADASYN is not suited for this specific dataset. Use SMOTE instead.
    [=== Generating 2x synthetic data with ADASYN (Set 2, Params: {'n_neighbors': 2}) ===]
      [!] Failed generation with ADASYN at 2x: Not any neigbours belong to the majority class. This case will induce a NaN case with a division by zero. ADASYN is not suited for this specific dataset. Use SMOTE instead.
    [=== Generating 2x synthetic data with ADASYN (Set 3, Params: {'n_neighbors': 3}) ===]
      [!] Failed generation with ADASYN at 2x: Not any neigbours belong to the majority class. This case will induce a NaN case with a division by zero. ADASYN is not suited for this specific dataset. Use SMOTE instead.
    [=== Generating 2x synthetic data with ADASYN (Set 4, Params: {'n_neighbors': 4}) ===]
      [!] Failed generation with ADASYN at 2x: Not any neigbours belong to the majority class. This case will induce a NaN case with a division by zero. ADASYN is not suited for this specific dataset. Use SMOTE instead.
    [=== Generating 2x synthetic data with ADASYN (Set 5, Params: {'n_neighbors': 5}) ===]
      [!] Failed generation with ADASYN at 2x: Not any neigbours belong to the majority class. This case will induce a NaN case with a division by zero. ADASYN is not suited for this specific dataset. Use SMOTE instead.
    [=== Generating 3x synthetic data with ADASYN (Set 1, Params: {'n_neighbors': 1}) ===]
      [!] Failed generation with ADASYN at 3x: Not any neigbours belong to the majority class. This case will induce a NaN case with a division by zero. ADASYN is not suited for this specific dataset. Use SMOTE instead.
    [=== Generating 3x synthetic data with ADASYN (Set 2, Params: {'n_neighbors': 2}) ===]
      [!] Failed generation with ADASYN at 3x: Not any neigbours belong to the majority class. This case will induce a NaN case with a division by zero. ADASYN is not suited for this specific dataset. Use SMOTE instead.
    [=== Generating 3x synthetic data with ADASYN (Set 3, Params: {'n_neighbors': 3}) ===]
      [!] Failed generation with ADASYN at 3x: Not any neigbours belong to the majority class. This case will induce a NaN case with a division by zero. ADASYN is not suited for this specific dataset. Use SMOTE instead.
    [=== Generating 3x synthetic data with ADASYN (Set 4, Params: {'n_neighbors': 4}) ===]
      [!] Failed generation with ADASYN at 3x: Not any neigbours belong to the majority class. This case will induce a NaN case with a division by zero. ADASYN is not suited for this specific dataset. Use SMOTE instead.
    [=== Generating 3x synthetic data with ADASYN (Set 5, Params: {'n_neighbors': 5}) ===]
      [!] Failed generation with ADASYN at 3x: Not any neigbours belong to the majority class. This case will induce a NaN case with a division by zero. ADASYN is not suited for this specific dataset. Use SMOTE instead.
    [=== Generating 5x synthetic data with ADASYN (Set 1, Params: {'n_neighbors': 1}) ===]
      [!] Failed generation with ADASYN at 5x: Not any neigbours belong to the majority class. This case will induce a NaN case with a division by zero. ADASYN is not suited for this specific dataset. Use SMOTE instead.
    [=== Generating 5x synthetic data with ADASYN (Set 2, Params: {'n_neighbors': 2}) ===]
      [!] Failed generation with ADASYN at 5x: Not any neigbours belong to the majority class. This case will induce a NaN case with a division by zero. ADASYN is not suited for this specific dataset. Use SMOTE instead.
    [=== Generating 5x synthetic data with ADASYN (Set 3, Params: {'n_neighbors': 3}) ===]
      [!] Failed generation with ADASYN at 5x: Not any neigbours belong to the majority class. This case will induce a NaN case with a division by zero. ADASYN is not suited for this specific dataset. Use SMOTE instead.
    [=== Generating 5x synthetic data with ADASYN (Set 4, Params: {'n_neighbors': 4}) ===]
      [!] Failed generation with ADASYN at 5x: Not any neigbours belong to the majority class. This case will induce a NaN case with a division by zero. ADASYN is not suited for this specific dataset. Use SMOTE instead.
    [=== Generating 5x synthetic data with ADASYN (Set 5, Params: {'n_neighbors': 5}) ===]
      [!] Failed generation with ADASYN at 5x: Not any neigbours belong to the majority class. This case will induce a NaN case with a division by zero. ADASYN is not suited for this specific dataset. Use SMOTE instead.
    [=== Generating 10x synthetic data with ADASYN (Set 1, Params: {'n_neighbors': 1}) ===]
      [!] Failed generation with ADASYN at 10x: Not any neigbours belong to the majority class. This case will induce a NaN case with a division by zero. ADASYN is not suited for this specific dataset. Use SMOTE instead.
    [=== Generating 10x synthetic data with ADASYN (Set 2, Params: {'n_neighbors': 2}) ===]
      [!] Failed generation with ADASYN at 10x: Not any neigbours belong to the majority class. This case will induce a NaN case with a division by zero. ADASYN is not suited for this specific dataset. Use SMOTE instead.
    [=== Generating 10x synthetic data with ADASYN (Set 3, Params: {'n_neighbors': 3}) ===]
      [!] Failed generation with ADASYN at 10x: Not any neigbours belong to the majority class. This case will induce a NaN case with a division by zero. ADASYN is not suited for this specific dataset. Use SMOTE instead.
    [=== Generating 10x synthetic data with ADASYN (Set 4, Params: {'n_neighbors': 4}) ===]
      [!] Failed generation with ADASYN at 10x: Not any neigbours belong to the majority class. This case will induce a NaN case with a division by zero. ADASYN is not suited for this specific dataset. Use SMOTE instead.
    [=== Generating 10x synthetic data with ADASYN (Set 5, Params: {'n_neighbors': 5}) ===]
      [!] Failed generation with ADASYN at 10x: Not any neigbours belong to the majority class. This case will induce a NaN case with a division by zero. ADASYN is not suited for this specific dataset. Use SMOTE instead.

    >> Seed Fold Selection: 8/10
    Evaluating Model: KNN
      -> [Baseline] Acc: 0.9491, F1: 0.9489, Time: 0.65s
      HP Tuning KNN...
n_iterations: 4
n_required_iterations: 4
n_possible_iterations: 5
min_resources_: 190
max_resources_: 38000
aggressive_elimination: False
factor: 3
----------
iter: 0
n_candidates: 50
n_resources: 190
Fitting 5 folds for each of 50 candidates, totalling 250 fits
----------
iter: 1
n_candidates: 17
n_resources: 570
Fitting 5 folds for each of 17 candidates, totalling 85 fits
----------
iter: 2
n_candidates: 6
n_resources: 1710
Fitting 5 folds for each of 6 candidates, totalling 30 fits
----------
iter: 3
n_candidates: 2
n_resources: 5130
Fitting 5 folds for each of 2 candidates, totalling 10 fits
      -> [Tuned_Baseline] Acc: 0.9505, F1: 0.9503, Time: 0.35s
    Evaluating Model: RandomForest
      -> [Baseline] Acc: 0.9431, F1: 0.9430, Time: 10.75s
      HP Tuning RandomForest...
n_iterations: 4
n_required_iterations: 4
n_possible_iterations: 5
min_resources_: 190
max_resources_: 38000
aggressive_elimination: False
factor: 3
----------
iter: 0
n_candidates: 50
n_resources: 190
Fitting 5 folds for each of 50 candidates, totalling 250 fits
----------
iter: 1
n_candidates: 17
n_resources: 570
Fitting 5 folds for each of 17 candidates, totalling 85 fits
----------
iter: 2
n_candidates: 6
n_resources: 1710
Fitting 5 folds for each of 6 candidates, totalling 30 fits
----------
iter: 3
n_candidates: 2
n_resources: 5130
Fitting 5 folds for each of 2 candidates, totalling 10 fits
      -> [Tuned_Baseline] Acc: 0.9437, F1: 0.9436, Time: 0.11s
    Evaluating Model: LinearSVC
      -> [Baseline] Acc: 0.7332, F1: 0.7204, Time: 0.85s
      HP Tuning LinearSVC...
n_iterations: 4
n_required_iterations: 4
n_possible_iterations: 5
min_resources_: 190
max_resources_: 38000
aggressive_elimination: False
factor: 3
----------
iter: 0
n_candidates: 50
n_resources: 190
Fitting 5 folds for each of 50 candidates, totalling 250 fits
----------
iter: 1
n_candidates: 17
n_resources: 570
Fitting 5 folds for each of 17 candidates, totalling 85 fits
----------
iter: 2
n_candidates: 6
n_resources: 1710
Fitting 5 folds for each of 6 candidates, totalling 30 fits
----------
iter: 3
n_candidates: 2
n_resources: 5130
Fitting 5 folds for each of 2 candidates, totalling 10 fits
      -> [Tuned_Baseline] Acc: 0.7331, F1: 0.7206, Time: 0.00s
    Evaluating Model: LogisticRegression
      -> [Baseline] Acc: 0.8177, F1: 0.8103, Time: 5.91s
      HP Tuning LogisticRegression...
n_iterations: 4
n_required_iterations: 4
n_possible_iterations: 5
min_resources_: 190
max_resources_: 38000
aggressive_elimination: False
factor: 3
----------
iter: 0
n_candidates: 50
n_resources: 190
Fitting 5 folds for each of 50 candidates, totalling 250 fits
----------
iter: 1
n_candidates: 17
n_resources: 570
Fitting 5 folds for each of 17 candidates, totalling 85 fits
----------
iter: 2
n_candidates: 6
n_resources: 1710
Fitting 5 folds for each of 6 candidates, totalling 30 fits
----------
iter: 3
n_candidates: 2
n_resources: 5130
Fitting 5 folds for each of 2 candidates, totalling 10 fits
      -> [Tuned_Baseline] Acc: 0.8259, F1: 0.8183, Time: 0.01s
    Evaluating Model: RNN
      -> [Baseline] Acc: 0.4286, F1: 0.3026, Time: 8.44s
      HP Tuning RNN...
n_iterations: 4
n_required_iterations: 4
n_possible_iterations: 4
min_resources_: 10
max_resources_: 380
aggressive_elimination: False
factor: 3
----------
iter: 0
n_candidates: 50
n_resources: 10
Fitting 5 folds for each of 50 candidates, totalling 250 fits
----------
iter: 1
n_candidates: 17
n_resources: 30
Fitting 5 folds for each of 17 candidates, totalling 85 fits
----------
iter: 2
n_candidates: 6
n_resources: 90
Fitting 5 folds for each of 6 candidates, totalling 30 fits
----------
iter: 3
n_candidates: 2
n_resources: 270
Fitting 5 folds for each of 2 candidates, totalling 10 fits
      -> [Tuned_Baseline] Acc: 0.8195, F1: 0.8163, Time: 1.24s
    [=== Generating 2x synthetic data with ADASYN (Set 1, Params: {'n_neighbors': 1}) ===]
      [!] Failed generation with ADASYN at 2x: Not any neigbours belong to the majority class. This case will induce a NaN case with a division by zero. ADASYN is not suited for this specific dataset. Use SMOTE instead.
    [=== Generating 2x synthetic data with ADASYN (Set 2, Params: {'n_neighbors': 2}) ===]
      [!] Failed generation with ADASYN at 2x: Not any neigbours belong to the majority class. This case will induce a NaN case with a division by zero. ADASYN is not suited for this specific dataset. Use SMOTE instead.
    [=== Generating 2x synthetic data with ADASYN (Set 3, Params: {'n_neighbors': 3}) ===]
      [!] Failed generation with ADASYN at 2x: Not any neigbours belong to the majority class. This case will induce a NaN case with a division by zero. ADASYN is not suited for this specific dataset. Use SMOTE instead.
    [=== Generating 2x synthetic data with ADASYN (Set 4, Params: {'n_neighbors': 4}) ===]
      [!] Failed generation with ADASYN at 2x: Not any neigbours belong to the majority class. This case will induce a NaN case with a division by zero. ADASYN is not suited for this specific dataset. Use SMOTE instead.
    [=== Generating 2x synthetic data with ADASYN (Set 5, Params: {'n_neighbors': 5}) ===]
      [!] Failed generation with ADASYN at 2x: Not any neigbours belong to the majority class. This case will induce a NaN case with a division by zero. ADASYN is not suited for this specific dataset. Use SMOTE instead.
    [=== Generating 3x synthetic data with ADASYN (Set 1, Params: {'n_neighbors': 1}) ===]
      [!] Failed generation with ADASYN at 3x: Not any neigbours belong to the majority class. This case will induce a NaN case with a division by zero. ADASYN is not suited for this specific dataset. Use SMOTE instead.
    [=== Generating 3x synthetic data with ADASYN (Set 2, Params: {'n_neighbors': 2}) ===]
      [!] Failed generation with ADASYN at 3x: Not any neigbours belong to the majority class. This case will induce a NaN case with a division by zero. ADASYN is not suited for this specific dataset. Use SMOTE instead.
    [=== Generating 3x synthetic data with ADASYN (Set 3, Params: {'n_neighbors': 3}) ===]
      [!] Failed generation with ADASYN at 3x: Not any neigbours belong to the majority class. This case will induce a NaN case with a division by zero. ADASYN is not suited for this specific dataset. Use SMOTE instead.
    [=== Generating 3x synthetic data with ADASYN (Set 4, Params: {'n_neighbors': 4}) ===]
      [!] Failed generation with ADASYN at 3x: Not any neigbours belong to the majority class. This case will induce a NaN case with a division by zero. ADASYN is not suited for this specific dataset. Use SMOTE instead.
    [=== Generating 3x synthetic data with ADASYN (Set 5, Params: {'n_neighbors': 5}) ===]
      [!] Failed generation with ADASYN at 3x: Not any neigbours belong to the majority class. This case will induce a NaN case with a division by zero. ADASYN is not suited for this specific dataset. Use SMOTE instead.
    [=== Generating 5x synthetic data with ADASYN (Set 1, Params: {'n_neighbors': 1}) ===]
      [!] Failed generation with ADASYN at 5x: Not any neigbours belong to the majority class. This case will induce a NaN case with a division by zero. ADASYN is not suited for this specific dataset. Use SMOTE instead.
    [=== Generating 5x synthetic data with ADASYN (Set 2, Params: {'n_neighbors': 2}) ===]
      [!] Failed generation with ADASYN at 5x: Not any neigbours belong to the majority class. This case will induce a NaN case with a division by zero. ADASYN is not suited for this specific dataset. Use SMOTE instead.
    [=== Generating 5x synthetic data with ADASYN (Set 3, Params: {'n_neighbors': 3}) ===]
      [!] Failed generation with ADASYN at 5x: Not any neigbours belong to the majority class. This case will induce a NaN case with a division by zero. ADASYN is not suited for this specific dataset. Use SMOTE instead.
    [=== Generating 5x synthetic data with ADASYN (Set 4, Params: {'n_neighbors': 4}) ===]
      [!] Failed generation with ADASYN at 5x: Not any neigbours belong to the majority class. This case will induce a NaN case with a division by zero. ADASYN is not suited for this specific dataset. Use SMOTE instead.
    [=== Generating 5x synthetic data with ADASYN (Set 5, Params: {'n_neighbors': 5}) ===]
      [!] Failed generation with ADASYN at 5x: Not any neigbours belong to the majority class. This case will induce a NaN case with a division by zero. ADASYN is not suited for this specific dataset. Use SMOTE instead.
    [=== Generating 10x synthetic data with ADASYN (Set 1, Params: {'n_neighbors': 1}) ===]
      [!] Failed generation with ADASYN at 10x: Not any neigbours belong to the majority class. This case will induce a NaN case with a division by zero. ADASYN is not suited for this specific dataset. Use SMOTE instead.
    [=== Generating 10x synthetic data with ADASYN (Set 2, Params: {'n_neighbors': 2}) ===]
      [!] Failed generation with ADASYN at 10x: Not any neigbours belong to the majority class. This case will induce a NaN case with a division by zero. ADASYN is not suited for this specific dataset. Use SMOTE instead.
    [=== Generating 10x synthetic data with ADASYN (Set 3, Params: {'n_neighbors': 3}) ===]
      [!] Failed generation with ADASYN at 10x: Not any neigbours belong to the majority class. This case will induce a NaN case with a division by zero. ADASYN is not suited for this specific dataset. Use SMOTE instead.
    [=== Generating 10x synthetic data with ADASYN (Set 4, Params: {'n_neighbors': 4}) ===]
      [!] Failed generation with ADASYN at 10x: Not any neigbours belong to the majority class. This case will induce a NaN case with a division by zero. ADASYN is not suited for this specific dataset. Use SMOTE instead.
    [=== Generating 10x synthetic data with ADASYN (Set 5, Params: {'n_neighbors': 5}) ===]
      [!] Failed generation with ADASYN at 10x: Not any neigbours belong to the majority class. This case will induce a NaN case with a division by zero. ADASYN is not suited for this specific dataset. Use SMOTE instead.

    >> Seed Fold Selection: 9/10
    Evaluating Model: KNN
      -> [Baseline] Acc: 0.9424, F1: 0.9416, Time: 0.65s
      HP Tuning KNN...
n_iterations: 4
n_required_iterations: 4
n_possible_iterations: 5
min_resources_: 190
max_resources_: 38000
aggressive_elimination: False
factor: 3
----------
iter: 0
n_candidates: 50
n_resources: 190
Fitting 5 folds for each of 50 candidates, totalling 250 fits
----------
iter: 1
n_candidates: 17
n_resources: 570
Fitting 5 folds for each of 17 candidates, totalling 85 fits
----------
iter: 2
n_candidates: 6
n_resources: 1710
Fitting 5 folds for each of 6 candidates, totalling 30 fits
----------
iter: 3
n_candidates: 2
n_resources: 5130
Fitting 5 folds for each of 2 candidates, totalling 10 fits
      -> [Tuned_Baseline] Acc: 0.9438, F1: 0.9428, Time: 0.35s
    Evaluating Model: RandomForest
      -> [Baseline] Acc: 0.9353, F1: 0.9342, Time: 10.03s
      HP Tuning RandomForest...
n_iterations: 4
n_required_iterations: 4
n_possible_iterations: 5
min_resources_: 190
max_resources_: 38000
aggressive_elimination: False
factor: 3
----------
iter: 0
n_candidates: 50
n_resources: 190
Fitting 5 folds for each of 50 candidates, totalling 250 fits
----------
iter: 1
n_candidates: 17
n_resources: 570
Fitting 5 folds for each of 17 candidates, totalling 85 fits
----------
iter: 2
n_candidates: 6
n_resources: 1710
Fitting 5 folds for each of 6 candidates, totalling 30 fits
----------
iter: 3
n_candidates: 2
n_resources: 5130
Fitting 5 folds for each of 2 candidates, totalling 10 fits
      -> [Tuned_Baseline] Acc: 0.9359, F1: 0.9347, Time: 0.15s
    Evaluating Model: LinearSVC
      -> [Baseline] Acc: 0.7358, F1: 0.7150, Time: 0.39s
      HP Tuning LinearSVC...
n_iterations: 4
n_required_iterations: 4
n_possible_iterations: 5
min_resources_: 190
max_resources_: 38000
aggressive_elimination: False
factor: 3
----------
iter: 0
n_candidates: 50
n_resources: 190
Fitting 5 folds for each of 50 candidates, totalling 250 fits
----------
iter: 1
n_candidates: 17
n_resources: 570
Fitting 5 folds for each of 17 candidates, totalling 85 fits
----------
iter: 2
n_candidates: 6
n_resources: 1710
Fitting 5 folds for each of 6 candidates, totalling 30 fits
----------
iter: 3
n_candidates: 2
n_resources: 5130
Fitting 5 folds for each of 2 candidates, totalling 10 fits
      -> [Tuned_Baseline] Acc: 0.7363, F1: 0.7160, Time: 0.00s
    Evaluating Model: LogisticRegression
      -> [Baseline] Acc: 0.8238, F1: 0.8163, Time: 5.43s
      HP Tuning LogisticRegression...
n_iterations: 4
n_required_iterations: 4
n_possible_iterations: 5
min_resources_: 190
max_resources_: 38000
aggressive_elimination: False
factor: 3
----------
iter: 0
n_candidates: 50
n_resources: 190
Fitting 5 folds for each of 50 candidates, totalling 250 fits
----------
iter: 1
n_candidates: 17
n_resources: 570
Fitting 5 folds for each of 17 candidates, totalling 85 fits
----------
iter: 2
n_candidates: 6
n_resources: 1710
Fitting 5 folds for each of 6 candidates, totalling 30 fits
----------
iter: 3
n_candidates: 2
n_resources: 5130
Fitting 5 folds for each of 2 candidates, totalling 10 fits
      -> [Tuned_Baseline] Acc: 0.8344, F1: 0.8302, Time: 0.01s
    Evaluating Model: RNN
      -> [Baseline] Acc: 0.2180, F1: 0.1200, Time: 8.83s
      HP Tuning RNN...
n_iterations: 4
n_required_iterations: 4
n_possible_iterations: 4
min_resources_: 10
max_resources_: 380
aggressive_elimination: False
factor: 3
----------
iter: 0
n_candidates: 50
n_resources: 10
Fitting 5 folds for each of 50 candidates, totalling 250 fits
----------
iter: 1
n_candidates: 17
n_resources: 30
Fitting 5 folds for each of 17 candidates, totalling 85 fits
----------
iter: 2
n_candidates: 6
n_resources: 90
Fitting 5 folds for each of 6 candidates, totalling 30 fits
----------
iter: 3
n_candidates: 2
n_resources: 270
Fitting 5 folds for each of 2 candidates, totalling 10 fits
