Starting GenParams Tune: Plant_oil - Seed 20 - Gen HMM_GMM - All Scales


==================================================
Running gen-params experiment for Plant_oil
==================================================

--- Fold 1/10 ---

  >> Seed sets per label: 20

    >> Seed Fold Selection: 1/10
    Evaluating Model: KNN
      -> [Baseline] Acc: 0.9500, F1: 0.9496, Time: 0.68s
      HP Tuning KNN...
n_iterations: 4
n_required_iterations: 4
n_possible_iterations: 5
min_resources_: 190
max_resources_: 38000
aggressive_elimination: False
factor: 3
----------
iter: 0
n_candidates: 50
n_resources: 190
Fitting 5 folds for each of 50 candidates, totalling 250 fits
----------
iter: 1
n_candidates: 17
n_resources: 570
Fitting 5 folds for each of 17 candidates, totalling 85 fits
----------
iter: 2
n_candidates: 6
n_resources: 1710
Fitting 5 folds for each of 6 candidates, totalling 30 fits
----------
iter: 3
n_candidates: 2
n_resources: 5130
Fitting 5 folds for each of 2 candidates, totalling 10 fits
      -> [Tuned_Baseline] Acc: 0.9517, F1: 0.9512, Time: 0.31s
    Evaluating Model: RandomForest
      -> [Baseline] Acc: 0.9473, F1: 0.9468, Time: 8.60s
      HP Tuning RandomForest...
n_iterations: 4
n_required_iterations: 4
n_possible_iterations: 5
min_resources_: 190
max_resources_: 38000
aggressive_elimination: False
factor: 3
----------
iter: 0
n_candidates: 50
n_resources: 190
Fitting 5 folds for each of 50 candidates, totalling 250 fits
----------
iter: 1
n_candidates: 17
n_resources: 570
Fitting 5 folds for each of 17 candidates, totalling 85 fits
----------
iter: 2
n_candidates: 6
n_resources: 1710
Fitting 5 folds for each of 6 candidates, totalling 30 fits
----------
iter: 3
n_candidates: 2
n_resources: 5130
Fitting 5 folds for each of 2 candidates, totalling 10 fits
      -> [Tuned_Baseline] Acc: 0.9479, F1: 0.9475, Time: 0.11s
    Evaluating Model: LinearSVC
      -> [Baseline] Acc: 0.7459, F1: 0.7347, Time: 0.47s
      HP Tuning LinearSVC...
n_iterations: 4
n_required_iterations: 4
n_possible_iterations: 5
min_resources_: 190
max_resources_: 38000
aggressive_elimination: False
factor: 3
----------
iter: 0
n_candidates: 50
n_resources: 190
Fitting 5 folds for each of 50 candidates, totalling 250 fits
----------
iter: 1
n_candidates: 17
n_resources: 570
Fitting 5 folds for each of 17 candidates, totalling 85 fits
----------
iter: 2
n_candidates: 6
n_resources: 1710
Fitting 5 folds for each of 6 candidates, totalling 30 fits
----------
iter: 3
n_candidates: 2
n_resources: 5130
Fitting 5 folds for each of 2 candidates, totalling 10 fits
      -> [Tuned_Baseline] Acc: 0.7463, F1: 0.7354, Time: 0.01s
    Evaluating Model: LogisticRegression
      -> [Baseline] Acc: 0.8195, F1: 0.8187, Time: 12.11s
      HP Tuning LogisticRegression...
n_iterations: 4
n_required_iterations: 4
n_possible_iterations: 5
min_resources_: 190
max_resources_: 38000
aggressive_elimination: False
factor: 3
----------
iter: 0
n_candidates: 50
n_resources: 190
Fitting 5 folds for each of 50 candidates, totalling 250 fits
----------
iter: 1
n_candidates: 17
n_resources: 570
Fitting 5 folds for each of 17 candidates, totalling 85 fits
----------
iter: 2
n_candidates: 6
n_resources: 1710
Fitting 5 folds for each of 6 candidates, totalling 30 fits
----------
iter: 3
n_candidates: 2
n_resources: 5130
Fitting 5 folds for each of 2 candidates, totalling 10 fits
      -> [Tuned_Baseline] Acc: 0.8417, F1: 0.8414, Time: 0.00s
    Evaluating Model: RNN
      -> [Baseline] Acc: 0.5489, F1: 0.4698, Time: 24.29s
      HP Tuning RNN...
n_iterations: 4
n_required_iterations: 4
n_possible_iterations: 4
min_resources_: 10
max_resources_: 380
aggressive_elimination: False
factor: 3
----------
iter: 0
n_candidates: 50
n_resources: 10
Fitting 5 folds for each of 50 candidates, totalling 250 fits
----------
iter: 1
n_candidates: 17
n_resources: 30
Fitting 5 folds for each of 17 candidates, totalling 85 fits
----------
iter: 2
n_candidates: 6
n_resources: 90
Fitting 5 folds for each of 6 candidates, totalling 30 fits
Model is not converging.  Current: 5038.478003942084 is not greater than 5038.478011175727. Delta is -7.23364337318344e-06
----------
iter: 3
n_candidates: 2
n_resources: 270
Fitting 5 folds for each of 2 candidates, totalling 10 fits
      -> [Tuned_Baseline] Acc: 0.6391, F1: 0.6248, Time: 3.55s
    [=== Generating 2x synthetic data with HMM_GMM (Set 1, Params: {'n_components': 1, 'n_mix': 4, 'covariance_type': 'spherical'}) ===]
n_iterations: 4
n_required_iterations: 4
n_possible_iterations: 8
min_resources_: 38
max_resources_: 114000
aggressive_elimination: False
factor: 3
----------
iter: 0
n_candidates: 50
n_resources: 38
Fitting 1 folds for each of 50 candidates, totalling 50 fits
----------
iter: 1
n_candidates: 17
n_resources: 114
Fitting 1 folds for each of 17 candidates, totalling 17 fits
----------
iter: 2
n_candidates: 6
n_resources: 342
Fitting 1 folds for each of 6 candidates, totalling 6 fits
----------
iter: 3
n_candidates: 2
n_resources: 1026
Fitting 1 folds for each of 2 candidates, totalling 2 fits
      -> [KNN + HMM_GMM Set 1] Acc: 0.9512, F1: 0.9509, Time: 0.31s
n_iterations: 4
n_required_iterations: 4
n_possible_iterations: 8
min_resources_: 38
max_resources_: 114000
aggressive_elimination: False
factor: 3
----------
iter: 0
n_candidates: 50
n_resources: 38
Fitting 1 folds for each of 50 candidates, totalling 50 fits
----------
iter: 1
n_candidates: 17
n_resources: 114
Fitting 1 folds for each of 17 candidates, totalling 17 fits
----------
iter: 2
n_candidates: 6
n_resources: 342
Fitting 1 folds for each of 6 candidates, totalling 6 fits
----------
iter: 3
n_candidates: 2
n_resources: 1026
Fitting 1 folds for each of 2 candidates, totalling 2 fits
      -> [RandomForest + HMM_GMM Set 1] Acc: 0.9425, F1: 0.9422, Time: 8.07s
n_iterations: 4
n_required_iterations: 4
n_possible_iterations: 8
min_resources_: 38
max_resources_: 114000
aggressive_elimination: False
factor: 3
----------
iter: 0
n_candidates: 50
n_resources: 38
Fitting 1 folds for each of 50 candidates, totalling 50 fits
----------
iter: 1
n_candidates: 17
n_resources: 114
Fitting 1 folds for each of 17 candidates, totalling 17 fits
----------
iter: 2
n_candidates: 6
n_resources: 342
Fitting 1 folds for each of 6 candidates, totalling 6 fits
----------
iter: 3
n_candidates: 2
n_resources: 1026
Fitting 1 folds for each of 2 candidates, totalling 2 fits
      -> [LinearSVC + HMM_GMM Set 1] Acc: 0.6760, F1: 0.6499, Time: 3.69s
n_iterations: 4
n_required_iterations: 4
n_possible_iterations: 8
min_resources_: 38
max_resources_: 114000
aggressive_elimination: False
factor: 3
----------
iter: 0
n_candidates: 50
n_resources: 38
Fitting 1 folds for each of 50 candidates, totalling 50 fits
----------
iter: 1
n_candidates: 17
n_resources: 114
Fitting 1 folds for each of 17 candidates, totalling 17 fits
----------
iter: 2
n_candidates: 6
n_resources: 342
Fitting 1 folds for each of 6 candidates, totalling 6 fits
----------
iter: 3
n_candidates: 2
n_resources: 1026
Fitting 1 folds for each of 2 candidates, totalling 2 fits
      -> [LogisticRegression + HMM_GMM Set 1] Acc: 0.7563, F1: 0.7581, Time: 9.28s
      -> [RNN + HMM_GMM Set 1] Acc: 0.6767, F1: 0.6616, Time: 599.20s
    [=== Generating 2x synthetic data with HMM_GMM (Set 2, Params: {'n_components': 4, 'n_mix': 2, 'covariance_type': 'tied'}) ===]
n_iterations: 4
n_required_iterations: 4
n_possible_iterations: 8
min_resources_: 38
max_resources_: 114000
aggressive_elimination: False
factor: 3
----------
iter: 0
n_candidates: 50
n_resources: 38
Fitting 1 folds for each of 50 candidates, totalling 50 fits
----------
iter: 1
n_candidates: 17
n_resources: 114
Fitting 1 folds for each of 17 candidates, totalling 17 fits
----------
iter: 2
n_candidates: 6
n_resources: 342
Fitting 1 folds for each of 6 candidates, totalling 6 fits
----------
iter: 3
n_candidates: 2
n_resources: 1026
Fitting 1 folds for each of 2 candidates, totalling 2 fits
      -> [KNN + HMM_GMM Set 2] Acc: 0.9513, F1: 0.9509, Time: 0.53s
n_iterations: 4
n_required_iterations: 4
n_possible_iterations: 8
min_resources_: 38
max_resources_: 114000
aggressive_elimination: False
factor: 3
----------
iter: 0
n_candidates: 50
n_resources: 38
Fitting 1 folds for each of 50 candidates, totalling 50 fits
----------
iter: 1
n_candidates: 17
n_resources: 114
Fitting 1 folds for each of 17 candidates, totalling 17 fits
----------
iter: 2
n_candidates: 6
n_resources: 342
Fitting 1 folds for each of 6 candidates, totalling 6 fits
----------
iter: 3
n_candidates: 2
n_resources: 1026
Fitting 1 folds for each of 2 candidates, totalling 2 fits
      -> [RandomForest + HMM_GMM Set 2] Acc: 0.9423, F1: 0.9415, Time: 15.00s
n_iterations: 4
n_required_iterations: 4
n_possible_iterations: 8
min_resources_: 38
max_resources_: 114000
aggressive_elimination: False
factor: 3
----------
iter: 0
n_candidates: 50
n_resources: 38
Fitting 1 folds for each of 50 candidates, totalling 50 fits
----------
iter: 1
n_candidates: 17
n_resources: 114
Fitting 1 folds for each of 17 candidates, totalling 17 fits
----------
iter: 2
n_candidates: 6
n_resources: 342
Fitting 1 folds for each of 6 candidates, totalling 6 fits
----------
iter: 3
n_candidates: 2
n_resources: 1026
Fitting 1 folds for each of 2 candidates, totalling 2 fits
      -> [LinearSVC + HMM_GMM Set 2] Acc: 0.6928, F1: 0.6623, Time: 3.65s
n_iterations: 4
n_required_iterations: 4
n_possible_iterations: 8
min_resources_: 38
max_resources_: 114000
aggressive_elimination: False
factor: 3
----------
iter: 0
n_candidates: 50
n_resources: 38
Fitting 1 folds for each of 50 candidates, totalling 50 fits
----------
iter: 1
n_candidates: 17
n_resources: 114
Fitting 1 folds for each of 17 candidates, totalling 17 fits
----------
iter: 2
n_candidates: 6
n_resources: 342
Fitting 1 folds for each of 6 candidates, totalling 6 fits
----------
iter: 3
n_candidates: 2
n_resources: 1026
Fitting 1 folds for each of 2 candidates, totalling 2 fits
      -> [LogisticRegression + HMM_GMM Set 2] Acc: 0.8308, F1: 0.8274, Time: 5.57s
      -> [RNN + HMM_GMM Set 2] Acc: 0.5489, F1: 0.5152, Time: 594.31s
    [=== Generating 2x synthetic data with HMM_GMM (Set 3, Params: {'n_components': 2, 'n_mix': 2, 'covariance_type': 'full'}) ===]
n_iterations: 4
n_required_iterations: 4
n_possible_iterations: 8
min_resources_: 38
max_resources_: 114000
aggressive_elimination: False
factor: 3
----------
iter: 0
n_candidates: 50
n_resources: 38
Fitting 1 folds for each of 50 candidates, totalling 50 fits
----------
iter: 1
n_candidates: 17
n_resources: 114
Fitting 1 folds for each of 17 candidates, totalling 17 fits
----------
iter: 2
n_candidates: 6
n_resources: 342
Fitting 1 folds for each of 6 candidates, totalling 6 fits
----------
iter: 3
n_candidates: 2
n_resources: 1026
Fitting 1 folds for each of 2 candidates, totalling 2 fits
      -> [KNN + HMM_GMM Set 3] Acc: 0.9554, F1: 0.9553, Time: 0.41s
n_iterations: 4
n_required_iterations: 4
n_possible_iterations: 8
min_resources_: 38
max_resources_: 114000
aggressive_elimination: False
factor: 3
----------
iter: 0
n_candidates: 50
n_resources: 38
Fitting 1 folds for each of 50 candidates, totalling 50 fits
----------
iter: 1
n_candidates: 17
n_resources: 114
Fitting 1 folds for each of 17 candidates, totalling 17 fits
----------
iter: 2
n_candidates: 6
n_resources: 342
Fitting 1 folds for each of 6 candidates, totalling 6 fits
----------
iter: 3
n_candidates: 2
n_resources: 1026
Fitting 1 folds for each of 2 candidates, totalling 2 fits
      -> [RandomForest + HMM_GMM Set 3] Acc: 0.9439, F1: 0.9434, Time: 14.99s
n_iterations: 4
n_required_iterations: 4
n_possible_iterations: 8
min_resources_: 38
max_resources_: 114000
aggressive_elimination: False
factor: 3
----------
iter: 0
n_candidates: 50
n_resources: 38
Fitting 1 folds for each of 50 candidates, totalling 50 fits
----------
iter: 1
n_candidates: 17
n_resources: 114
Fitting 1 folds for each of 17 candidates, totalling 17 fits
----------
iter: 2
n_candidates: 6
n_resources: 342
Fitting 1 folds for each of 6 candidates, totalling 6 fits
----------
iter: 3
n_candidates: 2
n_resources: 1026
Fitting 1 folds for each of 2 candidates, totalling 2 fits
      -> [LinearSVC + HMM_GMM Set 3] Acc: 0.6980, F1: 0.6831, Time: 3.67s
n_iterations: 4
n_required_iterations: 4
n_possible_iterations: 8
min_resources_: 38
max_resources_: 114000
aggressive_elimination: False
factor: 3
----------
iter: 0
n_candidates: 50
n_resources: 38
Fitting 1 folds for each of 50 candidates, totalling 50 fits
----------
iter: 1
n_candidates: 17
n_resources: 114
Fitting 1 folds for each of 17 candidates, totalling 17 fits
----------
iter: 2
n_candidates: 6
n_resources: 342
Fitting 1 folds for each of 6 candidates, totalling 6 fits
----------
iter: 3
n_candidates: 2
n_resources: 1026
Fitting 1 folds for each of 2 candidates, totalling 2 fits
      -> [LogisticRegression + HMM_GMM Set 3] Acc: 0.8303, F1: 0.8285, Time: 5.58s
      -> [RNN + HMM_GMM Set 3] Acc: 0.7293, F1: 0.7099, Time: 595.69s
    [=== Generating 2x synthetic data with HMM_GMM (Set 4, Params: {'n_components': 4, 'n_mix': 4, 'covariance_type': 'spherical'}) ===]
n_iterations: 4
n_required_iterations: 4
n_possible_iterations: 8
min_resources_: 38
max_resources_: 114000
aggressive_elimination: False
factor: 3
----------
iter: 0
n_candidates: 50
n_resources: 38
Fitting 1 folds for each of 50 candidates, totalling 50 fits
----------
iter: 1
n_candidates: 17
n_resources: 114
Fitting 1 folds for each of 17 candidates, totalling 17 fits
----------
iter: 2
n_candidates: 6
n_resources: 342
Fitting 1 folds for each of 6 candidates, totalling 6 fits
----------
iter: 3
n_candidates: 2
n_resources: 1026
Fitting 1 folds for each of 2 candidates, totalling 2 fits
      -> [KNN + HMM_GMM Set 4] Acc: 0.9479, F1: 0.9474, Time: 0.72s
n_iterations: 4
n_required_iterations: 4
n_possible_iterations: 8
min_resources_: 38
max_resources_: 114000
aggressive_elimination: False
factor: 3
----------
iter: 0
n_candidates: 50
n_resources: 38
Fitting 1 folds for each of 50 candidates, totalling 50 fits
----------
iter: 1
n_candidates: 17
n_resources: 114
Fitting 1 folds for each of 17 candidates, totalling 17 fits
----------
iter: 2
n_candidates: 6
n_resources: 342
Fitting 1 folds for each of 6 candidates, totalling 6 fits
----------
iter: 3
n_candidates: 2
n_resources: 1026
Fitting 1 folds for each of 2 candidates, totalling 2 fits
      -> [RandomForest + HMM_GMM Set 4] Acc: 0.9426, F1: 0.9421, Time: 7.71s
n_iterations: 4
n_required_iterations: 4
n_possible_iterations: 8
min_resources_: 38
max_resources_: 114000
aggressive_elimination: False
factor: 3
----------
iter: 0
n_candidates: 50
n_resources: 38
Fitting 1 folds for each of 50 candidates, totalling 50 fits
----------
iter: 1
n_candidates: 17
n_resources: 114
Fitting 1 folds for each of 17 candidates, totalling 17 fits
----------
iter: 2
n_candidates: 6
n_resources: 342
Fitting 1 folds for each of 6 candidates, totalling 6 fits
----------
iter: 3
n_candidates: 2
n_resources: 1026
Fitting 1 folds for each of 2 candidates, totalling 2 fits
      -> [LinearSVC + HMM_GMM Set 4] Acc: 0.6971, F1: 0.6772, Time: 3.66s
n_iterations: 4
n_required_iterations: 4
n_possible_iterations: 8
min_resources_: 38
max_resources_: 114000
aggressive_elimination: False
factor: 3
----------
iter: 0
n_candidates: 50
n_resources: 38
Fitting 1 folds for each of 50 candidates, totalling 50 fits
----------
iter: 1
n_candidates: 17
n_resources: 114
Fitting 1 folds for each of 17 candidates, totalling 17 fits
----------
iter: 2
n_candidates: 6
n_resources: 342
Fitting 1 folds for each of 6 candidates, totalling 6 fits
----------
iter: 3
n_candidates: 2
n_resources: 1026
Fitting 1 folds for each of 2 candidates, totalling 2 fits
      -> [LogisticRegression + HMM_GMM Set 4] Acc: 0.7886, F1: 0.7871, Time: 15.43s
      -> [RNN + HMM_GMM Set 4] Acc: 0.5789, F1: 0.5261, Time: 598.52s
    [=== Generating 2x synthetic data with HMM_GMM (Set 5, Params: {'n_components': 2, 'n_mix': 4, 'covariance_type': 'spherical'}) ===]
n_iterations: 4
n_required_iterations: 4
n_possible_iterations: 8
min_resources_: 38
max_resources_: 114000
aggressive_elimination: False
factor: 3
----------
iter: 0
n_candidates: 50
n_resources: 38
Fitting 1 folds for each of 50 candidates, totalling 50 fits
Model is not converging.  Current: -1513.138913854807 is not greater than -1513.1376916859904. Delta is -0.0012221688166391687
----------
iter: 1
n_candidates: 17
n_resources: 114
Fitting 1 folds for each of 17 candidates, totalling 17 fits
----------
iter: 2
n_candidates: 6
n_resources: 342
Fitting 1 folds for each of 6 candidates, totalling 6 fits
----------
iter: 3
n_candidates: 2
n_resources: 1026
Fitting 1 folds for each of 2 candidates, totalling 2 fits
      -> [KNN + HMM_GMM Set 5] Acc: 0.9574, F1: 0.9572, Time: 0.57s
n_iterations: 4
n_required_iterations: 4
n_possible_iterations: 8
min_resources_: 38
max_resources_: 114000
aggressive_elimination: False
factor: 3
----------
iter: 0
n_candidates: 50
n_resources: 38
Fitting 1 folds for each of 50 candidates, totalling 50 fits
----------
iter: 1
n_candidates: 17
n_resources: 114
Fitting 1 folds for each of 17 candidates, totalling 17 fits
----------
iter: 2
n_candidates: 6
n_resources: 342
Fitting 1 folds for each of 6 candidates, totalling 6 fits
----------
iter: 3
n_candidates: 2
n_resources: 1026
Fitting 1 folds for each of 2 candidates, totalling 2 fits
      -> [RandomForest + HMM_GMM Set 5] Acc: 0.9462, F1: 0.9457, Time: 7.71s
n_iterations: 4
n_required_iterations: 4
n_possible_iterations: 8
min_resources_: 38
max_resources_: 114000
aggressive_elimination: False
factor: 3
----------
iter: 0
n_candidates: 50
n_resources: 38
Fitting 1 folds for each of 50 candidates, totalling 50 fits
----------
iter: 1
n_candidates: 17
n_resources: 114
Fitting 1 folds for each of 17 candidates, totalling 17 fits
----------
iter: 2
n_candidates: 6
n_resources: 342
Fitting 1 folds for each of 6 candidates, totalling 6 fits
----------
iter: 3
n_candidates: 2
n_resources: 1026
Fitting 1 folds for each of 2 candidates, totalling 2 fits
      -> [LinearSVC + HMM_GMM Set 5] Acc: 0.6652, F1: 0.6416, Time: 3.65s
n_iterations: 4
n_required_iterations: 4
n_possible_iterations: 8
min_resources_: 38
max_resources_: 114000
aggressive_elimination: False
factor: 3
----------
iter: 0
n_candidates: 50
n_resources: 38
Fitting 1 folds for each of 50 candidates, totalling 50 fits
----------
iter: 1
n_candidates: 17
n_resources: 114
Fitting 1 folds for each of 17 candidates, totalling 17 fits
----------
iter: 2
n_candidates: 6
n_resources: 342
Fitting 1 folds for each of 6 candidates, totalling 6 fits
----------
iter: 3
n_candidates: 2
n_resources: 1026
Fitting 1 folds for each of 2 candidates, totalling 2 fits
      -> [LogisticRegression + HMM_GMM Set 5] Acc: 0.7844, F1: 0.7796, Time: 5.55s
      -> [RNN + HMM_GMM Set 5] Acc: 0.7368, F1: 0.7135, Time: 599.04s
    [=== Generating 2x synthetic data with HMM_GMM (Set 6, Params: {'n_components': 2, 'n_mix': 1, 'covariance_type': 'spherical'}) ===]
n_iterations: 4
n_required_iterations: 4
n_possible_iterations: 8
min_resources_: 38
max_resources_: 114000
aggressive_elimination: False
factor: 3
----------
iter: 0
n_candidates: 50
n_resources: 38
Fitting 1 folds for each of 50 candidates, totalling 50 fits
Model is not converging.  Current: 23486.294984560725 is not greater than 23621.076043674362. Delta is -134.78105911363673
----------
iter: 1
n_candidates: 17
n_resources: 114
Fitting 1 folds for each of 17 candidates, totalling 17 fits
----------
iter: 2
n_candidates: 6
n_resources: 342
Fitting 1 folds for each of 6 candidates, totalling 6 fits
----------
iter: 3
n_candidates: 2
n_resources: 1026
Fitting 1 folds for each of 2 candidates, totalling 2 fits
      -> [KNN + HMM_GMM Set 6] Acc: 0.9495, F1: 0.9491, Time: 0.27s
n_iterations: 4
n_required_iterations: 4
n_possible_iterations: 8
min_resources_: 38
max_resources_: 114000
aggressive_elimination: False
factor: 3
----------
iter: 0
n_candidates: 50
n_resources: 38
Fitting 1 folds for each of 50 candidates, totalling 50 fits
----------
iter: 1
n_candidates: 17
n_resources: 114
Fitting 1 folds for each of 17 candidates, totalling 17 fits
----------
iter: 2
n_candidates: 6
n_resources: 342
Fitting 1 folds for each of 6 candidates, totalling 6 fits
----------
iter: 3
n_candidates: 2
n_resources: 1026
Fitting 1 folds for each of 2 candidates, totalling 2 fits
      -> [RandomForest + HMM_GMM Set 6] Acc: 0.9442, F1: 0.9438, Time: 7.74s
n_iterations: 4
n_required_iterations: 4
n_possible_iterations: 8
min_resources_: 38
max_resources_: 114000
aggressive_elimination: False
factor: 3
----------
iter: 0
n_candidates: 50
n_resources: 38
Fitting 1 folds for each of 50 candidates, totalling 50 fits
----------
iter: 1
n_candidates: 17
n_resources: 114
Fitting 1 folds for each of 17 candidates, totalling 17 fits
----------
iter: 2
n_candidates: 6
n_resources: 342
Fitting 1 folds for each of 6 candidates, totalling 6 fits
----------
iter: 3
n_candidates: 2
n_resources: 1026
Fitting 1 folds for each of 2 candidates, totalling 2 fits
      -> [LinearSVC + HMM_GMM Set 6] Acc: 0.6272, F1: 0.5985, Time: 3.68s
n_iterations: 4
n_required_iterations: 4
n_possible_iterations: 8
min_resources_: 38
max_resources_: 114000
aggressive_elimination: False
factor: 3
----------
iter: 0
n_candidates: 50
n_resources: 38
Fitting 1 folds for each of 50 candidates, totalling 50 fits
----------
iter: 1
n_candidates: 17
n_resources: 114
Fitting 1 folds for each of 17 candidates, totalling 17 fits
----------
iter: 2
n_candidates: 6
n_resources: 342
Fitting 1 folds for each of 6 candidates, totalling 6 fits
----------
iter: 3
n_candidates: 2
n_resources: 1026
Fitting 1 folds for each of 2 candidates, totalling 2 fits
      -> [LogisticRegression + HMM_GMM Set 6] Acc: 0.7305, F1: 0.7218, Time: 5.54s
      -> [RNN + HMM_GMM Set 6] Acc: 0.5038, F1: 0.4182, Time: 598.81s
    [=== Generating 2x synthetic data with HMM_GMM (Set 7, Params: {'n_components': 4, 'n_mix': 5, 'covariance_type': 'full'}) ===]
HMM-GMM fitting failed for class COO: Covariance of state #3, mixture #4 is not positive definite
HMM-GMM fitting failed for class COO4: Covariance of state #3, mixture #1 is not positive definite
HMM-GMM fitting failed for class SO5: Covariance of state #3, mixture #0 is not positive definite
n_iterations: 4
n_required_iterations: 4
n_possible_iterations: 8
min_resources_: 38
max_resources_: 108000
aggressive_elimination: False
factor: 3
----------
iter: 0
n_candidates: 50
n_resources: 38
Fitting 1 folds for each of 50 candidates, totalling 50 fits
Model is not converging.  Current: 29230.121226449162 is not greater than 29266.83715138481. Delta is -36.71592493564822
Model is not converging.  Current: 19673.49476238547 is not greater than 19828.238427768723. Delta is -154.74366538325194
----------
iter: 1
n_candidates: 17
n_resources: 114
Fitting 1 folds for each of 17 candidates, totalling 17 fits
----------
iter: 2
n_candidates: 6
n_resources: 342
Fitting 1 folds for each of 6 candidates, totalling 6 fits
----------
iter: 3
n_candidates: 2
n_resources: 1026
Fitting 1 folds for each of 2 candidates, totalling 2 fits
      -> [KNN + HMM_GMM Set 7] Acc: 0.9533, F1: 0.9529, Time: 0.49s
n_iterations: 4
n_required_iterations: 4
n_possible_iterations: 8
min_resources_: 38
max_resources_: 108000
aggressive_elimination: False
factor: 3
----------
iter: 0
n_candidates: 50
n_resources: 38
Fitting 1 folds for each of 50 candidates, totalling 50 fits
----------
iter: 1
n_candidates: 17
n_resources: 114
Fitting 1 folds for each of 17 candidates, totalling 17 fits
----------
iter: 2
n_candidates: 6
n_resources: 342
Fitting 1 folds for each of 6 candidates, totalling 6 fits
----------
iter: 3
n_candidates: 2
n_resources: 1026
Fitting 1 folds for each of 2 candidates, totalling 2 fits
      -> [RandomForest + HMM_GMM Set 7] Acc: 0.9456, F1: 0.9452, Time: 22.54s
n_iterations: 4
n_required_iterations: 4
n_possible_iterations: 8
min_resources_: 38
max_resources_: 108000
aggressive_elimination: False
factor: 3
----------
iter: 0
n_candidates: 50
n_resources: 38
Fitting 1 folds for each of 50 candidates, totalling 50 fits
----------
iter: 1
n_candidates: 17
n_resources: 114
Fitting 1 folds for each of 17 candidates, totalling 17 fits
----------
iter: 2
n_candidates: 6
n_resources: 342
Fitting 1 folds for each of 6 candidates, totalling 6 fits
----------
iter: 3
n_candidates: 2
n_resources: 1026
Fitting 1 folds for each of 2 candidates, totalling 2 fits
      -> [LinearSVC + HMM_GMM Set 7] Acc: 0.6851, F1: 0.6479, Time: 3.32s
n_iterations: 4
n_required_iterations: 4
n_possible_iterations: 8
min_resources_: 38
max_resources_: 108000
aggressive_elimination: False
factor: 3
----------
iter: 0
n_candidates: 50
n_resources: 38
Fitting 1 folds for each of 50 candidates, totalling 50 fits
----------
iter: 1
n_candidates: 17
n_resources: 114
Fitting 1 folds for each of 17 candidates, totalling 17 fits
----------
iter: 2
n_candidates: 6
n_resources: 342
Fitting 1 folds for each of 6 candidates, totalling 6 fits
----------
iter: 3
n_candidates: 2
n_resources: 1026
Fitting 1 folds for each of 2 candidates, totalling 2 fits
      -> [LogisticRegression + HMM_GMM Set 7] Acc: 0.8404, F1: 0.8400, Time: 5.03s
      -> [RNN + HMM_GMM Set 7] Acc: 0.7368, F1: 0.6999, Time: 297.87s
    [=== Generating 2x synthetic data with HMM_GMM (Set 8, Params: {'n_components': 5, 'n_mix': 5, 'covariance_type': 'full'}) ===]
HMM-GMM fitting failed for class CO: Covariance of state #0, mixture #1 is not positive definite
HMM-GMM fitting failed for class COO4: Covariance of state #2, mixture #2 is not positive definite
HMM-GMM fitting failed for class SO1: Covariance of state #4, mixture #1 is not positive definite
HMM-GMM fitting failed for class SO4: Covariance of state #2, mixture #3 is not positive definite
n_iterations: 4
n_required_iterations: 4
n_possible_iterations: 8
min_resources_: 38
max_resources_: 106000
aggressive_elimination: False
factor: 3
----------
iter: 0
n_candidates: 50
n_resources: 38
Fitting 1 folds for each of 50 candidates, totalling 50 fits
----------
iter: 1
n_candidates: 17
n_resources: 114
Fitting 1 folds for each of 17 candidates, totalling 17 fits
----------
iter: 2
n_candidates: 6
n_resources: 342
Fitting 1 folds for each of 6 candidates, totalling 6 fits
----------
iter: 3
n_candidates: 2
n_resources: 1026
Fitting 1 folds for each of 2 candidates, totalling 2 fits
      -> [KNN + HMM_GMM Set 8] Acc: 0.9551, F1: 0.9549, Time: 0.63s
n_iterations: 4
n_required_iterations: 4
n_possible_iterations: 8
min_resources_: 38
max_resources_: 106000
aggressive_elimination: False
factor: 3
----------
iter: 0
n_candidates: 50
n_resources: 38
Fitting 1 folds for each of 50 candidates, totalling 50 fits
----------
iter: 1
n_candidates: 17
n_resources: 114
Fitting 1 folds for each of 17 candidates, totalling 17 fits
----------
iter: 2
n_candidates: 6
n_resources: 342
Fitting 1 folds for each of 6 candidates, totalling 6 fits
----------
iter: 3
n_candidates: 2
n_resources: 1026
Fitting 1 folds for each of 2 candidates, totalling 2 fits
      -> [RandomForest + HMM_GMM Set 8] Acc: 0.9446, F1: 0.9440, Time: 6.82s
n_iterations: 4
n_required_iterations: 4
n_possible_iterations: 8
min_resources_: 38
max_resources_: 106000
aggressive_elimination: False
factor: 3
----------
iter: 0
n_candidates: 50
n_resources: 38
Fitting 1 folds for each of 50 candidates, totalling 50 fits
----------
iter: 1
n_candidates: 17
n_resources: 114
Fitting 1 folds for each of 17 candidates, totalling 17 fits
----------
iter: 2
n_candidates: 6
n_resources: 342
Fitting 1 folds for each of 6 candidates, totalling 6 fits
----------
iter: 3
n_candidates: 2
n_resources: 1026
Fitting 1 folds for each of 2 candidates, totalling 2 fits
      -> [LinearSVC + HMM_GMM Set 8] Acc: 0.6777, F1: 0.6572, Time: 3.08s
n_iterations: 4
n_required_iterations: 4
n_possible_iterations: 8
min_resources_: 38
max_resources_: 106000
aggressive_elimination: False
factor: 3
----------
iter: 0
n_candidates: 50
n_resources: 38
Fitting 1 folds for each of 50 candidates, totalling 50 fits
----------
iter: 1
n_candidates: 17
n_resources: 114
Fitting 1 folds for each of 17 candidates, totalling 17 fits
----------
iter: 2
n_candidates: 6
n_resources: 342
Fitting 1 folds for each of 6 candidates, totalling 6 fits
----------
iter: 3
n_candidates: 2
n_resources: 1026
Fitting 1 folds for each of 2 candidates, totalling 2 fits
      -> [LogisticRegression + HMM_GMM Set 8] Acc: 0.8326, F1: 0.8286, Time: 5.72s
      -> [RNN + HMM_GMM Set 8] Acc: 0.7820, F1: 0.7556, Time: 489.26s
    [=== Generating 2x synthetic data with HMM_GMM (Set 9, Params: {'n_components': 2, 'n_mix': 2, 'covariance_type': 'full'}) ===]
n_iterations: 4
n_required_iterations: 4
n_possible_iterations: 8
min_resources_: 38
max_resources_: 114000
aggressive_elimination: False
factor: 3
----------
iter: 0
n_candidates: 50
n_resources: 38
Fitting 1 folds for each of 50 candidates, totalling 50 fits
----------
iter: 1
n_candidates: 17
n_resources: 114
Fitting 1 folds for each of 17 candidates, totalling 17 fits
----------
iter: 2
n_candidates: 6
n_resources: 342
Fitting 1 folds for each of 6 candidates, totalling 6 fits
----------
iter: 3
n_candidates: 2
n_resources: 1026
Fitting 1 folds for each of 2 candidates, totalling 2 fits
      -> [KNN + HMM_GMM Set 9] Acc: 0.9633, F1: 0.9631, Time: 0.26s
n_iterations: 4
n_required_iterations: 4
n_possible_iterations: 8
min_resources_: 38
max_resources_: 114000
aggressive_elimination: False
factor: 3
----------
iter: 0
n_candidates: 50
n_resources: 38
Fitting 1 folds for each of 50 candidates, totalling 50 fits
----------
iter: 1
n_candidates: 17
n_resources: 114
Fitting 1 folds for each of 17 candidates, totalling 17 fits
----------
iter: 2
n_candidates: 6
n_resources: 342
Fitting 1 folds for each of 6 candidates, totalling 6 fits
----------
iter: 3
n_candidates: 2
n_resources: 1026
Fitting 1 folds for each of 2 candidates, totalling 2 fits
      -> [RandomForest + HMM_GMM Set 9] Acc: 0.9465, F1: 0.9460, Time: 22.59s
n_iterations: 4
n_required_iterations: 4
n_possible_iterations: 8
min_resources_: 38
max_resources_: 114000
aggressive_elimination: False
factor: 3
----------
iter: 0
n_candidates: 50
n_resources: 38
Fitting 1 folds for each of 50 candidates, totalling 50 fits
----------
iter: 1
n_candidates: 17
n_resources: 114
Fitting 1 folds for each of 17 candidates, totalling 17 fits
----------
iter: 2
n_candidates: 6
n_resources: 342
Fitting 1 folds for each of 6 candidates, totalling 6 fits
----------
iter: 3
n_candidates: 2
n_resources: 1026
Fitting 1 folds for each of 2 candidates, totalling 2 fits
      -> [LinearSVC + HMM_GMM Set 9] Acc: 0.7250, F1: 0.7156, Time: 0.87s
n_iterations: 4
n_required_iterations: 4
n_possible_iterations: 8
min_resources_: 38
max_resources_: 114000
aggressive_elimination: False
factor: 3
----------
iter: 0
n_candidates: 50
n_resources: 38
Fitting 1 folds for each of 50 candidates, totalling 50 fits
----------
iter: 1
n_candidates: 17
n_resources: 114
Fitting 1 folds for each of 17 candidates, totalling 17 fits
----------
iter: 2
n_candidates: 6
n_resources: 342
Fitting 1 folds for each of 6 candidates, totalling 6 fits
----------
iter: 3
n_candidates: 2
n_resources: 1026
Fitting 1 folds for each of 2 candidates, totalling 2 fits
      -> [LogisticRegression + HMM_GMM Set 9] Acc: 0.8138, F1: 0.8114, Time: 15.52s
      -> [RNN + HMM_GMM Set 9] Acc: 0.7143, F1: 0.6553, Time: 598.73s
    [=== Generating 2x synthetic data with HMM_GMM (Set 10, Params: {'n_components': 2, 'n_mix': 5, 'covariance_type': 'diag'}) ===]
n_iterations: 4
n_required_iterations: 4
n_possible_iterations: 8
min_resources_: 38
max_resources_: 114000
aggressive_elimination: False
factor: 3
----------
iter: 0
n_candidates: 50
n_resources: 38
Fitting 1 folds for each of 50 candidates, totalling 50 fits
Model is not converging.  Current: 5038.528843008585 is not greater than 5038.528850241898. Delta is -7.233313226606697e-06
----------
iter: 1
n_candidates: 17
n_resources: 114
Fitting 1 folds for each of 17 candidates, totalling 17 fits
----------
iter: 2
n_candidates: 6
n_resources: 342
Fitting 1 folds for each of 6 candidates, totalling 6 fits
----------
iter: 3
n_candidates: 2
n_resources: 1026
Fitting 1 folds for each of 2 candidates, totalling 2 fits
      -> [KNN + HMM_GMM Set 10] Acc: 0.9568, F1: 0.9565, Time: 0.29s
n_iterations: 4
n_required_iterations: 4
n_possible_iterations: 8
min_resources_: 38
max_resources_: 114000
aggressive_elimination: False
factor: 3
----------
iter: 0
n_candidates: 50
n_resources: 38
Fitting 1 folds for each of 50 candidates, totalling 50 fits
----------
iter: 1
n_candidates: 17
n_resources: 114
Fitting 1 folds for each of 17 candidates, totalling 17 fits
----------
iter: 2
n_candidates: 6
n_resources: 342
Fitting 1 folds for each of 6 candidates, totalling 6 fits
----------
iter: 3
n_candidates: 2
n_resources: 1026
Fitting 1 folds for each of 2 candidates, totalling 2 fits
      -> [RandomForest + HMM_GMM Set 10] Acc: 0.9445, F1: 0.9442, Time: 7.51s
n_iterations: 4
n_required_iterations: 4
n_possible_iterations: 8
min_resources_: 38
max_resources_: 114000
aggressive_elimination: False
factor: 3
----------
iter: 0
n_candidates: 50
n_resources: 38
Fitting 1 folds for each of 50 candidates, totalling 50 fits
----------
iter: 1
n_candidates: 17
n_resources: 114
Fitting 1 folds for each of 17 candidates, totalling 17 fits
----------
iter: 2
n_candidates: 6
n_resources: 342
Fitting 1 folds for each of 6 candidates, totalling 6 fits
----------
iter: 3
n_candidates: 2
n_resources: 1026
Fitting 1 folds for each of 2 candidates, totalling 2 fits
      -> [LinearSVC + HMM_GMM Set 10] Acc: 0.6908, F1: 0.6671, Time: 3.74s
n_iterations: 4
n_required_iterations: 4
n_possible_iterations: 8
min_resources_: 38
max_resources_: 114000
aggressive_elimination: False
factor: 3
----------
iter: 0
n_candidates: 50
n_resources: 38
Fitting 1 folds for each of 50 candidates, totalling 50 fits
----------
iter: 1
n_candidates: 17
n_resources: 114
Fitting 1 folds for each of 17 candidates, totalling 17 fits
----------
iter: 2
n_candidates: 6
n_resources: 342
Fitting 1 folds for each of 6 candidates, totalling 6 fits
----------
iter: 3
n_candidates: 2
n_resources: 1026
Fitting 1 folds for each of 2 candidates, totalling 2 fits
      -> [LogisticRegression + HMM_GMM Set 10] Acc: 0.8044, F1: 0.8010, Time: 5.47s
      -> [RNN + HMM_GMM Set 10] Acc: 0.7293, F1: 0.7093, Time: 598.56s
    [=== Generating 3x synthetic data with HMM_GMM (Set 1, Params: {'n_components': 1, 'n_mix': 4, 'covariance_type': 'spherical'}) ===]
n_iterations: 4
n_required_iterations: 4
n_possible_iterations: 8
min_resources_: 38
max_resources_: 138000
aggressive_elimination: False
factor: 3
----------
iter: 0
n_candidates: 50
n_resources: 38
Fitting 1 folds for each of 50 candidates, totalling 50 fits
----------
iter: 1
n_candidates: 17
n_resources: 114
Fitting 1 folds for each of 17 candidates, totalling 17 fits
----------
iter: 2
n_candidates: 6
n_resources: 342
Fitting 1 folds for each of 6 candidates, totalling 6 fits
----------
iter: 3
n_candidates: 2
n_resources: 1026
Fitting 1 folds for each of 2 candidates, totalling 2 fits
      -> [KNN + HMM_GMM Set 1] Acc: 0.9505, F1: 0.9499, Time: 0.76s
n_iterations: 4
n_required_iterations: 4
n_possible_iterations: 8
min_resources_: 38
max_resources_: 138000
aggressive_elimination: False
factor: 3
----------
iter: 0
n_candidates: 50
n_resources: 38
Fitting 1 folds for each of 50 candidates, totalling 50 fits
----------
iter: 1
n_candidates: 17
n_resources: 114
Fitting 1 folds for each of 17 candidates, totalling 17 fits
----------
iter: 2
n_candidates: 6
n_resources: 342
Fitting 1 folds for each of 6 candidates, totalling 6 fits
----------
iter: 3
n_candidates: 2
n_resources: 1026
Fitting 1 folds for each of 2 candidates, totalling 2 fits
      -> [RandomForest + HMM_GMM Set 1] Acc: 0.9371, F1: 0.9367, Time: 16.58s
n_iterations: 4
n_required_iterations: 4
n_possible_iterations: 8
min_resources_: 38
max_resources_: 138000
aggressive_elimination: False
factor: 3
----------
iter: 0
n_candidates: 50
n_resources: 38
Fitting 1 folds for each of 50 candidates, totalling 50 fits
----------
iter: 1
n_candidates: 17
n_resources: 114
Fitting 1 folds for each of 17 candidates, totalling 17 fits
----------
iter: 2
n_candidates: 6
n_resources: 342
Fitting 1 folds for each of 6 candidates, totalling 6 fits
----------
iter: 3
n_candidates: 2
n_resources: 1026
Fitting 1 folds for each of 2 candidates, totalling 2 fits
      -> [LinearSVC + HMM_GMM Set 1] Acc: 0.6647, F1: 0.6372, Time: 7.85s
n_iterations: 4
n_required_iterations: 4
n_possible_iterations: 8
min_resources_: 38
max_resources_: 138000
aggressive_elimination: False
factor: 3
----------
iter: 0
n_candidates: 50
n_resources: 38
Fitting 1 folds for each of 50 candidates, totalling 50 fits
----------
iter: 1
n_candidates: 17
n_resources: 114
Fitting 1 folds for each of 17 candidates, totalling 17 fits
----------
iter: 2
n_candidates: 6
n_resources: 342
Fitting 1 folds for each of 6 candidates, totalling 6 fits
----------
iter: 3
n_candidates: 2
n_resources: 1026
Fitting 1 folds for each of 2 candidates, totalling 2 fits
      -> [LogisticRegression + HMM_GMM Set 1] Acc: 0.7430, F1: 0.7443, Time: 7.26s
      -> [RNN + HMM_GMM Set 1] Acc: 0.3835, F1: 0.3493, Time: 893.71s
    [=== Generating 3x synthetic data with HMM_GMM (Set 2, Params: {'n_components': 4, 'n_mix': 2, 'covariance_type': 'tied'}) ===]
n_iterations: 4
n_required_iterations: 4
n_possible_iterations: 8
min_resources_: 38
max_resources_: 138000
aggressive_elimination: False
factor: 3
----------
iter: 0
n_candidates: 50
n_resources: 38
Fitting 1 folds for each of 50 candidates, totalling 50 fits
----------
iter: 1
n_candidates: 17
n_resources: 114
Fitting 1 folds for each of 17 candidates, totalling 17 fits
----------
iter: 2
n_candidates: 6
n_resources: 342
Fitting 1 folds for each of 6 candidates, totalling 6 fits
----------
iter: 3
n_candidates: 2
n_resources: 1026
Fitting 1 folds for each of 2 candidates, totalling 2 fits
      -> [KNN + HMM_GMM Set 2] Acc: 0.9521, F1: 0.9517, Time: 0.70s
n_iterations: 4
n_required_iterations: 4
n_possible_iterations: 8
min_resources_: 38
max_resources_: 138000
aggressive_elimination: False
factor: 3
----------
iter: 0
n_candidates: 50
n_resources: 38
Fitting 1 folds for each of 50 candidates, totalling 50 fits
----------
iter: 1
n_candidates: 17
n_resources: 114
Fitting 1 folds for each of 17 candidates, totalling 17 fits
----------
iter: 2
n_candidates: 6
n_resources: 342
Fitting 1 folds for each of 6 candidates, totalling 6 fits
----------
iter: 3
n_candidates: 2
n_resources: 1026
Fitting 1 folds for each of 2 candidates, totalling 2 fits
      -> [RandomForest + HMM_GMM Set 2] Acc: 0.9474, F1: 0.9468, Time: 24.05s
n_iterations: 4
n_required_iterations: 4
n_possible_iterations: 8
min_resources_: 38
max_resources_: 138000
aggressive_elimination: False
factor: 3
----------
iter: 0
n_candidates: 50
n_resources: 38
Fitting 1 folds for each of 50 candidates, totalling 50 fits
----------
iter: 1
n_candidates: 17
n_resources: 114
Fitting 1 folds for each of 17 candidates, totalling 17 fits
----------
iter: 2
n_candidates: 6
n_resources: 342
Fitting 1 folds for each of 6 candidates, totalling 6 fits
----------
iter: 3
n_candidates: 2
n_resources: 1026
Fitting 1 folds for each of 2 candidates, totalling 2 fits
      -> [LinearSVC + HMM_GMM Set 2] Acc: 0.6992, F1: 0.6844, Time: 2.09s
n_iterations: 4
n_required_iterations: 4
n_possible_iterations: 8
min_resources_: 38
max_resources_: 138000
aggressive_elimination: False
factor: 3
----------
iter: 0
n_candidates: 50
n_resources: 38
Fitting 1 folds for each of 50 candidates, totalling 50 fits
----------
iter: 1
n_candidates: 17
n_resources: 114
Fitting 1 folds for each of 17 candidates, totalling 17 fits
----------
iter: 2
n_candidates: 6
n_resources: 342
Fitting 1 folds for each of 6 candidates, totalling 6 fits
----------
iter: 3
n_candidates: 2
n_resources: 1026
Fitting 1 folds for each of 2 candidates, totalling 2 fits
      -> [LogisticRegression + HMM_GMM Set 2] Acc: 0.8242, F1: 0.8202, Time: 8.54s
      -> [RNN + HMM_GMM Set 2] Acc: 0.6917, F1: 0.6721, Time: 8.02s
    [=== Generating 3x synthetic data with HMM_GMM (Set 3, Params: {'n_components': 2, 'n_mix': 2, 'covariance_type': 'full'}) ===]
n_iterations: 4
n_required_iterations: 4
n_possible_iterations: 8
min_resources_: 38
max_resources_: 138000
aggressive_elimination: False
factor: 3
----------
iter: 0
n_candidates: 50
n_resources: 38
Fitting 1 folds for each of 50 candidates, totalling 50 fits
----------
iter: 1
n_candidates: 17
n_resources: 114
Fitting 1 folds for each of 17 candidates, totalling 17 fits
----------
iter: 2
n_candidates: 6
n_resources: 342
Fitting 1 folds for each of 6 candidates, totalling 6 fits
----------
iter: 3
n_candidates: 2
n_resources: 1026
Fitting 1 folds for each of 2 candidates, totalling 2 fits
      -> [KNN + HMM_GMM Set 3] Acc: 0.9633, F1: 0.9631, Time: 0.60s
n_iterations: 4
n_required_iterations: 4
n_possible_iterations: 8
min_resources_: 38
max_resources_: 138000
aggressive_elimination: False
factor: 3
----------
iter: 0
n_candidates: 50
n_resources: 38
Fitting 1 folds for each of 50 candidates, totalling 50 fits
----------
iter: 1
n_candidates: 17
n_resources: 114
Fitting 1 folds for each of 17 candidates, totalling 17 fits
----------
iter: 2
n_candidates: 6
n_resources: 342
Fitting 1 folds for each of 6 candidates, totalling 6 fits
----------
iter: 3
n_candidates: 2
n_resources: 1026
Fitting 1 folds for each of 2 candidates, totalling 2 fits
      -> [RandomForest + HMM_GMM Set 3] Acc: 0.9453, F1: 0.9448, Time: 15.70s
n_iterations: 4
n_required_iterations: 4
n_possible_iterations: 8
min_resources_: 38
max_resources_: 138000
aggressive_elimination: False
factor: 3
----------
iter: 0
n_candidates: 50
n_resources: 38
Fitting 1 folds for each of 50 candidates, totalling 50 fits
----------
iter: 1
n_candidates: 17
n_resources: 114
Fitting 1 folds for each of 17 candidates, totalling 17 fits
----------
iter: 2
n_candidates: 6
n_resources: 342
Fitting 1 folds for each of 6 candidates, totalling 6 fits
----------
iter: 3
n_candidates: 2
n_resources: 1026
Fitting 1 folds for each of 2 candidates, totalling 2 fits
      -> [LinearSVC + HMM_GMM Set 3] Acc: 0.7041, F1: 0.6943, Time: 1.91s
n_iterations: 4
n_required_iterations: 4
n_possible_iterations: 8
min_resources_: 38
max_resources_: 138000
aggressive_elimination: False
factor: 3
----------
iter: 0
n_candidates: 50
n_resources: 38
Fitting 1 folds for each of 50 candidates, totalling 50 fits
----------
iter: 1
n_candidates: 17
n_resources: 114
Fitting 1 folds for each of 17 candidates, totalling 17 fits
----------
iter: 2
n_candidates: 6
n_resources: 342
Fitting 1 folds for each of 6 candidates, totalling 6 fits
----------
iter: 3
n_candidates: 2
n_resources: 1026
Fitting 1 folds for each of 2 candidates, totalling 2 fits
      -> [LogisticRegression + HMM_GMM Set 3] Acc: 0.8200, F1: 0.8170, Time: 7.53s
      -> [RNN + HMM_GMM Set 3] Acc: 0.6842, F1: 0.6598, Time: 490.98s
    [=== Generating 3x synthetic data with HMM_GMM (Set 4, Params: {'n_components': 4, 'n_mix': 4, 'covariance_type': 'spherical'}) ===]
n_iterations: 4
n_required_iterations: 4
n_possible_iterations: 8
min_resources_: 38
max_resources_: 138000
aggressive_elimination: False
factor: 3
----------
iter: 0
n_candidates: 50
n_resources: 38
Fitting 1 folds for each of 50 candidates, totalling 50 fits
----------
iter: 1
n_candidates: 17
n_resources: 114
Fitting 1 folds for each of 17 candidates, totalling 17 fits
----------
iter: 2
n_candidates: 6
n_resources: 342
Fitting 1 folds for each of 6 candidates, totalling 6 fits
----------
iter: 3
n_candidates: 2
n_resources: 1026
Fitting 1 folds for each of 2 candidates, totalling 2 fits
      -> [KNN + HMM_GMM Set 4] Acc: 0.9489, F1: 0.9485, Time: 0.73s
n_iterations: 4
n_required_iterations: 4
n_possible_iterations: 8
min_resources_: 38
max_resources_: 138000
aggressive_elimination: False
factor: 3
----------
iter: 0
n_candidates: 50
n_resources: 38
Fitting 1 folds for each of 50 candidates, totalling 50 fits
----------
iter: 1
n_candidates: 17
n_resources: 114
Fitting 1 folds for each of 17 candidates, totalling 17 fits
----------
iter: 2
n_candidates: 6
n_resources: 342
Fitting 1 folds for each of 6 candidates, totalling 6 fits
----------
iter: 3
n_candidates: 2
n_resources: 1026
Fitting 1 folds for each of 2 candidates, totalling 2 fits
      -> [RandomForest + HMM_GMM Set 4] Acc: 0.9402, F1: 0.9396, Time: 16.12s
n_iterations: 4
n_required_iterations: 4
n_possible_iterations: 8
min_resources_: 38
max_resources_: 138000
aggressive_elimination: False
factor: 3
----------
iter: 0
n_candidates: 50
n_resources: 38
Fitting 1 folds for each of 50 candidates, totalling 50 fits
----------
iter: 1
n_candidates: 17
n_resources: 114
Fitting 1 folds for each of 17 candidates, totalling 17 fits
----------
iter: 2
n_candidates: 6
n_resources: 342
Fitting 1 folds for each of 6 candidates, totalling 6 fits
----------
iter: 3
n_candidates: 2
n_resources: 1026
Fitting 1 folds for each of 2 candidates, totalling 2 fits
      -> [LinearSVC + HMM_GMM Set 4] Acc: 0.6766, F1: 0.6599, Time: 1.87s
n_iterations: 4
n_required_iterations: 4
n_possible_iterations: 8
min_resources_: 38
max_resources_: 138000
aggressive_elimination: False
factor: 3
----------
iter: 0
n_candidates: 50
n_resources: 38
Fitting 1 folds for each of 50 candidates, totalling 50 fits
----------
iter: 1
n_candidates: 17
n_resources: 114
Fitting 1 folds for each of 17 candidates, totalling 17 fits
----------
iter: 2
n_candidates: 6
n_resources: 342
Fitting 1 folds for each of 6 candidates, totalling 6 fits
----------
iter: 3
n_candidates: 2
n_resources: 1026
Fitting 1 folds for each of 2 candidates, totalling 2 fits
      -> [LogisticRegression + HMM_GMM Set 4] Acc: 0.7746, F1: 0.7688, Time: 8.38s
      -> [RNN + HMM_GMM Set 4] Acc: 0.6316, F1: 0.6046, Time: 459.58s
    [=== Generating 3x synthetic data with HMM_GMM (Set 5, Params: {'n_components': 2, 'n_mix': 4, 'covariance_type': 'spherical'}) ===]
n_iterations: 4
n_required_iterations: 4
n_possible_iterations: 8
min_resources_: 38
max_resources_: 138000
aggressive_elimination: False
factor: 3
----------
iter: 0
n_candidates: 50
n_resources: 38
Fitting 1 folds for each of 50 candidates, totalling 50 fits
Model is not converging.  Current: -1513.2452581253028 is not greater than -1513.2440383763571. Delta is -0.0012197489456866606
----------
iter: 1
n_candidates: 17
n_resources: 114
Fitting 1 folds for each of 17 candidates, totalling 17 fits
----------
iter: 2
n_candidates: 6
n_resources: 342
Fitting 1 folds for each of 6 candidates, totalling 6 fits
----------
iter: 3
n_candidates: 2
n_resources: 1026
Fitting 1 folds for each of 2 candidates, totalling 2 fits
      -> [KNN + HMM_GMM Set 5] Acc: 0.9568, F1: 0.9566, Time: 0.74s
n_iterations: 4
n_required_iterations: 4
n_possible_iterations: 8
min_resources_: 38
max_resources_: 138000
aggressive_elimination: False
factor: 3
----------
iter: 0
n_candidates: 50
n_resources: 38
Fitting 1 folds for each of 50 candidates, totalling 50 fits
----------
iter: 1
n_candidates: 17
n_resources: 114
Fitting 1 folds for each of 17 candidates, totalling 17 fits
----------
iter: 2
n_candidates: 6
n_resources: 342
Fitting 1 folds for each of 6 candidates, totalling 6 fits
----------
iter: 3
n_candidates: 2
n_resources: 1026
Fitting 1 folds for each of 2 candidates, totalling 2 fits
      -> [RandomForest + HMM_GMM Set 5] Acc: 0.9467, F1: 0.9462, Time: 24.06s
n_iterations: 4
n_required_iterations: 4
n_possible_iterations: 8
min_resources_: 38
max_resources_: 138000
aggressive_elimination: False
factor: 3
----------
iter: 0
n_candidates: 50
n_resources: 38
Fitting 1 folds for each of 50 candidates, totalling 50 fits
----------
iter: 1
n_candidates: 17
n_resources: 114
Fitting 1 folds for each of 17 candidates, totalling 17 fits
----------
iter: 2
n_candidates: 6
n_resources: 342
Fitting 1 folds for each of 6 candidates, totalling 6 fits
----------
iter: 3
n_candidates: 2
n_resources: 1026
Fitting 1 folds for each of 2 candidates, totalling 2 fits
      -> [LinearSVC + HMM_GMM Set 5] Acc: 0.6532, F1: 0.6366, Time: 1.71s
n_iterations: 4
n_required_iterations: 4
n_possible_iterations: 8
min_resources_: 38
max_resources_: 138000
aggressive_elimination: False
factor: 3
----------
iter: 0
n_candidates: 50
n_resources: 38
Fitting 1 folds for each of 50 candidates, totalling 50 fits
----------
iter: 1
n_candidates: 17
n_resources: 114
Fitting 1 folds for each of 17 candidates, totalling 17 fits
----------
iter: 2
n_candidates: 6
n_resources: 342
Fitting 1 folds for each of 6 candidates, totalling 6 fits
----------
iter: 3
n_candidates: 2
n_resources: 1026
Fitting 1 folds for each of 2 candidates, totalling 2 fits
      -> [LogisticRegression + HMM_GMM Set 5] Acc: 0.7593, F1: 0.7525, Time: 8.38s
      -> [RNN + HMM_GMM Set 5] Acc: 0.7594, F1: 0.7242, Time: 453.24s
    [=== Generating 3x synthetic data with HMM_GMM (Set 6, Params: {'n_components': 2, 'n_mix': 1, 'covariance_type': 'spherical'}) ===]
n_iterations: 4
n_required_iterations: 4
n_possible_iterations: 8
min_resources_: 38
max_resources_: 138000
aggressive_elimination: False
factor: 3
----------
iter: 0
n_candidates: 50
n_resources: 38
Fitting 1 folds for each of 50 candidates, totalling 50 fits
Model is not converging.  Current: 18629.032441122265 is not greater than 18637.151346416107. Delta is -8.118905293842545
Model is not converging.  Current: 23497.46070069077 is not greater than 23513.365650280386. Delta is -15.904949589614262
----------
iter: 1
n_candidates: 17
n_resources: 114
Fitting 1 folds for each of 17 candidates, totalling 17 fits
----------
iter: 2
n_candidates: 6
n_resources: 342
Fitting 1 folds for each of 6 candidates, totalling 6 fits
----------
iter: 3
n_candidates: 2
n_resources: 1026
Fitting 1 folds for each of 2 candidates, totalling 2 fits
      -> [KNN + HMM_GMM Set 6] Acc: 0.9540, F1: 0.9538, Time: 0.39s
n_iterations: 4
n_required_iterations: 4
n_possible_iterations: 8
min_resources_: 38
max_resources_: 138000
aggressive_elimination: False
factor: 3
----------
iter: 0
n_candidates: 50
n_resources: 38
Fitting 1 folds for each of 50 candidates, totalling 50 fits
----------
iter: 1
n_candidates: 17
n_resources: 114
Fitting 1 folds for each of 17 candidates, totalling 17 fits
----------
iter: 2
n_candidates: 6
n_resources: 342
Fitting 1 folds for each of 6 candidates, totalling 6 fits
----------
iter: 3
n_candidates: 2
n_resources: 1026
Fitting 1 folds for each of 2 candidates, totalling 2 fits
      -> [RandomForest + HMM_GMM Set 6] Acc: 0.9509, F1: 0.9505, Time: 25.30s
n_iterations: 4
n_required_iterations: 4
n_possible_iterations: 8
min_resources_: 38
max_resources_: 138000
aggressive_elimination: False
factor: 3
----------
iter: 0
n_candidates: 50
n_resources: 38
Fitting 1 folds for each of 50 candidates, totalling 50 fits
----------
iter: 1
n_candidates: 17
n_resources: 114
Fitting 1 folds for each of 17 candidates, totalling 17 fits
----------
iter: 2
n_candidates: 6
n_resources: 342
Fitting 1 folds for each of 6 candidates, totalling 6 fits
----------
iter: 3
n_candidates: 2
n_resources: 1026
Fitting 1 folds for each of 2 candidates, totalling 2 fits
      -> [LinearSVC + HMM_GMM Set 6] Acc: 0.6002, F1: 0.5697, Time: 8.22s
n_iterations: 4
n_required_iterations: 4
n_possible_iterations: 8
min_resources_: 38
max_resources_: 138000
aggressive_elimination: False
factor: 3
----------
iter: 0
n_candidates: 50
n_resources: 38
Fitting 1 folds for each of 50 candidates, totalling 50 fits
----------
iter: 1
n_candidates: 17
n_resources: 114
Fitting 1 folds for each of 17 candidates, totalling 17 fits
----------
iter: 2
n_candidates: 6
n_resources: 342
Fitting 1 folds for each of 6 candidates, totalling 6 fits
----------
iter: 3
n_candidates: 2
n_resources: 1026
Fitting 1 folds for each of 2 candidates, totalling 2 fits
      -> [LogisticRegression + HMM_GMM Set 6] Acc: 0.7021, F1: 0.6932, Time: 12.46s
      -> [RNN + HMM_GMM Set 6] Acc: 0.7820, F1: 0.7709, Time: 491.84s
    [=== Generating 3x synthetic data with HMM_GMM (Set 7, Params: {'n_components': 4, 'n_mix': 5, 'covariance_type': 'full'}) ===]
HMM-GMM fitting failed for class COO: Covariance of state #3, mixture #1 is not positive definite
HMM-GMM fitting failed for class SO5: Covariance of state #3, mixture #0 is not positive definite
n_iterations: 4
n_required_iterations: 4
n_possible_iterations: 8
min_resources_: 38
max_resources_: 138000
aggressive_elimination: False
factor: 3
----------
iter: 0
n_candidates: 50
n_resources: 38
Fitting 1 folds for each of 50 candidates, totalling 50 fits
Model is not converging.  Current: 28971.953031169916 is not greater than 28993.459204132538. Delta is -21.50617296262135
Model is not converging.  Current: 29036.708352669342 is not greater than 29039.498134935642. Delta is -2.7897822662998806
----------
iter: 1
n_candidates: 17
n_resources: 114
Fitting 1 folds for each of 17 candidates, totalling 17 fits
----------
iter: 2
n_candidates: 6
n_resources: 342
Fitting 1 folds for each of 6 candidates, totalling 6 fits
----------
iter: 3
n_candidates: 2
n_resources: 1026
Fitting 1 folds for each of 2 candidates, totalling 2 fits
      -> [KNN + HMM_GMM Set 7] Acc: 0.9552, F1: 0.9548, Time: 0.67s
n_iterations: 4
n_required_iterations: 4
n_possible_iterations: 8
min_resources_: 38
max_resources_: 138000
aggressive_elimination: False
factor: 3
----------
iter: 0
n_candidates: 50
n_resources: 38
Fitting 1 folds for each of 50 candidates, totalling 50 fits
----------
iter: 1
n_candidates: 17
n_resources: 114
Fitting 1 folds for each of 17 candidates, totalling 17 fits
----------
iter: 2
n_candidates: 6
n_resources: 342
Fitting 1 folds for each of 6 candidates, totalling 6 fits
----------
iter: 3
n_candidates: 2
n_resources: 1026
Fitting 1 folds for each of 2 candidates, totalling 2 fits
      -> [RandomForest + HMM_GMM Set 7] Acc: 0.9433, F1: 0.9427, Time: 17.14s
n_iterations: 4
n_required_iterations: 4
n_possible_iterations: 8
min_resources_: 38
max_resources_: 138000
aggressive_elimination: False
factor: 3
----------
iter: 0
n_candidates: 50
n_resources: 38
Fitting 1 folds for each of 50 candidates, totalling 50 fits
----------
iter: 1
n_candidates: 17
n_resources: 114
Fitting 1 folds for each of 17 candidates, totalling 17 fits
----------
iter: 2
n_candidates: 6
n_resources: 342
Fitting 1 folds for each of 6 candidates, totalling 6 fits
----------
iter: 3
n_candidates: 2
n_resources: 1026
Fitting 1 folds for each of 2 candidates, totalling 2 fits
      -> [LinearSVC + HMM_GMM Set 7] Acc: 0.6820, F1: 0.6601, Time: 2.33s
n_iterations: 4
n_required_iterations: 4
n_possible_iterations: 8
min_resources_: 38
max_resources_: 138000
aggressive_elimination: False
factor: 3
----------
iter: 0
n_candidates: 50
n_resources: 38
Fitting 1 folds for each of 50 candidates, totalling 50 fits
----------
iter: 1
n_candidates: 17
n_resources: 114
Fitting 1 folds for each of 17 candidates, totalling 17 fits
----------
iter: 2
n_candidates: 6
n_resources: 342
Fitting 1 folds for each of 6 candidates, totalling 6 fits
----------
iter: 3
n_candidates: 2
n_resources: 1026
Fitting 1 folds for each of 2 candidates, totalling 2 fits
      -> [LogisticRegression + HMM_GMM Set 7] Acc: 0.8362, F1: 0.8343, Time: 7.83s
      -> [RNN + HMM_GMM Set 7] Acc: 0.7519, F1: 0.7233, Time: 3.74s
    [=== Generating 3x synthetic data with HMM_GMM (Set 8, Params: {'n_components': 5, 'n_mix': 5, 'covariance_type': 'full'}) ===]
HMM-GMM fitting failed for class COO4: Covariance of state #2, mixture #2 is not positive definite
HMM-GMM fitting failed for class SO1: Covariance of state #4, mixture #4 is not positive definite
HMM-GMM fitting failed for class SO4: Covariance of state #2, mixture #3 is not positive definite
n_iterations: 4
n_required_iterations: 4
n_possible_iterations: 8
min_resources_: 38
max_resources_: 138000
aggressive_elimination: False
factor: 3
----------
iter: 0
n_candidates: 50
n_resources: 38
Fitting 1 folds for each of 50 candidates, totalling 50 fits
----------
iter: 1
n_candidates: 17
n_resources: 114
Fitting 1 folds for each of 17 candidates, totalling 17 fits
----------
iter: 2
n_candidates: 6
n_resources: 342
Fitting 1 folds for each of 6 candidates, totalling 6 fits
----------
iter: 3
n_candidates: 2
n_resources: 1026
Fitting 1 folds for each of 2 candidates, totalling 2 fits
      -> [KNN + HMM_GMM Set 8] Acc: 0.9462, F1: 0.9459, Time: 1.13s
n_iterations: 4
n_required_iterations: 4
n_possible_iterations: 8
min_resources_: 38
max_resources_: 138000
aggressive_elimination: False
factor: 3
----------
iter: 0
n_candidates: 50
n_resources: 38
Fitting 1 folds for each of 50 candidates, totalling 50 fits
----------
iter: 1
n_candidates: 17
n_resources: 114
Fitting 1 folds for each of 17 candidates, totalling 17 fits
----------
iter: 2
n_candidates: 6
n_resources: 342
Fitting 1 folds for each of 6 candidates, totalling 6 fits
----------
iter: 3
n_candidates: 2
n_resources: 1026
Fitting 1 folds for each of 2 candidates, totalling 2 fits
      -> [RandomForest + HMM_GMM Set 8] Acc: 0.9467, F1: 0.9462, Time: 17.00s
n_iterations: 4
n_required_iterations: 4
n_possible_iterations: 8
min_resources_: 38
max_resources_: 138000
aggressive_elimination: False
factor: 3
----------
iter: 0
n_candidates: 50
n_resources: 38
Fitting 1 folds for each of 50 candidates, totalling 50 fits
----------
iter: 1
n_candidates: 17
n_resources: 114
Fitting 1 folds for each of 17 candidates, totalling 17 fits
----------
iter: 2
n_candidates: 6
n_resources: 342
Fitting 1 folds for each of 6 candidates, totalling 6 fits
----------
iter: 3
n_candidates: 2
n_resources: 1026
Fitting 1 folds for each of 2 candidates, totalling 2 fits
      -> [LinearSVC + HMM_GMM Set 8] Acc: 0.6486, F1: 0.6355, Time: 8.09s
n_iterations: 4
n_required_iterations: 4
n_possible_iterations: 8
min_resources_: 38
max_resources_: 138000
aggressive_elimination: False
factor: 3
----------
iter: 0
n_candidates: 50
n_resources: 38
Fitting 1 folds for each of 50 candidates, totalling 50 fits
----------
iter: 1
n_candidates: 17
n_resources: 114
Fitting 1 folds for each of 17 candidates, totalling 17 fits
----------
iter: 2
n_candidates: 6
n_resources: 342
Fitting 1 folds for each of 6 candidates, totalling 6 fits
----------
iter: 3
n_candidates: 2
n_resources: 1026
Fitting 1 folds for each of 2 candidates, totalling 2 fits
      -> [LogisticRegression + HMM_GMM Set 8] Acc: 0.8299, F1: 0.8295, Time: 7.42s
      -> [RNN + HMM_GMM Set 8] Acc: 0.6842, F1: 0.6315, Time: 793.95s
    [=== Generating 3x synthetic data with HMM_GMM (Set 9, Params: {'n_components': 2, 'n_mix': 2, 'covariance_type': 'full'}) ===]
n_iterations: 4
n_required_iterations: 4
n_possible_iterations: 8
min_resources_: 38
max_resources_: 138000
aggressive_elimination: False
factor: 3
----------
iter: 0
n_candidates: 50
n_resources: 38
Fitting 1 folds for each of 50 candidates, totalling 50 fits
----------
iter: 1
n_candidates: 17
n_resources: 114
Fitting 1 folds for each of 17 candidates, totalling 17 fits
----------
iter: 2
n_candidates: 6
n_resources: 342
Fitting 1 folds for each of 6 candidates, totalling 6 fits
----------
iter: 3
n_candidates: 2
n_resources: 1026
Fitting 1 folds for each of 2 candidates, totalling 2 fits
      -> [KNN + HMM_GMM Set 9] Acc: 0.9641, F1: 0.9641, Time: 0.36s
n_iterations: 4
n_required_iterations: 4
n_possible_iterations: 8
min_resources_: 38
max_resources_: 138000
aggressive_elimination: False
factor: 3
----------
iter: 0
n_candidates: 50
n_resources: 38
Fitting 1 folds for each of 50 candidates, totalling 50 fits
----------
iter: 1
n_candidates: 17
n_resources: 114
Fitting 1 folds for each of 17 candidates, totalling 17 fits
----------
iter: 2
n_candidates: 6
n_resources: 342
Fitting 1 folds for each of 6 candidates, totalling 6 fits
----------
iter: 3
n_candidates: 2
n_resources: 1026
Fitting 1 folds for each of 2 candidates, totalling 2 fits
      -> [RandomForest + HMM_GMM Set 9] Acc: 0.9471, F1: 0.9467, Time: 15.62s
n_iterations: 4
n_required_iterations: 4
n_possible_iterations: 8
min_resources_: 38
max_resources_: 138000
aggressive_elimination: False
factor: 3
----------
iter: 0
n_candidates: 50
n_resources: 38
Fitting 1 folds for each of 50 candidates, totalling 50 fits
----------
iter: 1
n_candidates: 17
n_resources: 114
Fitting 1 folds for each of 17 candidates, totalling 17 fits
----------
iter: 2
n_candidates: 6
n_resources: 342
Fitting 1 folds for each of 6 candidates, totalling 6 fits
----------
iter: 3
n_candidates: 2
n_resources: 1026
Fitting 1 folds for each of 2 candidates, totalling 2 fits
      -> [LinearSVC + HMM_GMM Set 9] Acc: 0.7038, F1: 0.6925, Time: 1.94s
n_iterations: 4
n_required_iterations: 4
n_possible_iterations: 8
min_resources_: 38
max_resources_: 138000
aggressive_elimination: False
factor: 3
----------
iter: 0
n_candidates: 50
n_resources: 38
Fitting 1 folds for each of 50 candidates, totalling 50 fits
----------
iter: 1
n_candidates: 17
n_resources: 114
Fitting 1 folds for each of 17 candidates, totalling 17 fits
----------
iter: 2
n_candidates: 6
n_resources: 342
Fitting 1 folds for each of 6 candidates, totalling 6 fits
----------
iter: 3
n_candidates: 2
n_resources: 1026
Fitting 1 folds for each of 2 candidates, totalling 2 fits
      -> [LogisticRegression + HMM_GMM Set 9] Acc: 0.8197, F1: 0.8164, Time: 7.34s
      -> [RNN + HMM_GMM Set 9] Acc: 0.5489, F1: 0.4669, Time: 488.15s
    [=== Generating 3x synthetic data with HMM_GMM (Set 10, Params: {'n_components': 2, 'n_mix': 5, 'covariance_type': 'diag'}) ===]
n_iterations: 4
n_required_iterations: 4
n_possible_iterations: 8
min_resources_: 38
max_resources_: 138000
aggressive_elimination: False
factor: 3
----------
iter: 0
n_candidates: 50
n_resources: 38
Fitting 1 folds for each of 50 candidates, totalling 50 fits
Model is not converging.  Current: 5038.233316017756 is not greater than 5038.233323255563. Delta is -7.237807039928157e-06
----------
iter: 1
n_candidates: 17
n_resources: 114
Fitting 1 folds for each of 17 candidates, totalling 17 fits
----------
iter: 2
n_candidates: 6
n_resources: 342
Fitting 1 folds for each of 6 candidates, totalling 6 fits
----------
iter: 3
n_candidates: 2
n_resources: 1026
Fitting 1 folds for each of 2 candidates, totalling 2 fits
      -> [KNN + HMM_GMM Set 10] Acc: 0.9562, F1: 0.9559, Time: 0.72s
n_iterations: 4
n_required_iterations: 4
n_possible_iterations: 8
min_resources_: 38
max_resources_: 138000
aggressive_elimination: False
factor: 3
----------
iter: 0
n_candidates: 50
n_resources: 38
Fitting 1 folds for each of 50 candidates, totalling 50 fits
----------
iter: 1
n_candidates: 17
n_resources: 114
Fitting 1 folds for each of 17 candidates, totalling 17 fits
----------
iter: 2
n_candidates: 6
n_resources: 342
Fitting 1 folds for each of 6 candidates, totalling 6 fits
----------
iter: 3
n_candidates: 2
n_resources: 1026
Fitting 1 folds for each of 2 candidates, totalling 2 fits
      -> [RandomForest + HMM_GMM Set 10] Acc: 0.9486, F1: 0.9482, Time: 23.81s
n_iterations: 4
n_required_iterations: 4
n_possible_iterations: 8
min_resources_: 38
max_resources_: 138000
aggressive_elimination: False
factor: 3
----------
iter: 0
n_candidates: 50
n_resources: 38
Fitting 1 folds for each of 50 candidates, totalling 50 fits
----------
iter: 1
n_candidates: 17
n_resources: 114
Fitting 1 folds for each of 17 candidates, totalling 17 fits
----------
iter: 2
n_candidates: 6
n_resources: 342
Fitting 1 folds for each of 6 candidates, totalling 6 fits
----------
iter: 3
n_candidates: 2
n_resources: 1026
Fitting 1 folds for each of 2 candidates, totalling 2 fits
      -> [LinearSVC + HMM_GMM Set 10] Acc: 0.6891, F1: 0.6749, Time: 1.82s
n_iterations: 4
n_required_iterations: 4
n_possible_iterations: 8
min_resources_: 38
max_resources_: 138000
aggressive_elimination: False
factor: 3
----------
iter: 0
n_candidates: 50
n_resources: 38
Fitting 1 folds for each of 50 candidates, totalling 50 fits
----------
iter: 1
n_candidates: 17
n_resources: 114
Fitting 1 folds for each of 17 candidates, totalling 17 fits
----------
iter: 2
n_candidates: 6
n_resources: 342
Fitting 1 folds for each of 6 candidates, totalling 6 fits
----------
iter: 3
n_candidates: 2
n_resources: 1026
Fitting 1 folds for each of 2 candidates, totalling 2 fits
      -> [LogisticRegression + HMM_GMM Set 10] Acc: 0.7789, F1: 0.7742, Time: 8.47s
      -> [RNN + HMM_GMM Set 10] Acc: 0.7368, F1: 0.7153, Time: 454.78s
    [=== Generating 5x synthetic data with HMM_GMM (Set 1, Params: {'n_components': 1, 'n_mix': 4, 'covariance_type': 'spherical'}) ===]
n_iterations: 4
n_required_iterations: 4
n_possible_iterations: 8
min_resources_: 38
max_resources_: 138000
aggressive_elimination: False
factor: 3
----------
iter: 0
n_candidates: 50
n_resources: 38
Fitting 1 folds for each of 50 candidates, totalling 50 fits
----------
iter: 1
n_candidates: 17
n_resources: 114
Fitting 1 folds for each of 17 candidates, totalling 17 fits
----------
iter: 2
n_candidates: 6
n_resources: 342
Fitting 1 folds for each of 6 candidates, totalling 6 fits
----------
iter: 3
n_candidates: 2
n_resources: 1026
Fitting 1 folds for each of 2 candidates, totalling 2 fits
      -> [KNN + HMM_GMM Set 1] Acc: 0.9439, F1: 0.9434, Time: 0.85s
n_iterations: 4
n_required_iterations: 4
n_possible_iterations: 8
min_resources_: 38
max_resources_: 138000
aggressive_elimination: False
factor: 3
----------
iter: 0
n_candidates: 50
n_resources: 38
Fitting 1 folds for each of 50 candidates, totalling 50 fits
----------
iter: 1
n_candidates: 17
n_resources: 114
Fitting 1 folds for each of 17 candidates, totalling 17 fits
----------
iter: 2
n_candidates: 6
n_resources: 342
Fitting 1 folds for each of 6 candidates, totalling 6 fits
----------
iter: 3
n_candidates: 2
n_resources: 1026
Fitting 1 folds for each of 2 candidates, totalling 2 fits
      -> [RandomForest + HMM_GMM Set 1] Acc: 0.9304, F1: 0.9297, Time: 6.53s
n_iterations: 4
n_required_iterations: 4
n_possible_iterations: 8
min_resources_: 38
max_resources_: 138000
aggressive_elimination: False
factor: 3
----------
iter: 0
n_candidates: 50
n_resources: 38
Fitting 1 folds for each of 50 candidates, totalling 50 fits
----------
iter: 1
n_candidates: 17
n_resources: 114
Fitting 1 folds for each of 17 candidates, totalling 17 fits
----------
iter: 2
n_candidates: 6
n_resources: 342
Fitting 1 folds for each of 6 candidates, totalling 6 fits
----------
iter: 3
n_candidates: 2
n_resources: 1026
Fitting 1 folds for each of 2 candidates, totalling 2 fits
      -> [LinearSVC + HMM_GMM Set 1] Acc: 0.6638, F1: 0.6373, Time: 1.75s
n_iterations: 4
n_required_iterations: 4
n_possible_iterations: 8
min_resources_: 38
max_resources_: 138000
aggressive_elimination: False
factor: 3
----------
iter: 0
n_candidates: 50
n_resources: 38
Fitting 1 folds for each of 50 candidates, totalling 50 fits
----------
iter: 1
n_candidates: 17
n_resources: 114
Fitting 1 folds for each of 17 candidates, totalling 17 fits
----------
iter: 2
n_candidates: 6
n_resources: 342
Fitting 1 folds for each of 6 candidates, totalling 6 fits
----------
iter: 3
n_candidates: 2
n_resources: 1026
Fitting 1 folds for each of 2 candidates, totalling 2 fits
      -> [LogisticRegression + HMM_GMM Set 1] Acc: 0.7299, F1: 0.7299, Time: 10.90s
      -> [RNN + HMM_GMM Set 1] Acc: 0.4286, F1: 0.3836, Time: 719.32s
    [=== Generating 5x synthetic data with HMM_GMM (Set 2, Params: {'n_components': 4, 'n_mix': 2, 'covariance_type': 'tied'}) ===]
n_iterations: 4
n_required_iterations: 4
n_possible_iterations: 8
min_resources_: 38
max_resources_: 138000
aggressive_elimination: False
factor: 3
----------
iter: 0
n_candidates: 50
n_resources: 38
Fitting 1 folds for each of 50 candidates, totalling 50 fits
----------
iter: 1
n_candidates: 17
n_resources: 114
Fitting 1 folds for each of 17 candidates, totalling 17 fits
----------
iter: 2
n_candidates: 6
n_resources: 342
Fitting 1 folds for each of 6 candidates, totalling 6 fits
----------
iter: 3
n_candidates: 2
n_resources: 1026
Fitting 1 folds for each of 2 candidates, totalling 2 fits
      -> [KNN + HMM_GMM Set 2] Acc: 0.9425, F1: 0.9421, Time: 0.76s
n_iterations: 4
n_required_iterations: 4
n_possible_iterations: 8
min_resources_: 38
max_resources_: 138000
aggressive_elimination: False
factor: 3
----------
iter: 0
n_candidates: 50
n_resources: 38
Fitting 1 folds for each of 50 candidates, totalling 50 fits
----------
iter: 1
n_candidates: 17
n_resources: 114
Fitting 1 folds for each of 17 candidates, totalling 17 fits
----------
iter: 2
n_candidates: 6
n_resources: 342
Fitting 1 folds for each of 6 candidates, totalling 6 fits
----------
iter: 3
n_candidates: 2
n_resources: 1026
Fitting 1 folds for each of 2 candidates, totalling 2 fits
      -> [RandomForest + HMM_GMM Set 2] Acc: 0.9331, F1: 0.9323, Time: 6.16s
n_iterations: 4
n_required_iterations: 4
n_possible_iterations: 8
min_resources_: 38
max_resources_: 138000
aggressive_elimination: False
factor: 3
----------
iter: 0
n_candidates: 50
n_resources: 38
Fitting 1 folds for each of 50 candidates, totalling 50 fits
----------
iter: 1
n_candidates: 17
n_resources: 114
Fitting 1 folds for each of 17 candidates, totalling 17 fits
----------
iter: 2
n_candidates: 6
n_resources: 342
Fitting 1 folds for each of 6 candidates, totalling 6 fits
----------
iter: 3
n_candidates: 2
n_resources: 1026
Fitting 1 folds for each of 2 candidates, totalling 2 fits
      -> [LinearSVC + HMM_GMM Set 2] Acc: 0.6696, F1: 0.6605, Time: 1.86s
n_iterations: 4
n_required_iterations: 4
n_possible_iterations: 8
min_resources_: 38
max_resources_: 138000
aggressive_elimination: False
factor: 3
----------
iter: 0
n_candidates: 50
n_resources: 38
Fitting 1 folds for each of 50 candidates, totalling 50 fits
----------
iter: 1
n_candidates: 17
n_resources: 114
Fitting 1 folds for each of 17 candidates, totalling 17 fits
----------
iter: 2
n_candidates: 6
n_resources: 342
Fitting 1 folds for each of 6 candidates, totalling 6 fits
----------
iter: 3
n_candidates: 2
n_resources: 1026
Fitting 1 folds for each of 2 candidates, totalling 2 fits
      -> [LogisticRegression + HMM_GMM Set 2] Acc: 0.8238, F1: 0.8213, Time: 7.39s
      -> [RNN + HMM_GMM Set 2] Acc: 0.4586, F1: 0.3864, Time: 1479.69s
    [=== Generating 5x synthetic data with HMM_GMM (Set 3, Params: {'n_components': 2, 'n_mix': 2, 'covariance_type': 'full'}) ===]
n_iterations: 4
n_required_iterations: 4
n_possible_iterations: 8
min_resources_: 38
max_resources_: 138000
aggressive_elimination: False
factor: 3
----------
iter: 0
n_candidates: 50
n_resources: 38
Fitting 1 folds for each of 50 candidates, totalling 50 fits
----------
iter: 1
n_candidates: 17
n_resources: 114
Fitting 1 folds for each of 17 candidates, totalling 17 fits
----------
iter: 2
n_candidates: 6
n_resources: 342
Fitting 1 folds for each of 6 candidates, totalling 6 fits
----------
iter: 3
n_candidates: 2
n_resources: 1026
Fitting 1 folds for each of 2 candidates, totalling 2 fits
      -> [KNN + HMM_GMM Set 3] Acc: 0.9567, F1: 0.9566, Time: 0.38s
n_iterations: 4
n_required_iterations: 4
n_possible_iterations: 8
min_resources_: 38
max_resources_: 138000
aggressive_elimination: False
factor: 3
----------
iter: 0
n_candidates: 50
n_resources: 38
Fitting 1 folds for each of 50 candidates, totalling 50 fits
----------
iter: 1
n_candidates: 17
n_resources: 114
Fitting 1 folds for each of 17 candidates, totalling 17 fits
----------
iter: 2
n_candidates: 6
n_resources: 342
Fitting 1 folds for each of 6 candidates, totalling 6 fits
----------
iter: 3
n_candidates: 2
n_resources: 1026
Fitting 1 folds for each of 2 candidates, totalling 2 fits
      -> [RandomForest + HMM_GMM Set 3] Acc: 0.9438, F1: 0.9433, Time: 18.46s
n_iterations: 4
n_required_iterations: 4
n_possible_iterations: 8
min_resources_: 38
max_resources_: 138000
aggressive_elimination: False
factor: 3
----------
iter: 0
n_candidates: 50
n_resources: 38
Fitting 1 folds for each of 50 candidates, totalling 50 fits
----------
iter: 1
n_candidates: 17
n_resources: 114
Fitting 1 folds for each of 17 candidates, totalling 17 fits
----------
iter: 2
n_candidates: 6
n_resources: 342
Fitting 1 folds for each of 6 candidates, totalling 6 fits
----------
iter: 3
n_candidates: 2
n_resources: 1026
Fitting 1 folds for each of 2 candidates, totalling 2 fits
      -> [LinearSVC + HMM_GMM Set 3] Acc: 0.6885, F1: 0.6777, Time: 1.92s
n_iterations: 4
n_required_iterations: 4
n_possible_iterations: 8
min_resources_: 38
max_resources_: 138000
aggressive_elimination: False
factor: 3
----------
iter: 0
n_candidates: 50
n_resources: 38
Fitting 1 folds for each of 50 candidates, totalling 50 fits
----------
iter: 1
n_candidates: 17
n_resources: 114
Fitting 1 folds for each of 17 candidates, totalling 17 fits
----------
iter: 2
n_candidates: 6
n_resources: 342
Fitting 1 folds for each of 6 candidates, totalling 6 fits
----------
iter: 3
n_candidates: 2
n_resources: 1026
Fitting 1 folds for each of 2 candidates, totalling 2 fits
      -> [LogisticRegression + HMM_GMM Set 3] Acc: 0.7832, F1: 0.7776, Time: 10.91s
      -> [RNN + HMM_GMM Set 3] Acc: 0.7669, F1: 0.7334, Time: 781.68s
    [=== Generating 5x synthetic data with HMM_GMM (Set 4, Params: {'n_components': 4, 'n_mix': 4, 'covariance_type': 'spherical'}) ===]
n_iterations: 4
n_required_iterations: 4
n_possible_iterations: 8
min_resources_: 38
max_resources_: 138000
aggressive_elimination: False
factor: 3
----------
iter: 0
n_candidates: 50
n_resources: 38
Fitting 1 folds for each of 50 candidates, totalling 50 fits
----------
iter: 1
n_candidates: 17
n_resources: 114
Fitting 1 folds for each of 17 candidates, totalling 17 fits
----------
iter: 2
n_candidates: 6
n_resources: 342
Fitting 1 folds for each of 6 candidates, totalling 6 fits
----------
iter: 3
n_candidates: 2
n_resources: 1026
Fitting 1 folds for each of 2 candidates, totalling 2 fits
      -> [KNN + HMM_GMM Set 4] Acc: 0.9438, F1: 0.9434, Time: 0.77s
n_iterations: 4
n_required_iterations: 4
n_possible_iterations: 8
min_resources_: 38
max_resources_: 138000
aggressive_elimination: False
factor: 3
----------
iter: 0
n_candidates: 50
n_resources: 38
Fitting 1 folds for each of 50 candidates, totalling 50 fits
----------
iter: 1
n_candidates: 17
n_resources: 114
Fitting 1 folds for each of 17 candidates, totalling 17 fits
----------
iter: 2
n_candidates: 6
n_resources: 342
Fitting 1 folds for each of 6 candidates, totalling 6 fits
----------
iter: 3
n_candidates: 2
n_resources: 1026
Fitting 1 folds for each of 2 candidates, totalling 2 fits
      -> [RandomForest + HMM_GMM Set 4] Acc: 0.9357, F1: 0.9349, Time: 12.83s
n_iterations: 4
n_required_iterations: 4
n_possible_iterations: 8
min_resources_: 38
max_resources_: 138000
aggressive_elimination: False
factor: 3
----------
iter: 0
n_candidates: 50
n_resources: 38
Fitting 1 folds for each of 50 candidates, totalling 50 fits
----------
iter: 1
n_candidates: 17
n_resources: 114
Fitting 1 folds for each of 17 candidates, totalling 17 fits
----------
iter: 2
n_candidates: 6
n_resources: 342
Fitting 1 folds for each of 6 candidates, totalling 6 fits
----------
iter: 3
n_candidates: 2
n_resources: 1026
Fitting 1 folds for each of 2 candidates, totalling 2 fits
      -> [LinearSVC + HMM_GMM Set 4] Acc: 0.5723, F1: 0.5612, Time: 7.96s
n_iterations: 4
n_required_iterations: 4
n_possible_iterations: 8
min_resources_: 38
max_resources_: 138000
aggressive_elimination: False
factor: 3
----------
iter: 0
n_candidates: 50
n_resources: 38
Fitting 1 folds for each of 50 candidates, totalling 50 fits
----------
iter: 1
n_candidates: 17
n_resources: 114
Fitting 1 folds for each of 17 candidates, totalling 17 fits
----------
iter: 2
n_candidates: 6
n_resources: 342
Fitting 1 folds for each of 6 candidates, totalling 6 fits
----------
iter: 3
n_candidates: 2
n_resources: 1026
Fitting 1 folds for each of 2 candidates, totalling 2 fits
      -> [LogisticRegression + HMM_GMM Set 4] Acc: 0.7314, F1: 0.7241, Time: 10.76s
      -> [RNN + HMM_GMM Set 4] Acc: 0.5188, F1: 0.4626, Time: 335.68s
    [=== Generating 5x synthetic data with HMM_GMM (Set 5, Params: {'n_components': 2, 'n_mix': 4, 'covariance_type': 'spherical'}) ===]
n_iterations: 4
n_required_iterations: 4
n_possible_iterations: 8
min_resources_: 38
max_resources_: 138000
aggressive_elimination: False
factor: 3
----------
iter: 0
n_candidates: 50
n_resources: 38
Fitting 1 folds for each of 50 candidates, totalling 50 fits
