Starting GenParams Tune: Plant_oil - Seed 20 - Gen Jittering - All Scales


==================================================
Running gen-params experiment for Plant_oil
==================================================

--- Fold 1/10 ---

  >> Seed sets per label: 20

    >> Seed Fold Selection: 1/10
    Evaluating Model: KNN
      -> [Baseline] Acc: 0.9500, F1: 0.9496, Time: 0.62s
      HP Tuning KNN...
n_iterations: 4
n_required_iterations: 4
n_possible_iterations: 5
min_resources_: 190
max_resources_: 38000
aggressive_elimination: False
factor: 3
----------
iter: 0
n_candidates: 50
n_resources: 190
Fitting 5 folds for each of 50 candidates, totalling 250 fits
----------
iter: 1
n_candidates: 17
n_resources: 570
Fitting 5 folds for each of 17 candidates, totalling 85 fits
----------
iter: 2
n_candidates: 6
n_resources: 1710
Fitting 5 folds for each of 6 candidates, totalling 30 fits
----------
iter: 3
n_candidates: 2
n_resources: 5130
Fitting 5 folds for each of 2 candidates, totalling 10 fits
      -> [Tuned_Baseline] Acc: 0.9517, F1: 0.9512, Time: 0.30s
    Evaluating Model: RandomForest
      -> [Baseline] Acc: 0.9473, F1: 0.9468, Time: 8.59s
      HP Tuning RandomForest...
n_iterations: 4
n_required_iterations: 4
n_possible_iterations: 5
min_resources_: 190
max_resources_: 38000
aggressive_elimination: False
factor: 3
----------
iter: 0
n_candidates: 50
n_resources: 190
Fitting 5 folds for each of 50 candidates, totalling 250 fits
----------
iter: 1
n_candidates: 17
n_resources: 570
Fitting 5 folds for each of 17 candidates, totalling 85 fits
----------
iter: 2
n_candidates: 6
n_resources: 1710
Fitting 5 folds for each of 6 candidates, totalling 30 fits
----------
iter: 3
n_candidates: 2
n_resources: 5130
Fitting 5 folds for each of 2 candidates, totalling 10 fits
      -> [Tuned_Baseline] Acc: 0.9479, F1: 0.9475, Time: 0.10s
    Evaluating Model: LinearSVC
      -> [Baseline] Acc: 0.7459, F1: 0.7347, Time: 0.43s
      HP Tuning LinearSVC...
n_iterations: 4
n_required_iterations: 4
n_possible_iterations: 5
min_resources_: 190
max_resources_: 38000
aggressive_elimination: False
factor: 3
----------
iter: 0
n_candidates: 50
n_resources: 190
Fitting 5 folds for each of 50 candidates, totalling 250 fits
----------
iter: 1
n_candidates: 17
n_resources: 570
Fitting 5 folds for each of 17 candidates, totalling 85 fits
----------
iter: 2
n_candidates: 6
n_resources: 1710
Fitting 5 folds for each of 6 candidates, totalling 30 fits
----------
iter: 3
n_candidates: 2
n_resources: 5130
Fitting 5 folds for each of 2 candidates, totalling 10 fits
      -> [Tuned_Baseline] Acc: 0.7463, F1: 0.7354, Time: 0.00s
    Evaluating Model: LogisticRegression
      -> [Baseline] Acc: 0.8195, F1: 0.8187, Time: 8.64s
      HP Tuning LogisticRegression...
n_iterations: 4
n_required_iterations: 4
n_possible_iterations: 5
min_resources_: 190
max_resources_: 38000
aggressive_elimination: False
factor: 3
----------
iter: 0
n_candidates: 50
n_resources: 190
Fitting 5 folds for each of 50 candidates, totalling 250 fits
----------
iter: 1
n_candidates: 17
n_resources: 570
Fitting 5 folds for each of 17 candidates, totalling 85 fits
----------
iter: 2
n_candidates: 6
n_resources: 1710
Fitting 5 folds for each of 6 candidates, totalling 30 fits
----------
iter: 3
n_candidates: 2
n_resources: 5130
Fitting 5 folds for each of 2 candidates, totalling 10 fits
      -> [Tuned_Baseline] Acc: 0.8417, F1: 0.8414, Time: 0.01s
    Evaluating Model: RNN
      -> [Baseline] Acc: 0.4887, F1: 0.3807, Time: 29.36s
      HP Tuning RNN...
n_iterations: 4
n_required_iterations: 4
n_possible_iterations: 4
min_resources_: 10
max_resources_: 380
aggressive_elimination: False
factor: 3
----------
iter: 0
n_candidates: 50
n_resources: 10
Fitting 5 folds for each of 50 candidates, totalling 250 fits
----------
iter: 1
n_candidates: 17
n_resources: 30
Fitting 5 folds for each of 17 candidates, totalling 85 fits
----------
iter: 2
n_candidates: 6
n_resources: 90
Fitting 5 folds for each of 6 candidates, totalling 30 fits
----------
iter: 3
n_candidates: 2
n_resources: 270
Fitting 5 folds for each of 2 candidates, totalling 10 fits
      -> [Tuned_Baseline] Acc: 0.6165, F1: 0.5924, Time: 1.24s
    [=== Generating 2x synthetic data with Jittering (Set 1, Params: {'sigma': 0.01}) ===]
n_iterations: 4
n_required_iterations: 4
n_possible_iterations: 8
min_resources_: 38
max_resources_: 114000
aggressive_elimination: False
factor: 3
----------
iter: 0
n_candidates: 50
n_resources: 38
Fitting 1 folds for each of 50 candidates, totalling 50 fits
----------
iter: 1
n_candidates: 17
n_resources: 114
Fitting 1 folds for each of 17 candidates, totalling 17 fits
----------
iter: 2
n_candidates: 6
n_resources: 342
Fitting 1 folds for each of 6 candidates, totalling 6 fits
----------
iter: 3
n_candidates: 2
n_resources: 1026
Fitting 1 folds for each of 2 candidates, totalling 2 fits
      -> [KNN + Jittering Set 1] Acc: 0.9514, F1: 0.9509, Time: 0.52s
n_iterations: 4
n_required_iterations: 4
n_possible_iterations: 8
min_resources_: 38
max_resources_: 114000
aggressive_elimination: False
factor: 3
----------
iter: 0
n_candidates: 50
n_resources: 38
Fitting 1 folds for each of 50 candidates, totalling 50 fits
----------
iter: 1
n_candidates: 17
n_resources: 114
Fitting 1 folds for each of 17 candidates, totalling 17 fits
----------
iter: 2
n_candidates: 6
n_resources: 342
Fitting 1 folds for each of 6 candidates, totalling 6 fits
----------
iter: 3
n_candidates: 2
n_resources: 1026
Fitting 1 folds for each of 2 candidates, totalling 2 fits
      -> [RandomForest + Jittering Set 1] Acc: 0.9483, F1: 0.9478, Time: 18.85s
n_iterations: 4
n_required_iterations: 4
n_possible_iterations: 8
min_resources_: 38
max_resources_: 114000
aggressive_elimination: False
factor: 3
----------
iter: 0
n_candidates: 50
n_resources: 38
Fitting 1 folds for each of 50 candidates, totalling 50 fits
----------
iter: 1
n_candidates: 17
n_resources: 114
Fitting 1 folds for each of 17 candidates, totalling 17 fits
----------
iter: 2
n_candidates: 6
n_resources: 342
Fitting 1 folds for each of 6 candidates, totalling 6 fits
----------
iter: 3
n_candidates: 2
n_resources: 1026
Fitting 1 folds for each of 2 candidates, totalling 2 fits
      -> [LinearSVC + Jittering Set 1] Acc: 0.7466, F1: 0.7357, Time: 0.72s
n_iterations: 4
n_required_iterations: 4
n_possible_iterations: 8
min_resources_: 38
max_resources_: 114000
aggressive_elimination: False
factor: 3
----------
iter: 0
n_candidates: 50
n_resources: 38
Fitting 1 folds for each of 50 candidates, totalling 50 fits
----------
iter: 1
n_candidates: 17
n_resources: 114
Fitting 1 folds for each of 17 candidates, totalling 17 fits
----------
iter: 2
n_candidates: 6
n_resources: 342
Fitting 1 folds for each of 6 candidates, totalling 6 fits
----------
iter: 3
n_candidates: 2
n_resources: 1026
Fitting 1 folds for each of 2 candidates, totalling 2 fits
      -> [LogisticRegression + Jittering Set 1] Acc: 0.8336, F1: 0.8333, Time: 6.38s
      -> [RNN + Jittering Set 1] Acc: 0.8421, F1: 0.8337, Time: 1149.33s
    [=== Generating 2x synthetic data with Jittering (Set 2, Params: {'sigma': 0.03}) ===]
n_iterations: 4
n_required_iterations: 4
n_possible_iterations: 8
min_resources_: 38
max_resources_: 114000
aggressive_elimination: False
factor: 3
----------
iter: 0
n_candidates: 50
n_resources: 38
Fitting 1 folds for each of 50 candidates, totalling 50 fits
----------
iter: 1
n_candidates: 17
n_resources: 114
Fitting 1 folds for each of 17 candidates, totalling 17 fits
----------
iter: 2
n_candidates: 6
n_resources: 342
Fitting 1 folds for each of 6 candidates, totalling 6 fits
----------
iter: 3
n_candidates: 2
n_resources: 1026
Fitting 1 folds for each of 2 candidates, totalling 2 fits
      -> [KNN + Jittering Set 2] Acc: 0.9509, F1: 0.9505, Time: 0.60s
n_iterations: 4
n_required_iterations: 4
n_possible_iterations: 8
min_resources_: 38
max_resources_: 114000
aggressive_elimination: False
factor: 3
----------
iter: 0
n_candidates: 50
n_resources: 38
Fitting 1 folds for each of 50 candidates, totalling 50 fits
----------
iter: 1
n_candidates: 17
n_resources: 114
Fitting 1 folds for each of 17 candidates, totalling 17 fits
----------
iter: 2
n_candidates: 6
n_resources: 342
Fitting 1 folds for each of 6 candidates, totalling 6 fits
----------
iter: 3
n_candidates: 2
n_resources: 1026
Fitting 1 folds for each of 2 candidates, totalling 2 fits
      -> [RandomForest + Jittering Set 2] Acc: 0.9510, F1: 0.9506, Time: 31.18s
n_iterations: 4
n_required_iterations: 4
n_possible_iterations: 8
min_resources_: 38
max_resources_: 114000
aggressive_elimination: False
factor: 3
----------
iter: 0
n_candidates: 50
n_resources: 38
Fitting 1 folds for each of 50 candidates, totalling 50 fits
----------
iter: 1
n_candidates: 17
n_resources: 114
Fitting 1 folds for each of 17 candidates, totalling 17 fits
----------
iter: 2
n_candidates: 6
n_resources: 342
Fitting 1 folds for each of 6 candidates, totalling 6 fits
----------
iter: 3
n_candidates: 2
n_resources: 1026
Fitting 1 folds for each of 2 candidates, totalling 2 fits
      -> [LinearSVC + Jittering Set 2] Acc: 0.7446, F1: 0.7332, Time: 0.74s
n_iterations: 4
n_required_iterations: 4
n_possible_iterations: 8
min_resources_: 38
max_resources_: 114000
aggressive_elimination: False
factor: 3
----------
iter: 0
n_candidates: 50
n_resources: 38
Fitting 1 folds for each of 50 candidates, totalling 50 fits
----------
iter: 1
n_candidates: 17
n_resources: 114
Fitting 1 folds for each of 17 candidates, totalling 17 fits
----------
iter: 2
n_candidates: 6
n_resources: 342
Fitting 1 folds for each of 6 candidates, totalling 6 fits
----------
iter: 3
n_candidates: 2
n_resources: 1026
Fitting 1 folds for each of 2 candidates, totalling 2 fits
      -> [LogisticRegression + Jittering Set 2] Acc: 0.8320, F1: 0.8311, Time: 6.95s
      -> [RNN + Jittering Set 2] Acc: 0.3684, F1: 0.2736, Time: 1525.61s
    [=== Generating 2x synthetic data with Jittering (Set 3, Params: {'sigma': 0.05}) ===]
n_iterations: 4
n_required_iterations: 4
n_possible_iterations: 8
min_resources_: 38
max_resources_: 114000
aggressive_elimination: False
factor: 3
----------
iter: 0
n_candidates: 50
n_resources: 38
Fitting 1 folds for each of 50 candidates, totalling 50 fits
----------
iter: 1
n_candidates: 17
n_resources: 114
Fitting 1 folds for each of 17 candidates, totalling 17 fits
----------
iter: 2
n_candidates: 6
n_resources: 342
Fitting 1 folds for each of 6 candidates, totalling 6 fits
----------
iter: 3
n_candidates: 2
n_resources: 1026
Fitting 1 folds for each of 2 candidates, totalling 2 fits
      -> [KNN + Jittering Set 3] Acc: 0.9540, F1: 0.9537, Time: 1.41s
n_iterations: 4
n_required_iterations: 4
n_possible_iterations: 8
min_resources_: 38
max_resources_: 114000
aggressive_elimination: False
factor: 3
----------
iter: 0
n_candidates: 50
n_resources: 38
Fitting 1 folds for each of 50 candidates, totalling 50 fits
----------
iter: 1
n_candidates: 17
n_resources: 114
Fitting 1 folds for each of 17 candidates, totalling 17 fits
----------
iter: 2
n_candidates: 6
n_resources: 342
Fitting 1 folds for each of 6 candidates, totalling 6 fits
----------
iter: 3
n_candidates: 2
n_resources: 1026
Fitting 1 folds for each of 2 candidates, totalling 2 fits
      -> [RandomForest + Jittering Set 3] Acc: 0.9465, F1: 0.9460, Time: 40.28s
n_iterations: 4
n_required_iterations: 4
n_possible_iterations: 8
min_resources_: 38
max_resources_: 114000
aggressive_elimination: False
factor: 3
----------
iter: 0
n_candidates: 50
n_resources: 38
Fitting 1 folds for each of 50 candidates, totalling 50 fits
----------
iter: 1
n_candidates: 17
n_resources: 114
Fitting 1 folds for each of 17 candidates, totalling 17 fits
----------
iter: 2
n_candidates: 6
n_resources: 342
Fitting 1 folds for each of 6 candidates, totalling 6 fits
----------
iter: 3
n_candidates: 2
n_resources: 1026
Fitting 1 folds for each of 2 candidates, totalling 2 fits
      -> [LinearSVC + Jittering Set 3] Acc: 0.7077, F1: 0.6890, Time: 4.18s
n_iterations: 4
n_required_iterations: 4
n_possible_iterations: 8
min_resources_: 38
max_resources_: 114000
aggressive_elimination: False
factor: 3
----------
iter: 0
n_candidates: 50
n_resources: 38
Fitting 1 folds for each of 50 candidates, totalling 50 fits
----------
iter: 1
n_candidates: 17
n_resources: 114
Fitting 1 folds for each of 17 candidates, totalling 17 fits
----------
iter: 2
n_candidates: 6
n_resources: 342
Fitting 1 folds for each of 6 candidates, totalling 6 fits
----------
iter: 3
n_candidates: 2
n_resources: 1026
Fitting 1 folds for each of 2 candidates, totalling 2 fits
      -> [LogisticRegression + Jittering Set 3] Acc: 0.8392, F1: 0.8385, Time: 4.68s
      -> [RNN + Jittering Set 3] Acc: 0.6617, F1: 0.6258, Time: 1459.68s
    [=== Generating 2x synthetic data with Jittering (Set 4, Params: {'sigma': 0.1}) ===]
n_iterations: 4
n_required_iterations: 4
n_possible_iterations: 8
min_resources_: 38
max_resources_: 114000
aggressive_elimination: False
factor: 3
----------
iter: 0
n_candidates: 50
n_resources: 38
Fitting 1 folds for each of 50 candidates, totalling 50 fits
----------
iter: 1
n_candidates: 17
n_resources: 114
Fitting 1 folds for each of 17 candidates, totalling 17 fits
----------
iter: 2
n_candidates: 6
n_resources: 342
Fitting 1 folds for each of 6 candidates, totalling 6 fits
----------
iter: 3
n_candidates: 2
n_resources: 1026
Fitting 1 folds for each of 2 candidates, totalling 2 fits
      -> [KNN + Jittering Set 4] Acc: 0.9557, F1: 0.9552, Time: 0.72s
n_iterations: 4
n_required_iterations: 4
n_possible_iterations: 8
min_resources_: 38
max_resources_: 114000
aggressive_elimination: False
factor: 3
----------
iter: 0
n_candidates: 50
n_resources: 38
Fitting 1 folds for each of 50 candidates, totalling 50 fits
----------
iter: 1
n_candidates: 17
n_resources: 114
Fitting 1 folds for each of 17 candidates, totalling 17 fits
----------
iter: 2
n_candidates: 6
n_resources: 342
Fitting 1 folds for each of 6 candidates, totalling 6 fits
----------
iter: 3
n_candidates: 2
n_resources: 1026
Fitting 1 folds for each of 2 candidates, totalling 2 fits
      -> [RandomForest + Jittering Set 4] Acc: 0.9523, F1: 0.9519, Time: 39.33s
n_iterations: 4
n_required_iterations: 4
n_possible_iterations: 8
min_resources_: 38
max_resources_: 114000
aggressive_elimination: False
factor: 3
----------
iter: 0
n_candidates: 50
n_resources: 38
Fitting 1 folds for each of 50 candidates, totalling 50 fits
----------
iter: 1
n_candidates: 17
n_resources: 114
Fitting 1 folds for each of 17 candidates, totalling 17 fits
----------
iter: 2
n_candidates: 6
n_resources: 342
Fitting 1 folds for each of 6 candidates, totalling 6 fits
----------
iter: 3
n_candidates: 2
n_resources: 1026
Fitting 1 folds for each of 2 candidates, totalling 2 fits
      -> [LinearSVC + Jittering Set 4] Acc: 0.7271, F1: 0.7139, Time: 0.81s
n_iterations: 4
n_required_iterations: 4
n_possible_iterations: 8
min_resources_: 38
max_resources_: 114000
aggressive_elimination: False
factor: 3
----------
iter: 0
n_candidates: 50
n_resources: 38
Fitting 1 folds for each of 50 candidates, totalling 50 fits
----------
iter: 1
n_candidates: 17
n_resources: 114
Fitting 1 folds for each of 17 candidates, totalling 17 fits
----------
iter: 2
n_candidates: 6
n_resources: 342
Fitting 1 folds for each of 6 candidates, totalling 6 fits
----------
iter: 3
n_candidates: 2
n_resources: 1026
Fitting 1 folds for each of 2 candidates, totalling 2 fits
      -> [LogisticRegression + Jittering Set 4] Acc: 0.8126, F1: 0.8127, Time: 6.26s
      -> [RNN + Jittering Set 4] Acc: 0.7293, F1: 0.7182, Time: 1515.07s
    [=== Generating 2x synthetic data with Jittering (Set 5, Params: {'sigma': 0.15}) ===]
n_iterations: 4
n_required_iterations: 4
n_possible_iterations: 8
min_resources_: 38
max_resources_: 114000
aggressive_elimination: False
factor: 3
----------
iter: 0
n_candidates: 50
n_resources: 38
Fitting 1 folds for each of 50 candidates, totalling 50 fits
----------
iter: 1
n_candidates: 17
n_resources: 114
Fitting 1 folds for each of 17 candidates, totalling 17 fits
----------
iter: 2
n_candidates: 6
n_resources: 342
Fitting 1 folds for each of 6 candidates, totalling 6 fits
----------
iter: 3
n_candidates: 2
n_resources: 1026
Fitting 1 folds for each of 2 candidates, totalling 2 fits
      -> [KNN + Jittering Set 5] Acc: 0.9520, F1: 0.9516, Time: 0.37s
n_iterations: 4
n_required_iterations: 4
n_possible_iterations: 8
min_resources_: 38
max_resources_: 114000
aggressive_elimination: False
factor: 3
----------
iter: 0
n_candidates: 50
n_resources: 38
Fitting 1 folds for each of 50 candidates, totalling 50 fits
----------
iter: 1
n_candidates: 17
n_resources: 114
Fitting 1 folds for each of 17 candidates, totalling 17 fits
----------
iter: 2
n_candidates: 6
n_resources: 342
Fitting 1 folds for each of 6 candidates, totalling 6 fits
----------
iter: 3
n_candidates: 2
n_resources: 1026
Fitting 1 folds for each of 2 candidates, totalling 2 fits
      -> [RandomForest + Jittering Set 5] Acc: 0.9429, F1: 0.9422, Time: 11.54s
n_iterations: 4
n_required_iterations: 4
n_possible_iterations: 8
min_resources_: 38
max_resources_: 114000
aggressive_elimination: False
factor: 3
----------
iter: 0
n_candidates: 50
n_resources: 38
Fitting 1 folds for each of 50 candidates, totalling 50 fits
----------
iter: 1
n_candidates: 17
n_resources: 114
Fitting 1 folds for each of 17 candidates, totalling 17 fits
----------
iter: 2
n_candidates: 6
n_resources: 342
Fitting 1 folds for each of 6 candidates, totalling 6 fits
----------
iter: 3
n_candidates: 2
n_resources: 1026
Fitting 1 folds for each of 2 candidates, totalling 2 fits
      -> [LinearSVC + Jittering Set 5] Acc: 0.7050, F1: 0.6850, Time: 3.96s
n_iterations: 4
n_required_iterations: 4
n_possible_iterations: 8
min_resources_: 38
max_resources_: 114000
aggressive_elimination: False
factor: 3
----------
iter: 0
n_candidates: 50
n_resources: 38
Fitting 1 folds for each of 50 candidates, totalling 50 fits
----------
iter: 1
n_candidates: 17
n_resources: 114
Fitting 1 folds for each of 17 candidates, totalling 17 fits
----------
iter: 2
n_candidates: 6
n_resources: 342
Fitting 1 folds for each of 6 candidates, totalling 6 fits
----------
iter: 3
n_candidates: 2
n_resources: 1026
Fitting 1 folds for each of 2 candidates, totalling 2 fits
      -> [LogisticRegression + Jittering Set 5] Acc: 0.7842, F1: 0.7845, Time: 4.69s
      -> [RNN + Jittering Set 5] Acc: 0.8120, F1: 0.7996, Time: 1499.90s
    [=== Generating 3x synthetic data with Jittering (Set 1, Params: {'sigma': 0.01}) ===]
n_iterations: 4
n_required_iterations: 4
n_possible_iterations: 8
min_resources_: 38
max_resources_: 138000
aggressive_elimination: False
factor: 3
----------
iter: 0
n_candidates: 50
n_resources: 38
Fitting 1 folds for each of 50 candidates, totalling 50 fits
----------
iter: 1
n_candidates: 17
n_resources: 114
Fitting 1 folds for each of 17 candidates, totalling 17 fits
----------
iter: 2
n_candidates: 6
n_resources: 342
Fitting 1 folds for each of 6 candidates, totalling 6 fits
----------
iter: 3
n_candidates: 2
n_resources: 1026
Fitting 1 folds for each of 2 candidates, totalling 2 fits
      -> [KNN + Jittering Set 1] Acc: 0.9512, F1: 0.9508, Time: 1.43s
n_iterations: 4
n_required_iterations: 4
n_possible_iterations: 8
min_resources_: 38
max_resources_: 138000
aggressive_elimination: False
factor: 3
----------
iter: 0
n_candidates: 50
n_resources: 38
Fitting 1 folds for each of 50 candidates, totalling 50 fits
----------
iter: 1
n_candidates: 17
n_resources: 114
Fitting 1 folds for each of 17 candidates, totalling 17 fits
----------
iter: 2
n_candidates: 6
n_resources: 342
Fitting 1 folds for each of 6 candidates, totalling 6 fits
----------
iter: 3
n_candidates: 2
n_resources: 1026
Fitting 1 folds for each of 2 candidates, totalling 2 fits
      -> [RandomForest + Jittering Set 1] Acc: 0.9491, F1: 0.9487, Time: 48.54s
n_iterations: 4
n_required_iterations: 4
n_possible_iterations: 8
min_resources_: 38
max_resources_: 138000
aggressive_elimination: False
factor: 3
----------
iter: 0
n_candidates: 50
n_resources: 38
Fitting 1 folds for each of 50 candidates, totalling 50 fits
----------
iter: 1
n_candidates: 17
n_resources: 114
Fitting 1 folds for each of 17 candidates, totalling 17 fits
----------
iter: 2
n_candidates: 6
n_resources: 342
Fitting 1 folds for each of 6 candidates, totalling 6 fits
----------
iter: 3
n_candidates: 2
n_resources: 1026
Fitting 1 folds for each of 2 candidates, totalling 2 fits
      -> [LinearSVC + Jittering Set 1] Acc: 0.7465, F1: 0.7354, Time: 3.08s
n_iterations: 4
n_required_iterations: 4
n_possible_iterations: 8
min_resources_: 38
max_resources_: 138000
aggressive_elimination: False
factor: 3
----------
iter: 0
n_candidates: 50
n_resources: 38
Fitting 1 folds for each of 50 candidates, totalling 50 fits
----------
iter: 1
n_candidates: 17
n_resources: 114
Fitting 1 folds for each of 17 candidates, totalling 17 fits
----------
iter: 2
n_candidates: 6
n_resources: 342
Fitting 1 folds for each of 6 candidates, totalling 6 fits
----------
iter: 3
n_candidates: 2
n_resources: 1026
Fitting 1 folds for each of 2 candidates, totalling 2 fits
      -> [LogisticRegression + Jittering Set 1] Acc: 0.8456, F1: 0.8452, Time: 6.60s
      -> [RNN + Jittering Set 1] Acc: 0.7744, F1: 0.7595, Time: 2231.12s
    [=== Generating 3x synthetic data with Jittering (Set 2, Params: {'sigma': 0.03}) ===]
n_iterations: 4
n_required_iterations: 4
n_possible_iterations: 8
min_resources_: 38
max_resources_: 138000
aggressive_elimination: False
factor: 3
----------
iter: 0
n_candidates: 50
n_resources: 38
Fitting 1 folds for each of 50 candidates, totalling 50 fits
----------
iter: 1
n_candidates: 17
n_resources: 114
Fitting 1 folds for each of 17 candidates, totalling 17 fits
----------
iter: 2
n_candidates: 6
n_resources: 342
Fitting 1 folds for each of 6 candidates, totalling 6 fits
----------
iter: 3
n_candidates: 2
n_resources: 1026
Fitting 1 folds for each of 2 candidates, totalling 2 fits
      -> [KNN + Jittering Set 2] Acc: 0.9529, F1: 0.9525, Time: 0.79s
n_iterations: 4
n_required_iterations: 4
n_possible_iterations: 8
min_resources_: 38
max_resources_: 138000
aggressive_elimination: False
factor: 3
----------
iter: 0
n_candidates: 50
n_resources: 38
Fitting 1 folds for each of 50 candidates, totalling 50 fits
----------
iter: 1
n_candidates: 17
n_resources: 114
Fitting 1 folds for each of 17 candidates, totalling 17 fits
----------
iter: 2
n_candidates: 6
n_resources: 342
Fitting 1 folds for each of 6 candidates, totalling 6 fits
----------
iter: 3
n_candidates: 2
n_resources: 1026
Fitting 1 folds for each of 2 candidates, totalling 2 fits
      -> [RandomForest + Jittering Set 2] Acc: 0.9509, F1: 0.9504, Time: 16.83s
n_iterations: 4
n_required_iterations: 4
n_possible_iterations: 8
min_resources_: 38
max_resources_: 138000
aggressive_elimination: False
factor: 3
----------
iter: 0
n_candidates: 50
n_resources: 38
Fitting 1 folds for each of 50 candidates, totalling 50 fits
----------
iter: 1
n_candidates: 17
n_resources: 114
Fitting 1 folds for each of 17 candidates, totalling 17 fits
----------
iter: 2
n_candidates: 6
n_resources: 342
Fitting 1 folds for each of 6 candidates, totalling 6 fits
----------
iter: 3
n_candidates: 2
n_resources: 1026
Fitting 1 folds for each of 2 candidates, totalling 2 fits
      -> [LinearSVC + Jittering Set 2] Acc: 0.7451, F1: 0.7336, Time: 5.98s
n_iterations: 4
n_required_iterations: 4
n_possible_iterations: 8
min_resources_: 38
max_resources_: 138000
aggressive_elimination: False
factor: 3
----------
iter: 0
n_candidates: 50
n_resources: 38
Fitting 1 folds for each of 50 candidates, totalling 50 fits
----------
iter: 1
n_candidates: 17
n_resources: 114
Fitting 1 folds for each of 17 candidates, totalling 17 fits
----------
iter: 2
n_candidates: 6
n_resources: 342
Fitting 1 folds for each of 6 candidates, totalling 6 fits
----------
iter: 3
n_candidates: 2
n_resources: 1026
Fitting 1 folds for each of 2 candidates, totalling 2 fits
      -> [LogisticRegression + Jittering Set 2] Acc: 0.8462, F1: 0.8455, Time: 6.37s
      -> [RNN + Jittering Set 2] Acc: 0.8571, F1: 0.8523, Time: 2265.54s
    [=== Generating 3x synthetic data with Jittering (Set 3, Params: {'sigma': 0.05}) ===]
n_iterations: 4
n_required_iterations: 4
n_possible_iterations: 8
min_resources_: 38
max_resources_: 138000
aggressive_elimination: False
factor: 3
----------
iter: 0
n_candidates: 50
n_resources: 38
Fitting 1 folds for each of 50 candidates, totalling 50 fits
----------
iter: 1
n_candidates: 17
n_resources: 114
Fitting 1 folds for each of 17 candidates, totalling 17 fits
----------
iter: 2
n_candidates: 6
n_resources: 342
Fitting 1 folds for each of 6 candidates, totalling 6 fits
----------
iter: 3
n_candidates: 2
n_resources: 1026
Fitting 1 folds for each of 2 candidates, totalling 2 fits
      -> [KNN + Jittering Set 3] Acc: 0.9555, F1: 0.9552, Time: 0.88s
n_iterations: 4
n_required_iterations: 4
n_possible_iterations: 8
min_resources_: 38
max_resources_: 138000
aggressive_elimination: False
factor: 3
----------
iter: 0
n_candidates: 50
n_resources: 38
Fitting 1 folds for each of 50 candidates, totalling 50 fits
----------
iter: 1
n_candidates: 17
n_resources: 114
Fitting 1 folds for each of 17 candidates, totalling 17 fits
----------
iter: 2
n_candidates: 6
n_resources: 342
Fitting 1 folds for each of 6 candidates, totalling 6 fits
----------
iter: 3
n_candidates: 2
n_resources: 1026
Fitting 1 folds for each of 2 candidates, totalling 2 fits
      -> [RandomForest + Jittering Set 3] Acc: 0.9473, F1: 0.9468, Time: 14.18s
n_iterations: 4
n_required_iterations: 4
n_possible_iterations: 8
min_resources_: 38
max_resources_: 138000
aggressive_elimination: False
factor: 3
----------
iter: 0
n_candidates: 50
n_resources: 38
Fitting 1 folds for each of 50 candidates, totalling 50 fits
----------
iter: 1
n_candidates: 17
n_resources: 114
Fitting 1 folds for each of 17 candidates, totalling 17 fits
----------
iter: 2
n_candidates: 6
n_resources: 342
Fitting 1 folds for each of 6 candidates, totalling 6 fits
----------
iter: 3
n_candidates: 2
n_resources: 1026
Fitting 1 folds for each of 2 candidates, totalling 2 fits
      -> [LinearSVC + Jittering Set 3] Acc: 0.7404, F1: 0.7281, Time: 1.58s
n_iterations: 4
n_required_iterations: 4
n_possible_iterations: 8
min_resources_: 38
max_resources_: 138000
aggressive_elimination: False
factor: 3
----------
iter: 0
n_candidates: 50
n_resources: 38
Fitting 1 folds for each of 50 candidates, totalling 50 fits
----------
iter: 1
n_candidates: 17
n_resources: 114
Fitting 1 folds for each of 17 candidates, totalling 17 fits
----------
iter: 2
n_candidates: 6
n_resources: 342
Fitting 1 folds for each of 6 candidates, totalling 6 fits
----------
iter: 3
n_candidates: 2
n_resources: 1026
Fitting 1 folds for each of 2 candidates, totalling 2 fits
      -> [LogisticRegression + Jittering Set 3] Acc: 0.8386, F1: 0.8377, Time: 6.28s
      -> [RNN + Jittering Set 3] Acc: 0.7970, F1: 0.7890, Time: 1816.19s
    [=== Generating 3x synthetic data with Jittering (Set 4, Params: {'sigma': 0.1}) ===]
n_iterations: 4
n_required_iterations: 4
n_possible_iterations: 8
min_resources_: 38
max_resources_: 138000
aggressive_elimination: False
factor: 3
----------
iter: 0
n_candidates: 50
n_resources: 38
Fitting 1 folds for each of 50 candidates, totalling 50 fits
----------
iter: 1
n_candidates: 17
n_resources: 114
Fitting 1 folds for each of 17 candidates, totalling 17 fits
----------
iter: 2
n_candidates: 6
n_resources: 342
Fitting 1 folds for each of 6 candidates, totalling 6 fits
----------
iter: 3
n_candidates: 2
n_resources: 1026
Fitting 1 folds for each of 2 candidates, totalling 2 fits
      -> [KNN + Jittering Set 4] Acc: 0.9498, F1: 0.9493, Time: 0.97s
n_iterations: 4
n_required_iterations: 4
n_possible_iterations: 8
min_resources_: 38
max_resources_: 138000
aggressive_elimination: False
factor: 3
----------
iter: 0
n_candidates: 50
n_resources: 38
Fitting 1 folds for each of 50 candidates, totalling 50 fits
----------
iter: 1
n_candidates: 17
n_resources: 114
Fitting 1 folds for each of 17 candidates, totalling 17 fits
----------
iter: 2
n_candidates: 6
n_resources: 342
Fitting 1 folds for each of 6 candidates, totalling 6 fits
----------
iter: 3
n_candidates: 2
n_resources: 1026
Fitting 1 folds for each of 2 candidates, totalling 2 fits
      -> [RandomForest + Jittering Set 4] Acc: 0.9483, F1: 0.9479, Time: 39.33s
n_iterations: 4
n_required_iterations: 4
n_possible_iterations: 8
min_resources_: 38
max_resources_: 138000
aggressive_elimination: False
factor: 3
----------
iter: 0
n_candidates: 50
n_resources: 38
Fitting 1 folds for each of 50 candidates, totalling 50 fits
----------
iter: 1
n_candidates: 17
n_resources: 114
Fitting 1 folds for each of 17 candidates, totalling 17 fits
----------
iter: 2
n_candidates: 6
n_resources: 342
Fitting 1 folds for each of 6 candidates, totalling 6 fits
----------
iter: 3
n_candidates: 2
n_resources: 1026
Fitting 1 folds for each of 2 candidates, totalling 2 fits
      -> [LinearSVC + Jittering Set 4] Acc: 0.7229, F1: 0.7087, Time: 2.92s
n_iterations: 4
n_required_iterations: 4
n_possible_iterations: 8
min_resources_: 38
max_resources_: 138000
aggressive_elimination: False
factor: 3
----------
iter: 0
n_candidates: 50
n_resources: 38
Fitting 1 folds for each of 50 candidates, totalling 50 fits
----------
iter: 1
n_candidates: 17
n_resources: 114
Fitting 1 folds for each of 17 candidates, totalling 17 fits
----------
iter: 2
n_candidates: 6
n_resources: 342
Fitting 1 folds for each of 6 candidates, totalling 6 fits
----------
iter: 3
n_candidates: 2
n_resources: 1026
Fitting 1 folds for each of 2 candidates, totalling 2 fits
      -> [LogisticRegression + Jittering Set 4] Acc: 0.8047, F1: 0.8048, Time: 6.91s
      -> [RNN + Jittering Set 4] Acc: 0.8496, F1: 0.8437, Time: 2257.49s
    [=== Generating 3x synthetic data with Jittering (Set 5, Params: {'sigma': 0.15}) ===]
n_iterations: 4
n_required_iterations: 4
n_possible_iterations: 8
min_resources_: 38
max_resources_: 138000
aggressive_elimination: False
factor: 3
----------
iter: 0
n_candidates: 50
n_resources: 38
Fitting 1 folds for each of 50 candidates, totalling 50 fits
----------
iter: 1
n_candidates: 17
n_resources: 114
Fitting 1 folds for each of 17 candidates, totalling 17 fits
----------
iter: 2
n_candidates: 6
n_resources: 342
Fitting 1 folds for each of 6 candidates, totalling 6 fits
----------
iter: 3
n_candidates: 2
n_resources: 1026
Fitting 1 folds for each of 2 candidates, totalling 2 fits
      -> [KNN + Jittering Set 5] Acc: 0.9489, F1: 0.9484, Time: 1.73s
n_iterations: 4
n_required_iterations: 4
n_possible_iterations: 8
min_resources_: 38
max_resources_: 138000
aggressive_elimination: False
factor: 3
----------
iter: 0
n_candidates: 50
n_resources: 38
Fitting 1 folds for each of 50 candidates, totalling 50 fits
----------
iter: 1
n_candidates: 17
n_resources: 114
Fitting 1 folds for each of 17 candidates, totalling 17 fits
----------
iter: 2
n_candidates: 6
n_resources: 342
Fitting 1 folds for each of 6 candidates, totalling 6 fits
----------
iter: 3
n_candidates: 2
n_resources: 1026
Fitting 1 folds for each of 2 candidates, totalling 2 fits
      -> [RandomForest + Jittering Set 5] Acc: 0.9468, F1: 0.9463, Time: 20.52s
n_iterations: 4
n_required_iterations: 4
n_possible_iterations: 8
min_resources_: 38
max_resources_: 138000
aggressive_elimination: False
factor: 3
----------
iter: 0
n_candidates: 50
n_resources: 38
Fitting 1 folds for each of 50 candidates, totalling 50 fits
----------
iter: 1
n_candidates: 17
n_resources: 114
Fitting 1 folds for each of 17 candidates, totalling 17 fits
----------
iter: 2
n_candidates: 6
n_resources: 342
Fitting 1 folds for each of 6 candidates, totalling 6 fits
----------
iter: 3
n_candidates: 2
n_resources: 1026
Fitting 1 folds for each of 2 candidates, totalling 2 fits
      -> [LinearSVC + Jittering Set 5] Acc: 0.7029, F1: 0.6814, Time: 8.42s
n_iterations: 4
n_required_iterations: 4
n_possible_iterations: 8
min_resources_: 38
max_resources_: 138000
aggressive_elimination: False
factor: 3
----------
iter: 0
n_candidates: 50
n_resources: 38
Fitting 1 folds for each of 50 candidates, totalling 50 fits
----------
iter: 1
n_candidates: 17
n_resources: 114
Fitting 1 folds for each of 17 candidates, totalling 17 fits
----------
iter: 2
n_candidates: 6
n_resources: 342
Fitting 1 folds for each of 6 candidates, totalling 6 fits
----------
iter: 3
n_candidates: 2
n_resources: 1026
Fitting 1 folds for each of 2 candidates, totalling 2 fits
      -> [LogisticRegression + Jittering Set 5] Acc: 0.7720, F1: 0.7718, Time: 6.35s
      -> [RNN + Jittering Set 5] Acc: 0.7293, F1: 0.7192, Time: 2177.94s
    [=== Generating 5x synthetic data with Jittering (Set 1, Params: {'sigma': 0.01}) ===]
n_iterations: 4
n_required_iterations: 4
n_possible_iterations: 8
min_resources_: 38
max_resources_: 138000
aggressive_elimination: False
factor: 3
----------
iter: 0
n_candidates: 50
n_resources: 38
Fitting 1 folds for each of 50 candidates, totalling 50 fits
----------
iter: 1
n_candidates: 17
n_resources: 114
Fitting 1 folds for each of 17 candidates, totalling 17 fits
----------
iter: 2
n_candidates: 6
n_resources: 342
Fitting 1 folds for each of 6 candidates, totalling 6 fits
----------
iter: 3
n_candidates: 2
n_resources: 1026
Fitting 1 folds for each of 2 candidates, totalling 2 fits
      -> [KNN + Jittering Set 1] Acc: 0.9511, F1: 0.9507, Time: 1.03s
n_iterations: 4
n_required_iterations: 4
n_possible_iterations: 8
min_resources_: 38
max_resources_: 138000
aggressive_elimination: False
factor: 3
----------
iter: 0
n_candidates: 50
n_resources: 38
Fitting 1 folds for each of 50 candidates, totalling 50 fits
----------
iter: 1
n_candidates: 17
n_resources: 114
Fitting 1 folds for each of 17 candidates, totalling 17 fits
----------
iter: 2
n_candidates: 6
n_resources: 342
Fitting 1 folds for each of 6 candidates, totalling 6 fits
----------
iter: 3
n_candidates: 2
n_resources: 1026
Fitting 1 folds for each of 2 candidates, totalling 2 fits
      -> [RandomForest + Jittering Set 1] Acc: 0.9514, F1: 0.9509, Time: 48.14s
n_iterations: 4
n_required_iterations: 4
n_possible_iterations: 8
min_resources_: 38
max_resources_: 138000
aggressive_elimination: False
factor: 3
----------
iter: 0
n_candidates: 50
n_resources: 38
Fitting 1 folds for each of 50 candidates, totalling 50 fits
----------
iter: 1
n_candidates: 17
n_resources: 114
Fitting 1 folds for each of 17 candidates, totalling 17 fits
----------
iter: 2
n_candidates: 6
n_resources: 342
Fitting 1 folds for each of 6 candidates, totalling 6 fits
----------
iter: 3
n_candidates: 2
n_resources: 1026
Fitting 1 folds for each of 2 candidates, totalling 2 fits
      -> [LinearSVC + Jittering Set 1] Acc: 0.7081, F1: 0.6896, Time: 8.22s
n_iterations: 4
n_required_iterations: 4
n_possible_iterations: 8
min_resources_: 38
max_resources_: 138000
aggressive_elimination: False
factor: 3
----------
iter: 0
n_candidates: 50
n_resources: 38
Fitting 1 folds for each of 50 candidates, totalling 50 fits
----------
iter: 1
n_candidates: 17
n_resources: 114
Fitting 1 folds for each of 17 candidates, totalling 17 fits
----------
iter: 2
n_candidates: 6
n_resources: 342
Fitting 1 folds for each of 6 candidates, totalling 6 fits
----------
iter: 3
n_candidates: 2
n_resources: 1026
Fitting 1 folds for each of 2 candidates, totalling 2 fits
      -> [LogisticRegression + Jittering Set 1] Acc: 0.8450, F1: 0.8444, Time: 7.29s
      -> [RNN + Jittering Set 1] Acc: 0.7669, F1: 0.7454, Time: 3662.71s
    [=== Generating 5x synthetic data with Jittering (Set 2, Params: {'sigma': 0.03}) ===]
n_iterations: 4
n_required_iterations: 4
n_possible_iterations: 8
min_resources_: 38
max_resources_: 138000
aggressive_elimination: False
factor: 3
----------
iter: 0
n_candidates: 50
n_resources: 38
Fitting 1 folds for each of 50 candidates, totalling 50 fits
----------
iter: 1
n_candidates: 17
n_resources: 114
Fitting 1 folds for each of 17 candidates, totalling 17 fits
----------
iter: 2
n_candidates: 6
n_resources: 342
Fitting 1 folds for each of 6 candidates, totalling 6 fits
----------
iter: 3
n_candidates: 2
n_resources: 1026
Fitting 1 folds for each of 2 candidates, totalling 2 fits
      -> [KNN + Jittering Set 2] Acc: 0.9480, F1: 0.9477, Time: 0.36s
n_iterations: 4
n_required_iterations: 4
n_possible_iterations: 8
min_resources_: 38
max_resources_: 138000
aggressive_elimination: False
factor: 3
----------
iter: 0
n_candidates: 50
n_resources: 38
Fitting 1 folds for each of 50 candidates, totalling 50 fits
----------
iter: 1
n_candidates: 17
n_resources: 114
Fitting 1 folds for each of 17 candidates, totalling 17 fits
----------
iter: 2
n_candidates: 6
n_resources: 342
Fitting 1 folds for each of 6 candidates, totalling 6 fits
----------
iter: 3
n_candidates: 2
n_resources: 1026
Fitting 1 folds for each of 2 candidates, totalling 2 fits
      -> [RandomForest + Jittering Set 2] Acc: 0.9495, F1: 0.9491, Time: 17.23s
n_iterations: 4
n_required_iterations: 4
n_possible_iterations: 8
min_resources_: 38
max_resources_: 138000
aggressive_elimination: False
factor: 3
----------
iter: 0
n_candidates: 50
n_resources: 38
Fitting 1 folds for each of 50 candidates, totalling 50 fits
----------
iter: 1
n_candidates: 17
n_resources: 114
Fitting 1 folds for each of 17 candidates, totalling 17 fits
----------
iter: 2
n_candidates: 6
n_resources: 342
Fitting 1 folds for each of 6 candidates, totalling 6 fits
----------
iter: 3
n_candidates: 2
n_resources: 1026
Fitting 1 folds for each of 2 candidates, totalling 2 fits
      -> [LinearSVC + Jittering Set 2] Acc: 0.7079, F1: 0.6894, Time: 16.20s
n_iterations: 4
n_required_iterations: 4
n_possible_iterations: 8
min_resources_: 38
max_resources_: 138000
aggressive_elimination: False
factor: 3
----------
iter: 0
n_candidates: 50
n_resources: 38
Fitting 1 folds for each of 50 candidates, totalling 50 fits
----------
iter: 1
n_candidates: 17
n_resources: 114
Fitting 1 folds for each of 17 candidates, totalling 17 fits
----------
iter: 2
n_candidates: 6
n_resources: 342
Fitting 1 folds for each of 6 candidates, totalling 6 fits
----------
iter: 3
n_candidates: 2
n_resources: 1026
Fitting 1 folds for each of 2 candidates, totalling 2 fits
      -> [LogisticRegression + Jittering Set 2] Acc: 0.8453, F1: 0.8446, Time: 6.43s
      -> [RNN + Jittering Set 2] Acc: 0.7519, F1: 0.7270, Time: 3739.47s
    [=== Generating 5x synthetic data with Jittering (Set 3, Params: {'sigma': 0.05}) ===]
n_iterations: 4
n_required_iterations: 4
n_possible_iterations: 8
min_resources_: 38
max_resources_: 138000
aggressive_elimination: False
factor: 3
----------
iter: 0
n_candidates: 50
n_resources: 38
Fitting 1 folds for each of 50 candidates, totalling 50 fits
----------
iter: 1
n_candidates: 17
n_resources: 114
Fitting 1 folds for each of 17 candidates, totalling 17 fits
----------
iter: 2
n_candidates: 6
n_resources: 342
Fitting 1 folds for each of 6 candidates, totalling 6 fits
----------
iter: 3
n_candidates: 2
n_resources: 1026
Fitting 1 folds for each of 2 candidates, totalling 2 fits
      -> [KNN + Jittering Set 3] Acc: 0.9476, F1: 0.9472, Time: 2.67s
n_iterations: 4
n_required_iterations: 4
n_possible_iterations: 8
min_resources_: 38
max_resources_: 138000
aggressive_elimination: False
factor: 3
----------
iter: 0
n_candidates: 50
n_resources: 38
Fitting 1 folds for each of 50 candidates, totalling 50 fits
----------
iter: 1
n_candidates: 17
n_resources: 114
Fitting 1 folds for each of 17 candidates, totalling 17 fits
----------
iter: 2
n_candidates: 6
n_resources: 342
Fitting 1 folds for each of 6 candidates, totalling 6 fits
----------
iter: 3
n_candidates: 2
n_resources: 1026
Fitting 1 folds for each of 2 candidates, totalling 2 fits
      -> [RandomForest + Jittering Set 3] Acc: 0.9468, F1: 0.9462, Time: 18.73s
n_iterations: 4
n_required_iterations: 4
n_possible_iterations: 8
min_resources_: 38
max_resources_: 138000
aggressive_elimination: False
factor: 3
----------
iter: 0
n_candidates: 50
n_resources: 38
Fitting 1 folds for each of 50 candidates, totalling 50 fits
----------
iter: 1
n_candidates: 17
n_resources: 114
Fitting 1 folds for each of 17 candidates, totalling 17 fits
----------
iter: 2
n_candidates: 6
n_resources: 342
Fitting 1 folds for each of 6 candidates, totalling 6 fits
----------
iter: 3
n_candidates: 2
n_resources: 1026
Fitting 1 folds for each of 2 candidates, totalling 2 fits
      -> [LinearSVC + Jittering Set 3] Acc: 0.7065, F1: 0.6883, Time: 8.27s
n_iterations: 4
n_required_iterations: 4
n_possible_iterations: 8
min_resources_: 38
max_resources_: 138000
aggressive_elimination: False
factor: 3
----------
iter: 0
n_candidates: 50
n_resources: 38
Fitting 1 folds for each of 50 candidates, totalling 50 fits
----------
iter: 1
n_candidates: 17
n_resources: 114
Fitting 1 folds for each of 17 candidates, totalling 17 fits
----------
iter: 2
n_candidates: 6
n_resources: 342
Fitting 1 folds for each of 6 candidates, totalling 6 fits
----------
iter: 3
n_candidates: 2
n_resources: 1026
Fitting 1 folds for each of 2 candidates, totalling 2 fits
      -> [LogisticRegression + Jittering Set 3] Acc: 0.8378, F1: 0.8368, Time: 6.57s
      -> [RNN + Jittering Set 3] Acc: 0.6767, F1: 0.6278, Time: 3723.38s
    [=== Generating 5x synthetic data with Jittering (Set 4, Params: {'sigma': 0.1}) ===]
n_iterations: 4
n_required_iterations: 4
n_possible_iterations: 8
min_resources_: 38
max_resources_: 138000
aggressive_elimination: False
factor: 3
----------
iter: 0
n_candidates: 50
n_resources: 38
Fitting 1 folds for each of 50 candidates, totalling 50 fits
----------
iter: 1
n_candidates: 17
n_resources: 114
Fitting 1 folds for each of 17 candidates, totalling 17 fits
----------
iter: 2
n_candidates: 6
n_resources: 342
Fitting 1 folds for each of 6 candidates, totalling 6 fits
----------
iter: 3
n_candidates: 2
n_resources: 1026
Fitting 1 folds for each of 2 candidates, totalling 2 fits
      -> [KNN + Jittering Set 4] Acc: 0.9435, F1: 0.9430, Time: 0.83s
n_iterations: 4
n_required_iterations: 4
n_possible_iterations: 8
min_resources_: 38
max_resources_: 138000
aggressive_elimination: False
factor: 3
----------
iter: 0
n_candidates: 50
n_resources: 38
Fitting 1 folds for each of 50 candidates, totalling 50 fits
----------
iter: 1
n_candidates: 17
n_resources: 114
Fitting 1 folds for each of 17 candidates, totalling 17 fits
----------
iter: 2
n_candidates: 6
n_resources: 342
Fitting 1 folds for each of 6 candidates, totalling 6 fits
----------
iter: 3
n_candidates: 2
n_resources: 1026
Fitting 1 folds for each of 2 candidates, totalling 2 fits
      -> [RandomForest + Jittering Set 4] Acc: 0.9345, F1: 0.9341, Time: 38.63s
n_iterations: 4
n_required_iterations: 4
n_possible_iterations: 8
min_resources_: 38
max_resources_: 138000
aggressive_elimination: False
factor: 3
----------
iter: 0
n_candidates: 50
n_resources: 38
Fitting 1 folds for each of 50 candidates, totalling 50 fits
----------
iter: 1
n_candidates: 17
n_resources: 114
Fitting 1 folds for each of 17 candidates, totalling 17 fits
----------
iter: 2
n_candidates: 6
n_resources: 342
Fitting 1 folds for each of 6 candidates, totalling 6 fits
----------
iter: 3
n_candidates: 2
n_resources: 1026
Fitting 1 folds for each of 2 candidates, totalling 2 fits
      -> [LinearSVC + Jittering Set 4] Acc: 0.7047, F1: 0.6854, Time: 9.01s
n_iterations: 4
n_required_iterations: 4
n_possible_iterations: 8
min_resources_: 38
max_resources_: 138000
aggressive_elimination: False
factor: 3
----------
iter: 0
n_candidates: 50
n_resources: 38
Fitting 1 folds for each of 50 candidates, totalling 50 fits
----------
iter: 1
n_candidates: 17
n_resources: 114
Fitting 1 folds for each of 17 candidates, totalling 17 fits
----------
iter: 2
n_candidates: 6
n_resources: 342
Fitting 1 folds for each of 6 candidates, totalling 6 fits
----------
iter: 3
n_candidates: 2
n_resources: 1026
Fitting 1 folds for each of 2 candidates, totalling 2 fits
      -> [LogisticRegression + Jittering Set 4] Acc: 0.7987, F1: 0.7989, Time: 7.46s
      -> [RNN + Jittering Set 4] Acc: 0.7444, F1: 0.7162, Time: 3735.78s
    [=== Generating 5x synthetic data with Jittering (Set 5, Params: {'sigma': 0.15}) ===]
n_iterations: 4
n_required_iterations: 4
n_possible_iterations: 8
min_resources_: 38
max_resources_: 138000
aggressive_elimination: False
factor: 3
----------
iter: 0
n_candidates: 50
n_resources: 38
Fitting 1 folds for each of 50 candidates, totalling 50 fits
----------
iter: 1
n_candidates: 17
n_resources: 114
Fitting 1 folds for each of 17 candidates, totalling 17 fits
----------
iter: 2
n_candidates: 6
n_resources: 342
Fitting 1 folds for each of 6 candidates, totalling 6 fits
----------
iter: 3
n_candidates: 2
n_resources: 1026
Fitting 1 folds for each of 2 candidates, totalling 2 fits
      -> [KNN + Jittering Set 5] Acc: 0.9387, F1: 0.9381, Time: 1.01s
n_iterations: 4
n_required_iterations: 4
n_possible_iterations: 8
min_resources_: 38
max_resources_: 138000
aggressive_elimination: False
factor: 3
----------
iter: 0
n_candidates: 50
n_resources: 38
Fitting 1 folds for each of 50 candidates, totalling 50 fits
----------
iter: 1
n_candidates: 17
n_resources: 114
Fitting 1 folds for each of 17 candidates, totalling 17 fits
----------
iter: 2
n_candidates: 6
n_resources: 342
Fitting 1 folds for each of 6 candidates, totalling 6 fits
----------
iter: 3
n_candidates: 2
n_resources: 1026
Fitting 1 folds for each of 2 candidates, totalling 2 fits
      -> [RandomForest + Jittering Set 5] Acc: 0.9342, F1: 0.9336, Time: 17.14s
n_iterations: 4
n_required_iterations: 4
n_possible_iterations: 8
min_resources_: 38
max_resources_: 138000
aggressive_elimination: False
factor: 3
----------
iter: 0
n_candidates: 50
n_resources: 38
Fitting 1 folds for each of 50 candidates, totalling 50 fits
----------
iter: 1
n_candidates: 17
n_resources: 114
Fitting 1 folds for each of 17 candidates, totalling 17 fits
----------
iter: 2
n_candidates: 6
n_resources: 342
Fitting 1 folds for each of 6 candidates, totalling 6 fits
----------
iter: 3
n_candidates: 2
n_resources: 1026
Fitting 1 folds for each of 2 candidates, totalling 2 fits
      -> [LinearSVC + Jittering Set 5] Acc: 0.7078, F1: 0.6864, Time: 1.57s
n_iterations: 4
n_required_iterations: 4
n_possible_iterations: 8
min_resources_: 38
max_resources_: 138000
aggressive_elimination: False
factor: 3
----------
iter: 0
n_candidates: 50
n_resources: 38
Fitting 1 folds for each of 50 candidates, totalling 50 fits
----------
iter: 1
n_candidates: 17
n_resources: 114
Fitting 1 folds for each of 17 candidates, totalling 17 fits
----------
iter: 2
n_candidates: 6
n_resources: 342
Fitting 1 folds for each of 6 candidates, totalling 6 fits
----------
iter: 3
n_candidates: 2
n_resources: 1026
Fitting 1 folds for each of 2 candidates, totalling 2 fits
      -> [LogisticRegression + Jittering Set 5] Acc: 0.7612, F1: 0.7613, Time: 8.69s
      -> [RNN + Jittering Set 5] Acc: 0.8647, F1: 0.8410, Time: 3722.09s
    [=== Generating 10x synthetic data with Jittering (Set 1, Params: {'sigma': 0.01}) ===]
n_iterations: 4
n_required_iterations: 4
n_possible_iterations: 8
min_resources_: 38
max_resources_: 138000
aggressive_elimination: False
factor: 3
----------
iter: 0
n_candidates: 50
n_resources: 38
Fitting 1 folds for each of 50 candidates, totalling 50 fits
