Starting GenParams Tune: Wine_spoilage - Seed 20 - Gen HMM_GMM - Fold 3 - All Scales


==================================================
Running gen-params experiment for Wine_spoilage
==================================================

--- Fold 3/10 ---

  >> Seed sets per label: 20

    >> Seed Fold Selection: 1/10
    Evaluating Model: KNN
      -> [Baseline] Acc: 0.9373, F1: 0.9374, Time: 0.19s
      HP Tuning KNN...
n_iterations: 4
n_required_iterations: 4
n_possible_iterations: 5
min_resources_: 40
max_resources_: 8000
aggressive_elimination: False
factor: 3
----------
iter: 0
n_candidates: 50
n_resources: 40
Fitting 5 folds for each of 50 candidates, totalling 250 fits
Model is not converging.  Current: 34689.73730036019 is not greater than 34757.99260063889. Delta is -68.25530027870263
Model is not converging.  Current: 36678.14287302644 is not greater than 36831.230794291965. Delta is -153.08792126552726
Model is not converging.  Current: 34677.527149215726 is not greater than 34724.79207336494. Delta is -47.264924149210856
Model is not converging.  Current: 36640.44671417336 is not greater than 36758.99263678752. Delta is -118.5459226141611
Model is not converging.  Current: 34578.23546262141 is not greater than 34625.40334186368. Delta is -47.167879242275376
Model is not converging.  Current: 33479.00965654601 is not greater than 33711.63999917919. Delta is -232.63034263317968
Model is not converging.  Current: 36663.51283371618 is not greater than 36751.61547224919. Delta is -88.10263853301149
Degenerate mixture covariance
Degenerate mixture covariance
Degenerate mixture covariance
Degenerate mixture covariance
Degenerate mixture covariance
Degenerate mixture covariance
Degenerate mixture covariance
Degenerate mixture covariance
Degenerate mixture covariance
Degenerate mixture covariance
Degenerate mixture covariance
Degenerate mixture covariance
Degenerate mixture covariance
Degenerate mixture covariance
Degenerate mixture covariance
Degenerate mixture covariance
Degenerate mixture covariance
Degenerate mixture covariance
Degenerate mixture covariance
Degenerate mixture covariance
Degenerate mixture covariance
Degenerate mixture covariance
Degenerate mixture covariance
Degenerate mixture covariance
Degenerate mixture covariance
Degenerate mixture covariance
Degenerate mixture covariance
Degenerate mixture covariance
Degenerate mixture covariance
Degenerate mixture covariance
Degenerate mixture covariance
Degenerate mixture covariance
Degenerate mixture covariance
Degenerate mixture covariance
Degenerate mixture covariance
Degenerate mixture covariance
Degenerate mixture covariance
Degenerate mixture covariance
Degenerate mixture covariance
Degenerate mixture covariance
Degenerate mixture covariance
Degenerate mixture covariance
Degenerate mixture covariance
Degenerate mixture covariance
Degenerate mixture covariance
Degenerate mixture covariance
Degenerate mixture covariance
Degenerate mixture covariance
Degenerate mixture covariance
Degenerate mixture covariance
Degenerate mixture covariance
Degenerate mixture covariance
Degenerate mixture covariance
Degenerate mixture covariance
Degenerate mixture covariance
Degenerate mixture covariance
Degenerate mixture covariance
Degenerate mixture covariance
Degenerate mixture covariance
Degenerate mixture covariance
Degenerate mixture covariance
Degenerate mixture covariance
Degenerate mixture covariance
Degenerate mixture covariance
Degenerate mixture covariance
Degenerate mixture covariance
Degenerate mixture covariance
Degenerate mixture covariance
Degenerate mixture covariance
Degenerate mixture covariance
Degenerate mixture covariance
Degenerate mixture covariance
Degenerate mixture covariance
Degenerate mixture covariance
Degenerate mixture covariance
Degenerate mixture covariance
Degenerate mixture covariance
Degenerate mixture covariance
Degenerate mixture covariance
Degenerate mixture covariance
Model is not converging.  Current: 34652.502166921724 is not greater than 34758.54570891606. Delta is -106.04354199433874
Model is not converging.  Current: 36611.29850200421 is not greater than 36742.399434165345. Delta is -131.10093216113455
Model is not converging.  Current: 50100.95849376319 is not greater than 50388.31488969952. Delta is -287.35639593633096
Degenerate mixture covariance
Degenerate mixture covariance
Degenerate mixture covariance
Degenerate mixture covariance
Degenerate mixture covariance
Degenerate mixture covariance
Degenerate mixture covariance
Degenerate mixture covariance
Degenerate mixture covariance
Degenerate mixture covariance
Degenerate mixture covariance
Degenerate mixture covariance
Degenerate mixture covariance
Degenerate mixture covariance
Degenerate mixture covariance
Degenerate mixture covariance
Degenerate mixture covariance
Degenerate mixture covariance
Degenerate mixture covariance
Degenerate mixture covariance
Degenerate mixture covariance
Degenerate mixture covariance
Degenerate mixture covariance
Degenerate mixture covariance
Degenerate mixture covariance
Degenerate mixture covariance
Degenerate mixture covariance
Degenerate mixture covariance
Degenerate mixture covariance
Degenerate mixture covariance
Degenerate mixture covariance
Degenerate mixture covariance
Degenerate mixture covariance
Degenerate mixture covariance
Degenerate mixture covariance
Degenerate mixture covariance
Degenerate mixture covariance
Degenerate mixture covariance
Degenerate mixture covariance
Degenerate mixture covariance
Model is not converging.  Current: 34004.83031296132 is not greater than 34049.66177043475. Delta is -44.83145747343224
Model is not converging.  Current: 54642.973698972215 is not greater than 54706.28792721429. Delta is -63.31422824207402
Covariance of state #2, mixture #0 has a null eigenvalue.
Covariance of state #2, mixture #1 has a null eigenvalue.
Covariance of state #2, mixture #2 has a null eigenvalue.
Covariance of state #2, mixture #3 has a null eigenvalue.
Degenerate mixture covariance
Degenerate mixture covariance
Degenerate mixture covariance
Degenerate mixture covariance
Degenerate mixture covariance
Degenerate mixture covariance
Degenerate mixture covariance
Degenerate mixture covariance
Degenerate mixture covariance
Degenerate mixture covariance
Degenerate mixture covariance
Degenerate mixture covariance
Degenerate mixture covariance
Degenerate mixture covariance
Degenerate mixture covariance
Degenerate mixture covariance
Degenerate mixture covariance
Degenerate mixture covariance
Degenerate mixture covariance
Degenerate mixture covariance
Degenerate mixture covariance
Degenerate mixture covariance
Degenerate mixture covariance
Degenerate mixture covariance
Degenerate mixture covariance
Degenerate mixture covariance
Degenerate mixture covariance
Degenerate mixture covariance
Degenerate mixture covariance
Degenerate mixture covariance
Degenerate mixture covariance
Degenerate mixture covariance
Degenerate mixture covariance
Degenerate mixture covariance
Degenerate mixture covariance
Degenerate mixture covariance
Degenerate mixture covariance
Degenerate mixture covariance
Degenerate mixture covariance
Degenerate mixture covariance
Degenerate mixture covariance
Degenerate mixture covariance
Degenerate mixture covariance
Degenerate mixture covariance
Degenerate mixture covariance
Degenerate mixture covariance
Degenerate mixture covariance
Degenerate mixture covariance
Degenerate mixture covariance
Degenerate mixture covariance
Degenerate mixture covariance
Degenerate mixture covariance
Degenerate mixture covariance
Degenerate mixture covariance
Degenerate mixture covariance
Degenerate mixture covariance
Degenerate mixture covariance
Degenerate mixture covariance
Degenerate mixture covariance
Degenerate mixture covariance
Degenerate mixture covariance
Degenerate mixture covariance
Degenerate mixture covariance
Degenerate mixture covariance
Degenerate mixture covariance
Degenerate mixture covariance
Degenerate mixture covariance
Degenerate mixture covariance
Degenerate mixture covariance
Degenerate mixture covariance
Degenerate mixture covariance
Degenerate mixture covariance
Degenerate mixture covariance
Degenerate mixture covariance
Degenerate mixture covariance
Degenerate mixture covariance
Degenerate mixture covariance
Degenerate mixture covariance
Degenerate mixture covariance
Degenerate mixture covariance
Model is not converging.  Current: 34990.31113922118 is not greater than 35037.85598146982. Delta is -47.544842248636996
Model is not converging.  Current: 33970.74078112863 is not greater than 33994.78561169759. Delta is -24.044830568956968
Covariance of state #2, mixture #0 has a null eigenvalue.
Covariance of state #2, mixture #1 has a null eigenvalue.
Covariance of state #2, mixture #2 has a null eigenvalue.
Covariance of state #2, mixture #3 has a null eigenvalue.
Model is not converging.  Current: 49687.11692758071 is not greater than 49973.72089908372. Delta is -286.6039715030056
Degenerate mixture covariance
Degenerate mixture covariance
Degenerate mixture covariance
Degenerate mixture covariance
Degenerate mixture covariance
Degenerate mixture covariance
Degenerate mixture covariance
Degenerate mixture covariance
Degenerate mixture covariance
Degenerate mixture covariance
Degenerate mixture covariance
Degenerate mixture covariance
Degenerate mixture covariance
Degenerate mixture covariance
Degenerate mixture covariance
Degenerate mixture covariance
Degenerate mixture covariance
Degenerate mixture covariance
Degenerate mixture covariance
Degenerate mixture covariance
Degenerate mixture covariance
Degenerate mixture covariance
Degenerate mixture covariance
Degenerate mixture covariance
Degenerate mixture covariance
Degenerate mixture covariance
Degenerate mixture covariance
Degenerate mixture covariance
Degenerate mixture covariance
Degenerate mixture covariance
Degenerate mixture covariance
Degenerate mixture covariance
Degenerate mixture covariance
Degenerate mixture covariance
Degenerate mixture covariance
Degenerate mixture covariance
Degenerate mixture covariance
Degenerate mixture covariance
Degenerate mixture covariance
Degenerate mixture covariance
Degenerate mixture covariance
Degenerate mixture covariance
Degenerate mixture covariance
Degenerate mixture covariance
Degenerate mixture covariance
Degenerate mixture covariance
Degenerate mixture covariance
Degenerate mixture covariance
Degenerate mixture covariance
Degenerate mixture covariance
Degenerate mixture covariance
Degenerate mixture covariance
Degenerate mixture covariance
Degenerate mixture covariance
Degenerate mixture covariance
Degenerate mixture covariance
Degenerate mixture covariance
Degenerate mixture covariance
Degenerate mixture covariance
Degenerate mixture covariance
Degenerate mixture covariance
Degenerate mixture covariance
Degenerate mixture covariance
Degenerate mixture covariance
Degenerate mixture covariance
Degenerate mixture covariance
Degenerate mixture covariance
Degenerate mixture covariance
Degenerate mixture covariance
Degenerate mixture covariance
Degenerate mixture covariance
Degenerate mixture covariance
Degenerate mixture covariance
Degenerate mixture covariance
Degenerate mixture covariance
Degenerate mixture covariance
Degenerate mixture covariance
Degenerate mixture covariance
Degenerate mixture covariance
Degenerate mixture covariance
Degenerate mixture covariance
Degenerate mixture covariance
Degenerate mixture covariance
Degenerate mixture covariance
Degenerate mixture covariance
Degenerate mixture covariance
Degenerate mixture covariance
Degenerate mixture covariance
Degenerate mixture covariance
Degenerate mixture covariance
Degenerate mixture covariance
Degenerate mixture covariance
Degenerate mixture covariance
Degenerate mixture covariance
Degenerate mixture covariance
Degenerate mixture covariance
Degenerate mixture covariance
Degenerate mixture covariance
Degenerate mixture covariance
Degenerate mixture covariance
Degenerate mixture covariance
Degenerate mixture covariance
Degenerate mixture covariance
Degenerate mixture covariance
Degenerate mixture covariance
Degenerate mixture covariance
Degenerate mixture covariance
Degenerate mixture covariance
Degenerate mixture covariance
Degenerate mixture covariance
Degenerate mixture covariance
Degenerate mixture covariance
Degenerate mixture covariance
Degenerate mixture covariance
Degenerate mixture covariance
Degenerate mixture covariance
Degenerate mixture covariance
Degenerate mixture covariance
Degenerate mixture covariance
Degenerate mixture covariance
Degenerate mixture covariance
Degenerate mixture covariance
Degenerate mixture covariance
Degenerate mixture covariance
Degenerate mixture covariance
Degenerate mixture covariance
Degenerate mixture covariance
Degenerate mixture covariance
Degenerate mixture covariance
Degenerate mixture covariance
Degenerate mixture covariance
Degenerate mixture covariance
Degenerate mixture covariance
Degenerate mixture covariance
Degenerate mixture covariance
Degenerate mixture covariance
Degenerate mixture covariance
Degenerate mixture covariance
Degenerate mixture covariance
Degenerate mixture covariance
Degenerate mixture covariance
Degenerate mixture covariance
Degenerate mixture covariance
Degenerate mixture covariance
Degenerate mixture covariance
Degenerate mixture covariance
Degenerate mixture covariance
Degenerate mixture covariance
Degenerate mixture covariance
Degenerate mixture covariance
Degenerate mixture covariance
Degenerate mixture covariance
Degenerate mixture covariance
Degenerate mixture covariance
Degenerate mixture covariance
Degenerate mixture covariance
Degenerate mixture covariance
Degenerate mixture covariance
Degenerate mixture covariance
Degenerate mixture covariance
Model is not converging.  Current: 34429.636766499505 is not greater than 34438.69481283962. Delta is -9.058046340112924
Model is not converging.  Current: 34040.005241986146 is not greater than 34109.90506920857. Delta is -69.89982722242712
Covariance of state #2, mixture #0 has a null eigenvalue.
Covariance of state #2, mixture #1 has a null eigenvalue.
Covariance of state #2, mixture #2 has a null eigenvalue.
Covariance of state #2, mixture #3 has a null eigenvalue.
Degenerate mixture covariance
Degenerate mixture covariance
Degenerate mixture covariance
Degenerate mixture covariance
Degenerate mixture covariance
Degenerate mixture covariance
Degenerate mixture covariance
Degenerate mixture covariance
Degenerate mixture covariance
Degenerate mixture covariance
Degenerate mixture covariance
Degenerate mixture covariance
Degenerate mixture covariance
Degenerate mixture covariance
Degenerate mixture covariance
Degenerate mixture covariance
Degenerate mixture covariance
Degenerate mixture covariance
Degenerate mixture covariance
Degenerate mixture covariance
Degenerate mixture covariance
Degenerate mixture covariance
Degenerate mixture covariance
Degenerate mixture covariance
Degenerate mixture covariance
Degenerate mixture covariance
Degenerate mixture covariance
Degenerate mixture covariance
Degenerate mixture covariance
Degenerate mixture covariance
Degenerate mixture covariance
Degenerate mixture covariance
Degenerate mixture covariance
Degenerate mixture covariance
Degenerate mixture covariance
Degenerate mixture covariance
Degenerate mixture covariance
Degenerate mixture covariance
Degenerate mixture covariance
Degenerate mixture covariance
Degenerate mixture covariance
Degenerate mixture covariance
Degenerate mixture covariance
Degenerate mixture covariance
Degenerate mixture covariance
Degenerate mixture covariance
Degenerate mixture covariance
Degenerate mixture covariance
Degenerate mixture covariance
Degenerate mixture covariance
Degenerate mixture covariance
Degenerate mixture covariance
Degenerate mixture covariance
Degenerate mixture covariance
Degenerate mixture covariance
Degenerate mixture covariance
Degenerate mixture covariance
Degenerate mixture covariance
Degenerate mixture covariance
Degenerate mixture covariance
Degenerate mixture covariance
Degenerate mixture covariance
Degenerate mixture covariance
Degenerate mixture covariance
Degenerate mixture covariance
Degenerate mixture covariance
Degenerate mixture covariance
Degenerate mixture covariance
Degenerate mixture covariance
Degenerate mixture covariance
Degenerate mixture covariance
Degenerate mixture covariance
Degenerate mixture covariance
Degenerate mixture covariance
Degenerate mixture covariance
Degenerate mixture covariance
Degenerate mixture covariance
Degenerate mixture covariance
Degenerate mixture covariance
Degenerate mixture covariance
Degenerate mixture covariance
Degenerate mixture covariance
Degenerate mixture covariance
Degenerate mixture covariance
Degenerate mixture covariance
Degenerate mixture covariance
Degenerate mixture covariance
Degenerate mixture covariance
Degenerate mixture covariance
Degenerate mixture covariance
Degenerate mixture covariance
Degenerate mixture covariance
Degenerate mixture covariance
Degenerate mixture covariance
Degenerate mixture covariance
Degenerate mixture covariance
Degenerate mixture covariance
Degenerate mixture covariance
Degenerate mixture covariance
Degenerate mixture covariance
Degenerate mixture covariance
Degenerate mixture covariance
Degenerate mixture covariance
Degenerate mixture covariance
Degenerate mixture covariance
Degenerate mixture covariance
Degenerate mixture covariance
Degenerate mixture covariance
Degenerate mixture covariance
Degenerate mixture covariance
Degenerate mixture covariance
Degenerate mixture covariance
Degenerate mixture covariance
Degenerate mixture covariance
Degenerate mixture covariance
Degenerate mixture covariance
Degenerate mixture covariance
Degenerate mixture covariance
Degenerate mixture covariance
Degenerate mixture covariance
Degenerate mixture covariance
Degenerate mixture covariance
Degenerate mixture covariance
Degenerate mixture covariance
Degenerate mixture covariance
Degenerate mixture covariance
Degenerate mixture covariance
Degenerate mixture covariance
Degenerate mixture covariance
Degenerate mixture covariance
Degenerate mixture covariance
Degenerate mixture covariance
Degenerate mixture covariance
Degenerate mixture covariance
Degenerate mixture covariance
Degenerate mixture covariance
Degenerate mixture covariance
Degenerate mixture covariance
Degenerate mixture covariance
Degenerate mixture covariance
Degenerate mixture covariance
Degenerate mixture covariance
Degenerate mixture covariance
Degenerate mixture covariance
Degenerate mixture covariance
Degenerate mixture covariance
Degenerate mixture covariance
Degenerate mixture covariance
Degenerate mixture covariance
Degenerate mixture covariance
Degenerate mixture covariance
Degenerate mixture covariance
Degenerate mixture covariance
Degenerate mixture covariance
Degenerate mixture covariance
Degenerate mixture covariance
Degenerate mixture covariance
Degenerate mixture covariance
Degenerate mixture covariance
Degenerate mixture covariance
Degenerate mixture covariance
Degenerate mixture covariance
Degenerate mixture covariance
Degenerate mixture covariance
Degenerate mixture covariance
Degenerate mixture covariance
Degenerate mixture covariance
Degenerate mixture covariance
Degenerate mixture covariance
Degenerate mixture covariance
Degenerate mixture covariance
Degenerate mixture covariance
Degenerate mixture covariance
Degenerate mixture covariance
Degenerate mixture covariance
Degenerate mixture covariance
Degenerate mixture covariance
Degenerate mixture covariance
Degenerate mixture covariance
Degenerate mixture covariance
Degenerate mixture covariance
Degenerate mixture covariance
Degenerate mixture covariance
Degenerate mixture covariance
Degenerate mixture covariance
Degenerate mixture covariance
Degenerate mixture covariance
Degenerate mixture covariance
Degenerate mixture covariance
Degenerate mixture covariance
Degenerate mixture covariance
Degenerate mixture covariance
Degenerate mixture covariance
Degenerate mixture covariance
Degenerate mixture covariance
Degenerate mixture covariance
Degenerate mixture covariance
Degenerate mixture covariance
Degenerate mixture covariance
Degenerate mixture covariance
Degenerate mixture covariance
Degenerate mixture covariance
Degenerate mixture covariance
Degenerate mixture covariance
Degenerate mixture covariance
Degenerate mixture covariance
Degenerate mixture covariance
Degenerate mixture covariance
Degenerate mixture covariance
Degenerate mixture covariance
Degenerate mixture covariance
Degenerate mixture covariance
Degenerate mixture covariance
Degenerate mixture covariance
Degenerate mixture covariance
Degenerate mixture covariance
Degenerate mixture covariance
Degenerate mixture covariance
Degenerate mixture covariance
Degenerate mixture covariance
Degenerate mixture covariance
Degenerate mixture covariance
Degenerate mixture covariance
Degenerate mixture covariance
Degenerate mixture covariance
Degenerate mixture covariance
Degenerate mixture covariance
Degenerate mixture covariance
Degenerate mixture covariance
Degenerate mixture covariance
Degenerate mixture covariance
Degenerate mixture covariance
Degenerate mixture covariance
Degenerate mixture covariance
Degenerate mixture covariance
Degenerate mixture covariance
Degenerate mixture covariance
Degenerate mixture covariance
Degenerate mixture covariance
Degenerate mixture covariance
Degenerate mixture covariance
Degenerate mixture covariance
Degenerate mixture covariance
Degenerate mixture covariance
Degenerate mixture covariance
Degenerate mixture covariance
Degenerate mixture covariance
Degenerate mixture covariance
Degenerate mixture covariance
Degenerate mixture covariance
Degenerate mixture covariance
Degenerate mixture covariance
Degenerate mixture covariance
Degenerate mixture covariance
Degenerate mixture covariance
Degenerate mixture covariance
Degenerate mixture covariance
Degenerate mixture covariance
Degenerate mixture covariance
Degenerate mixture covariance
Degenerate mixture covariance
Degenerate mixture covariance
Degenerate mixture covariance
Degenerate mixture covariance
Degenerate mixture covariance
Degenerate mixture covariance
Degenerate mixture covariance
Degenerate mixture covariance
Degenerate mixture covariance
Degenerate mixture covariance
Degenerate mixture covariance
Degenerate mixture covariance
Degenerate mixture covariance
Degenerate mixture covariance
Degenerate mixture covariance
Degenerate mixture covariance
Degenerate mixture covariance
Degenerate mixture covariance
Degenerate mixture covariance
Degenerate mixture covariance
Degenerate mixture covariance
Degenerate mixture covariance
Degenerate mixture covariance
Degenerate mixture covariance
Degenerate mixture covariance
Degenerate mixture covariance
Degenerate mixture covariance
Degenerate mixture covariance
Degenerate mixture covariance
Degenerate mixture covariance
Degenerate mixture covariance
Degenerate mixture covariance
Degenerate mixture covariance
Degenerate mixture covariance
Degenerate mixture covariance
Degenerate mixture covariance
Degenerate mixture covariance
Degenerate mixture covariance
Degenerate mixture covariance
Degenerate mixture covariance
Degenerate mixture covariance
Degenerate mixture covariance
Degenerate mixture covariance
Degenerate mixture covariance
Degenerate mixture covariance
Degenerate mixture covariance
Degenerate mixture covariance
Degenerate mixture covariance
Degenerate mixture covariance
Degenerate mixture covariance
Degenerate mixture covariance
Degenerate mixture covariance
Degenerate mixture covariance
Degenerate mixture covariance
Degenerate mixture covariance
Degenerate mixture covariance
Degenerate mixture covariance
Degenerate mixture covariance
Degenerate mixture covariance
Degenerate mixture covariance
Degenerate mixture covariance
Degenerate mixture covariance
Degenerate mixture covariance
Degenerate mixture covariance
Degenerate mixture covariance
Degenerate mixture covariance
Degenerate mixture covariance
Degenerate mixture covariance
Degenerate mixture covariance
Degenerate mixture covariance
Degenerate mixture covariance
Degenerate mixture covariance
Degenerate mixture covariance
Degenerate mixture covariance
Degenerate mixture covariance
Degenerate mixture covariance
Degenerate mixture covariance
Degenerate mixture covariance
Degenerate mixture covariance
Degenerate mixture covariance
Degenerate mixture covariance
Degenerate mixture covariance
Degenerate mixture covariance
Degenerate mixture covariance
Degenerate mixture covariance
Degenerate mixture covariance
Degenerate mixture covariance
Degenerate mixture covariance
Degenerate mixture covariance
Degenerate mixture covariance
Degenerate mixture covariance
Degenerate mixture covariance
Degenerate mixture covariance
Degenerate mixture covariance
Degenerate mixture covariance
Degenerate mixture covariance
Degenerate mixture covariance
Degenerate mixture covariance
Degenerate mixture covariance
Degenerate mixture covariance
Model is not converging.  Current: 55164.37172934497 is not greater than 55373.53301540211. Delta is -209.1612860571331
Model is not converging.  Current: 35431.66103208641 is not greater than 35646.17427317802. Delta is -214.51324109160487
Model is not converging.  Current: 33225.818481345734 is not greater than 33261.54153371417. Delta is -35.723052368433855
Covariance of state #2, mixture #0 has a null eigenvalue.
Covariance of state #2, mixture #1 has a null eigenvalue.
Covariance of state #2, mixture #2 has a null eigenvalue.
Covariance of state #2, mixture #3 has a null eigenvalue.
Degenerate mixture covariance
Degenerate mixture covariance
Degenerate mixture covariance
Degenerate mixture covariance
Degenerate mixture covariance
Degenerate mixture covariance
Degenerate mixture covariance
Degenerate mixture covariance
Degenerate mixture covariance
Degenerate mixture covariance
Degenerate mixture covariance
Degenerate mixture covariance
Degenerate mixture covariance
Degenerate mixture covariance
Degenerate mixture covariance
Degenerate mixture covariance
Degenerate mixture covariance
Degenerate mixture covariance
Degenerate mixture covariance
Degenerate mixture covariance
Degenerate mixture covariance
Degenerate mixture covariance
Degenerate mixture covariance
Degenerate mixture covariance
Degenerate mixture covariance
Degenerate mixture covariance
Degenerate mixture covariance
Degenerate mixture covariance
Degenerate mixture covariance
Degenerate mixture covariance
Degenerate mixture covariance
Degenerate mixture covariance
Degenerate mixture covariance
Degenerate mixture covariance
Degenerate mixture covariance
Degenerate mixture covariance
Degenerate mixture covariance
Degenerate mixture covariance
Degenerate mixture covariance
Degenerate mixture covariance
Model is not converging.  Current: 28163.340520481288 is not greater than 28193.35143721512. Delta is -30.010916733830527
Covariance of state #1, mixture #0 has a null eigenvalue.
Model is not converging.  Current: 29838.24128308329 is not greater than 29981.225116896207. Delta is -142.9838338129157
Model is not converging.  Current: 56021.3132129707 is not greater than 56144.87431683908. Delta is -123.56110386837827
Model is not converging.  Current: 37466.362522491276 is not greater than 37542.23215440142. Delta is -75.86963191014365
Degenerate mixture covariance
Degenerate mixture covariance
Degenerate mixture covariance
Degenerate mixture covariance
Degenerate mixture covariance
Degenerate mixture covariance
Degenerate mixture covariance
Degenerate mixture covariance
Degenerate mixture covariance
Degenerate mixture covariance
Degenerate mixture covariance
Degenerate mixture covariance
Degenerate mixture covariance
Degenerate mixture covariance
Degenerate mixture covariance
Degenerate mixture covariance
Degenerate mixture covariance
Degenerate mixture covariance
Degenerate mixture covariance
Degenerate mixture covariance
Degenerate mixture covariance
Degenerate mixture covariance
Degenerate mixture covariance
Degenerate mixture covariance
Degenerate mixture covariance
Degenerate mixture covariance
Degenerate mixture covariance
Degenerate mixture covariance
Degenerate mixture covariance
Degenerate mixture covariance
Degenerate mixture covariance
Degenerate mixture covariance
Degenerate mixture covariance
Degenerate mixture covariance
Degenerate mixture covariance
Degenerate mixture covariance
Degenerate mixture covariance
Degenerate mixture covariance
Degenerate mixture covariance
Degenerate mixture covariance
Degenerate mixture covariance
Degenerate mixture covariance
Degenerate mixture covariance
Degenerate mixture covariance
Degenerate mixture covariance
Degenerate mixture covariance
Degenerate mixture covariance
Degenerate mixture covariance
Degenerate mixture covariance
Degenerate mixture covariance
Degenerate mixture covariance
Degenerate mixture covariance
Degenerate mixture covariance
Degenerate mixture covariance
Degenerate mixture covariance
Degenerate mixture covariance
Degenerate mixture covariance
Degenerate mixture covariance
Degenerate mixture covariance
Degenerate mixture covariance
Degenerate mixture covariance
Degenerate mixture covariance
Degenerate mixture covariance
Degenerate mixture covariance
Degenerate mixture covariance
Degenerate mixture covariance
Degenerate mixture covariance
Degenerate mixture covariance
Degenerate mixture covariance
Degenerate mixture covariance
Degenerate mixture covariance
Degenerate mixture covariance
Degenerate mixture covariance
Degenerate mixture covariance
Degenerate mixture covariance
Degenerate mixture covariance
Degenerate mixture covariance
Degenerate mixture covariance
Degenerate mixture covariance
Degenerate mixture covariance
Model is not converging.  Current: 28096.753213936303 is not greater than 28124.597864941006. Delta is -27.844651004703337
Covariance of state #1, mixture #0 has a null eigenvalue.
Model is not converging.  Current: 28892.07139618081 is not greater than 28957.487196158872. Delta is -65.41579997806184
Model is not converging.  Current: 57679.27466362167 is not greater than 57778.694874826964. Delta is -99.42021120529535
Model is not converging.  Current: 37992.902673354256 is not greater than 38165.163687025. Delta is -172.26101367074443
Degenerate mixture covariance
Degenerate mixture covariance
Degenerate mixture covariance
Degenerate mixture covariance
Degenerate mixture covariance
Degenerate mixture covariance
Degenerate mixture covariance
Degenerate mixture covariance
Degenerate mixture covariance
Degenerate mixture covariance
Degenerate mixture covariance
Degenerate mixture covariance
Degenerate mixture covariance
Degenerate mixture covariance
Degenerate mixture covariance
Degenerate mixture covariance
Degenerate mixture covariance
Degenerate mixture covariance
Degenerate mixture covariance
Degenerate mixture covariance
Degenerate mixture covariance
Degenerate mixture covariance
Degenerate mixture covariance
Degenerate mixture covariance
Degenerate mixture covariance
Degenerate mixture covariance
Degenerate mixture covariance
Degenerate mixture covariance
Degenerate mixture covariance
Degenerate mixture covariance
Degenerate mixture covariance
Degenerate mixture covariance
Degenerate mixture covariance
Degenerate mixture covariance
Degenerate mixture covariance
Degenerate mixture covariance
Degenerate mixture covariance
Degenerate mixture covariance
Degenerate mixture covariance
Degenerate mixture covariance
Degenerate mixture covariance
Degenerate mixture covariance
Degenerate mixture covariance
Degenerate mixture covariance
Degenerate mixture covariance
Degenerate mixture covariance
Degenerate mixture covariance
Degenerate mixture covariance
Degenerate mixture covariance
Degenerate mixture covariance
Degenerate mixture covariance
Degenerate mixture covariance
Degenerate mixture covariance
Degenerate mixture covariance
Degenerate mixture covariance
Degenerate mixture covariance
Degenerate mixture covariance
Degenerate mixture covariance
Degenerate mixture covariance
Degenerate mixture covariance
Degenerate mixture covariance
Degenerate mixture covariance
Degenerate mixture covariance
Degenerate mixture covariance
Degenerate mixture covariance
Degenerate mixture covariance
Degenerate mixture covariance
Degenerate mixture covariance
Degenerate mixture covariance
Degenerate mixture covariance
Degenerate mixture covariance
Degenerate mixture covariance
Degenerate mixture covariance
Degenerate mixture covariance
Degenerate mixture covariance
Degenerate mixture covariance
Degenerate mixture covariance
Degenerate mixture covariance
Degenerate mixture covariance
Degenerate mixture covariance
Degenerate mixture covariance
Degenerate mixture covariance
Degenerate mixture covariance
Degenerate mixture covariance
Degenerate mixture covariance
Degenerate mixture covariance
Degenerate mixture covariance
Degenerate mixture covariance
Degenerate mixture covariance
Degenerate mixture covariance
Degenerate mixture covariance
Degenerate mixture covariance
Degenerate mixture covariance
Degenerate mixture covariance
Degenerate mixture covariance
Degenerate mixture covariance
Degenerate mixture covariance
Degenerate mixture covariance
Degenerate mixture covariance
Degenerate mixture covariance
Degenerate mixture covariance
Degenerate mixture covariance
Degenerate mixture covariance
Degenerate mixture covariance
Degenerate mixture covariance
Degenerate mixture covariance
Degenerate mixture covariance
Degenerate mixture covariance
Degenerate mixture covariance
Degenerate mixture covariance
Degenerate mixture covariance
Degenerate mixture covariance
Degenerate mixture covariance
Degenerate mixture covariance
Degenerate mixture covariance
Degenerate mixture covariance
Degenerate mixture covariance
Degenerate mixture covariance
Degenerate mixture covariance
Degenerate mixture covariance
Degenerate mixture covariance
Degenerate mixture covariance
Degenerate mixture covariance
Degenerate mixture covariance
Degenerate mixture covariance
Degenerate mixture covariance
Degenerate mixture covariance
Degenerate mixture covariance
Degenerate mixture covariance
Degenerate mixture covariance
Degenerate mixture covariance
Degenerate mixture covariance
Degenerate mixture covariance
Degenerate mixture covariance
Degenerate mixture covariance
Degenerate mixture covariance
Degenerate mixture covariance
Degenerate mixture covariance
Degenerate mixture covariance
Degenerate mixture covariance
Degenerate mixture covariance
Degenerate mixture covariance
Degenerate mixture covariance
Degenerate mixture covariance
Degenerate mixture covariance
Degenerate mixture covariance
Degenerate mixture covariance
Degenerate mixture covariance
Degenerate mixture covariance
Degenerate mixture covariance
Degenerate mixture covariance
Degenerate mixture covariance
Degenerate mixture covariance
Degenerate mixture covariance
Degenerate mixture covariance
Degenerate mixture covariance
Degenerate mixture covariance
Degenerate mixture covariance
Degenerate mixture covariance
Degenerate mixture covariance
Model is not converging.  Current: 28164.24419975699 is not greater than 28196.371326212706. Delta is -32.12712645571446
Covariance of state #1, mixture #0 has a null eigenvalue.
Model is not converging.  Current: 30512.390940285997 is not greater than 30682.694794216604. Delta is -170.30385393060715
Model is not converging.  Current: 37407.151608017826 is not greater than 37476.868644551374. Delta is -69.7170365335478
Degenerate mixture covariance
Degenerate mixture covariance
Degenerate mixture covariance
Degenerate mixture covariance
Degenerate mixture covariance
Degenerate mixture covariance
Degenerate mixture covariance
Degenerate mixture covariance
Degenerate mixture covariance
Degenerate mixture covariance
Degenerate mixture covariance
Degenerate mixture covariance
Degenerate mixture covariance
Degenerate mixture covariance
Degenerate mixture covariance
Degenerate mixture covariance
Degenerate mixture covariance
Degenerate mixture covariance
Degenerate mixture covariance
Degenerate mixture covariance
Degenerate mixture covariance
Degenerate mixture covariance
Degenerate mixture covariance
Degenerate mixture covariance
Degenerate mixture covariance
Degenerate mixture covariance
Degenerate mixture covariance
Degenerate mixture covariance
Degenerate mixture covariance
Degenerate mixture covariance
Degenerate mixture covariance
Degenerate mixture covariance
Degenerate mixture covariance
Degenerate mixture covariance
Degenerate mixture covariance
Degenerate mixture covariance
Degenerate mixture covariance
Degenerate mixture covariance
Degenerate mixture covariance
Degenerate mixture covariance
Degenerate mixture covariance
Degenerate mixture covariance
Degenerate mixture covariance
Degenerate mixture covariance
Degenerate mixture covariance
Degenerate mixture covariance
Degenerate mixture covariance
Degenerate mixture covariance
Degenerate mixture covariance
Degenerate mixture covariance
Degenerate mixture covariance
Degenerate mixture covariance
Degenerate mixture covariance
Degenerate mixture covariance
Degenerate mixture covariance
Degenerate mixture covariance
Degenerate mixture covariance
Degenerate mixture covariance
Degenerate mixture covariance
Degenerate mixture covariance
Degenerate mixture covariance
Degenerate mixture covariance
Degenerate mixture covariance
Degenerate mixture covariance
Degenerate mixture covariance
Degenerate mixture covariance
Degenerate mixture covariance
Degenerate mixture covariance
Degenerate mixture covariance
Degenerate mixture covariance
Degenerate mixture covariance
Degenerate mixture covariance
Degenerate mixture covariance
Degenerate mixture covariance
Degenerate mixture covariance
Degenerate mixture covariance
Degenerate mixture covariance
Degenerate mixture covariance
Degenerate mixture covariance
Degenerate mixture covariance
Degenerate mixture covariance
Degenerate mixture covariance
Degenerate mixture covariance
Degenerate mixture covariance
Degenerate mixture covariance
Degenerate mixture covariance
Degenerate mixture covariance
Degenerate mixture covariance
Degenerate mixture covariance
Degenerate mixture covariance
Degenerate mixture covariance
Degenerate mixture covariance
Degenerate mixture covariance
Degenerate mixture covariance
Degenerate mixture covariance
Degenerate mixture covariance
Degenerate mixture covariance
Degenerate mixture covariance
Degenerate mixture covariance
Degenerate mixture covariance
Degenerate mixture covariance
Degenerate mixture covariance
Degenerate mixture covariance
Degenerate mixture covariance
Degenerate mixture covariance
Degenerate mixture covariance
Degenerate mixture covariance
Degenerate mixture covariance
Degenerate mixture covariance
Degenerate mixture covariance
Degenerate mixture covariance
Degenerate mixture covariance
Degenerate mixture covariance
Degenerate mixture covariance
Degenerate mixture covariance
Degenerate mixture covariance
Degenerate mixture covariance
Degenerate mixture covariance
Degenerate mixture covariance
Degenerate mixture covariance
Degenerate mixture covariance
Degenerate mixture covariance
Degenerate mixture covariance
Degenerate mixture covariance
Degenerate mixture covariance
Degenerate mixture covariance
Degenerate mixture covariance
Degenerate mixture covariance
Degenerate mixture covariance
Degenerate mixture covariance
Degenerate mixture covariance
Degenerate mixture covariance
Degenerate mixture covariance
Degenerate mixture covariance
Degenerate mixture covariance
Degenerate mixture covariance
Degenerate mixture covariance
Degenerate mixture covariance
Degenerate mixture covariance
Degenerate mixture covariance
Degenerate mixture covariance
Degenerate mixture covariance
Degenerate mixture covariance
Degenerate mixture covariance
Degenerate mixture covariance
Degenerate mixture covariance
Degenerate mixture covariance
Degenerate mixture covariance
Degenerate mixture covariance
Degenerate mixture covariance
Degenerate mixture covariance
Degenerate mixture covariance
Degenerate mixture covariance
Degenerate mixture covariance
Degenerate mixture covariance
Degenerate mixture covariance
Degenerate mixture covariance
Degenerate mixture covariance
Degenerate mixture covariance
Degenerate mixture covariance
Degenerate mixture covariance
Degenerate mixture covariance
Degenerate mixture covariance
Degenerate mixture covariance
Degenerate mixture covariance
Degenerate mixture covariance
Degenerate mixture covariance
Degenerate mixture covariance
Degenerate mixture covariance
Degenerate mixture covariance
Degenerate mixture covariance
Degenerate mixture covariance
Degenerate mixture covariance
Degenerate mixture covariance
Degenerate mixture covariance
Degenerate mixture covariance
Degenerate mixture covariance
Degenerate mixture covariance
Degenerate mixture covariance
Degenerate mixture covariance
Degenerate mixture covariance
Degenerate mixture covariance
Degenerate mixture covariance
Degenerate mixture covariance
Degenerate mixture covariance
Degenerate mixture covariance
Degenerate mixture covariance
Degenerate mixture covariance
Degenerate mixture covariance
Degenerate mixture covariance
Degenerate mixture covariance
Degenerate mixture covariance
Degenerate mixture covariance
Degenerate mixture covariance
Degenerate mixture covariance
Degenerate mixture covariance
Degenerate mixture covariance
Degenerate mixture covariance
Degenerate mixture covariance
Degenerate mixture covariance
Degenerate mixture covariance
Degenerate mixture covariance
Degenerate mixture covariance
Degenerate mixture covariance
Degenerate mixture covariance
Degenerate mixture covariance
Degenerate mixture covariance
Degenerate mixture covariance
Degenerate mixture covariance
Degenerate mixture covariance
Degenerate mixture covariance
Degenerate mixture covariance
Degenerate mixture covariance
Degenerate mixture covariance
Degenerate mixture covariance
Degenerate mixture covariance
Degenerate mixture covariance
Degenerate mixture covariance
Degenerate mixture covariance
Degenerate mixture covariance
Degenerate mixture covariance
Degenerate mixture covariance
Degenerate mixture covariance
Degenerate mixture covariance
Degenerate mixture covariance
Degenerate mixture covariance
Degenerate mixture covariance
Degenerate mixture covariance
Degenerate mixture covariance
Degenerate mixture covariance
Degenerate mixture covariance
Degenerate mixture covariance
Degenerate mixture covariance
Degenerate mixture covariance
Degenerate mixture covariance
Degenerate mixture covariance
Degenerate mixture covariance
Degenerate mixture covariance
Degenerate mixture covariance
Degenerate mixture covariance
Degenerate mixture covariance
Degenerate mixture covariance
Degenerate mixture covariance
Degenerate mixture covariance
Degenerate mixture covariance
Degenerate mixture covariance
Degenerate mixture covariance
Degenerate mixture covariance
Degenerate mixture covariance
Degenerate mixture covariance
Degenerate mixture covariance
Degenerate mixture covariance
Degenerate mixture covariance
Degenerate mixture covariance
Degenerate mixture covariance
Degenerate mixture covariance
Degenerate mixture covariance
Degenerate mixture covariance
Degenerate mixture covariance
Degenerate mixture covariance
Degenerate mixture covariance
Degenerate mixture covariance
Degenerate mixture covariance
Degenerate mixture covariance
Degenerate mixture covariance
Degenerate mixture covariance
Degenerate mixture covariance
Degenerate mixture covariance
Degenerate mixture covariance
Degenerate mixture covariance
Degenerate mixture covariance
Degenerate mixture covariance
Degenerate mixture covariance
Degenerate mixture covariance
Degenerate mixture covariance
Degenerate mixture covariance
Degenerate mixture covariance
Degenerate mixture covariance
Degenerate mixture covariance
Degenerate mixture covariance
Degenerate mixture covariance
Degenerate mixture covariance
Degenerate mixture covariance
Degenerate mixture covariance
Degenerate mixture covariance
Degenerate mixture covariance
Degenerate mixture covariance
Degenerate mixture covariance
Degenerate mixture covariance
Degenerate mixture covariance
Degenerate mixture covariance
Degenerate mixture covariance
Degenerate mixture covariance
Degenerate mixture covariance
Degenerate mixture covariance
Degenerate mixture covariance
Degenerate mixture covariance
Degenerate mixture covariance
Degenerate mixture covariance
Degenerate mixture covariance
Degenerate mixture covariance
Degenerate mixture covariance
Degenerate mixture covariance
Degenerate mixture covariance
Degenerate mixture covariance
Degenerate mixture covariance
Degenerate mixture covariance
Degenerate mixture covariance
Degenerate mixture covariance
Degenerate mixture covariance
Degenerate mixture covariance
Degenerate mixture covariance
Degenerate mixture covariance
Degenerate mixture covariance
Degenerate mixture covariance
Degenerate mixture covariance
Degenerate mixture covariance
Degenerate mixture covariance
Degenerate mixture covariance
Degenerate mixture covariance
Degenerate mixture covariance
Degenerate mixture covariance
Degenerate mixture covariance
Degenerate mixture covariance
Degenerate mixture covariance
Degenerate mixture covariance
Degenerate mixture covariance
Degenerate mixture covariance
Degenerate mixture covariance
Degenerate mixture covariance
Degenerate mixture covariance
Degenerate mixture covariance
Degenerate mixture covariance
Degenerate mixture covariance
Degenerate mixture covariance
Degenerate mixture covariance
Degenerate mixture covariance
Degenerate mixture covariance
Degenerate mixture covariance
Degenerate mixture covariance
Degenerate mixture covariance
Degenerate mixture covariance
Degenerate mixture covariance
Degenerate mixture covariance
Degenerate mixture covariance
Degenerate mixture covariance
Degenerate mixture covariance
Degenerate mixture covariance
Degenerate mixture covariance
Degenerate mixture covariance
Degenerate mixture covariance
Degenerate mixture covariance
Degenerate mixture covariance
Degenerate mixture covariance
Degenerate mixture covariance
Degenerate mixture covariance
Degenerate mixture covariance
Degenerate mixture covariance
Degenerate mixture covariance
Degenerate mixture covariance
Model is not converging.  Current: 28097.41609721458 is not greater than 28127.686153887495. Delta is -30.270056672914507
Covariance of state #1, mixture #0 has a null eigenvalue.
Model is not converging.  Current: 29798.96633949824 is not greater than 29955.447262624453. Delta is -156.48092312621156
Model is not converging.  Current: 37413.962363172606 is not greater than 37538.695098274206. Delta is -124.73273510159925
Model is not converging.  Current: 35377.20708251522 is not greater than 35483.43619479131. Delta is -106.22911227609438
Model is not converging.  Current: 56271.18377323678 is not greater than 56385.23950336615. Delta is -114.05573012937384
Model is not converging.  Current: 18577.578863656134 is not greater than 18597.158254094593. Delta is -19.579390438459086
Model is not converging.  Current: 35383.61602032334 is not greater than 35491.13716486399. Delta is -107.52114454065304
Model is not converging.  Current: 34438.12007520152 is not greater than 34524.273861839036. Delta is -86.15378663751471
Model is not converging.  Current: 56156.017538762455 is not greater than 56234.18618760595. Delta is -78.16864884349343
Covariance of state #3, mixture #0 has a null eigenvalue.
Model is not converging.  Current: 36356.84419521877 is not greater than 36528.78810663754. Delta is -171.94391141876986
Model is not converging.  Current: 56270.22440255728 is not greater than 56363.71381342864. Delta is -93.48941087136336
Model is not converging.  Current: 18908.36505045123 is not greater than 18924.63671584594. Delta is -16.27166539471
Model is not converging.  Current: 35426.35444601833 is not greater than 35546.57752709392. Delta is -120.22308107558638
Model is not converging.  Current: 56371.83136217583 is not greater than 56507.89806453472. Delta is -136.06670235889032
Degenerate mixture covariance
Degenerate mixture covariance
Degenerate mixture covariance
Degenerate mixture covariance
Degenerate mixture covariance
Degenerate mixture covariance
Degenerate mixture covariance
Degenerate mixture covariance
Degenerate mixture covariance
Degenerate mixture covariance
Degenerate mixture covariance
Degenerate mixture covariance
Degenerate mixture covariance
Degenerate mixture covariance
Degenerate mixture covariance
Degenerate mixture covariance
Degenerate mixture covariance
Degenerate mixture covariance
Degenerate mixture covariance
Degenerate mixture covariance
Covariance of state #2, mixture #3 has a null eigenvalue.
Model is not converging.  Current: 35862.6909715915 is not greater than 35939.22452176094. Delta is -76.53355016943533
Model is not converging.  Current: 37002.46502756331 is not greater than 37063.04882646142. Delta is -60.58379889810749
Degenerate mixture covariance
Degenerate mixture covariance
Degenerate mixture covariance
Degenerate mixture covariance
Degenerate mixture covariance
Degenerate mixture covariance
Degenerate mixture covariance
Degenerate mixture covariance
Degenerate mixture covariance
Degenerate mixture covariance
Degenerate mixture covariance
Degenerate mixture covariance
Degenerate mixture covariance
Degenerate mixture covariance
Degenerate mixture covariance
Degenerate mixture covariance
Degenerate mixture covariance
Degenerate mixture covariance
Degenerate mixture covariance
Degenerate mixture covariance
Degenerate mixture covariance
Degenerate mixture covariance
Degenerate mixture covariance
Degenerate mixture covariance
Degenerate mixture covariance
Degenerate mixture covariance
Degenerate mixture covariance
Degenerate mixture covariance
Degenerate mixture covariance
Degenerate mixture covariance
Degenerate mixture covariance
Degenerate mixture covariance
Degenerate mixture covariance
Degenerate mixture covariance
Degenerate mixture covariance
Degenerate mixture covariance
Degenerate mixture covariance
Degenerate mixture covariance
Degenerate mixture covariance
Degenerate mixture covariance
Covariance of state #2, mixture #3 has a null eigenvalue.
Covariance of state #3, mixture #0 has a null eigenvalue.
Model is not converging.  Current: 35820.62543808876 is not greater than 35891.49701480788. Delta is -70.871576719117
Model is not converging.  Current: 56207.587978887146 is not greater than 56353.71029172499. Delta is -146.12231283784058
Model is not converging.  Current: 36848.45359493234 is not greater than 36881.982096898966. Delta is -33.52850196662621
Degenerate mixture covariance
Degenerate mixture covariance
Degenerate mixture covariance
Degenerate mixture covariance
Degenerate mixture covariance
Degenerate mixture covariance
Degenerate mixture covariance
Degenerate mixture covariance
Degenerate mixture covariance
Degenerate mixture covariance
Degenerate mixture covariance
Degenerate mixture covariance
Degenerate mixture covariance
Degenerate mixture covariance
Degenerate mixture covariance
Degenerate mixture covariance
Degenerate mixture covariance
Degenerate mixture covariance
Degenerate mixture covariance
Degenerate mixture covariance
Degenerate mixture covariance
Degenerate mixture covariance
Degenerate mixture covariance
Degenerate mixture covariance
Degenerate mixture covariance
Degenerate mixture covariance
Degenerate mixture covariance
Degenerate mixture covariance
Degenerate mixture covariance
Degenerate mixture covariance
Degenerate mixture covariance
Degenerate mixture covariance
Degenerate mixture covariance
Degenerate mixture covariance
Degenerate mixture covariance
Degenerate mixture covariance
Degenerate mixture covariance
Degenerate mixture covariance
Degenerate mixture covariance
Degenerate mixture covariance
Degenerate mixture covariance
Degenerate mixture covariance
Degenerate mixture covariance
Degenerate mixture covariance
Degenerate mixture covariance
Degenerate mixture covariance
Degenerate mixture covariance
Degenerate mixture covariance
Degenerate mixture covariance
Degenerate mixture covariance
Degenerate mixture covariance
Degenerate mixture covariance
Degenerate mixture covariance
Degenerate mixture covariance
Degenerate mixture covariance
Degenerate mixture covariance
Degenerate mixture covariance
Degenerate mixture covariance
Degenerate mixture covariance
Degenerate mixture covariance
Degenerate mixture covariance
Degenerate mixture covariance
Degenerate mixture covariance
Degenerate mixture covariance
Degenerate mixture covariance
Degenerate mixture covariance
Degenerate mixture covariance
Degenerate mixture covariance
Degenerate mixture covariance
Degenerate mixture covariance
Degenerate mixture covariance
Degenerate mixture covariance
Degenerate mixture covariance
Degenerate mixture covariance
Degenerate mixture covariance
Degenerate mixture covariance
Degenerate mixture covariance
Degenerate mixture covariance
Degenerate mixture covariance
Degenerate mixture covariance
Covariance of state #2, mixture #3 has a null eigenvalue.
Covariance of state #3, mixture #0 has a null eigenvalue.
Model is not converging.  Current: 54413.680599549974 is not greater than 54525.385149499525. Delta is -111.70454994955071
Model is not converging.  Current: 35584.2980498156 is not greater than 35592.49839772096. Delta is -8.200347905360104
Model is not converging.  Current: 56326.832954132784 is not greater than 56441.02855401757. Delta is -114.19559988478431
Model is not converging.  Current: 37006.46233612726 is not greater than 37061.43175062164. Delta is -54.969414494378725
Degenerate mixture covariance
Degenerate mixture covariance
Degenerate mixture covariance
Degenerate mixture covariance
Degenerate mixture covariance
Degenerate mixture covariance
Degenerate mixture covariance
Degenerate mixture covariance
Degenerate mixture covariance
Degenerate mixture covariance
Degenerate mixture covariance
Degenerate mixture covariance
Degenerate mixture covariance
Degenerate mixture covariance
Degenerate mixture covariance
Degenerate mixture covariance
Degenerate mixture covariance
Degenerate mixture covariance
Degenerate mixture covariance
Degenerate mixture covariance
Degenerate mixture covariance
Degenerate mixture covariance
Degenerate mixture covariance
Degenerate mixture covariance
Degenerate mixture covariance
Degenerate mixture covariance
Degenerate mixture covariance
Degenerate mixture covariance
Degenerate mixture covariance
Degenerate mixture covariance
Degenerate mixture covariance
Degenerate mixture covariance
Degenerate mixture covariance
Degenerate mixture covariance
Degenerate mixture covariance
Degenerate mixture covariance
Degenerate mixture covariance
Degenerate mixture covariance
Degenerate mixture covariance
Degenerate mixture covariance
Degenerate mixture covariance
Degenerate mixture covariance
Degenerate mixture covariance
Degenerate mixture covariance
Degenerate mixture covariance
Degenerate mixture covariance
Degenerate mixture covariance
Degenerate mixture covariance
Degenerate mixture covariance
Degenerate mixture covariance
Degenerate mixture covariance
Degenerate mixture covariance
Degenerate mixture covariance
Degenerate mixture covariance
Degenerate mixture covariance
Degenerate mixture covariance
Degenerate mixture covariance
Degenerate mixture covariance
Degenerate mixture covariance
Degenerate mixture covariance
Degenerate mixture covariance
Degenerate mixture covariance
Degenerate mixture covariance
Degenerate mixture covariance
Degenerate mixture covariance
Degenerate mixture covariance
Degenerate mixture covariance
Degenerate mixture covariance
Degenerate mixture covariance
Degenerate mixture covariance
Degenerate mixture covariance
Degenerate mixture covariance
Degenerate mixture covariance
Degenerate mixture covariance
Degenerate mixture covariance
Degenerate mixture covariance
Degenerate mixture covariance
Degenerate mixture covariance
Degenerate mixture covariance
Degenerate mixture covariance
Degenerate mixture covariance
Degenerate mixture covariance
Degenerate mixture covariance
Degenerate mixture covariance
Degenerate mixture covariance
Degenerate mixture covariance
Degenerate mixture covariance
Degenerate mixture covariance
Degenerate mixture covariance
Degenerate mixture covariance
Degenerate mixture covariance
Degenerate mixture covariance
Degenerate mixture covariance
Degenerate mixture covariance
Degenerate mixture covariance
Degenerate mixture covariance
Degenerate mixture covariance
Degenerate mixture covariance
Degenerate mixture covariance
Degenerate mixture covariance
Degenerate mixture covariance
Degenerate mixture covariance
Degenerate mixture covariance
Degenerate mixture covariance
Degenerate mixture covariance
Degenerate mixture covariance
Degenerate mixture covariance
Degenerate mixture covariance
Degenerate mixture covariance
Degenerate mixture covariance
Degenerate mixture covariance
Degenerate mixture covariance
Degenerate mixture covariance
Degenerate mixture covariance
Degenerate mixture covariance
Degenerate mixture covariance
Degenerate mixture covariance
Degenerate mixture covariance
Degenerate mixture covariance
Degenerate mixture covariance
Degenerate mixture covariance
Degenerate mixture covariance
Degenerate mixture covariance
Degenerate mixture covariance
Degenerate mixture covariance
Degenerate mixture covariance
Degenerate mixture covariance
Degenerate mixture covariance
Degenerate mixture covariance
Degenerate mixture covariance
Degenerate mixture covariance
Degenerate mixture covariance
Degenerate mixture covariance
Degenerate mixture covariance
Degenerate mixture covariance
Degenerate mixture covariance
Degenerate mixture covariance
Degenerate mixture covariance
Degenerate mixture covariance
Degenerate mixture covariance
Degenerate mixture covariance
Degenerate mixture covariance
Degenerate mixture covariance
Degenerate mixture covariance
Degenerate mixture covariance
Degenerate mixture covariance
Degenerate mixture covariance
Degenerate mixture covariance
Degenerate mixture covariance
Degenerate mixture covariance
Degenerate mixture covariance
Degenerate mixture covariance
Degenerate mixture covariance
Degenerate mixture covariance
Degenerate mixture covariance
Degenerate mixture covariance
Degenerate mixture covariance
Degenerate mixture covariance
Degenerate mixture covariance
Degenerate mixture covariance
Degenerate mixture covariance
Degenerate mixture covariance
Degenerate mixture covariance
Degenerate mixture covariance
Degenerate mixture covariance
Degenerate mixture covariance
Degenerate mixture covariance
Degenerate mixture covariance
Degenerate mixture covariance
Degenerate mixture covariance
Degenerate mixture covariance
Degenerate mixture covariance
Degenerate mixture covariance
Degenerate mixture covariance
Degenerate mixture covariance
Degenerate mixture covariance
Degenerate mixture covariance
Degenerate mixture covariance
Degenerate mixture covariance
Degenerate mixture covariance
Covariance of state #2, mixture #3 has a null eigenvalue.
Covariance of state #3, mixture #0 has a null eigenvalue.
Model is not converging.  Current: 55879.254926032365 is not greater than 55955.91447080854. Delta is -76.65954477617197
Model is not converging.  Current: 36958.76571300607 is not greater than 36990.170805112524. Delta is -31.405092106455413
Model is not converging.  Current: 36236.018044884295 is not greater than 36420.18306994306. Delta is -184.1650250587627
Model is not converging.  Current: 21341.79669257478 is not greater than 21407.707664662652. Delta is -65.91097208787323
Model is not converging.  Current: 31216.40901155361 is not greater than 31407.270163940808. Delta is -190.86115238719867
Model is not converging.  Current: 37195.14987025426 is not greater than 37277.52870664291. Delta is -82.37883638864878
Model is not converging.  Current: 35830.306981424386 is not greater than 35934.75377051422. Delta is -104.44678908983042
Model is not converging.  Current: 21519.903118110746 is not greater than 21582.973987405567. Delta is -63.07086929482102
Model is not converging.  Current: 32101.22826837007 is not greater than 32294.17739545556. Delta is -192.94912708549236
Model is not converging.  Current: 38685.21676722912 is not greater than 38772.75412532859. Delta is -87.53735809947102
Model is not converging.  Current: 56076.176087606276 is not greater than 56328.6603117199. Delta is -252.48422411362117
Model is not converging.  Current: 21230.92536884221 is not greater than 21262.337043577107. Delta is -31.411674734896224
Model is not converging.  Current: 37256.05854945373 is not greater than 37521.3043633836. Delta is -265.24581392986875
Model is not converging.  Current: 36192.17348731871 is not greater than 36368.114303989925. Delta is -175.94081667121645
Model is not converging.  Current: 21264.496982889472 is not greater than 21317.585316567627. Delta is -53.08833367815532
Model is not converging.  Current: 37786.258419129124 is not greater than 38038.73191923813. Delta is -252.47350010900846
Degenerate mixture covariance
Degenerate mixture covariance
Degenerate mixture covariance
Degenerate mixture covariance
Degenerate mixture covariance
Degenerate mixture covariance
Degenerate mixture covariance
Degenerate mixture covariance
Degenerate mixture covariance
Degenerate mixture covariance
Degenerate mixture covariance
Degenerate mixture covariance
Degenerate mixture covariance
Degenerate mixture covariance
Degenerate mixture covariance
Degenerate mixture covariance
Degenerate mixture covariance
Degenerate mixture covariance
Degenerate mixture covariance
Degenerate mixture covariance
Degenerate mixture covariance
Degenerate mixture covariance
Degenerate mixture covariance
Degenerate mixture covariance
Degenerate mixture covariance
Degenerate mixture covariance
Degenerate mixture covariance
Degenerate mixture covariance
Degenerate mixture covariance
Degenerate mixture covariance
Degenerate mixture covariance
Degenerate mixture covariance
Degenerate mixture covariance
Degenerate mixture covariance
Degenerate mixture covariance
Degenerate mixture covariance
Degenerate mixture covariance
Degenerate mixture covariance
Degenerate mixture covariance
Degenerate mixture covariance
Model is not converging.  Current: 33209.554950819365 is not greater than 33239.48326068433. Delta is -29.928309864961193
Model is not converging.  Current: 55526.84003974305 is not greater than 55605.78188641614. Delta is -78.94184667308582
Model is not converging.  Current: 32694.373219601912 is not greater than 32827.0857021158. Delta is -132.71248251388897
Model is not converging.  Current: 35933.73335064626 is not greater than 35943.89742378707. Delta is -10.164073140811524
Degenerate mixture covariance
Degenerate mixture covariance
Degenerate mixture covariance
Degenerate mixture covariance
Degenerate mixture covariance
Degenerate mixture covariance
Degenerate mixture covariance
Degenerate mixture covariance
Degenerate mixture covariance
Degenerate mixture covariance
Degenerate mixture covariance
Degenerate mixture covariance
Degenerate mixture covariance
Degenerate mixture covariance
Degenerate mixture covariance
Degenerate mixture covariance
Degenerate mixture covariance
Degenerate mixture covariance
Degenerate mixture covariance
Degenerate mixture covariance
Degenerate mixture covariance
Degenerate mixture covariance
Degenerate mixture covariance
Degenerate mixture covariance
Degenerate mixture covariance
Degenerate mixture covariance
Degenerate mixture covariance
Degenerate mixture covariance
Degenerate mixture covariance
Degenerate mixture covariance
Degenerate mixture covariance
Degenerate mixture covariance
Degenerate mixture covariance
Degenerate mixture covariance
Degenerate mixture covariance
Degenerate mixture covariance
Degenerate mixture covariance
Degenerate mixture covariance
Degenerate mixture covariance
Degenerate mixture covariance
Degenerate mixture covariance
Degenerate mixture covariance
Degenerate mixture covariance
Degenerate mixture covariance
Degenerate mixture covariance
Degenerate mixture covariance
Degenerate mixture covariance
Degenerate mixture covariance
Degenerate mixture covariance
Degenerate mixture covariance
Degenerate mixture covariance
Degenerate mixture covariance
Degenerate mixture covariance
Degenerate mixture covariance
Degenerate mixture covariance
Degenerate mixture covariance
Degenerate mixture covariance
Degenerate mixture covariance
Degenerate mixture covariance
Degenerate mixture covariance
Degenerate mixture covariance
Degenerate mixture covariance
Degenerate mixture covariance
Degenerate mixture covariance
Degenerate mixture covariance
Degenerate mixture covariance
Degenerate mixture covariance
Degenerate mixture covariance
Degenerate mixture covariance
Degenerate mixture covariance
Degenerate mixture covariance
Degenerate mixture covariance
Degenerate mixture covariance
Degenerate mixture covariance
Degenerate mixture covariance
Degenerate mixture covariance
Degenerate mixture covariance
Degenerate mixture covariance
Degenerate mixture covariance
Degenerate mixture covariance
Model is not converging.  Current: 33334.28962297175 is not greater than 33410.00053015413. Delta is -75.71090718237974
Model is not converging.  Current: 55666.16833529123 is not greater than 55699.0547450209. Delta is -32.88640972966823
Model is not converging.  Current: 21079.501823981274 is not greater than 21250.084936621446. Delta is -170.58311264017175
Model is not converging.  Current: 33737.726204266786 is not greater than 33963.47996078167. Delta is -225.7537565148814
Model is not converging.  Current: 55740.395569959015 is not greater than 56091.54664567248. Delta is -351.15107571346743
Model is not converging.  Current: 36221.665461778655 is not greater than 36298.70635640997. Delta is -77.04089463131822
Degenerate mixture covariance
Degenerate mixture covariance
Degenerate mixture covariance
Degenerate mixture covariance
Degenerate mixture covariance
Degenerate mixture covariance
Degenerate mixture covariance
Degenerate mixture covariance
Degenerate mixture covariance
Degenerate mixture covariance
Degenerate mixture covariance
Degenerate mixture covariance
Degenerate mixture covariance
Degenerate mixture covariance
Degenerate mixture covariance
Degenerate mixture covariance
Degenerate mixture covariance
Degenerate mixture covariance
Degenerate mixture covariance
Degenerate mixture covariance
Degenerate mixture covariance
Degenerate mixture covariance
Degenerate mixture covariance
Degenerate mixture covariance
Degenerate mixture covariance
Degenerate mixture covariance
Degenerate mixture covariance
Degenerate mixture covariance
Degenerate mixture covariance
Degenerate mixture covariance
Degenerate mixture covariance
Degenerate mixture covariance
Degenerate mixture covariance
Degenerate mixture covariance
Degenerate mixture covariance
Degenerate mixture covariance
Degenerate mixture covariance
Degenerate mixture covariance
Degenerate mixture covariance
Degenerate mixture covariance
Degenerate mixture covariance
Degenerate mixture covariance
Degenerate mixture covariance
Degenerate mixture covariance
Degenerate mixture covariance
Degenerate mixture covariance
Degenerate mixture covariance
Degenerate mixture covariance
Degenerate mixture covariance
Degenerate mixture covariance
Degenerate mixture covariance
Degenerate mixture covariance
Degenerate mixture covariance
Degenerate mixture covariance
Degenerate mixture covariance
Degenerate mixture covariance
Degenerate mixture covariance
Degenerate mixture covariance
Degenerate mixture covariance
Degenerate mixture covariance
Degenerate mixture covariance
Degenerate mixture covariance
Degenerate mixture covariance
Degenerate mixture covariance
Degenerate mixture covariance
Degenerate mixture covariance
Degenerate mixture covariance
Degenerate mixture covariance
Degenerate mixture covariance
Degenerate mixture covariance
Degenerate mixture covariance
Degenerate mixture covariance
Degenerate mixture covariance
Degenerate mixture covariance
Degenerate mixture covariance
Degenerate mixture covariance
Degenerate mixture covariance
Degenerate mixture covariance
Degenerate mixture covariance
Degenerate mixture covariance
Degenerate mixture covariance
Degenerate mixture covariance
Degenerate mixture covariance
Degenerate mixture covariance
Degenerate mixture covariance
Degenerate mixture covariance
Degenerate mixture covariance
Degenerate mixture covariance
Degenerate mixture covariance
Degenerate mixture covariance
Degenerate mixture covariance
Degenerate mixture covariance
Degenerate mixture covariance
Degenerate mixture covariance
Degenerate mixture covariance
Degenerate mixture covariance
Degenerate mixture covariance
Degenerate mixture covariance
Degenerate mixture covariance
Degenerate mixture covariance
Degenerate mixture covariance
Degenerate mixture covariance
Degenerate mixture covariance
Degenerate mixture covariance
Degenerate mixture covariance
Degenerate mixture covariance
Degenerate mixture covariance
Degenerate mixture covariance
Degenerate mixture covariance
Degenerate mixture covariance
Degenerate mixture covariance
Degenerate mixture covariance
Degenerate mixture covariance
Degenerate mixture covariance
Degenerate mixture covariance
Degenerate mixture covariance
Degenerate mixture covariance
Degenerate mixture covariance
Degenerate mixture covariance
Degenerate mixture covariance
Degenerate mixture covariance
Degenerate mixture covariance
Degenerate mixture covariance
Degenerate mixture covariance
Degenerate mixture covariance
Degenerate mixture covariance
Degenerate mixture covariance
Degenerate mixture covariance
Degenerate mixture covariance
Degenerate mixture covariance
Degenerate mixture covariance
Degenerate mixture covariance
Degenerate mixture covariance
Degenerate mixture covariance
Degenerate mixture covariance
Degenerate mixture covariance
Degenerate mixture covariance
Degenerate mixture covariance
Degenerate mixture covariance
Degenerate mixture covariance
Degenerate mixture covariance
Degenerate mixture covariance
Degenerate mixture covariance
Degenerate mixture covariance
Degenerate mixture covariance
Degenerate mixture covariance
Degenerate mixture covariance
Degenerate mixture covariance
Degenerate mixture covariance
Degenerate mixture covariance
Degenerate mixture covariance
Degenerate mixture covariance
Degenerate mixture covariance
Degenerate mixture covariance
Degenerate mixture covariance
Degenerate mixture covariance
Degenerate mixture covariance
Degenerate mixture covariance
Degenerate mixture covariance
Degenerate mixture covariance
Model is not converging.  Current: 32975.42898553121 is not greater than 32989.954901336496. Delta is -14.525915805286786
Model is not converging.  Current: 55558.44810716226 is not greater than 55582.8753615167. Delta is -24.427254354442994
Model is not converging.  Current: 55803.02807645918 is not greater than 55834.821228660374. Delta is -31.793152201193152
Model is not converging.  Current: 36116.39619869016 is not greater than 36189.129463047444. Delta is -72.73326435728086
Degenerate mixture covariance
Degenerate mixture covariance
Degenerate mixture covariance
Degenerate mixture covariance
Degenerate mixture covariance
Degenerate mixture covariance
Degenerate mixture covariance
Degenerate mixture covariance
Degenerate mixture covariance
Degenerate mixture covariance
Degenerate mixture covariance
Degenerate mixture covariance
Degenerate mixture covariance
Degenerate mixture covariance
Degenerate mixture covariance
Degenerate mixture covariance
Degenerate mixture covariance
Degenerate mixture covariance
Degenerate mixture covariance
Degenerate mixture covariance
Degenerate mixture covariance
Degenerate mixture covariance
Degenerate mixture covariance
Degenerate mixture covariance
Degenerate mixture covariance
Degenerate mixture covariance
Degenerate mixture covariance
Degenerate mixture covariance
Degenerate mixture covariance
Degenerate mixture covariance
Degenerate mixture covariance
Degenerate mixture covariance
Degenerate mixture covariance
Degenerate mixture covariance
Degenerate mixture covariance
Degenerate mixture covariance
Degenerate mixture covariance
Degenerate mixture covariance
Degenerate mixture covariance
Degenerate mixture covariance
Degenerate mixture covariance
Degenerate mixture covariance
Degenerate mixture covariance
Degenerate mixture covariance
Degenerate mixture covariance
Degenerate mixture covariance
Degenerate mixture covariance
Degenerate mixture covariance
Degenerate mixture covariance
Degenerate mixture covariance
Degenerate mixture covariance
Degenerate mixture covariance
Degenerate mixture covariance
Degenerate mixture covariance
Degenerate mixture covariance
Degenerate mixture covariance
Degenerate mixture covariance
Degenerate mixture covariance
Degenerate mixture covariance
Degenerate mixture covariance
Degenerate mixture covariance
Degenerate mixture covariance
Degenerate mixture covariance
Degenerate mixture covariance
Degenerate mixture covariance
Degenerate mixture covariance
Degenerate mixture covariance
Degenerate mixture covariance
Degenerate mixture covariance
Degenerate mixture covariance
Degenerate mixture covariance
Degenerate mixture covariance
Degenerate mixture covariance
Degenerate mixture covariance
Degenerate mixture covariance
Degenerate mixture covariance
Degenerate mixture covariance
Degenerate mixture covariance
Degenerate mixture covariance
Degenerate mixture covariance
Degenerate mixture covariance
Degenerate mixture covariance
Degenerate mixture covariance
Degenerate mixture covariance
Degenerate mixture covariance
Degenerate mixture covariance
Degenerate mixture covariance
Degenerate mixture covariance
Degenerate mixture covariance
Degenerate mixture covariance
Degenerate mixture covariance
Degenerate mixture covariance
Degenerate mixture covariance
Degenerate mixture covariance
Degenerate mixture covariance
Degenerate mixture covariance
Degenerate mixture covariance
Degenerate mixture covariance
Degenerate mixture covariance
Degenerate mixture covariance
Degenerate mixture covariance
Degenerate mixture covariance
Degenerate mixture covariance
Degenerate mixture covariance
Degenerate mixture covariance
Degenerate mixture covariance
Degenerate mixture covariance
Degenerate mixture covariance
Degenerate mixture covariance
Degenerate mixture covariance
Degenerate mixture covariance
Degenerate mixture covariance
Degenerate mixture covariance
Degenerate mixture covariance
Degenerate mixture covariance
Degenerate mixture covariance
Degenerate mixture covariance
Degenerate mixture covariance
Degenerate mixture covariance
Degenerate mixture covariance
Degenerate mixture covariance
Degenerate mixture covariance
Degenerate mixture covariance
Degenerate mixture covariance
Degenerate mixture covariance
Degenerate mixture covariance
Degenerate mixture covariance
Degenerate mixture covariance
Degenerate mixture covariance
Degenerate mixture covariance
Degenerate mixture covariance
Degenerate mixture covariance
Degenerate mixture covariance
Degenerate mixture covariance
Degenerate mixture covariance
Degenerate mixture covariance
Degenerate mixture covariance
Degenerate mixture covariance
Degenerate mixture covariance
Degenerate mixture covariance
Degenerate mixture covariance
Degenerate mixture covariance
Degenerate mixture covariance
Degenerate mixture covariance
Degenerate mixture covariance
Degenerate mixture covariance
Degenerate mixture covariance
Degenerate mixture covariance
Degenerate mixture covariance
Degenerate mixture covariance
Degenerate mixture covariance
Degenerate mixture covariance
Degenerate mixture covariance
Degenerate mixture covariance
Degenerate mixture covariance
Degenerate mixture covariance
Degenerate mixture covariance
Degenerate mixture covariance
Degenerate mixture covariance
Degenerate mixture covariance
Degenerate mixture covariance
Degenerate mixture covariance
Degenerate mixture covariance
Degenerate mixture covariance
Degenerate mixture covariance
Degenerate mixture covariance
Degenerate mixture covariance
Degenerate mixture covariance
Degenerate mixture covariance
Degenerate mixture covariance
Degenerate mixture covariance
Degenerate mixture covariance
Degenerate mixture covariance
Degenerate mixture covariance
Degenerate mixture covariance
Degenerate mixture covariance
Degenerate mixture covariance
Degenerate mixture covariance
Degenerate mixture covariance
Degenerate mixture covariance
Degenerate mixture covariance
Degenerate mixture covariance
Degenerate mixture covariance
Degenerate mixture covariance
Degenerate mixture covariance
Degenerate mixture covariance
Degenerate mixture covariance
Degenerate mixture covariance
Degenerate mixture covariance
Degenerate mixture covariance
Degenerate mixture covariance
Degenerate mixture covariance
Degenerate mixture covariance
Degenerate mixture covariance
Degenerate mixture covariance
Degenerate mixture covariance
Degenerate mixture covariance
Degenerate mixture covariance
Degenerate mixture covariance
Degenerate mixture covariance
Degenerate mixture covariance
Degenerate mixture covariance
Degenerate mixture covariance
Degenerate mixture covariance
Degenerate mixture covariance
Degenerate mixture covariance
Degenerate mixture covariance
Degenerate mixture covariance
Degenerate mixture covariance
Degenerate mixture covariance
Degenerate mixture covariance
Degenerate mixture covariance
Degenerate mixture covariance
Degenerate mixture covariance
Degenerate mixture covariance
Degenerate mixture covariance
Degenerate mixture covariance
Degenerate mixture covariance
Degenerate mixture covariance
Degenerate mixture covariance
Degenerate mixture covariance
Degenerate mixture covariance
Degenerate mixture covariance
Degenerate mixture covariance
Degenerate mixture covariance
Degenerate mixture covariance
Degenerate mixture covariance
Degenerate mixture covariance
Degenerate mixture covariance
Degenerate mixture covariance
Degenerate mixture covariance
Degenerate mixture covariance
Degenerate mixture covariance
Degenerate mixture covariance
Degenerate mixture covariance
Degenerate mixture covariance
Degenerate mixture covariance
Degenerate mixture covariance
Degenerate mixture covariance
Degenerate mixture covariance
Degenerate mixture covariance
Degenerate mixture covariance
Degenerate mixture covariance
Degenerate mixture covariance
Degenerate mixture covariance
Degenerate mixture covariance
Degenerate mixture covariance
Degenerate mixture covariance
Degenerate mixture covariance
Degenerate mixture covariance
Degenerate mixture covariance
Degenerate mixture covariance
Degenerate mixture covariance
Degenerate mixture covariance
Degenerate mixture covariance
Degenerate mixture covariance
Degenerate mixture covariance
Degenerate mixture covariance
Degenerate mixture covariance
Degenerate mixture covariance
Degenerate mixture covariance
Degenerate mixture covariance
Degenerate mixture covariance
Degenerate mixture covariance
Degenerate mixture covariance
Degenerate mixture covariance
Degenerate mixture covariance
Degenerate mixture covariance
Degenerate mixture covariance
Degenerate mixture covariance
Degenerate mixture covariance
Degenerate mixture covariance
Degenerate mixture covariance
Degenerate mixture covariance
Degenerate mixture covariance
Degenerate mixture covariance
Degenerate mixture covariance
Degenerate mixture covariance
Degenerate mixture covariance
Degenerate mixture covariance
Degenerate mixture covariance
Degenerate mixture covariance
Degenerate mixture covariance
Degenerate mixture covariance
Degenerate mixture covariance
Degenerate mixture covariance
Degenerate mixture covariance
Degenerate mixture covariance
Degenerate mixture covariance
Degenerate mixture covariance
Degenerate mixture covariance
Degenerate mixture covariance
Degenerate mixture covariance
Degenerate mixture covariance
Degenerate mixture covariance
Degenerate mixture covariance
Degenerate mixture covariance
Degenerate mixture covariance
Degenerate mixture covariance
Degenerate mixture covariance
Degenerate mixture covariance
Degenerate mixture covariance
Degenerate mixture covariance
Degenerate mixture covariance
Degenerate mixture covariance
Degenerate mixture covariance
Degenerate mixture covariance
Degenerate mixture covariance
Degenerate mixture covariance
Degenerate mixture covariance
Degenerate mixture covariance
Degenerate mixture covariance
Degenerate mixture covariance
Degenerate mixture covariance
Degenerate mixture covariance
Degenerate mixture covariance
Degenerate mixture covariance
Degenerate mixture covariance
Degenerate mixture covariance
Degenerate mixture covariance
Degenerate mixture covariance
Degenerate mixture covariance
Degenerate mixture covariance
Degenerate mixture covariance
Degenerate mixture covariance
Degenerate mixture covariance
Degenerate mixture covariance
Degenerate mixture covariance
Degenerate mixture covariance
Degenerate mixture covariance
Degenerate mixture covariance
Degenerate mixture covariance
Degenerate mixture covariance
Degenerate mixture covariance
Degenerate mixture covariance
Degenerate mixture covariance
Degenerate mixture covariance
Degenerate mixture covariance
Degenerate mixture covariance
Degenerate mixture covariance
Degenerate mixture covariance
Degenerate mixture covariance
Degenerate mixture covariance
Degenerate mixture covariance
Degenerate mixture covariance
Degenerate mixture covariance
Degenerate mixture covariance
Degenerate mixture covariance
Degenerate mixture covariance
Degenerate mixture covariance
Degenerate mixture covariance
Degenerate mixture covariance
Degenerate mixture covariance
Degenerate mixture covariance
Degenerate mixture covariance
Degenerate mixture covariance
Degenerate mixture covariance
Degenerate mixture covariance
Degenerate mixture covariance
Degenerate mixture covariance
Model is not converging.  Current: 33427.78609635578 is not greater than 33594.801444826466. Delta is -167.0153484706825
Model is not converging.  Current: 36072.79752387345 is not greater than 36078.93736231082. Delta is -6.139838437367871
Degenerate mixture covariance
Degenerate mixture covariance
Degenerate mixture covariance
Degenerate mixture covariance
Degenerate mixture covariance
Degenerate mixture covariance
Degenerate mixture covariance
Degenerate mixture covariance
Degenerate mixture covariance
Degenerate mixture covariance
Degenerate mixture covariance
Degenerate mixture covariance
Degenerate mixture covariance
Degenerate mixture covariance
Degenerate mixture covariance
Degenerate mixture covariance
Degenerate mixture covariance
Degenerate mixture covariance
Degenerate mixture covariance
Degenerate mixture covariance
Model is not converging.  Current: 56841.751026645354 is not greater than 56964.30751676292. Delta is -122.55649011756759
Model is not converging.  Current: 33162.1659618945 is not greater than 33336.018311260086. Delta is -173.85234936558845
Model is not converging.  Current: 29536.52057402801 is not greater than 29648.69925281644. Delta is -112.17867878843026
Model is not converging.  Current: 34821.28372590849 is not greater than 34945.56305960729. Delta is -124.27933369879611
Degenerate mixture covariance
Degenerate mixture covariance
Degenerate mixture covariance
Degenerate mixture covariance
Degenerate mixture covariance
Degenerate mixture covariance
Degenerate mixture covariance
Degenerate mixture covariance
Degenerate mixture covariance
Degenerate mixture covariance
Degenerate mixture covariance
Degenerate mixture covariance
Degenerate mixture covariance
Degenerate mixture covariance
Degenerate mixture covariance
Degenerate mixture covariance
Degenerate mixture covariance
Degenerate mixture covariance
Degenerate mixture covariance
Degenerate mixture covariance
Degenerate mixture covariance
Degenerate mixture covariance
Degenerate mixture covariance
Degenerate mixture covariance
Degenerate mixture covariance
Degenerate mixture covariance
Degenerate mixture covariance
Degenerate mixture covariance
Degenerate mixture covariance
Degenerate mixture covariance
Degenerate mixture covariance
Degenerate mixture covariance
Degenerate mixture covariance
Degenerate mixture covariance
Degenerate mixture covariance
Degenerate mixture covariance
Degenerate mixture covariance
Degenerate mixture covariance
Degenerate mixture covariance
Degenerate mixture covariance
Model is not converging.  Current: 56751.80017205406 is not greater than 56794.89365008477. Delta is -43.09347803070705
Model is not converging.  Current: 33101.14745803115 is not greater than 33123.45629328791. Delta is -22.308835256764723
Model is not converging.  Current: 30797.45432662805 is not greater than 30971.902549448787. Delta is -174.448222820738
Model is not converging.  Current: 56141.31249467135 is not greater than 56175.76799125887. Delta is -34.45549658752134
Model is not converging.  Current: 35606.7195171474 is not greater than 35650.7114714705. Delta is -43.9919543231008
Degenerate mixture covariance
Degenerate mixture covariance
Degenerate mixture covariance
Degenerate mixture covariance
Degenerate mixture covariance
Degenerate mixture covariance
Degenerate mixture covariance
Degenerate mixture covariance
Degenerate mixture covariance
Degenerate mixture covariance
Degenerate mixture covariance
Degenerate mixture covariance
Degenerate mixture covariance
Degenerate mixture covariance
Degenerate mixture covariance
Degenerate mixture covariance
Degenerate mixture covariance
Degenerate mixture covariance
Degenerate mixture covariance
Degenerate mixture covariance
Degenerate mixture covariance
Degenerate mixture covariance
Degenerate mixture covariance
Degenerate mixture covariance
Degenerate mixture covariance
Degenerate mixture covariance
Degenerate mixture covariance
Degenerate mixture covariance
Degenerate mixture covariance
Degenerate mixture covariance
Degenerate mixture covariance
Degenerate mixture covariance
Degenerate mixture covariance
Degenerate mixture covariance
Degenerate mixture covariance
Degenerate mixture covariance
Degenerate mixture covariance
Degenerate mixture covariance
Degenerate mixture covariance
Degenerate mixture covariance
Degenerate mixture covariance
Degenerate mixture covariance
Degenerate mixture covariance
Degenerate mixture covariance
Degenerate mixture covariance
Degenerate mixture covariance
Degenerate mixture covariance
Degenerate mixture covariance
Degenerate mixture covariance
Degenerate mixture covariance
Degenerate mixture covariance
Degenerate mixture covariance
Degenerate mixture covariance
Degenerate mixture covariance
Degenerate mixture covariance
Degenerate mixture covariance
Degenerate mixture covariance
Degenerate mixture covariance
Degenerate mixture covariance
Degenerate mixture covariance
Degenerate mixture covariance
Degenerate mixture covariance
Degenerate mixture covariance
Degenerate mixture covariance
Degenerate mixture covariance
Degenerate mixture covariance
Degenerate mixture covariance
Degenerate mixture covariance
Degenerate mixture covariance
Degenerate mixture covariance
Degenerate mixture covariance
Degenerate mixture covariance
Degenerate mixture covariance
Degenerate mixture covariance
Degenerate mixture covariance
Degenerate mixture covariance
Degenerate mixture covariance
Degenerate mixture covariance
Degenerate mixture covariance
Degenerate mixture covariance
Model is not converging.  Current: 33206.030306561384 is not greater than 33254.651356716226. Delta is -48.621050154841214
Model is not converging.  Current: 30520.80510356889 is not greater than 30688.15695400817. Delta is -167.35185043927777
Model is not converging.  Current: 35014.93136098942 is not greater than 35058.43373626808. Delta is -43.50237527865829
Degenerate mixture covariance
Degenerate mixture covariance
Degenerate mixture covariance
Degenerate mixture covariance
Degenerate mixture covariance
Degenerate mixture covariance
Degenerate mixture covariance
Degenerate mixture covariance
Degenerate mixture covariance
Degenerate mixture covariance
Degenerate mixture covariance
Degenerate mixture covariance
Degenerate mixture covariance
Degenerate mixture covariance
Degenerate mixture covariance
Degenerate mixture covariance
Degenerate mixture covariance
Degenerate mixture covariance
Degenerate mixture covariance
Degenerate mixture covariance
Degenerate mixture covariance
Degenerate mixture covariance
Degenerate mixture covariance
Degenerate mixture covariance
Degenerate mixture covariance
Degenerate mixture covariance
Degenerate mixture covariance
Degenerate mixture covariance
Degenerate mixture covariance
Degenerate mixture covariance
Degenerate mixture covariance
Degenerate mixture covariance
Degenerate mixture covariance
Degenerate mixture covariance
Degenerate mixture covariance
Degenerate mixture covariance
Degenerate mixture covariance
Degenerate mixture covariance
Degenerate mixture covariance
Degenerate mixture covariance
Degenerate mixture covariance
Degenerate mixture covariance
Degenerate mixture covariance
Degenerate mixture covariance
Degenerate mixture covariance
Degenerate mixture covariance
Degenerate mixture covariance
Degenerate mixture covariance
Degenerate mixture covariance
Degenerate mixture covariance
Degenerate mixture covariance
Degenerate mixture covariance
Degenerate mixture covariance
Degenerate mixture covariance
Degenerate mixture covariance
Degenerate mixture covariance
Degenerate mixture covariance
Degenerate mixture covariance
Degenerate mixture covariance
Degenerate mixture covariance
Degenerate mixture covariance
Degenerate mixture covariance
Degenerate mixture covariance
Degenerate mixture covariance
Degenerate mixture covariance
Degenerate mixture covariance
Degenerate mixture covariance
Degenerate mixture covariance
Degenerate mixture covariance
Degenerate mixture covariance
Degenerate mixture covariance
Degenerate mixture covariance
Degenerate mixture covariance
Degenerate mixture covariance
Degenerate mixture covariance
Degenerate mixture covariance
Degenerate mixture covariance
Degenerate mixture covariance
Degenerate mixture covariance
Degenerate mixture covariance
Degenerate mixture covariance
Degenerate mixture covariance
Degenerate mixture covariance
Degenerate mixture covariance
Degenerate mixture covariance
Degenerate mixture covariance
Degenerate mixture covariance
Degenerate mixture covariance
Degenerate mixture covariance
Degenerate mixture covariance
Degenerate mixture covariance
Degenerate mixture covariance
Degenerate mixture covariance
Degenerate mixture covariance
Degenerate mixture covariance
Degenerate mixture covariance
Degenerate mixture covariance
Degenerate mixture covariance
Degenerate mixture covariance
Degenerate mixture covariance
Degenerate mixture covariance
Degenerate mixture covariance
Degenerate mixture covariance
Degenerate mixture covariance
Degenerate mixture covariance
Degenerate mixture covariance
Degenerate mixture covariance
Degenerate mixture covariance
Degenerate mixture covariance
Degenerate mixture covariance
Degenerate mixture covariance
Degenerate mixture covariance
Degenerate mixture covariance
Degenerate mixture covariance
Degenerate mixture covariance
Degenerate mixture covariance
Degenerate mixture covariance
Degenerate mixture covariance
Degenerate mixture covariance
Degenerate mixture covariance
Degenerate mixture covariance
Degenerate mixture covariance
Degenerate mixture covariance
Degenerate mixture covariance
Degenerate mixture covariance
Degenerate mixture covariance
Degenerate mixture covariance
Degenerate mixture covariance
Degenerate mixture covariance
Degenerate mixture covariance
Degenerate mixture covariance
Degenerate mixture covariance
Degenerate mixture covariance
Degenerate mixture covariance
Degenerate mixture covariance
Degenerate mixture covariance
Degenerate mixture covariance
Degenerate mixture covariance
Degenerate mixture covariance
Degenerate mixture covariance
Degenerate mixture covariance
Degenerate mixture covariance
Degenerate mixture covariance
Degenerate mixture covariance
Degenerate mixture covariance
Degenerate mixture covariance
Degenerate mixture covariance
Degenerate mixture covariance
Degenerate mixture covariance
Degenerate mixture covariance
Degenerate mixture covariance
Degenerate mixture covariance
Degenerate mixture covariance
Degenerate mixture covariance
Degenerate mixture covariance
Degenerate mixture covariance
Degenerate mixture covariance
Degenerate mixture covariance
Degenerate mixture covariance
Degenerate mixture covariance
Degenerate mixture covariance
Degenerate mixture covariance
Degenerate mixture covariance
Degenerate mixture covariance
Degenerate mixture covariance
Degenerate mixture covariance
Degenerate mixture covariance
Degenerate mixture covariance
Degenerate mixture covariance
Degenerate mixture covariance
Degenerate mixture covariance
Degenerate mixture covariance
Degenerate mixture covariance
Degenerate mixture covariance
Degenerate mixture covariance
Degenerate mixture covariance
Degenerate mixture covariance
Degenerate mixture covariance
Degenerate mixture covariance
Degenerate mixture covariance
Model is not converging.  Current: 33015.21544851239 is not greater than 33154.25119533711. Delta is -139.03574682471663
Model is not converging.  Current: 30420.1108728586 is not greater than 30673.07185098567. Delta is -252.96097812707012
Model is not converging.  Current: 35040.48812029872 is not greater than 35093.92045767188. Delta is -53.43233737315313
Degenerate mixture covariance
Degenerate mixture covariance
Degenerate mixture covariance
Degenerate mixture covariance
Degenerate mixture covariance
Degenerate mixture covariance
Degenerate mixture covariance
Degenerate mixture covariance
Degenerate mixture covariance
Degenerate mixture covariance
Degenerate mixture covariance
Degenerate mixture covariance
Degenerate mixture covariance
Degenerate mixture covariance
Degenerate mixture covariance
Degenerate mixture covariance
Degenerate mixture covariance
Degenerate mixture covariance
Degenerate mixture covariance
Degenerate mixture covariance
Model is not converging.  Current: 19662.913784145225 is not greater than 19714.931380949856. Delta is -52.01759680463147
Model is not converging.  Current: 57259.944982274304 is not greater than 57383.18801368007. Delta is -123.24303140576376
Model is not converging.  Current: 38397.89816250777 is not greater than 38635.33991969364. Delta is -237.44175718586484
Degenerate mixture covariance
Degenerate mixture covariance
Degenerate mixture covariance
Degenerate mixture covariance
Degenerate mixture covariance
Degenerate mixture covariance
Degenerate mixture covariance
Degenerate mixture covariance
Degenerate mixture covariance
Degenerate mixture covariance
Degenerate mixture covariance
Degenerate mixture covariance
Degenerate mixture covariance
Degenerate mixture covariance
Degenerate mixture covariance
Degenerate mixture covariance
Degenerate mixture covariance
Degenerate mixture covariance
Degenerate mixture covariance
Degenerate mixture covariance
Degenerate mixture covariance
Degenerate mixture covariance
Degenerate mixture covariance
Degenerate mixture covariance
Degenerate mixture covariance
Degenerate mixture covariance
Degenerate mixture covariance
Degenerate mixture covariance
Degenerate mixture covariance
Degenerate mixture covariance
Degenerate mixture covariance
Degenerate mixture covariance
Degenerate mixture covariance
Degenerate mixture covariance
Degenerate mixture covariance
Degenerate mixture covariance
Degenerate mixture covariance
Degenerate mixture covariance
Degenerate mixture covariance
Degenerate mixture covariance
Model is not converging.  Current: 19630.92736905509 is not greater than 19641.851689585023. Delta is -10.92432052993172
Model is not converging.  Current: 57090.23475738449 is not greater than 57252.67972208385. Delta is -162.44496469935984
Degenerate mixture covariance
Degenerate mixture covariance
Degenerate mixture covariance
Degenerate mixture covariance
Degenerate mixture covariance
Degenerate mixture covariance
Degenerate mixture covariance
Degenerate mixture covariance
Degenerate mixture covariance
Degenerate mixture covariance
Degenerate mixture covariance
Degenerate mixture covariance
Degenerate mixture covariance
Degenerate mixture covariance
Degenerate mixture covariance
Degenerate mixture covariance
Degenerate mixture covariance
Degenerate mixture covariance
Degenerate mixture covariance
Degenerate mixture covariance
Degenerate mixture covariance
Degenerate mixture covariance
Degenerate mixture covariance
Degenerate mixture covariance
Degenerate mixture covariance
Degenerate mixture covariance
Degenerate mixture covariance
Degenerate mixture covariance
Degenerate mixture covariance
Degenerate mixture covariance
Degenerate mixture covariance
Degenerate mixture covariance
Degenerate mixture covariance
Degenerate mixture covariance
Degenerate mixture covariance
Degenerate mixture covariance
Degenerate mixture covariance
Degenerate mixture covariance
Degenerate mixture covariance
Degenerate mixture covariance
Degenerate mixture covariance
Degenerate mixture covariance
Degenerate mixture covariance
Degenerate mixture covariance
Degenerate mixture covariance
Degenerate mixture covariance
Degenerate mixture covariance
Degenerate mixture covariance
Degenerate mixture covariance
Degenerate mixture covariance
Degenerate mixture covariance
Degenerate mixture covariance
Degenerate mixture covariance
Degenerate mixture covariance
Degenerate mixture covariance
Degenerate mixture covariance
Degenerate mixture covariance
Degenerate mixture covariance
Degenerate mixture covariance
Degenerate mixture covariance
Degenerate mixture covariance
Degenerate mixture covariance
Degenerate mixture covariance
Degenerate mixture covariance
Degenerate mixture covariance
Degenerate mixture covariance
Degenerate mixture covariance
Degenerate mixture covariance
Degenerate mixture covariance
Degenerate mixture covariance
Degenerate mixture covariance
Degenerate mixture covariance
Degenerate mixture covariance
Degenerate mixture covariance
Degenerate mixture covariance
Degenerate mixture covariance
Degenerate mixture covariance
Degenerate mixture covariance
Degenerate mixture covariance
Degenerate mixture covariance
Model is not converging.  Current: 19790.924629979083 is not greater than 19819.434001338395. Delta is -28.509371359312354
Model is not converging.  Current: 57135.15271220089 is not greater than 57168.91201396729. Delta is -33.759301766396675
