Starting GenParams Tune: Wine_spoilage - Seed 20 - Gen Mixup - Fold 7 - All Scales


==================================================
Running gen-params experiment for Wine_spoilage
==================================================

--- Fold 7/10 ---

  >> Seed sets per label: 20

    >> Seed Fold Selection: 1/10
    Evaluating Model: KNN
      -> [Baseline] Acc: 0.9387, F1: 0.9376, Time: 0.18s
      HP Tuning KNN...
n_iterations: 4
n_required_iterations: 4
n_possible_iterations: 5
min_resources_: 40
max_resources_: 8000
aggressive_elimination: False
factor: 3
----------
iter: 0
n_candidates: 50
n_resources: 40
Fitting 5 folds for each of 50 candidates, totalling 250 fits
