Starting GenParams Tune: Wine_spoilage - Seed 20 - Gen HMM_GMM - Fold 1 - All Scales


==================================================
Running gen-params experiment for Wine_spoilage
==================================================

--- Fold 1/10 ---

  >> Seed sets per label: 20

    >> Seed Fold Selection: 1/10
    Evaluating Model: KNN
      -> [Baseline] Acc: 0.9206, F1: 0.9189, Time: 0.14s
      HP Tuning KNN...
n_iterations: 4
n_required_iterations: 4
n_possible_iterations: 5
min_resources_: 40
max_resources_: 8000
aggressive_elimination: False
factor: 3
----------
iter: 0
n_candidates: 50
n_resources: 40
Fitting 5 folds for each of 50 candidates, totalling 250 fits
----------
iter: 1
n_candidates: 17
n_resources: 120
Fitting 5 folds for each of 17 candidates, totalling 85 fits
----------
iter: 2
n_candidates: 6
n_resources: 360
Fitting 5 folds for each of 6 candidates, totalling 30 fits
----------
iter: 3
n_candidates: 2
n_resources: 1080
Fitting 5 folds for each of 2 candidates, totalling 10 fits
      -> [Tuned_Baseline] Acc: 0.9277, F1: 0.9253, Time: 0.06s
    Evaluating Model: RandomForest
      -> [Baseline] Acc: 0.9090, F1: 0.9057, Time: 1.04s
      HP Tuning RandomForest...
n_iterations: 4
n_required_iterations: 4
n_possible_iterations: 5
min_resources_: 40
max_resources_: 8000
aggressive_elimination: False
factor: 3
----------
iter: 0
n_candidates: 50
n_resources: 40
Fitting 5 folds for each of 50 candidates, totalling 250 fits
----------
iter: 1
n_candidates: 17
n_resources: 120
Fitting 5 folds for each of 17 candidates, totalling 85 fits
----------
iter: 2
n_candidates: 6
n_resources: 360
Fitting 5 folds for each of 6 candidates, totalling 30 fits
----------
iter: 3
n_candidates: 2
n_resources: 1080
Fitting 5 folds for each of 2 candidates, totalling 10 fits
      -> [Tuned_Baseline] Acc: 0.9123, F1: 0.9089, Time: 0.03s
    Evaluating Model: LinearSVC
      -> [Baseline] Acc: 0.7574, F1: 0.7689, Time: 0.03s
      HP Tuning LinearSVC...
n_iterations: 4
n_required_iterations: 4
n_possible_iterations: 5
min_resources_: 40
max_resources_: 8000
aggressive_elimination: False
factor: 3
----------
iter: 0
n_candidates: 50
n_resources: 40
Fitting 5 folds for each of 50 candidates, totalling 250 fits
----------
iter: 1
n_candidates: 17
n_resources: 120
Fitting 5 folds for each of 17 candidates, totalling 85 fits
----------
iter: 2
n_candidates: 6
n_resources: 360
Fitting 5 folds for each of 6 candidates, totalling 30 fits
----------
iter: 3
n_candidates: 2
n_resources: 1080
Fitting 5 folds for each of 2 candidates, totalling 10 fits
      -> [Tuned_Baseline] Acc: 0.7558, F1: 0.7673, Time: 0.00s
    Evaluating Model: LogisticRegression
      -> [Baseline] Acc: 0.7587, F1: 0.7710, Time: 0.12s
      HP Tuning LogisticRegression...
n_iterations: 4
n_required_iterations: 4
n_possible_iterations: 5
min_resources_: 40
max_resources_: 8000
aggressive_elimination: False
factor: 3
----------
iter: 0
n_candidates: 50
n_resources: 40
Fitting 5 folds for each of 50 candidates, totalling 250 fits
----------
iter: 1
n_candidates: 17
n_resources: 120
Fitting 5 folds for each of 17 candidates, totalling 85 fits
----------
iter: 2
n_candidates: 6
n_resources: 360
Fitting 5 folds for each of 6 candidates, totalling 30 fits
----------
iter: 3
n_candidates: 2
n_resources: 1080
Fitting 5 folds for each of 2 candidates, totalling 10 fits
      -> [Tuned_Baseline] Acc: 0.7587, F1: 0.7711, Time: 0.00s
    Evaluating Model: RNN
      -> [Baseline] Acc: 0.8387, F1: 0.8260, Time: 4.59s
      HP Tuning RNN...
n_iterations: 2
n_required_iterations: 2
n_possible_iterations: 2
min_resources_: 10
max_resources_: 80
aggressive_elimination: False
factor: 3
----------
iter: 0
n_candidates: 4
n_resources: 10
Fitting 5 folds for each of 4 candidates, totalling 20 fits
----------
iter: 1
n_candidates: 2
n_resources: 30
Fitting 5 folds for each of 2 candidates, totalling 10 fits
      -> [Tuned_Baseline] Acc: 0.9355, F1: 0.9292, Time: 0.02s
    [=== Generating 2x synthetic data with HMM_GMM (Set 1, Params: {'n_components': 1, 'n_mix': 4, 'covariance_type': 'spherical'}) ===]
n_iterations: 4
n_required_iterations: 4
n_possible_iterations: 8
min_resources_: 8
max_resources_: 24000
aggressive_elimination: False
factor: 3
----------
iter: 0
n_candidates: 50
n_resources: 8
Fitting 1 folds for each of 50 candidates, totalling 50 fits
----------
iter: 1
n_candidates: 17
n_resources: 24
Fitting 1 folds for each of 17 candidates, totalling 17 fits
----------
iter: 2
n_candidates: 6
n_resources: 72
Fitting 1 folds for each of 6 candidates, totalling 6 fits
----------
iter: 3
n_candidates: 2
n_resources: 216
Fitting 1 folds for each of 2 candidates, totalling 2 fits
      -> [KNN + HMM_GMM Set 1] Acc: 0.9184, F1: 0.9164, Time: 0.36s
n_iterations: 4
n_required_iterations: 4
n_possible_iterations: 8
min_resources_: 8
max_resources_: 24000
aggressive_elimination: False
factor: 3
----------
iter: 0
n_candidates: 50
n_resources: 8
Fitting 1 folds for each of 50 candidates, totalling 50 fits
----------
iter: 1
n_candidates: 17
n_resources: 24
Fitting 1 folds for each of 17 candidates, totalling 17 fits
----------
iter: 2
n_candidates: 6
n_resources: 72
Fitting 1 folds for each of 6 candidates, totalling 6 fits
----------
iter: 3
n_candidates: 2
n_resources: 216
Fitting 1 folds for each of 2 candidates, totalling 2 fits
      -> [RandomForest + HMM_GMM Set 1] Acc: 0.9145, F1: 0.9112, Time: 2.93s
n_iterations: 4
n_required_iterations: 4
n_possible_iterations: 8
min_resources_: 8
max_resources_: 24000
aggressive_elimination: False
factor: 3
----------
iter: 0
n_candidates: 50
n_resources: 8
Fitting 1 folds for each of 50 candidates, totalling 50 fits
----------
iter: 1
n_candidates: 17
n_resources: 24
Fitting 1 folds for each of 17 candidates, totalling 17 fits
----------
iter: 2
n_candidates: 6
n_resources: 72
Fitting 1 folds for each of 6 candidates, totalling 6 fits
----------
iter: 3
n_candidates: 2
n_resources: 216
Fitting 1 folds for each of 2 candidates, totalling 2 fits
      -> [LinearSVC + HMM_GMM Set 1] Acc: 0.7487, F1: 0.7583, Time: 0.16s
n_iterations: 4
n_required_iterations: 4
n_possible_iterations: 8
min_resources_: 8
max_resources_: 24000
aggressive_elimination: False
factor: 3
----------
iter: 0
n_candidates: 50
n_resources: 8
Fitting 1 folds for each of 50 candidates, totalling 50 fits
----------
iter: 1
n_candidates: 17
n_resources: 24
Fitting 1 folds for each of 17 candidates, totalling 17 fits
----------
iter: 2
n_candidates: 6
n_resources: 72
Fitting 1 folds for each of 6 candidates, totalling 6 fits
----------
iter: 3
n_candidates: 2
n_resources: 216
Fitting 1 folds for each of 2 candidates, totalling 2 fits
      -> [LogisticRegression + HMM_GMM Set 1] Acc: 0.7494, F1: 0.7604, Time: 0.55s
      -> [RNN + HMM_GMM Set 1] Acc: 0.9032, F1: 0.8876, Time: 4.47s
    [=== Generating 2x synthetic data with HMM_GMM (Set 2, Params: {'n_components': 4, 'n_mix': 2, 'covariance_type': 'tied'}) ===]
n_iterations: 4
n_required_iterations: 4
n_possible_iterations: 8
min_resources_: 8
max_resources_: 24000
aggressive_elimination: False
factor: 3
----------
iter: 0
n_candidates: 50
n_resources: 8
Fitting 1 folds for each of 50 candidates, totalling 50 fits
Degenerate mixture covariance
Degenerate mixture covariance
Degenerate mixture covariance
Degenerate mixture covariance
Degenerate mixture covariance
Degenerate mixture covariance
Degenerate mixture covariance
Degenerate mixture covariance
Degenerate mixture covariance
Degenerate mixture covariance
Degenerate mixture covariance
Degenerate mixture covariance
Degenerate mixture covariance
Degenerate mixture covariance
Degenerate mixture covariance
Degenerate mixture covariance
Degenerate mixture covariance
Degenerate mixture covariance
Degenerate mixture covariance
Degenerate mixture covariance
Model is not converging.  Current: 21105.05913742588 is not greater than 21221.033542546964. Delta is -115.97440512108369
Model is not converging.  Current: 33370.61876514605 is not greater than 33389.58855213206. Delta is -18.96978698601015
----------
iter: 1
n_candidates: 17
n_resources: 24
Fitting 1 folds for each of 17 candidates, totalling 17 fits
----------
iter: 2
n_candidates: 6
n_resources: 72
Fitting 1 folds for each of 6 candidates, totalling 6 fits
----------
iter: 3
n_candidates: 2
n_resources: 216
Fitting 1 folds for each of 2 candidates, totalling 2 fits
      -> [KNN + HMM_GMM Set 2] Acc: 0.9174, F1: 0.9157, Time: 0.09s
n_iterations: 4
n_required_iterations: 4
n_possible_iterations: 8
min_resources_: 8
max_resources_: 24000
aggressive_elimination: False
factor: 3
----------
iter: 0
n_candidates: 50
n_resources: 8
Fitting 1 folds for each of 50 candidates, totalling 50 fits
----------
iter: 1
n_candidates: 17
n_resources: 24
Fitting 1 folds for each of 17 candidates, totalling 17 fits
----------
iter: 2
n_candidates: 6
n_resources: 72
Fitting 1 folds for each of 6 candidates, totalling 6 fits
----------
iter: 3
n_candidates: 2
n_resources: 216
Fitting 1 folds for each of 2 candidates, totalling 2 fits
      -> [RandomForest + HMM_GMM Set 2] Acc: 0.9271, F1: 0.9245, Time: 2.75s
n_iterations: 4
n_required_iterations: 4
n_possible_iterations: 8
min_resources_: 8
max_resources_: 24000
aggressive_elimination: False
factor: 3
----------
iter: 0
n_candidates: 50
n_resources: 8
Fitting 1 folds for each of 50 candidates, totalling 50 fits
----------
iter: 1
n_candidates: 17
n_resources: 24
Fitting 1 folds for each of 17 candidates, totalling 17 fits
----------
iter: 2
n_candidates: 6
n_resources: 72
Fitting 1 folds for each of 6 candidates, totalling 6 fits
----------
iter: 3
n_candidates: 2
n_resources: 216
Fitting 1 folds for each of 2 candidates, totalling 2 fits
      -> [LinearSVC + HMM_GMM Set 2] Acc: 0.7529, F1: 0.7646, Time: 0.15s
n_iterations: 4
n_required_iterations: 4
n_possible_iterations: 8
min_resources_: 8
max_resources_: 24000
aggressive_elimination: False
factor: 3
----------
iter: 0
n_candidates: 50
n_resources: 8
Fitting 1 folds for each of 50 candidates, totalling 50 fits
----------
iter: 1
n_candidates: 17
n_resources: 24
Fitting 1 folds for each of 17 candidates, totalling 17 fits
----------
iter: 2
n_candidates: 6
n_resources: 72
Fitting 1 folds for each of 6 candidates, totalling 6 fits
----------
iter: 3
n_candidates: 2
n_resources: 216
Fitting 1 folds for each of 2 candidates, totalling 2 fits
      -> [LogisticRegression + HMM_GMM Set 2] Acc: 0.7613, F1: 0.7739, Time: 0.49s
      -> [RNN + HMM_GMM Set 2] Acc: 0.9355, F1: 0.9294, Time: 4.33s
    [=== Generating 2x synthetic data with HMM_GMM (Set 3, Params: {'n_components': 2, 'n_mix': 2, 'covariance_type': 'full'}) ===]
n_iterations: 4
n_required_iterations: 4
n_possible_iterations: 8
min_resources_: 8
max_resources_: 24000
aggressive_elimination: False
factor: 3
----------
iter: 0
n_candidates: 50
n_resources: 8
Fitting 1 folds for each of 50 candidates, totalling 50 fits
----------
iter: 1
n_candidates: 17
n_resources: 24
Fitting 1 folds for each of 17 candidates, totalling 17 fits
----------
iter: 2
n_candidates: 6
n_resources: 72
Fitting 1 folds for each of 6 candidates, totalling 6 fits
----------
iter: 3
n_candidates: 2
n_resources: 216
Fitting 1 folds for each of 2 candidates, totalling 2 fits
      -> [KNN + HMM_GMM Set 3] Acc: 0.9213, F1: 0.9191, Time: 0.16s
n_iterations: 4
n_required_iterations: 4
n_possible_iterations: 8
min_resources_: 8
max_resources_: 24000
aggressive_elimination: False
factor: 3
----------
iter: 0
n_candidates: 50
n_resources: 8
Fitting 1 folds for each of 50 candidates, totalling 50 fits
----------
iter: 1
n_candidates: 17
n_resources: 24
Fitting 1 folds for each of 17 candidates, totalling 17 fits
----------
iter: 2
n_candidates: 6
n_resources: 72
Fitting 1 folds for each of 6 candidates, totalling 6 fits
----------
iter: 3
n_candidates: 2
n_resources: 216
Fitting 1 folds for each of 2 candidates, totalling 2 fits
      -> [RandomForest + HMM_GMM Set 3] Acc: 0.9239, F1: 0.9209, Time: 2.38s
n_iterations: 4
n_required_iterations: 4
n_possible_iterations: 8
min_resources_: 8
max_resources_: 24000
aggressive_elimination: False
factor: 3
----------
iter: 0
n_candidates: 50
n_resources: 8
Fitting 1 folds for each of 50 candidates, totalling 50 fits
----------
iter: 1
n_candidates: 17
n_resources: 24
Fitting 1 folds for each of 17 candidates, totalling 17 fits
----------
iter: 2
n_candidates: 6
n_resources: 72
Fitting 1 folds for each of 6 candidates, totalling 6 fits
----------
iter: 3
n_candidates: 2
n_resources: 216
Fitting 1 folds for each of 2 candidates, totalling 2 fits
      -> [LinearSVC + HMM_GMM Set 3] Acc: 0.7468, F1: 0.7577, Time: 0.12s
n_iterations: 4
n_required_iterations: 4
n_possible_iterations: 8
min_resources_: 8
max_resources_: 24000
aggressive_elimination: False
factor: 3
----------
iter: 0
n_candidates: 50
n_resources: 8
Fitting 1 folds for each of 50 candidates, totalling 50 fits
----------
iter: 1
n_candidates: 17
n_resources: 24
Fitting 1 folds for each of 17 candidates, totalling 17 fits
----------
iter: 2
n_candidates: 6
n_resources: 72
Fitting 1 folds for each of 6 candidates, totalling 6 fits
----------
iter: 3
n_candidates: 2
n_resources: 216
Fitting 1 folds for each of 2 candidates, totalling 2 fits
      -> [LogisticRegression + HMM_GMM Set 3] Acc: 0.7565, F1: 0.7687, Time: 0.39s
      -> [RNN + HMM_GMM Set 3] Acc: 0.9355, F1: 0.9320, Time: 3.31s
    [=== Generating 2x synthetic data with HMM_GMM (Set 4, Params: {'n_components': 4, 'n_mix': 4, 'covariance_type': 'spherical'}) ===]
n_iterations: 4
n_required_iterations: 4
n_possible_iterations: 8
min_resources_: 8
max_resources_: 24000
aggressive_elimination: False
factor: 3
----------
iter: 0
n_candidates: 50
n_resources: 8
Fitting 1 folds for each of 50 candidates, totalling 50 fits
----------
iter: 1
n_candidates: 17
n_resources: 24
Fitting 1 folds for each of 17 candidates, totalling 17 fits
----------
iter: 2
n_candidates: 6
n_resources: 72
Fitting 1 folds for each of 6 candidates, totalling 6 fits
----------
iter: 3
n_candidates: 2
n_resources: 216
Fitting 1 folds for each of 2 candidates, totalling 2 fits
      -> [KNN + HMM_GMM Set 4] Acc: 0.9184, F1: 0.9165, Time: 0.16s
n_iterations: 4
n_required_iterations: 4
n_possible_iterations: 8
min_resources_: 8
max_resources_: 24000
aggressive_elimination: False
factor: 3
----------
iter: 0
n_candidates: 50
n_resources: 8
Fitting 1 folds for each of 50 candidates, totalling 50 fits
----------
iter: 1
n_candidates: 17
n_resources: 24
Fitting 1 folds for each of 17 candidates, totalling 17 fits
----------
iter: 2
n_candidates: 6
n_resources: 72
Fitting 1 folds for each of 6 candidates, totalling 6 fits
----------
iter: 3
n_candidates: 2
n_resources: 216
Fitting 1 folds for each of 2 candidates, totalling 2 fits
      -> [RandomForest + HMM_GMM Set 4] Acc: 0.9126, F1: 0.9096, Time: 0.78s
n_iterations: 4
n_required_iterations: 4
n_possible_iterations: 8
min_resources_: 8
max_resources_: 24000
aggressive_elimination: False
factor: 3
----------
iter: 0
n_candidates: 50
n_resources: 8
Fitting 1 folds for each of 50 candidates, totalling 50 fits
----------
iter: 1
n_candidates: 17
n_resources: 24
Fitting 1 folds for each of 17 candidates, totalling 17 fits
----------
iter: 2
n_candidates: 6
n_resources: 72
Fitting 1 folds for each of 6 candidates, totalling 6 fits
----------
iter: 3
n_candidates: 2
n_resources: 216
Fitting 1 folds for each of 2 candidates, totalling 2 fits
      -> [LinearSVC + HMM_GMM Set 4] Acc: 0.7626, F1: 0.7708, Time: 0.05s
n_iterations: 4
n_required_iterations: 4
n_possible_iterations: 8
min_resources_: 8
max_resources_: 24000
aggressive_elimination: False
factor: 3
----------
iter: 0
n_candidates: 50
n_resources: 8
Fitting 1 folds for each of 50 candidates, totalling 50 fits
----------
iter: 1
n_candidates: 17
n_resources: 24
Fitting 1 folds for each of 17 candidates, totalling 17 fits
----------
iter: 2
n_candidates: 6
n_resources: 72
Fitting 1 folds for each of 6 candidates, totalling 6 fits
----------
iter: 3
n_candidates: 2
n_resources: 216
Fitting 1 folds for each of 2 candidates, totalling 2 fits
      -> [LogisticRegression + HMM_GMM Set 4] Acc: 0.7797, F1: 0.7880, Time: 0.47s
      -> [RNN + HMM_GMM Set 4] Acc: 0.5484, F1: 0.5329, Time: 3.48s
    [=== Generating 2x synthetic data with HMM_GMM (Set 5, Params: {'n_components': 2, 'n_mix': 4, 'covariance_type': 'spherical'}) ===]
n_iterations: 4
n_required_iterations: 4
n_possible_iterations: 8
min_resources_: 8
max_resources_: 24000
aggressive_elimination: False
factor: 3
----------
iter: 0
n_candidates: 50
n_resources: 8
Fitting 1 folds for each of 50 candidates, totalling 50 fits
----------
iter: 1
n_candidates: 17
n_resources: 24
Fitting 1 folds for each of 17 candidates, totalling 17 fits
----------
iter: 2
n_candidates: 6
n_resources: 72
Fitting 1 folds for each of 6 candidates, totalling 6 fits
----------
iter: 3
n_candidates: 2
n_resources: 216
Fitting 1 folds for each of 2 candidates, totalling 2 fits
      -> [KNN + HMM_GMM Set 5] Acc: 0.9177, F1: 0.9158, Time: 0.16s
n_iterations: 4
n_required_iterations: 4
n_possible_iterations: 8
min_resources_: 8
max_resources_: 24000
aggressive_elimination: False
factor: 3
----------
iter: 0
n_candidates: 50
n_resources: 8
Fitting 1 folds for each of 50 candidates, totalling 50 fits
----------
iter: 1
n_candidates: 17
n_resources: 24
Fitting 1 folds for each of 17 candidates, totalling 17 fits
----------
iter: 2
n_candidates: 6
n_resources: 72
Fitting 1 folds for each of 6 candidates, totalling 6 fits
----------
iter: 3
n_candidates: 2
n_resources: 216
Fitting 1 folds for each of 2 candidates, totalling 2 fits
      -> [RandomForest + HMM_GMM Set 5] Acc: 0.9123, F1: 0.9091, Time: 2.58s
n_iterations: 4
n_required_iterations: 4
n_possible_iterations: 8
min_resources_: 8
max_resources_: 24000
aggressive_elimination: False
factor: 3
----------
iter: 0
n_candidates: 50
n_resources: 8
Fitting 1 folds for each of 50 candidates, totalling 50 fits
----------
iter: 1
n_candidates: 17
n_resources: 24
Fitting 1 folds for each of 17 candidates, totalling 17 fits
----------
iter: 2
n_candidates: 6
n_resources: 72
Fitting 1 folds for each of 6 candidates, totalling 6 fits
----------
iter: 3
n_candidates: 2
n_resources: 216
Fitting 1 folds for each of 2 candidates, totalling 2 fits
      -> [LinearSVC + HMM_GMM Set 5] Acc: 0.7477, F1: 0.7581, Time: 0.15s
n_iterations: 4
n_required_iterations: 4
n_possible_iterations: 8
min_resources_: 8
max_resources_: 24000
aggressive_elimination: False
factor: 3
----------
iter: 0
n_candidates: 50
n_resources: 8
Fitting 1 folds for each of 50 candidates, totalling 50 fits
----------
iter: 1
n_candidates: 17
n_resources: 24
Fitting 1 folds for each of 17 candidates, totalling 17 fits
----------
iter: 2
n_candidates: 6
n_resources: 72
Fitting 1 folds for each of 6 candidates, totalling 6 fits
----------
iter: 3
n_candidates: 2
n_resources: 216
Fitting 1 folds for each of 2 candidates, totalling 2 fits
      -> [LogisticRegression + HMM_GMM Set 5] Acc: 0.7529, F1: 0.7641, Time: 0.50s
      -> [RNN + HMM_GMM Set 5] Acc: 0.9355, F1: 0.9320, Time: 3.75s
    [=== Generating 2x synthetic data with HMM_GMM (Set 6, Params: {'n_components': 2, 'n_mix': 1, 'covariance_type': 'spherical'}) ===]
n_iterations: 4
n_required_iterations: 4
n_possible_iterations: 8
min_resources_: 8
max_resources_: 24000
aggressive_elimination: False
factor: 3
----------
iter: 0
n_candidates: 50
n_resources: 8
Fitting 1 folds for each of 50 candidates, totalling 50 fits
----------
iter: 1
n_candidates: 17
n_resources: 24
Fitting 1 folds for each of 17 candidates, totalling 17 fits
----------
iter: 2
n_candidates: 6
n_resources: 72
Fitting 1 folds for each of 6 candidates, totalling 6 fits
----------
iter: 3
n_candidates: 2
n_resources: 216
Fitting 1 folds for each of 2 candidates, totalling 2 fits
      -> [KNN + HMM_GMM Set 6] Acc: 0.9232, F1: 0.9207, Time: 0.19s
n_iterations: 4
n_required_iterations: 4
n_possible_iterations: 8
min_resources_: 8
max_resources_: 24000
aggressive_elimination: False
factor: 3
----------
iter: 0
n_candidates: 50
n_resources: 8
Fitting 1 folds for each of 50 candidates, totalling 50 fits
----------
iter: 1
n_candidates: 17
n_resources: 24
Fitting 1 folds for each of 17 candidates, totalling 17 fits
----------
iter: 2
n_candidates: 6
n_resources: 72
Fitting 1 folds for each of 6 candidates, totalling 6 fits
----------
iter: 3
n_candidates: 2
n_resources: 216
Fitting 1 folds for each of 2 candidates, totalling 2 fits
      -> [RandomForest + HMM_GMM Set 6] Acc: 0.8190, F1: 0.8239, Time: 0.79s
n_iterations: 4
n_required_iterations: 4
n_possible_iterations: 8
min_resources_: 8
max_resources_: 24000
aggressive_elimination: False
factor: 3
----------
iter: 0
n_candidates: 50
n_resources: 8
Fitting 1 folds for each of 50 candidates, totalling 50 fits
----------
iter: 1
n_candidates: 17
n_resources: 24
Fitting 1 folds for each of 17 candidates, totalling 17 fits
----------
iter: 2
n_candidates: 6
n_resources: 72
Fitting 1 folds for each of 6 candidates, totalling 6 fits
----------
iter: 3
n_candidates: 2
n_resources: 216
Fitting 1 folds for each of 2 candidates, totalling 2 fits
      -> [LinearSVC + HMM_GMM Set 6] Acc: 0.7539, F1: 0.7575, Time: 0.05s
n_iterations: 4
n_required_iterations: 4
n_possible_iterations: 8
min_resources_: 8
max_resources_: 24000
aggressive_elimination: False
factor: 3
----------
iter: 0
n_candidates: 50
n_resources: 8
Fitting 1 folds for each of 50 candidates, totalling 50 fits
----------
iter: 1
n_candidates: 17
n_resources: 24
Fitting 1 folds for each of 17 candidates, totalling 17 fits
----------
iter: 2
n_candidates: 6
n_resources: 72
Fitting 1 folds for each of 6 candidates, totalling 6 fits
----------
iter: 3
n_candidates: 2
n_resources: 216
Fitting 1 folds for each of 2 candidates, totalling 2 fits
      -> [LogisticRegression + HMM_GMM Set 6] Acc: 0.7503, F1: 0.7580, Time: 0.11s
      -> [RNN + HMM_GMM Set 6] Acc: 0.3871, F1: 0.2900, Time: 4.01s
    [=== Generating 2x synthetic data with HMM_GMM (Set 7, Params: {'n_components': 4, 'n_mix': 5, 'covariance_type': 'full'}) ===]
HMM-GMM fitting failed for class AQ_Wines: Covariance of state #1, mixture #3 is not positive definite
HMM-GMM fitting failed for class Ethanol: Covariance of state #3, mixture #0 is not positive definite
HMM-GMM fitting failed for class HQ_Wines: Covariance of state #2, mixture #1 is not positive definite
HMM-GMM fitting failed for class LQ_Wines: Covariance of state #1, mixture #1 is not positive definite
n_iterations: 4
n_required_iterations: 4
n_possible_iterations: 7
min_resources_: 8
max_resources_: 16000
aggressive_elimination: False
factor: 3
----------
iter: 0
n_candidates: 50
n_resources: 8
Fitting 1 folds for each of 50 candidates, totalling 50 fits
Model is not converging.  Current: 56212.78501977387 is not greater than 56409.57786874108. Delta is -196.79284896720492
Model is not converging.  Current: 36709.46800980517 is not greater than 36711.65516505342. Delta is -2.1871552482480183
----------
iter: 1
n_candidates: 17
n_resources: 24
Fitting 1 folds for each of 17 candidates, totalling 17 fits
----------
iter: 2
n_candidates: 6
n_resources: 72
Fitting 1 folds for each of 6 candidates, totalling 6 fits
----------
iter: 3
n_candidates: 2
n_resources: 216
Fitting 1 folds for each of 2 candidates, totalling 2 fits
      -> [KNN + HMM_GMM Set 7] Acc: 0.9258, F1: 0.9237, Time: 0.11s
n_iterations: 4
n_required_iterations: 4
n_possible_iterations: 7
min_resources_: 8
max_resources_: 16000
aggressive_elimination: False
factor: 3
----------
iter: 0
n_candidates: 50
n_resources: 8
Fitting 1 folds for each of 50 candidates, totalling 50 fits
----------
iter: 1
n_candidates: 17
n_resources: 24
Fitting 1 folds for each of 17 candidates, totalling 17 fits
----------
iter: 2
n_candidates: 6
n_resources: 72
Fitting 1 folds for each of 6 candidates, totalling 6 fits
----------
iter: 3
n_candidates: 2
n_resources: 216
Fitting 1 folds for each of 2 candidates, totalling 2 fits
      -> [RandomForest + HMM_GMM Set 7] Acc: 0.9106, F1: 0.9072, Time: 2.66s
n_iterations: 4
n_required_iterations: 4
n_possible_iterations: 7
min_resources_: 8
max_resources_: 16000
aggressive_elimination: False
factor: 3
----------
iter: 0
n_candidates: 50
n_resources: 8
Fitting 1 folds for each of 50 candidates, totalling 50 fits
----------
iter: 1
n_candidates: 17
n_resources: 24
Fitting 1 folds for each of 17 candidates, totalling 17 fits
----------
iter: 2
n_candidates: 6
n_resources: 72
Fitting 1 folds for each of 6 candidates, totalling 6 fits
----------
iter: 3
n_candidates: 2
n_resources: 216
Fitting 1 folds for each of 2 candidates, totalling 2 fits
      -> [LinearSVC + HMM_GMM Set 7] Acc: 0.7574, F1: 0.7689, Time: 0.04s
n_iterations: 4
n_required_iterations: 4
n_possible_iterations: 7
min_resources_: 8
max_resources_: 16000
aggressive_elimination: False
factor: 3
----------
iter: 0
n_candidates: 50
n_resources: 8
Fitting 1 folds for each of 50 candidates, totalling 50 fits
----------
iter: 1
n_candidates: 17
n_resources: 24
Fitting 1 folds for each of 17 candidates, totalling 17 fits
----------
iter: 2
n_candidates: 6
n_resources: 72
Fitting 1 folds for each of 6 candidates, totalling 6 fits
----------
iter: 3
n_candidates: 2
n_resources: 216
Fitting 1 folds for each of 2 candidates, totalling 2 fits
      -> [LogisticRegression + HMM_GMM Set 7] Acc: 0.7613, F1: 0.7736, Time: 0.25s
      -> [RNN + HMM_GMM Set 7] Acc: 0.9032, F1: 0.9016, Time: 2.53s
    [=== Generating 2x synthetic data with HMM_GMM (Set 8, Params: {'n_components': 5, 'n_mix': 5, 'covariance_type': 'full'}) ===]
HMM-GMM fitting failed for class AQ_Wines: Covariance of state #4, mixture #0 is not positive definite
HMM-GMM fitting failed for class Ethanol: Covariance of state #3, mixture #0 is not positive definite
HMM-GMM fitting failed for class HQ_Wines: Covariance of state #2, mixture #1 is not positive definite
HMM-GMM fitting failed for class LQ_Wines: Covariance of state #2, mixture #1 is not positive definite
n_iterations: 4
n_required_iterations: 4
n_possible_iterations: 7
min_resources_: 8
max_resources_: 16000
aggressive_elimination: False
factor: 3
----------
iter: 0
n_candidates: 50
n_resources: 8
Fitting 1 folds for each of 50 candidates, totalling 50 fits
Degenerate mixture covariance
Degenerate mixture covariance
Degenerate mixture covariance
Degenerate mixture covariance
Degenerate mixture covariance
Degenerate mixture covariance
Degenerate mixture covariance
Degenerate mixture covariance
Degenerate mixture covariance
Degenerate mixture covariance
Degenerate mixture covariance
Degenerate mixture covariance
Degenerate mixture covariance
Degenerate mixture covariance
Degenerate mixture covariance
Degenerate mixture covariance
Degenerate mixture covariance
Degenerate mixture covariance
Degenerate mixture covariance
Degenerate mixture covariance
----------
iter: 1
n_candidates: 17
n_resources: 24
Fitting 1 folds for each of 17 candidates, totalling 17 fits
----------
iter: 2
n_candidates: 6
n_resources: 72
Fitting 1 folds for each of 6 candidates, totalling 6 fits
----------
iter: 3
n_candidates: 2
n_resources: 216
Fitting 1 folds for each of 2 candidates, totalling 2 fits
      -> [KNN + HMM_GMM Set 8] Acc: 0.9258, F1: 0.9237, Time: 0.11s
n_iterations: 4
n_required_iterations: 4
n_possible_iterations: 7
min_resources_: 8
max_resources_: 16000
aggressive_elimination: False
factor: 3
----------
iter: 0
n_candidates: 50
n_resources: 8
Fitting 1 folds for each of 50 candidates, totalling 50 fits
----------
iter: 1
n_candidates: 17
n_resources: 24
Fitting 1 folds for each of 17 candidates, totalling 17 fits
----------
iter: 2
n_candidates: 6
n_resources: 72
Fitting 1 folds for each of 6 candidates, totalling 6 fits
----------
iter: 3
n_candidates: 2
n_resources: 216
Fitting 1 folds for each of 2 candidates, totalling 2 fits
      -> [RandomForest + HMM_GMM Set 8] Acc: 0.9106, F1: 0.9072, Time: 3.56s
n_iterations: 4
n_required_iterations: 4
n_possible_iterations: 7
min_resources_: 8
max_resources_: 16000
aggressive_elimination: False
factor: 3
----------
iter: 0
n_candidates: 50
n_resources: 8
Fitting 1 folds for each of 50 candidates, totalling 50 fits
----------
iter: 1
n_candidates: 17
n_resources: 24
Fitting 1 folds for each of 17 candidates, totalling 17 fits
----------
iter: 2
n_candidates: 6
n_resources: 72
Fitting 1 folds for each of 6 candidates, totalling 6 fits
----------
iter: 3
n_candidates: 2
n_resources: 216
Fitting 1 folds for each of 2 candidates, totalling 2 fits
      -> [LinearSVC + HMM_GMM Set 8] Acc: 0.7574, F1: 0.7689, Time: 0.07s
n_iterations: 4
n_required_iterations: 4
n_possible_iterations: 7
min_resources_: 8
max_resources_: 16000
aggressive_elimination: False
factor: 3
----------
iter: 0
n_candidates: 50
n_resources: 8
Fitting 1 folds for each of 50 candidates, totalling 50 fits
----------
iter: 1
n_candidates: 17
n_resources: 24
Fitting 1 folds for each of 17 candidates, totalling 17 fits
----------
iter: 2
n_candidates: 6
n_resources: 72
Fitting 1 folds for each of 6 candidates, totalling 6 fits
----------
iter: 3
n_candidates: 2
n_resources: 216
Fitting 1 folds for each of 2 candidates, totalling 2 fits
      -> [LogisticRegression + HMM_GMM Set 8] Acc: 0.7613, F1: 0.7736, Time: 0.26s
      -> [RNN + HMM_GMM Set 8] Acc: 0.9355, F1: 0.9320, Time: 2.59s
    [=== Generating 2x synthetic data with HMM_GMM (Set 9, Params: {'n_components': 2, 'n_mix': 2, 'covariance_type': 'full'}) ===]
n_iterations: 4
n_required_iterations: 4
n_possible_iterations: 8
min_resources_: 8
max_resources_: 24000
aggressive_elimination: False
factor: 3
----------
iter: 0
n_candidates: 50
n_resources: 8
Fitting 1 folds for each of 50 candidates, totalling 50 fits
----------
iter: 1
n_candidates: 17
n_resources: 24
Fitting 1 folds for each of 17 candidates, totalling 17 fits
----------
iter: 2
n_candidates: 6
n_resources: 72
Fitting 1 folds for each of 6 candidates, totalling 6 fits
----------
iter: 3
n_candidates: 2
n_resources: 216
Fitting 1 folds for each of 2 candidates, totalling 2 fits
      -> [KNN + HMM_GMM Set 9] Acc: 0.9190, F1: 0.9172, Time: 0.22s
n_iterations: 4
n_required_iterations: 4
n_possible_iterations: 8
min_resources_: 8
max_resources_: 24000
aggressive_elimination: False
factor: 3
----------
iter: 0
n_candidates: 50
n_resources: 8
Fitting 1 folds for each of 50 candidates, totalling 50 fits
----------
iter: 1
n_candidates: 17
n_resources: 24
Fitting 1 folds for each of 17 candidates, totalling 17 fits
----------
iter: 2
n_candidates: 6
n_resources: 72
Fitting 1 folds for each of 6 candidates, totalling 6 fits
----------
iter: 3
n_candidates: 2
n_resources: 216
Fitting 1 folds for each of 2 candidates, totalling 2 fits
      -> [RandomForest + HMM_GMM Set 9] Acc: 0.9187, F1: 0.9159, Time: 2.60s
n_iterations: 4
n_required_iterations: 4
n_possible_iterations: 8
min_resources_: 8
max_resources_: 24000
aggressive_elimination: False
factor: 3
----------
iter: 0
n_candidates: 50
n_resources: 8
Fitting 1 folds for each of 50 candidates, totalling 50 fits
----------
iter: 1
n_candidates: 17
n_resources: 24
Fitting 1 folds for each of 17 candidates, totalling 17 fits
----------
iter: 2
n_candidates: 6
n_resources: 72
Fitting 1 folds for each of 6 candidates, totalling 6 fits
----------
iter: 3
n_candidates: 2
n_resources: 216
Fitting 1 folds for each of 2 candidates, totalling 2 fits
      -> [LinearSVC + HMM_GMM Set 9] Acc: 0.7490, F1: 0.7610, Time: 0.08s
n_iterations: 4
n_required_iterations: 4
n_possible_iterations: 8
min_resources_: 8
max_resources_: 24000
aggressive_elimination: False
factor: 3
----------
iter: 0
n_candidates: 50
n_resources: 8
Fitting 1 folds for each of 50 candidates, totalling 50 fits
----------
iter: 1
n_candidates: 17
n_resources: 24
Fitting 1 folds for each of 17 candidates, totalling 17 fits
----------
iter: 2
n_candidates: 6
n_resources: 72
Fitting 1 folds for each of 6 candidates, totalling 6 fits
----------
iter: 3
n_candidates: 2
n_resources: 216
Fitting 1 folds for each of 2 candidates, totalling 2 fits
      -> [LogisticRegression + HMM_GMM Set 9] Acc: 0.7558, F1: 0.7681, Time: 0.71s
      -> [RNN + HMM_GMM Set 9] Acc: 0.9355, F1: 0.9292, Time: 3.64s
    [=== Generating 2x synthetic data with HMM_GMM (Set 10, Params: {'n_components': 2, 'n_mix': 5, 'covariance_type': 'diag'}) ===]
n_iterations: 4
n_required_iterations: 4
n_possible_iterations: 8
min_resources_: 8
max_resources_: 24000
aggressive_elimination: False
factor: 3
----------
iter: 0
n_candidates: 50
n_resources: 8
Fitting 1 folds for each of 50 candidates, totalling 50 fits
----------
iter: 1
n_candidates: 17
n_resources: 24
Fitting 1 folds for each of 17 candidates, totalling 17 fits
----------
iter: 2
n_candidates: 6
n_resources: 72
Fitting 1 folds for each of 6 candidates, totalling 6 fits
----------
iter: 3
n_candidates: 2
n_resources: 216
Fitting 1 folds for each of 2 candidates, totalling 2 fits
      -> [KNN + HMM_GMM Set 10] Acc: 0.9190, F1: 0.9171, Time: 0.16s
n_iterations: 4
n_required_iterations: 4
n_possible_iterations: 8
min_resources_: 8
max_resources_: 24000
aggressive_elimination: False
factor: 3
----------
iter: 0
n_candidates: 50
n_resources: 8
Fitting 1 folds for each of 50 candidates, totalling 50 fits
----------
iter: 1
n_candidates: 17
n_resources: 24
Fitting 1 folds for each of 17 candidates, totalling 17 fits
----------
iter: 2
n_candidates: 6
n_resources: 72
Fitting 1 folds for each of 6 candidates, totalling 6 fits
----------
iter: 3
n_candidates: 2
n_resources: 216
Fitting 1 folds for each of 2 candidates, totalling 2 fits
      -> [RandomForest + HMM_GMM Set 10] Acc: 0.9139, F1: 0.9107, Time: 0.85s
n_iterations: 4
n_required_iterations: 4
n_possible_iterations: 8
min_resources_: 8
max_resources_: 24000
aggressive_elimination: False
factor: 3
----------
iter: 0
n_candidates: 50
n_resources: 8
Fitting 1 folds for each of 50 candidates, totalling 50 fits
----------
iter: 1
n_candidates: 17
n_resources: 24
Fitting 1 folds for each of 17 candidates, totalling 17 fits
----------
iter: 2
n_candidates: 6
n_resources: 72
Fitting 1 folds for each of 6 candidates, totalling 6 fits
----------
iter: 3
n_candidates: 2
n_resources: 216
Fitting 1 folds for each of 2 candidates, totalling 2 fits
      -> [LinearSVC + HMM_GMM Set 10] Acc: 0.7500, F1: 0.7610, Time: 0.15s
n_iterations: 4
n_required_iterations: 4
n_possible_iterations: 8
min_resources_: 8
max_resources_: 24000
aggressive_elimination: False
factor: 3
----------
iter: 0
n_candidates: 50
n_resources: 8
Fitting 1 folds for each of 50 candidates, totalling 50 fits
----------
iter: 1
n_candidates: 17
n_resources: 24
Fitting 1 folds for each of 17 candidates, totalling 17 fits
----------
iter: 2
n_candidates: 6
n_resources: 72
Fitting 1 folds for each of 6 candidates, totalling 6 fits
----------
iter: 3
n_candidates: 2
n_resources: 216
Fitting 1 folds for each of 2 candidates, totalling 2 fits
      -> [LogisticRegression + HMM_GMM Set 10] Acc: 0.7545, F1: 0.7668, Time: 0.51s
      -> [RNN + HMM_GMM Set 10] Acc: 0.4839, F1: 0.4257, Time: 3.80s
    [=== Generating 3x synthetic data with HMM_GMM (Set 1, Params: {'n_components': 1, 'n_mix': 4, 'covariance_type': 'spherical'}) ===]
n_iterations: 4
n_required_iterations: 4
n_possible_iterations: 8
min_resources_: 8
max_resources_: 32000
aggressive_elimination: False
factor: 3
----------
iter: 0
n_candidates: 50
n_resources: 8
Fitting 1 folds for each of 50 candidates, totalling 50 fits
----------
iter: 1
n_candidates: 17
n_resources: 24
Fitting 1 folds for each of 17 candidates, totalling 17 fits
----------
iter: 2
n_candidates: 6
n_resources: 72
Fitting 1 folds for each of 6 candidates, totalling 6 fits
----------
iter: 3
n_candidates: 2
n_resources: 216
Fitting 1 folds for each of 2 candidates, totalling 2 fits
      -> [KNN + HMM_GMM Set 1] Acc: 0.9261, F1: 0.9237, Time: 0.09s
n_iterations: 4
n_required_iterations: 4
n_possible_iterations: 8
min_resources_: 8
max_resources_: 32000
aggressive_elimination: False
factor: 3
----------
iter: 0
n_candidates: 50
n_resources: 8
Fitting 1 folds for each of 50 candidates, totalling 50 fits
----------
iter: 1
n_candidates: 17
n_resources: 24
Fitting 1 folds for each of 17 candidates, totalling 17 fits
----------
iter: 2
n_candidates: 6
n_resources: 72
Fitting 1 folds for each of 6 candidates, totalling 6 fits
----------
iter: 3
n_candidates: 2
n_resources: 216
Fitting 1 folds for each of 2 candidates, totalling 2 fits
      -> [RandomForest + HMM_GMM Set 1] Acc: 0.9123, F1: 0.9080, Time: 3.12s
n_iterations: 4
n_required_iterations: 4
n_possible_iterations: 8
min_resources_: 8
max_resources_: 32000
aggressive_elimination: False
factor: 3
----------
iter: 0
n_candidates: 50
n_resources: 8
Fitting 1 folds for each of 50 candidates, totalling 50 fits
----------
iter: 1
n_candidates: 17
n_resources: 24
Fitting 1 folds for each of 17 candidates, totalling 17 fits
----------
iter: 2
n_candidates: 6
n_resources: 72
Fitting 1 folds for each of 6 candidates, totalling 6 fits
----------
iter: 3
n_candidates: 2
n_resources: 216
Fitting 1 folds for each of 2 candidates, totalling 2 fits
      -> [LinearSVC + HMM_GMM Set 1] Acc: 0.7481, F1: 0.7577, Time: 0.28s
n_iterations: 4
n_required_iterations: 4
n_possible_iterations: 8
min_resources_: 8
max_resources_: 32000
aggressive_elimination: False
factor: 3
----------
iter: 0
n_candidates: 50
n_resources: 8
Fitting 1 folds for each of 50 candidates, totalling 50 fits
----------
iter: 1
n_candidates: 17
n_resources: 24
Fitting 1 folds for each of 17 candidates, totalling 17 fits
----------
iter: 2
n_candidates: 6
n_resources: 72
Fitting 1 folds for each of 6 candidates, totalling 6 fits
----------
iter: 3
n_candidates: 2
n_resources: 216
Fitting 1 folds for each of 2 candidates, totalling 2 fits
      -> [LogisticRegression + HMM_GMM Set 1] Acc: 0.7474, F1: 0.7587, Time: 1.01s
      -> [RNN + HMM_GMM Set 1] Acc: 0.9355, F1: 0.9345, Time: 5.40s
    [=== Generating 3x synthetic data with HMM_GMM (Set 2, Params: {'n_components': 4, 'n_mix': 2, 'covariance_type': 'tied'}) ===]
n_iterations: 4
n_required_iterations: 4
n_possible_iterations: 8
min_resources_: 8
max_resources_: 32000
aggressive_elimination: False
factor: 3
----------
iter: 0
n_candidates: 50
n_resources: 8
Fitting 1 folds for each of 50 candidates, totalling 50 fits
----------
iter: 1
n_candidates: 17
n_resources: 24
Fitting 1 folds for each of 17 candidates, totalling 17 fits
----------
iter: 2
n_candidates: 6
n_resources: 72
Fitting 1 folds for each of 6 candidates, totalling 6 fits
----------
iter: 3
n_candidates: 2
n_resources: 216
Fitting 1 folds for each of 2 candidates, totalling 2 fits
      -> [KNN + HMM_GMM Set 2] Acc: 0.9200, F1: 0.9179, Time: 0.50s
n_iterations: 4
n_required_iterations: 4
n_possible_iterations: 8
min_resources_: 8
max_resources_: 32000
aggressive_elimination: False
factor: 3
----------
iter: 0
n_candidates: 50
n_resources: 8
Fitting 1 folds for each of 50 candidates, totalling 50 fits
----------
iter: 1
n_candidates: 17
n_resources: 24
Fitting 1 folds for each of 17 candidates, totalling 17 fits
----------
iter: 2
n_candidates: 6
n_resources: 72
Fitting 1 folds for each of 6 candidates, totalling 6 fits
----------
iter: 3
n_candidates: 2
n_resources: 216
Fitting 1 folds for each of 2 candidates, totalling 2 fits
      -> [RandomForest + HMM_GMM Set 2] Acc: 0.9232, F1: 0.9209, Time: 2.19s
n_iterations: 4
n_required_iterations: 4
n_possible_iterations: 8
min_resources_: 8
max_resources_: 32000
aggressive_elimination: False
factor: 3
----------
iter: 0
n_candidates: 50
n_resources: 8
Fitting 1 folds for each of 50 candidates, totalling 50 fits
----------
iter: 1
n_candidates: 17
n_resources: 24
Fitting 1 folds for each of 17 candidates, totalling 17 fits
----------
iter: 2
n_candidates: 6
n_resources: 72
Fitting 1 folds for each of 6 candidates, totalling 6 fits
----------
iter: 3
n_candidates: 2
n_resources: 216
Fitting 1 folds for each of 2 candidates, totalling 2 fits
      -> [LinearSVC + HMM_GMM Set 2] Acc: 0.7535, F1: 0.7653, Time: 0.11s
n_iterations: 4
n_required_iterations: 4
n_possible_iterations: 8
min_resources_: 8
max_resources_: 32000
aggressive_elimination: False
factor: 3
----------
iter: 0
n_candidates: 50
n_resources: 8
Fitting 1 folds for each of 50 candidates, totalling 50 fits
----------
iter: 1
n_candidates: 17
n_resources: 24
Fitting 1 folds for each of 17 candidates, totalling 17 fits
----------
iter: 2
n_candidates: 6
n_resources: 72
Fitting 1 folds for each of 6 candidates, totalling 6 fits
----------
iter: 3
n_candidates: 2
n_resources: 216
Fitting 1 folds for each of 2 candidates, totalling 2 fits
      -> [LogisticRegression + HMM_GMM Set 2] Acc: 0.7477, F1: 0.7597, Time: 0.37s
      -> [RNN + HMM_GMM Set 2] Acc: 0.9032, F1: 0.9043, Time: 5.80s
    [=== Generating 3x synthetic data with HMM_GMM (Set 3, Params: {'n_components': 2, 'n_mix': 2, 'covariance_type': 'full'}) ===]
n_iterations: 4
n_required_iterations: 4
n_possible_iterations: 8
min_resources_: 8
max_resources_: 32000
aggressive_elimination: False
factor: 3
----------
iter: 0
n_candidates: 50
n_resources: 8
Fitting 1 folds for each of 50 candidates, totalling 50 fits
Degenerate mixture covariance
Degenerate mixture covariance
Degenerate mixture covariance
Degenerate mixture covariance
Degenerate mixture covariance
Degenerate mixture covariance
Degenerate mixture covariance
Degenerate mixture covariance
Degenerate mixture covariance
Degenerate mixture covariance
Degenerate mixture covariance
Degenerate mixture covariance
Degenerate mixture covariance
Degenerate mixture covariance
Degenerate mixture covariance
Degenerate mixture covariance
Degenerate mixture covariance
Degenerate mixture covariance
Degenerate mixture covariance
Degenerate mixture covariance
Degenerate mixture covariance
Degenerate mixture covariance
Degenerate mixture covariance
Degenerate mixture covariance
Degenerate mixture covariance
Degenerate mixture covariance
Degenerate mixture covariance
Degenerate mixture covariance
Degenerate mixture covariance
Degenerate mixture covariance
Degenerate mixture covariance
Degenerate mixture covariance
Degenerate mixture covariance
Degenerate mixture covariance
Degenerate mixture covariance
Degenerate mixture covariance
Degenerate mixture covariance
Degenerate mixture covariance
Degenerate mixture covariance
Degenerate mixture covariance
Model is not converging.  Current: 21362.3901745685 is not greater than 21519.556824238876. Delta is -157.1666496703765
Model is not converging.  Current: 33786.04577743067 is not greater than 33880.998492447885. Delta is -94.95271501721436
----------
iter: 1
n_candidates: 17
n_resources: 24
Fitting 1 folds for each of 17 candidates, totalling 17 fits
----------
iter: 2
n_candidates: 6
n_resources: 72
Fitting 1 folds for each of 6 candidates, totalling 6 fits
----------
iter: 3
n_candidates: 2
n_resources: 216
Fitting 1 folds for each of 2 candidates, totalling 2 fits
      -> [KNN + HMM_GMM Set 3] Acc: 0.9158, F1: 0.9138, Time: 0.25s
n_iterations: 4
n_required_iterations: 4
n_possible_iterations: 8
min_resources_: 8
max_resources_: 32000
aggressive_elimination: False
factor: 3
----------
iter: 0
n_candidates: 50
n_resources: 8
Fitting 1 folds for each of 50 candidates, totalling 50 fits
----------
iter: 1
n_candidates: 17
n_resources: 24
Fitting 1 folds for each of 17 candidates, totalling 17 fits
----------
iter: 2
n_candidates: 6
n_resources: 72
Fitting 1 folds for each of 6 candidates, totalling 6 fits
----------
iter: 3
n_candidates: 2
n_resources: 216
Fitting 1 folds for each of 2 candidates, totalling 2 fits
      -> [RandomForest + HMM_GMM Set 3] Acc: 0.9287, F1: 0.9267, Time: 1.09s
n_iterations: 4
n_required_iterations: 4
n_possible_iterations: 8
min_resources_: 8
max_resources_: 32000
aggressive_elimination: False
factor: 3
----------
iter: 0
n_candidates: 50
n_resources: 8
Fitting 1 folds for each of 50 candidates, totalling 50 fits
----------
iter: 1
n_candidates: 17
n_resources: 24
Fitting 1 folds for each of 17 candidates, totalling 17 fits
----------
iter: 2
n_candidates: 6
n_resources: 72
Fitting 1 folds for each of 6 candidates, totalling 6 fits
----------
iter: 3
n_candidates: 2
n_resources: 216
Fitting 1 folds for each of 2 candidates, totalling 2 fits
      -> [LinearSVC + HMM_GMM Set 3] Acc: 0.7503, F1: 0.7619, Time: 0.11s
n_iterations: 4
n_required_iterations: 4
n_possible_iterations: 8
min_resources_: 8
max_resources_: 32000
aggressive_elimination: False
factor: 3
----------
iter: 0
n_candidates: 50
n_resources: 8
Fitting 1 folds for each of 50 candidates, totalling 50 fits
----------
iter: 1
n_candidates: 17
n_resources: 24
Fitting 1 folds for each of 17 candidates, totalling 17 fits
----------
iter: 2
n_candidates: 6
n_resources: 72
Fitting 1 folds for each of 6 candidates, totalling 6 fits
----------
iter: 3
n_candidates: 2
n_resources: 216
Fitting 1 folds for each of 2 candidates, totalling 2 fits
      -> [LogisticRegression + HMM_GMM Set 3] Acc: 0.7419, F1: 0.7526, Time: 0.18s
      -> [RNN + HMM_GMM Set 3] Acc: 0.8710, F1: 0.8767, Time: 5.72s
    [=== Generating 3x synthetic data with HMM_GMM (Set 4, Params: {'n_components': 4, 'n_mix': 4, 'covariance_type': 'spherical'}) ===]
n_iterations: 4
n_required_iterations: 4
n_possible_iterations: 8
min_resources_: 8
max_resources_: 32000
aggressive_elimination: False
factor: 3
----------
iter: 0
n_candidates: 50
n_resources: 8
Fitting 1 folds for each of 50 candidates, totalling 50 fits
----------
iter: 1
n_candidates: 17
n_resources: 24
Fitting 1 folds for each of 17 candidates, totalling 17 fits
----------
iter: 2
n_candidates: 6
n_resources: 72
Fitting 1 folds for each of 6 candidates, totalling 6 fits
----------
iter: 3
n_candidates: 2
n_resources: 216
Fitting 1 folds for each of 2 candidates, totalling 2 fits
      -> [KNN + HMM_GMM Set 4] Acc: 0.9171, F1: 0.9155, Time: 0.10s
n_iterations: 4
n_required_iterations: 4
n_possible_iterations: 8
min_resources_: 8
max_resources_: 32000
aggressive_elimination: False
factor: 3
----------
iter: 0
n_candidates: 50
n_resources: 8
Fitting 1 folds for each of 50 candidates, totalling 50 fits
----------
iter: 1
n_candidates: 17
n_resources: 24
Fitting 1 folds for each of 17 candidates, totalling 17 fits
----------
iter: 2
n_candidates: 6
n_resources: 72
Fitting 1 folds for each of 6 candidates, totalling 6 fits
----------
iter: 3
n_candidates: 2
n_resources: 216
Fitting 1 folds for each of 2 candidates, totalling 2 fits
      -> [RandomForest + HMM_GMM Set 4] Acc: 0.9113, F1: 0.9077, Time: 1.12s
n_iterations: 4
n_required_iterations: 4
n_possible_iterations: 8
min_resources_: 8
max_resources_: 32000
aggressive_elimination: False
factor: 3
----------
iter: 0
n_candidates: 50
n_resources: 8
Fitting 1 folds for each of 50 candidates, totalling 50 fits
----------
iter: 1
n_candidates: 17
n_resources: 24
Fitting 1 folds for each of 17 candidates, totalling 17 fits
----------
iter: 2
n_candidates: 6
n_resources: 72
Fitting 1 folds for each of 6 candidates, totalling 6 fits
----------
iter: 3
n_candidates: 2
n_resources: 216
Fitting 1 folds for each of 2 candidates, totalling 2 fits
      -> [LinearSVC + HMM_GMM Set 4] Acc: 0.7532, F1: 0.7583, Time: 0.06s
n_iterations: 4
n_required_iterations: 4
n_possible_iterations: 8
min_resources_: 8
max_resources_: 32000
aggressive_elimination: False
factor: 3
----------
iter: 0
n_candidates: 50
n_resources: 8
Fitting 1 folds for each of 50 candidates, totalling 50 fits
----------
iter: 1
n_candidates: 17
n_resources: 24
Fitting 1 folds for each of 17 candidates, totalling 17 fits
----------
iter: 2
n_candidates: 6
n_resources: 72
Fitting 1 folds for each of 6 candidates, totalling 6 fits
----------
iter: 3
n_candidates: 2
n_resources: 216
Fitting 1 folds for each of 2 candidates, totalling 2 fits
      -> [LogisticRegression + HMM_GMM Set 4] Acc: 0.7606, F1: 0.7610, Time: 0.11s
      -> [RNN + HMM_GMM Set 4] Acc: 0.5484, F1: 0.5329, Time: 5.94s
    [=== Generating 3x synthetic data with HMM_GMM (Set 5, Params: {'n_components': 2, 'n_mix': 4, 'covariance_type': 'spherical'}) ===]
n_iterations: 4
n_required_iterations: 4
n_possible_iterations: 8
min_resources_: 8
max_resources_: 32000
aggressive_elimination: False
factor: 3
----------
iter: 0
n_candidates: 50
n_resources: 8
Fitting 1 folds for each of 50 candidates, totalling 50 fits
----------
iter: 1
n_candidates: 17
n_resources: 24
Fitting 1 folds for each of 17 candidates, totalling 17 fits
----------
iter: 2
n_candidates: 6
n_resources: 72
Fitting 1 folds for each of 6 candidates, totalling 6 fits
----------
iter: 3
n_candidates: 2
n_resources: 216
Fitting 1 folds for each of 2 candidates, totalling 2 fits
      -> [KNN + HMM_GMM Set 5] Acc: 0.9171, F1: 0.9155, Time: 0.10s
n_iterations: 4
n_required_iterations: 4
n_possible_iterations: 8
min_resources_: 8
max_resources_: 32000
aggressive_elimination: False
factor: 3
----------
iter: 0
n_candidates: 50
n_resources: 8
Fitting 1 folds for each of 50 candidates, totalling 50 fits
----------
iter: 1
n_candidates: 17
n_resources: 24
Fitting 1 folds for each of 17 candidates, totalling 17 fits
----------
iter: 2
n_candidates: 6
n_resources: 72
Fitting 1 folds for each of 6 candidates, totalling 6 fits
----------
iter: 3
n_candidates: 2
n_resources: 216
Fitting 1 folds for each of 2 candidates, totalling 2 fits
      -> [RandomForest + HMM_GMM Set 5] Acc: 0.9219, F1: 0.9188, Time: 1.13s
n_iterations: 4
n_required_iterations: 4
n_possible_iterations: 8
min_resources_: 8
max_resources_: 32000
aggressive_elimination: False
factor: 3
----------
iter: 0
n_candidates: 50
n_resources: 8
Fitting 1 folds for each of 50 candidates, totalling 50 fits
----------
iter: 1
n_candidates: 17
n_resources: 24
Fitting 1 folds for each of 17 candidates, totalling 17 fits
----------
iter: 2
n_candidates: 6
n_resources: 72
Fitting 1 folds for each of 6 candidates, totalling 6 fits
----------
iter: 3
n_candidates: 2
n_resources: 216
Fitting 1 folds for each of 2 candidates, totalling 2 fits
      -> [LinearSVC + HMM_GMM Set 5] Acc: 0.7500, F1: 0.7566, Time: 0.12s
n_iterations: 4
n_required_iterations: 4
n_possible_iterations: 8
min_resources_: 8
max_resources_: 32000
aggressive_elimination: False
factor: 3
----------
iter: 0
n_candidates: 50
n_resources: 8
Fitting 1 folds for each of 50 candidates, totalling 50 fits
----------
iter: 1
n_candidates: 17
n_resources: 24
Fitting 1 folds for each of 17 candidates, totalling 17 fits
----------
iter: 2
n_candidates: 6
n_resources: 72
Fitting 1 folds for each of 6 candidates, totalling 6 fits
----------
iter: 3
n_candidates: 2
n_resources: 216
Fitting 1 folds for each of 2 candidates, totalling 2 fits
      -> [LogisticRegression + HMM_GMM Set 5] Acc: 0.7506, F1: 0.7600, Time: 0.18s
      -> [RNN + HMM_GMM Set 5] Acc: 0.9677, F1: 0.9672, Time: 6.38s
    [=== Generating 3x synthetic data with HMM_GMM (Set 6, Params: {'n_components': 2, 'n_mix': 1, 'covariance_type': 'spherical'}) ===]
n_iterations: 4
n_required_iterations: 4
n_possible_iterations: 8
min_resources_: 8
max_resources_: 32000
aggressive_elimination: False
factor: 3
----------
iter: 0
n_candidates: 50
n_resources: 8
Fitting 1 folds for each of 50 candidates, totalling 50 fits
----------
iter: 1
n_candidates: 17
n_resources: 24
Fitting 1 folds for each of 17 candidates, totalling 17 fits
----------
iter: 2
n_candidates: 6
n_resources: 72
Fitting 1 folds for each of 6 candidates, totalling 6 fits
----------
iter: 3
n_candidates: 2
n_resources: 216
Fitting 1 folds for each of 2 candidates, totalling 2 fits
      -> [KNN + HMM_GMM Set 6] Acc: 0.9258, F1: 0.9234, Time: 0.18s
n_iterations: 4
n_required_iterations: 4
n_possible_iterations: 8
min_resources_: 8
max_resources_: 32000
aggressive_elimination: False
factor: 3
----------
iter: 0
n_candidates: 50
n_resources: 8
Fitting 1 folds for each of 50 candidates, totalling 50 fits
----------
iter: 1
n_candidates: 17
n_resources: 24
Fitting 1 folds for each of 17 candidates, totalling 17 fits
----------
iter: 2
n_candidates: 6
n_resources: 72
Fitting 1 folds for each of 6 candidates, totalling 6 fits
----------
iter: 3
n_candidates: 2
n_resources: 216
Fitting 1 folds for each of 2 candidates, totalling 2 fits
      -> [RandomForest + HMM_GMM Set 6] Acc: 0.9081, F1: 0.9047, Time: 3.48s
n_iterations: 4
n_required_iterations: 4
n_possible_iterations: 8
min_resources_: 8
max_resources_: 32000
aggressive_elimination: False
factor: 3
----------
iter: 0
n_candidates: 50
n_resources: 8
Fitting 1 folds for each of 50 candidates, totalling 50 fits
----------
iter: 1
n_candidates: 17
n_resources: 24
Fitting 1 folds for each of 17 candidates, totalling 17 fits
----------
iter: 2
n_candidates: 6
n_resources: 72
Fitting 1 folds for each of 6 candidates, totalling 6 fits
----------
iter: 3
n_candidates: 2
n_resources: 216
Fitting 1 folds for each of 2 candidates, totalling 2 fits
      -> [LinearSVC + HMM_GMM Set 6] Acc: 0.7503, F1: 0.7525, Time: 0.07s
n_iterations: 4
n_required_iterations: 4
n_possible_iterations: 8
min_resources_: 8
max_resources_: 32000
aggressive_elimination: False
factor: 3
----------
iter: 0
n_candidates: 50
n_resources: 8
Fitting 1 folds for each of 50 candidates, totalling 50 fits
----------
iter: 1
n_candidates: 17
n_resources: 24
Fitting 1 folds for each of 17 candidates, totalling 17 fits
----------
iter: 2
n_candidates: 6
n_resources: 72
Fitting 1 folds for each of 6 candidates, totalling 6 fits
----------
iter: 3
n_candidates: 2
n_resources: 216
Fitting 1 folds for each of 2 candidates, totalling 2 fits
      -> [LogisticRegression + HMM_GMM Set 6] Acc: 0.7568, F1: 0.7585, Time: 0.06s
      -> [RNN + HMM_GMM Set 6] Acc: 0.7419, F1: 0.7613, Time: 5.64s
    [=== Generating 3x synthetic data with HMM_GMM (Set 7, Params: {'n_components': 4, 'n_mix': 5, 'covariance_type': 'full'}) ===]
HMM-GMM fitting failed for class AQ_Wines: Covariance of state #1, mixture #3 is not positive definite
HMM-GMM fitting failed for class Ethanol: Covariance of state #3, mixture #0 is not positive definite
HMM-GMM fitting failed for class HQ_Wines: Covariance of state #2, mixture #1 is not positive definite
HMM-GMM fitting failed for class LQ_Wines: Covariance of state #1, mixture #1 is not positive definite
n_iterations: 4
n_required_iterations: 4
n_possible_iterations: 7
min_resources_: 8
max_resources_: 16000
aggressive_elimination: False
factor: 3
----------
iter: 0
n_candidates: 50
n_resources: 8
Fitting 1 folds for each of 50 candidates, totalling 50 fits
Model is not converging.  Current: 36929.63314557523 is not greater than 36965.90037442627. Delta is -36.26722885104391
----------
iter: 1
n_candidates: 17
n_resources: 24
Fitting 1 folds for each of 17 candidates, totalling 17 fits
----------
iter: 2
n_candidates: 6
n_resources: 72
Fitting 1 folds for each of 6 candidates, totalling 6 fits
----------
iter: 3
n_candidates: 2
n_resources: 216
Fitting 1 folds for each of 2 candidates, totalling 2 fits
      -> [KNN + HMM_GMM Set 7] Acc: 0.9258, F1: 0.9237, Time: 0.06s
n_iterations: 4
n_required_iterations: 4
n_possible_iterations: 7
min_resources_: 8
max_resources_: 16000
aggressive_elimination: False
factor: 3
----------
iter: 0
n_candidates: 50
n_resources: 8
Fitting 1 folds for each of 50 candidates, totalling 50 fits
----------
iter: 1
n_candidates: 17
n_resources: 24
Fitting 1 folds for each of 17 candidates, totalling 17 fits
----------
iter: 2
n_candidates: 6
n_resources: 72
Fitting 1 folds for each of 6 candidates, totalling 6 fits
----------
iter: 3
n_candidates: 2
n_resources: 216
Fitting 1 folds for each of 2 candidates, totalling 2 fits
      -> [RandomForest + HMM_GMM Set 7] Acc: 0.9106, F1: 0.9072, Time: 1.97s
n_iterations: 4
n_required_iterations: 4
n_possible_iterations: 7
min_resources_: 8
max_resources_: 16000
aggressive_elimination: False
factor: 3
----------
iter: 0
n_candidates: 50
n_resources: 8
Fitting 1 folds for each of 50 candidates, totalling 50 fits
----------
iter: 1
n_candidates: 17
n_resources: 24
Fitting 1 folds for each of 17 candidates, totalling 17 fits
----------
iter: 2
n_candidates: 6
n_resources: 72
Fitting 1 folds for each of 6 candidates, totalling 6 fits
----------
iter: 3
n_candidates: 2
n_resources: 216
Fitting 1 folds for each of 2 candidates, totalling 2 fits
      -> [LinearSVC + HMM_GMM Set 7] Acc: 0.7574, F1: 0.7689, Time: 0.07s
n_iterations: 4
n_required_iterations: 4
n_possible_iterations: 7
min_resources_: 8
max_resources_: 16000
aggressive_elimination: False
factor: 3
----------
iter: 0
n_candidates: 50
n_resources: 8
Fitting 1 folds for each of 50 candidates, totalling 50 fits
----------
iter: 1
n_candidates: 17
n_resources: 24
Fitting 1 folds for each of 17 candidates, totalling 17 fits
----------
iter: 2
n_candidates: 6
n_resources: 72
Fitting 1 folds for each of 6 candidates, totalling 6 fits
----------
iter: 3
n_candidates: 2
n_resources: 216
Fitting 1 folds for each of 2 candidates, totalling 2 fits
      -> [LogisticRegression + HMM_GMM Set 7] Acc: 0.7613, F1: 0.7736, Time: 0.25s
      -> [RNN + HMM_GMM Set 7] Acc: 0.9677, F1: 0.9672, Time: 2.30s
    [=== Generating 3x synthetic data with HMM_GMM (Set 8, Params: {'n_components': 5, 'n_mix': 5, 'covariance_type': 'full'}) ===]
HMM-GMM fitting failed for class AQ_Wines: Covariance of state #4, mixture #0 is not positive definite
HMM-GMM fitting failed for class Ethanol: Covariance of state #3, mixture #0 is not positive definite
HMM-GMM fitting failed for class HQ_Wines: Covariance of state #3, mixture #2 is not positive definite
HMM-GMM fitting failed for class LQ_Wines: Covariance of state #2, mixture #1 is not positive definite
n_iterations: 4
n_required_iterations: 4
n_possible_iterations: 7
min_resources_: 8
max_resources_: 16000
aggressive_elimination: False
factor: 3
----------
iter: 0
n_candidates: 50
n_resources: 8
Fitting 1 folds for each of 50 candidates, totalling 50 fits
----------
iter: 1
n_candidates: 17
n_resources: 24
Fitting 1 folds for each of 17 candidates, totalling 17 fits
----------
iter: 2
n_candidates: 6
n_resources: 72
Fitting 1 folds for each of 6 candidates, totalling 6 fits
----------
iter: 3
n_candidates: 2
n_resources: 216
Fitting 1 folds for each of 2 candidates, totalling 2 fits
      -> [KNN + HMM_GMM Set 8] Acc: 0.9258, F1: 0.9237, Time: 0.06s
n_iterations: 4
n_required_iterations: 4
n_possible_iterations: 7
min_resources_: 8
max_resources_: 16000
aggressive_elimination: False
factor: 3
----------
iter: 0
n_candidates: 50
n_resources: 8
Fitting 1 folds for each of 50 candidates, totalling 50 fits
----------
iter: 1
n_candidates: 17
n_resources: 24
Fitting 1 folds for each of 17 candidates, totalling 17 fits
----------
iter: 2
n_candidates: 6
n_resources: 72
Fitting 1 folds for each of 6 candidates, totalling 6 fits
----------
iter: 3
n_candidates: 2
n_resources: 216
Fitting 1 folds for each of 2 candidates, totalling 2 fits
      -> [RandomForest + HMM_GMM Set 8] Acc: 0.9106, F1: 0.9072, Time: 1.75s
n_iterations: 4
n_required_iterations: 4
n_possible_iterations: 7
min_resources_: 8
max_resources_: 16000
aggressive_elimination: False
factor: 3
----------
iter: 0
n_candidates: 50
n_resources: 8
Fitting 1 folds for each of 50 candidates, totalling 50 fits
----------
iter: 1
n_candidates: 17
n_resources: 24
Fitting 1 folds for each of 17 candidates, totalling 17 fits
----------
iter: 2
n_candidates: 6
n_resources: 72
Fitting 1 folds for each of 6 candidates, totalling 6 fits
----------
iter: 3
n_candidates: 2
n_resources: 216
Fitting 1 folds for each of 2 candidates, totalling 2 fits
      -> [LinearSVC + HMM_GMM Set 8] Acc: 0.7574, F1: 0.7689, Time: 0.04s
n_iterations: 4
n_required_iterations: 4
n_possible_iterations: 7
min_resources_: 8
max_resources_: 16000
aggressive_elimination: False
factor: 3
----------
iter: 0
n_candidates: 50
n_resources: 8
Fitting 1 folds for each of 50 candidates, totalling 50 fits
----------
iter: 1
n_candidates: 17
n_resources: 24
Fitting 1 folds for each of 17 candidates, totalling 17 fits
----------
iter: 2
n_candidates: 6
n_resources: 72
Fitting 1 folds for each of 6 candidates, totalling 6 fits
----------
iter: 3
n_candidates: 2
n_resources: 216
Fitting 1 folds for each of 2 candidates, totalling 2 fits
      -> [LogisticRegression + HMM_GMM Set 8] Acc: 0.7613, F1: 0.7736, Time: 0.24s
      -> [RNN + HMM_GMM Set 8] Acc: 0.9355, F1: 0.9320, Time: 1.88s
    [=== Generating 3x synthetic data with HMM_GMM (Set 9, Params: {'n_components': 2, 'n_mix': 2, 'covariance_type': 'full'}) ===]
n_iterations: 4
n_required_iterations: 4
n_possible_iterations: 8
min_resources_: 8
max_resources_: 32000
aggressive_elimination: False
factor: 3
----------
iter: 0
n_candidates: 50
n_resources: 8
Fitting 1 folds for each of 50 candidates, totalling 50 fits
----------
iter: 1
n_candidates: 17
n_resources: 24
Fitting 1 folds for each of 17 candidates, totalling 17 fits
----------
iter: 2
n_candidates: 6
n_resources: 72
Fitting 1 folds for each of 6 candidates, totalling 6 fits
----------
iter: 3
n_candidates: 2
n_resources: 216
Fitting 1 folds for each of 2 candidates, totalling 2 fits
      -> [KNN + HMM_GMM Set 9] Acc: 0.9168, F1: 0.9150, Time: 0.21s
n_iterations: 4
n_required_iterations: 4
n_possible_iterations: 8
min_resources_: 8
max_resources_: 32000
aggressive_elimination: False
factor: 3
----------
iter: 0
n_candidates: 50
n_resources: 8
Fitting 1 folds for each of 50 candidates, totalling 50 fits
----------
iter: 1
n_candidates: 17
n_resources: 24
Fitting 1 folds for each of 17 candidates, totalling 17 fits
----------
iter: 2
n_candidates: 6
n_resources: 72
Fitting 1 folds for each of 6 candidates, totalling 6 fits
----------
iter: 3
n_candidates: 2
n_resources: 216
Fitting 1 folds for each of 2 candidates, totalling 2 fits
      -> [RandomForest + HMM_GMM Set 9] Acc: 0.9213, F1: 0.9189, Time: 1.02s
n_iterations: 4
n_required_iterations: 4
n_possible_iterations: 8
min_resources_: 8
max_resources_: 32000
aggressive_elimination: False
factor: 3
----------
iter: 0
n_candidates: 50
n_resources: 8
Fitting 1 folds for each of 50 candidates, totalling 50 fits
----------
iter: 1
n_candidates: 17
n_resources: 24
Fitting 1 folds for each of 17 candidates, totalling 17 fits
----------
iter: 2
n_candidates: 6
n_resources: 72
Fitting 1 folds for each of 6 candidates, totalling 6 fits
----------
iter: 3
n_candidates: 2
n_resources: 216
Fitting 1 folds for each of 2 candidates, totalling 2 fits
      -> [LinearSVC + HMM_GMM Set 9] Acc: 0.7477, F1: 0.7598, Time: 0.11s
n_iterations: 4
n_required_iterations: 4
n_possible_iterations: 8
min_resources_: 8
max_resources_: 32000
aggressive_elimination: False
factor: 3
----------
iter: 0
n_candidates: 50
n_resources: 8
Fitting 1 folds for each of 50 candidates, totalling 50 fits
----------
iter: 1
n_candidates: 17
n_resources: 24
Fitting 1 folds for each of 17 candidates, totalling 17 fits
----------
iter: 2
n_candidates: 6
n_resources: 72
Fitting 1 folds for each of 6 candidates, totalling 6 fits
----------
iter: 3
n_candidates: 2
n_resources: 216
Fitting 1 folds for each of 2 candidates, totalling 2 fits
      -> [LogisticRegression + HMM_GMM Set 9] Acc: 0.7481, F1: 0.7606, Time: 1.10s
      -> [RNN + HMM_GMM Set 9] Acc: 0.9355, F1: 0.9292, Time: 5.21s
    [=== Generating 3x synthetic data with HMM_GMM (Set 10, Params: {'n_components': 2, 'n_mix': 5, 'covariance_type': 'diag'}) ===]
n_iterations: 4
n_required_iterations: 4
n_possible_iterations: 8
min_resources_: 8
max_resources_: 32000
aggressive_elimination: False
factor: 3
----------
iter: 0
n_candidates: 50
n_resources: 8
Fitting 1 folds for each of 50 candidates, totalling 50 fits
----------
iter: 1
n_candidates: 17
n_resources: 24
Fitting 1 folds for each of 17 candidates, totalling 17 fits
----------
iter: 2
n_candidates: 6
n_resources: 72
Fitting 1 folds for each of 6 candidates, totalling 6 fits
----------
iter: 3
n_candidates: 2
n_resources: 216
Fitting 1 folds for each of 2 candidates, totalling 2 fits
      -> [KNN + HMM_GMM Set 10] Acc: 0.9284, F1: 0.9260, Time: 0.13s
n_iterations: 4
n_required_iterations: 4
n_possible_iterations: 8
min_resources_: 8
max_resources_: 32000
aggressive_elimination: False
factor: 3
----------
iter: 0
n_candidates: 50
n_resources: 8
Fitting 1 folds for each of 50 candidates, totalling 50 fits
----------
iter: 1
n_candidates: 17
n_resources: 24
Fitting 1 folds for each of 17 candidates, totalling 17 fits
----------
iter: 2
n_candidates: 6
n_resources: 72
Fitting 1 folds for each of 6 candidates, totalling 6 fits
----------
iter: 3
n_candidates: 2
n_resources: 216
Fitting 1 folds for each of 2 candidates, totalling 2 fits
      -> [RandomForest + HMM_GMM Set 10] Acc: 0.9142, F1: 0.9105, Time: 2.98s
n_iterations: 4
n_required_iterations: 4
n_possible_iterations: 8
min_resources_: 8
max_resources_: 32000
aggressive_elimination: False
factor: 3
----------
iter: 0
n_candidates: 50
n_resources: 8
Fitting 1 folds for each of 50 candidates, totalling 50 fits
----------
iter: 1
n_candidates: 17
n_resources: 24
Fitting 1 folds for each of 17 candidates, totalling 17 fits
----------
iter: 2
n_candidates: 6
n_resources: 72
Fitting 1 folds for each of 6 candidates, totalling 6 fits
----------
iter: 3
n_candidates: 2
n_resources: 216
Fitting 1 folds for each of 2 candidates, totalling 2 fits
      -> [LinearSVC + HMM_GMM Set 10] Acc: 0.7435, F1: 0.7545, Time: 0.08s
n_iterations: 4
n_required_iterations: 4
n_possible_iterations: 8
min_resources_: 8
max_resources_: 32000
aggressive_elimination: False
factor: 3
----------
iter: 0
n_candidates: 50
n_resources: 8
Fitting 1 folds for each of 50 candidates, totalling 50 fits
----------
iter: 1
n_candidates: 17
n_resources: 24
Fitting 1 folds for each of 17 candidates, totalling 17 fits
----------
iter: 2
n_candidates: 6
n_resources: 72
Fitting 1 folds for each of 6 candidates, totalling 6 fits
----------
iter: 3
n_candidates: 2
n_resources: 216
Fitting 1 folds for each of 2 candidates, totalling 2 fits
      -> [LogisticRegression + HMM_GMM Set 10] Acc: 0.7487, F1: 0.7594, Time: 0.19s
      -> [RNN + HMM_GMM Set 10] Acc: 0.4194, F1: 0.4115, Time: 5.30s
    [=== Generating 5x synthetic data with HMM_GMM (Set 1, Params: {'n_components': 1, 'n_mix': 4, 'covariance_type': 'spherical'}) ===]
n_iterations: 4
n_required_iterations: 4
n_possible_iterations: 8
min_resources_: 8
max_resources_: 48000
aggressive_elimination: False
factor: 3
----------
iter: 0
n_candidates: 50
n_resources: 8
Fitting 1 folds for each of 50 candidates, totalling 50 fits
----------
iter: 1
n_candidates: 17
n_resources: 24
Fitting 1 folds for each of 17 candidates, totalling 17 fits
----------
iter: 2
n_candidates: 6
n_resources: 72
Fitting 1 folds for each of 6 candidates, totalling 6 fits
----------
iter: 3
n_candidates: 2
n_resources: 216
Fitting 1 folds for each of 2 candidates, totalling 2 fits
      -> [KNN + HMM_GMM Set 1] Acc: 0.9171, F1: 0.9155, Time: 0.12s
n_iterations: 4
n_required_iterations: 4
n_possible_iterations: 8
min_resources_: 8
max_resources_: 48000
aggressive_elimination: False
factor: 3
----------
iter: 0
n_candidates: 50
n_resources: 8
Fitting 1 folds for each of 50 candidates, totalling 50 fits
----------
iter: 1
n_candidates: 17
n_resources: 24
Fitting 1 folds for each of 17 candidates, totalling 17 fits
----------
iter: 2
n_candidates: 6
n_resources: 72
Fitting 1 folds for each of 6 candidates, totalling 6 fits
----------
iter: 3
n_candidates: 2
n_resources: 216
Fitting 1 folds for each of 2 candidates, totalling 2 fits
      -> [RandomForest + HMM_GMM Set 1] Acc: 0.9077, F1: 0.9039, Time: 1.35s
n_iterations: 4
n_required_iterations: 4
n_possible_iterations: 8
min_resources_: 8
max_resources_: 48000
aggressive_elimination: False
factor: 3
----------
iter: 0
n_candidates: 50
n_resources: 8
Fitting 1 folds for each of 50 candidates, totalling 50 fits
----------
iter: 1
n_candidates: 17
n_resources: 24
Fitting 1 folds for each of 17 candidates, totalling 17 fits
----------
iter: 2
n_candidates: 6
n_resources: 72
Fitting 1 folds for each of 6 candidates, totalling 6 fits
----------
iter: 3
n_candidates: 2
n_resources: 216
Fitting 1 folds for each of 2 candidates, totalling 2 fits
      -> [LinearSVC + HMM_GMM Set 1] Acc: 0.7510, F1: 0.7592, Time: 0.41s
n_iterations: 4
n_required_iterations: 4
n_possible_iterations: 8
min_resources_: 8
max_resources_: 48000
aggressive_elimination: False
factor: 3
----------
iter: 0
n_candidates: 50
n_resources: 8
Fitting 1 folds for each of 50 candidates, totalling 50 fits
----------
iter: 1
n_candidates: 17
n_resources: 24
Fitting 1 folds for each of 17 candidates, totalling 17 fits
----------
iter: 2
n_candidates: 6
n_resources: 72
Fitting 1 folds for each of 6 candidates, totalling 6 fits
----------
iter: 3
n_candidates: 2
n_resources: 216
Fitting 1 folds for each of 2 candidates, totalling 2 fits
      -> [LogisticRegression + HMM_GMM Set 1] Acc: 0.7461, F1: 0.7576, Time: 1.07s
      -> [RNN + HMM_GMM Set 1] Acc: 0.6129, F1: 0.6375, Time: 9.00s
    [=== Generating 5x synthetic data with HMM_GMM (Set 2, Params: {'n_components': 4, 'n_mix': 2, 'covariance_type': 'tied'}) ===]
n_iterations: 4
n_required_iterations: 4
n_possible_iterations: 8
min_resources_: 8
max_resources_: 48000
aggressive_elimination: False
factor: 3
----------
iter: 0
n_candidates: 50
n_resources: 8
Fitting 1 folds for each of 50 candidates, totalling 50 fits
----------
iter: 1
n_candidates: 17
n_resources: 24
Fitting 1 folds for each of 17 candidates, totalling 17 fits
----------
iter: 2
n_candidates: 6
n_resources: 72
Fitting 1 folds for each of 6 candidates, totalling 6 fits
----------
iter: 3
n_candidates: 2
n_resources: 216
Fitting 1 folds for each of 2 candidates, totalling 2 fits
      -> [KNN + HMM_GMM Set 2] Acc: 0.9200, F1: 0.9179, Time: 0.38s
n_iterations: 4
n_required_iterations: 4
n_possible_iterations: 8
min_resources_: 8
max_resources_: 48000
aggressive_elimination: False
factor: 3
----------
iter: 0
n_candidates: 50
n_resources: 8
Fitting 1 folds for each of 50 candidates, totalling 50 fits
----------
iter: 1
n_candidates: 17
n_resources: 24
Fitting 1 folds for each of 17 candidates, totalling 17 fits
----------
iter: 2
n_candidates: 6
n_resources: 72
Fitting 1 folds for each of 6 candidates, totalling 6 fits
----------
iter: 3
n_candidates: 2
n_resources: 216
Fitting 1 folds for each of 2 candidates, totalling 2 fits
      -> [RandomForest + HMM_GMM Set 2] Acc: 0.9235, F1: 0.9200, Time: 4.25s
n_iterations: 4
n_required_iterations: 4
n_possible_iterations: 8
min_resources_: 8
max_resources_: 48000
aggressive_elimination: False
factor: 3
----------
iter: 0
n_candidates: 50
n_resources: 8
Fitting 1 folds for each of 50 candidates, totalling 50 fits
----------
iter: 1
n_candidates: 17
n_resources: 24
Fitting 1 folds for each of 17 candidates, totalling 17 fits
----------
iter: 2
n_candidates: 6
n_resources: 72
Fitting 1 folds for each of 6 candidates, totalling 6 fits
----------
iter: 3
n_candidates: 2
n_resources: 216
Fitting 1 folds for each of 2 candidates, totalling 2 fits
      -> [LinearSVC + HMM_GMM Set 2] Acc: 0.7465, F1: 0.7571, Time: 0.61s
n_iterations: 4
n_required_iterations: 4
n_possible_iterations: 8
min_resources_: 8
max_resources_: 48000
aggressive_elimination: False
factor: 3
----------
iter: 0
n_candidates: 50
n_resources: 8
Fitting 1 folds for each of 50 candidates, totalling 50 fits
----------
iter: 1
n_candidates: 17
n_resources: 24
Fitting 1 folds for each of 17 candidates, totalling 17 fits
----------
iter: 2
n_candidates: 6
n_resources: 72
Fitting 1 folds for each of 6 candidates, totalling 6 fits
----------
iter: 3
n_candidates: 2
n_resources: 216
Fitting 1 folds for each of 2 candidates, totalling 2 fits
      -> [LogisticRegression + HMM_GMM Set 2] Acc: 0.7568, F1: 0.7693, Time: 3.39s
      -> [RNN + HMM_GMM Set 2] Acc: 0.4516, F1: 0.3623, Time: 10.47s
    [=== Generating 5x synthetic data with HMM_GMM (Set 3, Params: {'n_components': 2, 'n_mix': 2, 'covariance_type': 'full'}) ===]
n_iterations: 4
n_required_iterations: 4
n_possible_iterations: 8
min_resources_: 8
max_resources_: 48000
aggressive_elimination: False
factor: 3
----------
iter: 0
n_candidates: 50
n_resources: 8
Fitting 1 folds for each of 50 candidates, totalling 50 fits
Degenerate mixture covariance
Degenerate mixture covariance
Degenerate mixture covariance
Degenerate mixture covariance
Degenerate mixture covariance
Degenerate mixture covariance
Degenerate mixture covariance
Degenerate mixture covariance
Degenerate mixture covariance
Degenerate mixture covariance
Degenerate mixture covariance
Degenerate mixture covariance
Degenerate mixture covariance
Degenerate mixture covariance
Degenerate mixture covariance
Degenerate mixture covariance
Degenerate mixture covariance
Degenerate mixture covariance
Degenerate mixture covariance
Degenerate mixture covariance
Degenerate mixture covariance
Degenerate mixture covariance
Degenerate mixture covariance
Degenerate mixture covariance
Degenerate mixture covariance
Degenerate mixture covariance
Degenerate mixture covariance
Degenerate mixture covariance
Degenerate mixture covariance
Degenerate mixture covariance
Degenerate mixture covariance
Degenerate mixture covariance
Degenerate mixture covariance
Degenerate mixture covariance
Degenerate mixture covariance
Degenerate mixture covariance
Degenerate mixture covariance
Degenerate mixture covariance
Degenerate mixture covariance
Degenerate mixture covariance
Degenerate mixture covariance
Degenerate mixture covariance
Degenerate mixture covariance
Degenerate mixture covariance
Degenerate mixture covariance
Degenerate mixture covariance
Degenerate mixture covariance
Degenerate mixture covariance
Degenerate mixture covariance
Degenerate mixture covariance
Degenerate mixture covariance
Degenerate mixture covariance
Degenerate mixture covariance
Degenerate mixture covariance
Degenerate mixture covariance
Degenerate mixture covariance
Degenerate mixture covariance
Degenerate mixture covariance
Degenerate mixture covariance
Degenerate mixture covariance
Degenerate mixture covariance
Degenerate mixture covariance
Degenerate mixture covariance
Degenerate mixture covariance
Degenerate mixture covariance
Degenerate mixture covariance
Degenerate mixture covariance
Degenerate mixture covariance
Degenerate mixture covariance
Degenerate mixture covariance
Degenerate mixture covariance
Degenerate mixture covariance
Degenerate mixture covariance
Degenerate mixture covariance
Degenerate mixture covariance
Degenerate mixture covariance
Degenerate mixture covariance
Degenerate mixture covariance
Degenerate mixture covariance
Degenerate mixture covariance
Model is not converging.  Current: 21399.65274245766 is not greater than 21559.627760248368. Delta is -159.97501779070808
Model is not converging.  Current: 33335.76938119138 is not greater than 33352.23555927734. Delta is -16.466178085960564
Model is not converging.  Current: 56203.99852010829 is not greater than 56268.71986187265. Delta is -64.72134176435793
Model is not converging.  Current: 36941.7564492985 is not greater than 36983.455016276195. Delta is -41.69856697769865
----------
iter: 1
n_candidates: 17
n_resources: 24
Fitting 1 folds for each of 17 candidates, totalling 17 fits
----------
iter: 2
n_candidates: 6
n_resources: 72
Fitting 1 folds for each of 6 candidates, totalling 6 fits
----------
iter: 3
n_candidates: 2
n_resources: 216
Fitting 1 folds for each of 2 candidates, totalling 2 fits
      -> [KNN + HMM_GMM Set 3] Acc: 0.9168, F1: 0.9151, Time: 0.14s
n_iterations: 4
n_required_iterations: 4
n_possible_iterations: 8
min_resources_: 8
max_resources_: 48000
aggressive_elimination: False
factor: 3
----------
iter: 0
n_candidates: 50
n_resources: 8
Fitting 1 folds for each of 50 candidates, totalling 50 fits
----------
iter: 1
n_candidates: 17
n_resources: 24
Fitting 1 folds for each of 17 candidates, totalling 17 fits
----------
iter: 2
n_candidates: 6
n_resources: 72
Fitting 1 folds for each of 6 candidates, totalling 6 fits
----------
iter: 3
n_candidates: 2
n_resources: 216
Fitting 1 folds for each of 2 candidates, totalling 2 fits
      -> [RandomForest + HMM_GMM Set 3] Acc: 0.9219, F1: 0.9193, Time: 1.48s
n_iterations: 4
n_required_iterations: 4
n_possible_iterations: 8
min_resources_: 8
max_resources_: 48000
aggressive_elimination: False
factor: 3
----------
iter: 0
n_candidates: 50
n_resources: 8
Fitting 1 folds for each of 50 candidates, totalling 50 fits
----------
iter: 1
n_candidates: 17
n_resources: 24
Fitting 1 folds for each of 17 candidates, totalling 17 fits
----------
iter: 2
n_candidates: 6
n_resources: 72
Fitting 1 folds for each of 6 candidates, totalling 6 fits
----------
iter: 3
n_candidates: 2
n_resources: 216
Fitting 1 folds for each of 2 candidates, totalling 2 fits
      -> [LinearSVC + HMM_GMM Set 3] Acc: 0.7355, F1: 0.7476, Time: 0.14s
n_iterations: 4
n_required_iterations: 4
n_possible_iterations: 8
min_resources_: 8
max_resources_: 48000
aggressive_elimination: False
factor: 3
----------
iter: 0
n_candidates: 50
n_resources: 8
Fitting 1 folds for each of 50 candidates, totalling 50 fits
----------
iter: 1
n_candidates: 17
n_resources: 24
Fitting 1 folds for each of 17 candidates, totalling 17 fits
----------
iter: 2
n_candidates: 6
n_resources: 72
Fitting 1 folds for each of 6 candidates, totalling 6 fits
----------
iter: 3
n_candidates: 2
n_resources: 216
Fitting 1 folds for each of 2 candidates, totalling 2 fits
      -> [LogisticRegression + HMM_GMM Set 3] Acc: 0.7377, F1: 0.7506, Time: 1.28s
      -> [RNN + HMM_GMM Set 3] Acc: 1.0000, F1: 1.0000, Time: 9.00s
    [=== Generating 5x synthetic data with HMM_GMM (Set 4, Params: {'n_components': 4, 'n_mix': 4, 'covariance_type': 'spherical'}) ===]
n_iterations: 4
n_required_iterations: 4
n_possible_iterations: 8
min_resources_: 8
max_resources_: 48000
aggressive_elimination: False
factor: 3
----------
iter: 0
n_candidates: 50
n_resources: 8
Fitting 1 folds for each of 50 candidates, totalling 50 fits
----------
iter: 1
n_candidates: 17
n_resources: 24
Fitting 1 folds for each of 17 candidates, totalling 17 fits
----------
iter: 2
n_candidates: 6
n_resources: 72
Fitting 1 folds for each of 6 candidates, totalling 6 fits
----------
iter: 3
n_candidates: 2
n_resources: 216
Fitting 1 folds for each of 2 candidates, totalling 2 fits
      -> [KNN + HMM_GMM Set 4] Acc: 0.9184, F1: 0.9165, Time: 0.31s
n_iterations: 4
n_required_iterations: 4
n_possible_iterations: 8
min_resources_: 8
max_resources_: 48000
aggressive_elimination: False
factor: 3
----------
iter: 0
n_candidates: 50
n_resources: 8
Fitting 1 folds for each of 50 candidates, totalling 50 fits
----------
iter: 1
n_candidates: 17
n_resources: 24
Fitting 1 folds for each of 17 candidates, totalling 17 fits
----------
iter: 2
n_candidates: 6
n_resources: 72
Fitting 1 folds for each of 6 candidates, totalling 6 fits
----------
iter: 3
n_candidates: 2
n_resources: 216
Fitting 1 folds for each of 2 candidates, totalling 2 fits
      -> [RandomForest + HMM_GMM Set 4] Acc: 0.9106, F1: 0.9074, Time: 1.71s
n_iterations: 4
n_required_iterations: 4
n_possible_iterations: 8
min_resources_: 8
max_resources_: 48000
aggressive_elimination: False
factor: 3
----------
iter: 0
n_candidates: 50
n_resources: 8
Fitting 1 folds for each of 50 candidates, totalling 50 fits
----------
iter: 1
n_candidates: 17
n_resources: 24
Fitting 1 folds for each of 17 candidates, totalling 17 fits
----------
iter: 2
n_candidates: 6
n_resources: 72
Fitting 1 folds for each of 6 candidates, totalling 6 fits
----------
iter: 3
n_candidates: 2
n_resources: 216
Fitting 1 folds for each of 2 candidates, totalling 2 fits
      -> [LinearSVC + HMM_GMM Set 4] Acc: 0.7465, F1: 0.7563, Time: 0.41s
n_iterations: 4
n_required_iterations: 4
n_possible_iterations: 8
min_resources_: 8
max_resources_: 48000
aggressive_elimination: False
factor: 3
----------
iter: 0
n_candidates: 50
n_resources: 8
Fitting 1 folds for each of 50 candidates, totalling 50 fits
----------
iter: 1
n_candidates: 17
n_resources: 24
Fitting 1 folds for each of 17 candidates, totalling 17 fits
----------
iter: 2
n_candidates: 6
n_resources: 72
Fitting 1 folds for each of 6 candidates, totalling 6 fits
----------
iter: 3
n_candidates: 2
n_resources: 216
Fitting 1 folds for each of 2 candidates, totalling 2 fits
      -> [LogisticRegression + HMM_GMM Set 4] Acc: 0.7916, F1: 0.7973, Time: 1.36s
      -> [RNN + HMM_GMM Set 4] Acc: 0.9355, F1: 0.9320, Time: 9.35s
    [=== Generating 5x synthetic data with HMM_GMM (Set 5, Params: {'n_components': 2, 'n_mix': 4, 'covariance_type': 'spherical'}) ===]
n_iterations: 4
n_required_iterations: 4
n_possible_iterations: 8
min_resources_: 8
max_resources_: 48000
aggressive_elimination: False
factor: 3
----------
iter: 0
n_candidates: 50
n_resources: 8
Fitting 1 folds for each of 50 candidates, totalling 50 fits
----------
iter: 1
n_candidates: 17
n_resources: 24
Fitting 1 folds for each of 17 candidates, totalling 17 fits
----------
iter: 2
n_candidates: 6
n_resources: 72
Fitting 1 folds for each of 6 candidates, totalling 6 fits
----------
iter: 3
n_candidates: 2
n_resources: 216
Fitting 1 folds for each of 2 candidates, totalling 2 fits
      -> [KNN + HMM_GMM Set 5] Acc: 0.9171, F1: 0.9155, Time: 0.24s
n_iterations: 4
n_required_iterations: 4
n_possible_iterations: 8
min_resources_: 8
max_resources_: 48000
aggressive_elimination: False
factor: 3
----------
iter: 0
n_candidates: 50
n_resources: 8
Fitting 1 folds for each of 50 candidates, totalling 50 fits
----------
iter: 1
n_candidates: 17
n_resources: 24
Fitting 1 folds for each of 17 candidates, totalling 17 fits
----------
iter: 2
n_candidates: 6
n_resources: 72
Fitting 1 folds for each of 6 candidates, totalling 6 fits
----------
iter: 3
n_candidates: 2
n_resources: 216
Fitting 1 folds for each of 2 candidates, totalling 2 fits
      -> [RandomForest + HMM_GMM Set 5] Acc: 0.8345, F1: 0.8377, Time: 1.12s
n_iterations: 4
n_required_iterations: 4
n_possible_iterations: 8
min_resources_: 8
max_resources_: 48000
aggressive_elimination: False
factor: 3
----------
iter: 0
n_candidates: 50
n_resources: 8
Fitting 1 folds for each of 50 candidates, totalling 50 fits
----------
iter: 1
n_candidates: 17
n_resources: 24
Fitting 1 folds for each of 17 candidates, totalling 17 fits
----------
iter: 2
n_candidates: 6
n_resources: 72
Fitting 1 folds for each of 6 candidates, totalling 6 fits
----------
iter: 3
n_candidates: 2
n_resources: 216
Fitting 1 folds for each of 2 candidates, totalling 2 fits
      -> [LinearSVC + HMM_GMM Set 5] Acc: 0.7471, F1: 0.7573, Time: 0.40s
n_iterations: 4
n_required_iterations: 4
n_possible_iterations: 8
min_resources_: 8
max_resources_: 48000
aggressive_elimination: False
factor: 3
----------
iter: 0
n_candidates: 50
n_resources: 8
Fitting 1 folds for each of 50 candidates, totalling 50 fits
----------
iter: 1
n_candidates: 17
n_resources: 24
Fitting 1 folds for each of 17 candidates, totalling 17 fits
----------
iter: 2
n_candidates: 6
n_resources: 72
Fitting 1 folds for each of 6 candidates, totalling 6 fits
----------
iter: 3
n_candidates: 2
n_resources: 216
Fitting 1 folds for each of 2 candidates, totalling 2 fits
      -> [LogisticRegression + HMM_GMM Set 5] Acc: 0.7529, F1: 0.7644, Time: 1.21s
      -> [RNN + HMM_GMM Set 5] Acc: 0.7419, F1: 0.7622, Time: 8.77s
    [=== Generating 5x synthetic data with HMM_GMM (Set 6, Params: {'n_components': 2, 'n_mix': 1, 'covariance_type': 'spherical'}) ===]
n_iterations: 4
n_required_iterations: 4
n_possible_iterations: 8
min_resources_: 8
max_resources_: 48000
aggressive_elimination: False
factor: 3
----------
iter: 0
n_candidates: 50
n_resources: 8
Fitting 1 folds for each of 50 candidates, totalling 50 fits
----------
iter: 1
n_candidates: 17
n_resources: 24
Fitting 1 folds for each of 17 candidates, totalling 17 fits
----------
iter: 2
n_candidates: 6
n_resources: 72
Fitting 1 folds for each of 6 candidates, totalling 6 fits
----------
iter: 3
n_candidates: 2
n_resources: 216
Fitting 1 folds for each of 2 candidates, totalling 2 fits
      -> [KNN + HMM_GMM Set 6] Acc: 0.9171, F1: 0.9155, Time: 0.11s
n_iterations: 4
n_required_iterations: 4
n_possible_iterations: 8
min_resources_: 8
max_resources_: 48000
aggressive_elimination: False
factor: 3
----------
iter: 0
n_candidates: 50
n_resources: 8
Fitting 1 folds for each of 50 candidates, totalling 50 fits
----------
iter: 1
n_candidates: 17
n_resources: 24
Fitting 1 folds for each of 17 candidates, totalling 17 fits
----------
iter: 2
n_candidates: 6
n_resources: 72
Fitting 1 folds for each of 6 candidates, totalling 6 fits
----------
iter: 3
n_candidates: 2
n_resources: 216
Fitting 1 folds for each of 2 candidates, totalling 2 fits
      -> [RandomForest + HMM_GMM Set 6] Acc: 0.9113, F1: 0.9076, Time: 4.14s
n_iterations: 4
n_required_iterations: 4
n_possible_iterations: 8
min_resources_: 8
max_resources_: 48000
aggressive_elimination: False
factor: 3
----------
iter: 0
n_candidates: 50
n_resources: 8
Fitting 1 folds for each of 50 candidates, totalling 50 fits
----------
iter: 1
n_candidates: 17
n_resources: 24
Fitting 1 folds for each of 17 candidates, totalling 17 fits
----------
iter: 2
n_candidates: 6
n_resources: 72
Fitting 1 folds for each of 6 candidates, totalling 6 fits
----------
iter: 3
n_candidates: 2
n_resources: 216
Fitting 1 folds for each of 2 candidates, totalling 2 fits
      -> [LinearSVC + HMM_GMM Set 6] Acc: 0.7481, F1: 0.7471, Time: 0.12s
n_iterations: 4
n_required_iterations: 4
n_possible_iterations: 8
min_resources_: 8
max_resources_: 48000
aggressive_elimination: False
factor: 3
----------
iter: 0
n_candidates: 50
n_resources: 8
Fitting 1 folds for each of 50 candidates, totalling 50 fits
----------
iter: 1
n_candidates: 17
n_resources: 24
Fitting 1 folds for each of 17 candidates, totalling 17 fits
----------
iter: 2
n_candidates: 6
n_resources: 72
Fitting 1 folds for each of 6 candidates, totalling 6 fits
----------
iter: 3
n_candidates: 2
n_resources: 216
Fitting 1 folds for each of 2 candidates, totalling 2 fits
      -> [LogisticRegression + HMM_GMM Set 6] Acc: 0.7568, F1: 0.7566, Time: 0.15s
      -> [RNN + HMM_GMM Set 6] Acc: 0.8710, F1: 0.8799, Time: 2.15s
    [=== Generating 5x synthetic data with HMM_GMM (Set 7, Params: {'n_components': 4, 'n_mix': 5, 'covariance_type': 'full'}) ===]
HMM-GMM fitting failed for class AQ_Wines: Covariance of state #1, mixture #3 is not positive definite
HMM-GMM fitting failed for class Ethanol: Covariance of state #3, mixture #0 is not positive definite
HMM-GMM fitting failed for class HQ_Wines: Covariance of state #2, mixture #1 is not positive definite
HMM-GMM fitting failed for class LQ_Wines: Covariance of state #1, mixture #1 is not positive definite
n_iterations: 4
n_required_iterations: 4
n_possible_iterations: 7
min_resources_: 8
max_resources_: 16000
aggressive_elimination: False
factor: 3
----------
iter: 0
n_candidates: 50
n_resources: 8
Fitting 1 folds for each of 50 candidates, totalling 50 fits
----------
iter: 1
n_candidates: 17
n_resources: 24
Fitting 1 folds for each of 17 candidates, totalling 17 fits
----------
iter: 2
n_candidates: 6
n_resources: 72
Fitting 1 folds for each of 6 candidates, totalling 6 fits
----------
iter: 3
n_candidates: 2
n_resources: 216
Fitting 1 folds for each of 2 candidates, totalling 2 fits
      -> [KNN + HMM_GMM Set 7] Acc: 0.9258, F1: 0.9237, Time: 0.05s
n_iterations: 4
n_required_iterations: 4
n_possible_iterations: 7
min_resources_: 8
max_resources_: 16000
aggressive_elimination: False
factor: 3
----------
iter: 0
n_candidates: 50
n_resources: 8
Fitting 1 folds for each of 50 candidates, totalling 50 fits
----------
iter: 1
n_candidates: 17
n_resources: 24
Fitting 1 folds for each of 17 candidates, totalling 17 fits
----------
iter: 2
n_candidates: 6
n_resources: 72
Fitting 1 folds for each of 6 candidates, totalling 6 fits
----------
iter: 3
n_candidates: 2
n_resources: 216
Fitting 1 folds for each of 2 candidates, totalling 2 fits
      -> [RandomForest + HMM_GMM Set 7] Acc: 0.9106, F1: 0.9072, Time: 3.42s
n_iterations: 4
n_required_iterations: 4
n_possible_iterations: 7
min_resources_: 8
max_resources_: 16000
aggressive_elimination: False
factor: 3
----------
iter: 0
n_candidates: 50
n_resources: 8
Fitting 1 folds for each of 50 candidates, totalling 50 fits
----------
iter: 1
n_candidates: 17
n_resources: 24
Fitting 1 folds for each of 17 candidates, totalling 17 fits
----------
iter: 2
n_candidates: 6
n_resources: 72
Fitting 1 folds for each of 6 candidates, totalling 6 fits
----------
iter: 3
n_candidates: 2
n_resources: 216
Fitting 1 folds for each of 2 candidates, totalling 2 fits
      -> [LinearSVC + HMM_GMM Set 7] Acc: 0.7574, F1: 0.7689, Time: 0.07s
n_iterations: 4
n_required_iterations: 4
n_possible_iterations: 7
min_resources_: 8
max_resources_: 16000
aggressive_elimination: False
factor: 3
----------
iter: 0
n_candidates: 50
n_resources: 8
Fitting 1 folds for each of 50 candidates, totalling 50 fits
----------
iter: 1
n_candidates: 17
n_resources: 24
Fitting 1 folds for each of 17 candidates, totalling 17 fits
----------
iter: 2
n_candidates: 6
n_resources: 72
Fitting 1 folds for each of 6 candidates, totalling 6 fits
----------
iter: 3
n_candidates: 2
n_resources: 216
Fitting 1 folds for each of 2 candidates, totalling 2 fits
      -> [LogisticRegression + HMM_GMM Set 7] Acc: 0.7613, F1: 0.7736, Time: 0.51s
      -> [RNN + HMM_GMM Set 7] Acc: 0.9355, F1: 0.9292, Time: 2.70s
    [=== Generating 5x synthetic data with HMM_GMM (Set 8, Params: {'n_components': 5, 'n_mix': 5, 'covariance_type': 'full'}) ===]
HMM-GMM fitting failed for class AQ_Wines: Covariance of state #4, mixture #0 is not positive definite
HMM-GMM fitting failed for class Ethanol: Covariance of state #3, mixture #0 is not positive definite
HMM-GMM fitting failed for class HQ_Wines: Covariance of state #2, mixture #1 is not positive definite
HMM-GMM fitting failed for class LQ_Wines: Covariance of state #2, mixture #1 is not positive definite
n_iterations: 4
n_required_iterations: 4
n_possible_iterations: 7
min_resources_: 8
max_resources_: 16000
aggressive_elimination: False
factor: 3
----------
iter: 0
n_candidates: 50
n_resources: 8
Fitting 1 folds for each of 50 candidates, totalling 50 fits
Degenerate mixture covariance
Degenerate mixture covariance
Degenerate mixture covariance
Degenerate mixture covariance
Degenerate mixture covariance
Degenerate mixture covariance
Degenerate mixture covariance
Degenerate mixture covariance
Degenerate mixture covariance
Degenerate mixture covariance
Degenerate mixture covariance
Degenerate mixture covariance
Degenerate mixture covariance
Degenerate mixture covariance
Degenerate mixture covariance
Degenerate mixture covariance
Degenerate mixture covariance
Degenerate mixture covariance
Degenerate mixture covariance
Degenerate mixture covariance
Degenerate mixture covariance
Degenerate mixture covariance
Degenerate mixture covariance
Degenerate mixture covariance
Degenerate mixture covariance
Degenerate mixture covariance
Degenerate mixture covariance
Degenerate mixture covariance
Degenerate mixture covariance
Degenerate mixture covariance
Degenerate mixture covariance
Degenerate mixture covariance
Degenerate mixture covariance
Degenerate mixture covariance
Degenerate mixture covariance
Degenerate mixture covariance
Degenerate mixture covariance
Degenerate mixture covariance
Degenerate mixture covariance
Degenerate mixture covariance
Degenerate mixture covariance
Degenerate mixture covariance
Degenerate mixture covariance
Degenerate mixture covariance
Degenerate mixture covariance
Degenerate mixture covariance
Degenerate mixture covariance
Degenerate mixture covariance
Degenerate mixture covariance
Degenerate mixture covariance
Degenerate mixture covariance
Degenerate mixture covariance
Degenerate mixture covariance
Degenerate mixture covariance
Degenerate mixture covariance
Degenerate mixture covariance
Degenerate mixture covariance
Degenerate mixture covariance
Degenerate mixture covariance
Degenerate mixture covariance
Degenerate mixture covariance
Degenerate mixture covariance
Degenerate mixture covariance
Degenerate mixture covariance
Degenerate mixture covariance
Degenerate mixture covariance
Degenerate mixture covariance
Degenerate mixture covariance
Degenerate mixture covariance
Degenerate mixture covariance
Degenerate mixture covariance
Degenerate mixture covariance
Degenerate mixture covariance
Degenerate mixture covariance
Degenerate mixture covariance
Degenerate mixture covariance
Degenerate mixture covariance
Degenerate mixture covariance
Degenerate mixture covariance
Degenerate mixture covariance
Degenerate mixture covariance
Degenerate mixture covariance
Degenerate mixture covariance
Degenerate mixture covariance
Degenerate mixture covariance
Degenerate mixture covariance
Degenerate mixture covariance
Degenerate mixture covariance
Degenerate mixture covariance
Degenerate mixture covariance
Degenerate mixture covariance
Degenerate mixture covariance
Degenerate mixture covariance
Degenerate mixture covariance
Degenerate mixture covariance
Degenerate mixture covariance
Degenerate mixture covariance
Degenerate mixture covariance
Degenerate mixture covariance
Degenerate mixture covariance
Degenerate mixture covariance
Degenerate mixture covariance
Degenerate mixture covariance
Degenerate mixture covariance
Degenerate mixture covariance
Degenerate mixture covariance
Degenerate mixture covariance
Degenerate mixture covariance
Degenerate mixture covariance
Degenerate mixture covariance
Degenerate mixture covariance
Degenerate mixture covariance
Degenerate mixture covariance
Degenerate mixture covariance
Degenerate mixture covariance
Degenerate mixture covariance
Degenerate mixture covariance
Degenerate mixture covariance
Degenerate mixture covariance
Degenerate mixture covariance
Degenerate mixture covariance
Degenerate mixture covariance
Degenerate mixture covariance
Degenerate mixture covariance
Degenerate mixture covariance
Degenerate mixture covariance
Degenerate mixture covariance
Degenerate mixture covariance
Degenerate mixture covariance
Degenerate mixture covariance
Degenerate mixture covariance
Degenerate mixture covariance
Degenerate mixture covariance
Degenerate mixture covariance
Degenerate mixture covariance
Degenerate mixture covariance
Degenerate mixture covariance
Degenerate mixture covariance
Degenerate mixture covariance
Degenerate mixture covariance
Degenerate mixture covariance
Degenerate mixture covariance
Degenerate mixture covariance
Degenerate mixture covariance
Degenerate mixture covariance
Degenerate mixture covariance
Degenerate mixture covariance
Degenerate mixture covariance
Degenerate mixture covariance
Degenerate mixture covariance
Degenerate mixture covariance
Degenerate mixture covariance
Degenerate mixture covariance
Degenerate mixture covariance
Degenerate mixture covariance
Degenerate mixture covariance
Degenerate mixture covariance
Degenerate mixture covariance
Degenerate mixture covariance
Degenerate mixture covariance
Degenerate mixture covariance
Degenerate mixture covariance
Degenerate mixture covariance
Degenerate mixture covariance
Degenerate mixture covariance
Degenerate mixture covariance
Degenerate mixture covariance
Degenerate mixture covariance
Degenerate mixture covariance
Degenerate mixture covariance
Degenerate mixture covariance
Degenerate mixture covariance
Degenerate mixture covariance
Degenerate mixture covariance
Degenerate mixture covariance
Degenerate mixture covariance
Degenerate mixture covariance
Degenerate mixture covariance
Degenerate mixture covariance
Degenerate mixture covariance
Degenerate mixture covariance
Degenerate mixture covariance
Degenerate mixture covariance
Degenerate mixture covariance
Degenerate mixture covariance
Degenerate mixture covariance
Degenerate mixture covariance
Degenerate mixture covariance
Degenerate mixture covariance
Degenerate mixture covariance
Degenerate mixture covariance
Degenerate mixture covariance
Degenerate mixture covariance
Degenerate mixture covariance
Degenerate mixture covariance
Degenerate mixture covariance
Degenerate mixture covariance
Degenerate mixture covariance
Degenerate mixture covariance
Degenerate mixture covariance
Degenerate mixture covariance
Degenerate mixture covariance
Degenerate mixture covariance
Degenerate mixture covariance
Degenerate mixture covariance
Degenerate mixture covariance
Degenerate mixture covariance
Degenerate mixture covariance
Degenerate mixture covariance
Degenerate mixture covariance
Degenerate mixture covariance
Degenerate mixture covariance
Degenerate mixture covariance
Degenerate mixture covariance
Degenerate mixture covariance
Degenerate mixture covariance
Degenerate mixture covariance
Degenerate mixture covariance
Degenerate mixture covariance
Degenerate mixture covariance
Degenerate mixture covariance
Degenerate mixture covariance
Degenerate mixture covariance
Degenerate mixture covariance
Degenerate mixture covariance
Degenerate mixture covariance
Degenerate mixture covariance
Degenerate mixture covariance
Degenerate mixture covariance
Degenerate mixture covariance
Degenerate mixture covariance
Degenerate mixture covariance
Degenerate mixture covariance
Degenerate mixture covariance
Degenerate mixture covariance
Degenerate mixture covariance
Degenerate mixture covariance
Degenerate mixture covariance
Degenerate mixture covariance
Degenerate mixture covariance
Degenerate mixture covariance
Degenerate mixture covariance
Degenerate mixture covariance
Degenerate mixture covariance
Degenerate mixture covariance
Degenerate mixture covariance
Degenerate mixture covariance
Degenerate mixture covariance
Degenerate mixture covariance
Degenerate mixture covariance
Degenerate mixture covariance
Degenerate mixture covariance
Degenerate mixture covariance
Degenerate mixture covariance
Degenerate mixture covariance
Degenerate mixture covariance
Degenerate mixture covariance
Degenerate mixture covariance
Degenerate mixture covariance
Degenerate mixture covariance
Model is not converging.  Current: 21060.39806971062 is not greater than 21122.805519764082. Delta is -62.407450053462526
