Starting GenParams Tune: Wine_spoilage - Seed 20 - Gen HMM_GMM - Fold 2 - All Scales


==================================================
Running gen-params experiment for Wine_spoilage
==================================================

--- Fold 2/10 ---

  >> Seed sets per label: 20

    >> Seed Fold Selection: 1/10
    Evaluating Model: KNN
      -> [Baseline] Acc: 0.9637, F1: 0.9635, Time: 0.18s
      HP Tuning KNN...
n_iterations: 4
n_required_iterations: 4
n_possible_iterations: 5
min_resources_: 40
max_resources_: 8000
aggressive_elimination: False
factor: 3
----------
iter: 0
n_candidates: 50
n_resources: 40
Fitting 5 folds for each of 50 candidates, totalling 250 fits
----------
iter: 1
n_candidates: 17
n_resources: 120
Fitting 5 folds for each of 17 candidates, totalling 85 fits
----------
iter: 2
n_candidates: 6
n_resources: 360
Fitting 5 folds for each of 6 candidates, totalling 30 fits
----------
iter: 3
n_candidates: 2
n_resources: 1080
Fitting 5 folds for each of 2 candidates, totalling 10 fits
      -> [Tuned_Baseline] Acc: 0.9717, F1: 0.9716, Time: 0.09s
    Evaluating Model: RandomForest
      -> [Baseline] Acc: 0.9853, F1: 0.9854, Time: 1.33s
      HP Tuning RandomForest...
n_iterations: 4
n_required_iterations: 4
n_possible_iterations: 5
min_resources_: 40
max_resources_: 8000
aggressive_elimination: False
factor: 3
----------
iter: 0
n_candidates: 50
n_resources: 40
Fitting 5 folds for each of 50 candidates, totalling 250 fits
----------
iter: 1
n_candidates: 17
n_resources: 120
Fitting 5 folds for each of 17 candidates, totalling 85 fits
----------
iter: 2
n_candidates: 6
n_resources: 360
Fitting 5 folds for each of 6 candidates, totalling 30 fits
----------
iter: 3
n_candidates: 2
n_resources: 1080
Fitting 5 folds for each of 2 candidates, totalling 10 fits
      -> [Tuned_Baseline] Acc: 0.9853, F1: 0.9854, Time: 0.04s
    Evaluating Model: LinearSVC
      -> [Baseline] Acc: 0.8257, F1: 0.8325, Time: 0.08s
      HP Tuning LinearSVC...
n_iterations: 4
n_required_iterations: 4
n_possible_iterations: 5
min_resources_: 40
max_resources_: 8000
aggressive_elimination: False
factor: 3
----------
iter: 0
n_candidates: 50
n_resources: 40
Fitting 5 folds for each of 50 candidates, totalling 250 fits
----------
iter: 1
n_candidates: 17
n_resources: 120
Fitting 5 folds for each of 17 candidates, totalling 85 fits
----------
iter: 2
n_candidates: 6
n_resources: 360
Fitting 5 folds for each of 6 candidates, totalling 30 fits
----------
iter: 3
n_candidates: 2
n_resources: 1080
Fitting 5 folds for each of 2 candidates, totalling 10 fits
      -> [Tuned_Baseline] Acc: 0.8193, F1: 0.8263, Time: 0.00s
    Evaluating Model: LogisticRegression
      -> [Baseline] Acc: 0.8283, F1: 0.8351, Time: 0.67s
      HP Tuning LogisticRegression...
n_iterations: 4
n_required_iterations: 4
n_possible_iterations: 5
min_resources_: 40
max_resources_: 8000
aggressive_elimination: False
factor: 3
----------
iter: 0
n_candidates: 50
n_resources: 40
Fitting 5 folds for each of 50 candidates, totalling 250 fits
----------
iter: 1
n_candidates: 17
n_resources: 120
Fitting 5 folds for each of 17 candidates, totalling 85 fits
----------
iter: 2
n_candidates: 6
n_resources: 360
Fitting 5 folds for each of 6 candidates, totalling 30 fits
----------
iter: 3
n_candidates: 2
n_resources: 1080
Fitting 5 folds for each of 2 candidates, totalling 10 fits
      -> [Tuned_Baseline] Acc: 0.8293, F1: 0.8360, Time: 0.00s
    Evaluating Model: RNN
      -> [Baseline] Acc: 0.8333, F1: 0.8016, Time: 6.85s
      HP Tuning RNN...
n_iterations: 2
n_required_iterations: 2
n_possible_iterations: 2
min_resources_: 10
max_resources_: 80
aggressive_elimination: False
factor: 3
----------
iter: 0
n_candidates: 4
n_resources: 10
Fitting 5 folds for each of 4 candidates, totalling 20 fits
----------
iter: 1
n_candidates: 2
n_resources: 30
Fitting 5 folds for each of 2 candidates, totalling 10 fits
      -> [Tuned_Baseline] Acc: 0.9667, F1: 0.9667, Time: 0.00s
    [=== Generating 2x synthetic data with HMM_GMM (Set 1, Params: {'n_components': 1, 'n_mix': 4, 'covariance_type': 'spherical'}) ===]
n_iterations: 4
n_required_iterations: 4
n_possible_iterations: 8
min_resources_: 8
max_resources_: 24000
aggressive_elimination: False
factor: 3
----------
iter: 0
n_candidates: 50
n_resources: 8
Fitting 1 folds for each of 50 candidates, totalling 50 fits
----------
iter: 1
n_candidates: 17
n_resources: 24
Fitting 1 folds for each of 17 candidates, totalling 17 fits
----------
iter: 2
n_candidates: 6
n_resources: 72
Fitting 1 folds for each of 6 candidates, totalling 6 fits
----------
iter: 3
n_candidates: 2
n_resources: 216
Fitting 1 folds for each of 2 candidates, totalling 2 fits
      -> [KNN + HMM_GMM Set 1] Acc: 0.9640, F1: 0.9638, Time: 0.18s
n_iterations: 4
n_required_iterations: 4
n_possible_iterations: 8
min_resources_: 8
max_resources_: 24000
aggressive_elimination: False
factor: 3
----------
iter: 0
n_candidates: 50
n_resources: 8
Fitting 1 folds for each of 50 candidates, totalling 50 fits
----------
iter: 1
n_candidates: 17
n_resources: 24
Fitting 1 folds for each of 17 candidates, totalling 17 fits
----------
iter: 2
n_candidates: 6
n_resources: 72
Fitting 1 folds for each of 6 candidates, totalling 6 fits
----------
iter: 3
n_candidates: 2
n_resources: 216
Fitting 1 folds for each of 2 candidates, totalling 2 fits
      -> [RandomForest + HMM_GMM Set 1] Acc: 0.9843, F1: 0.9843, Time: 0.98s
n_iterations: 4
n_required_iterations: 4
n_possible_iterations: 8
min_resources_: 8
max_resources_: 24000
aggressive_elimination: False
factor: 3
----------
iter: 0
n_candidates: 50
n_resources: 8
Fitting 1 folds for each of 50 candidates, totalling 50 fits
----------
iter: 1
n_candidates: 17
n_resources: 24
Fitting 1 folds for each of 17 candidates, totalling 17 fits
----------
iter: 2
n_candidates: 6
n_resources: 72
Fitting 1 folds for each of 6 candidates, totalling 6 fits
----------
iter: 3
n_candidates: 2
n_resources: 216
Fitting 1 folds for each of 2 candidates, totalling 2 fits
      -> [LinearSVC + HMM_GMM Set 1] Acc: 0.8213, F1: 0.8277, Time: 0.21s
n_iterations: 4
n_required_iterations: 4
n_possible_iterations: 8
min_resources_: 8
max_resources_: 24000
aggressive_elimination: False
factor: 3
----------
iter: 0
n_candidates: 50
n_resources: 8
Fitting 1 folds for each of 50 candidates, totalling 50 fits
----------
iter: 1
n_candidates: 17
n_resources: 24
Fitting 1 folds for each of 17 candidates, totalling 17 fits
----------
iter: 2
n_candidates: 6
n_resources: 72
Fitting 1 folds for each of 6 candidates, totalling 6 fits
----------
iter: 3
n_candidates: 2
n_resources: 216
Fitting 1 folds for each of 2 candidates, totalling 2 fits
      -> [LogisticRegression + HMM_GMM Set 1] Acc: 0.8197, F1: 0.8265, Time: 0.56s
      -> [RNN + HMM_GMM Set 1] Acc: 1.0000, F1: 1.0000, Time: 54.48s
    [=== Generating 2x synthetic data with HMM_GMM (Set 2, Params: {'n_components': 4, 'n_mix': 2, 'covariance_type': 'tied'}) ===]
n_iterations: 4
n_required_iterations: 4
n_possible_iterations: 8
min_resources_: 8
max_resources_: 24000
aggressive_elimination: False
factor: 3
----------
iter: 0
n_candidates: 50
n_resources: 8
Fitting 1 folds for each of 50 candidates, totalling 50 fits
----------
iter: 1
n_candidates: 17
n_resources: 24
Fitting 1 folds for each of 17 candidates, totalling 17 fits
----------
iter: 2
n_candidates: 6
n_resources: 72
Fitting 1 folds for each of 6 candidates, totalling 6 fits
----------
iter: 3
n_candidates: 2
n_resources: 216
Fitting 1 folds for each of 2 candidates, totalling 2 fits
      -> [KNN + HMM_GMM Set 2] Acc: 0.9727, F1: 0.9726, Time: 0.07s
n_iterations: 4
n_required_iterations: 4
n_possible_iterations: 8
min_resources_: 8
max_resources_: 24000
aggressive_elimination: False
factor: 3
----------
iter: 0
n_candidates: 50
n_resources: 8
Fitting 1 folds for each of 50 candidates, totalling 50 fits
----------
iter: 1
n_candidates: 17
n_resources: 24
Fitting 1 folds for each of 17 candidates, totalling 17 fits
----------
iter: 2
n_candidates: 6
n_resources: 72
Fitting 1 folds for each of 6 candidates, totalling 6 fits
----------
iter: 3
n_candidates: 2
n_resources: 216
Fitting 1 folds for each of 2 candidates, totalling 2 fits
      -> [RandomForest + HMM_GMM Set 2] Acc: 0.9857, F1: 0.9857, Time: 0.85s
n_iterations: 4
n_required_iterations: 4
n_possible_iterations: 8
min_resources_: 8
max_resources_: 24000
aggressive_elimination: False
factor: 3
----------
iter: 0
n_candidates: 50
n_resources: 8
Fitting 1 folds for each of 50 candidates, totalling 50 fits
----------
iter: 1
n_candidates: 17
n_resources: 24
Fitting 1 folds for each of 17 candidates, totalling 17 fits
----------
iter: 2
n_candidates: 6
n_resources: 72
Fitting 1 folds for each of 6 candidates, totalling 6 fits
----------
iter: 3
n_candidates: 2
n_resources: 216
Fitting 1 folds for each of 2 candidates, totalling 2 fits
      -> [LinearSVC + HMM_GMM Set 2] Acc: 0.8590, F1: 0.8608, Time: 0.14s
n_iterations: 4
n_required_iterations: 4
n_possible_iterations: 8
min_resources_: 8
max_resources_: 24000
aggressive_elimination: False
factor: 3
----------
iter: 0
n_candidates: 50
n_resources: 8
Fitting 1 folds for each of 50 candidates, totalling 50 fits
----------
iter: 1
n_candidates: 17
n_resources: 24
Fitting 1 folds for each of 17 candidates, totalling 17 fits
----------
iter: 2
n_candidates: 6
n_resources: 72
Fitting 1 folds for each of 6 candidates, totalling 6 fits
----------
iter: 3
n_candidates: 2
n_resources: 216
Fitting 1 folds for each of 2 candidates, totalling 2 fits
      -> [LogisticRegression + HMM_GMM Set 2] Acc: 0.8633, F1: 0.8644, Time: 0.45s
      -> [RNN + HMM_GMM Set 2] Acc: 0.8667, F1: 0.8671, Time: 57.43s
    [=== Generating 2x synthetic data with HMM_GMM (Set 3, Params: {'n_components': 2, 'n_mix': 2, 'covariance_type': 'full'}) ===]
n_iterations: 4
n_required_iterations: 4
n_possible_iterations: 8
min_resources_: 8
max_resources_: 24000
aggressive_elimination: False
factor: 3
----------
iter: 0
n_candidates: 50
n_resources: 8
Fitting 1 folds for each of 50 candidates, totalling 50 fits
Model is not converging.  Current: 35578.35772843992 is not greater than 35639.43572067431. Delta is -61.07799223438633
----------
iter: 1
n_candidates: 17
n_resources: 24
Fitting 1 folds for each of 17 candidates, totalling 17 fits
----------
iter: 2
n_candidates: 6
n_resources: 72
Fitting 1 folds for each of 6 candidates, totalling 6 fits
----------
iter: 3
n_candidates: 2
n_resources: 216
Fitting 1 folds for each of 2 candidates, totalling 2 fits
      -> [KNN + HMM_GMM Set 3] Acc: 0.9750, F1: 0.9749, Time: 0.10s
n_iterations: 4
n_required_iterations: 4
n_possible_iterations: 8
min_resources_: 8
max_resources_: 24000
aggressive_elimination: False
factor: 3
----------
iter: 0
n_candidates: 50
n_resources: 8
Fitting 1 folds for each of 50 candidates, totalling 50 fits
----------
iter: 1
n_candidates: 17
n_resources: 24
Fitting 1 folds for each of 17 candidates, totalling 17 fits
----------
iter: 2
n_candidates: 6
n_resources: 72
Fitting 1 folds for each of 6 candidates, totalling 6 fits
----------
iter: 3
n_candidates: 2
n_resources: 216
Fitting 1 folds for each of 2 candidates, totalling 2 fits
      -> [RandomForest + HMM_GMM Set 3] Acc: 0.9890, F1: 0.9890, Time: 3.11s
n_iterations: 4
n_required_iterations: 4
n_possible_iterations: 8
min_resources_: 8
max_resources_: 24000
aggressive_elimination: False
factor: 3
----------
iter: 0
n_candidates: 50
n_resources: 8
Fitting 1 folds for each of 50 candidates, totalling 50 fits
----------
iter: 1
n_candidates: 17
n_resources: 24
Fitting 1 folds for each of 17 candidates, totalling 17 fits
----------
iter: 2
n_candidates: 6
n_resources: 72
Fitting 1 folds for each of 6 candidates, totalling 6 fits
----------
iter: 3
n_candidates: 2
n_resources: 216
Fitting 1 folds for each of 2 candidates, totalling 2 fits
      -> [LinearSVC + HMM_GMM Set 3] Acc: 0.8217, F1: 0.8280, Time: 0.16s
n_iterations: 4
n_required_iterations: 4
n_possible_iterations: 8
min_resources_: 8
max_resources_: 24000
aggressive_elimination: False
factor: 3
----------
iter: 0
n_candidates: 50
n_resources: 8
Fitting 1 folds for each of 50 candidates, totalling 50 fits
----------
iter: 1
n_candidates: 17
n_resources: 24
Fitting 1 folds for each of 17 candidates, totalling 17 fits
----------
iter: 2
n_candidates: 6
n_resources: 72
Fitting 1 folds for each of 6 candidates, totalling 6 fits
----------
iter: 3
n_candidates: 2
n_resources: 216
Fitting 1 folds for each of 2 candidates, totalling 2 fits
      -> [LogisticRegression + HMM_GMM Set 3] Acc: 0.8233, F1: 0.8301, Time: 0.77s
      -> [RNN + HMM_GMM Set 3] Acc: 0.6000, F1: 0.5500, Time: 58.20s
    [=== Generating 2x synthetic data with HMM_GMM (Set 4, Params: {'n_components': 4, 'n_mix': 4, 'covariance_type': 'spherical'}) ===]
n_iterations: 4
n_required_iterations: 4
n_possible_iterations: 8
min_resources_: 8
max_resources_: 24000
aggressive_elimination: False
factor: 3
----------
iter: 0
n_candidates: 50
n_resources: 8
Fitting 1 folds for each of 50 candidates, totalling 50 fits
----------
iter: 1
n_candidates: 17
n_resources: 24
Fitting 1 folds for each of 17 candidates, totalling 17 fits
----------
iter: 2
n_candidates: 6
n_resources: 72
Fitting 1 folds for each of 6 candidates, totalling 6 fits
----------
iter: 3
n_candidates: 2
n_resources: 216
Fitting 1 folds for each of 2 candidates, totalling 2 fits
      -> [KNN + HMM_GMM Set 4] Acc: 0.9717, F1: 0.9716, Time: 0.17s
n_iterations: 4
n_required_iterations: 4
n_possible_iterations: 8
min_resources_: 8
max_resources_: 24000
aggressive_elimination: False
factor: 3
----------
iter: 0
n_candidates: 50
n_resources: 8
Fitting 1 folds for each of 50 candidates, totalling 50 fits
----------
iter: 1
n_candidates: 17
n_resources: 24
Fitting 1 folds for each of 17 candidates, totalling 17 fits
----------
iter: 2
n_candidates: 6
n_resources: 72
Fitting 1 folds for each of 6 candidates, totalling 6 fits
----------
iter: 3
n_candidates: 2
n_resources: 216
Fitting 1 folds for each of 2 candidates, totalling 2 fits
      -> [RandomForest + HMM_GMM Set 4] Acc: 0.9860, F1: 0.9860, Time: 1.71s
n_iterations: 4
n_required_iterations: 4
n_possible_iterations: 8
min_resources_: 8
max_resources_: 24000
aggressive_elimination: False
factor: 3
----------
iter: 0
n_candidates: 50
n_resources: 8
Fitting 1 folds for each of 50 candidates, totalling 50 fits
----------
iter: 1
n_candidates: 17
n_resources: 24
Fitting 1 folds for each of 17 candidates, totalling 17 fits
----------
iter: 2
n_candidates: 6
n_resources: 72
Fitting 1 folds for each of 6 candidates, totalling 6 fits
----------
iter: 3
n_candidates: 2
n_resources: 216
Fitting 1 folds for each of 2 candidates, totalling 2 fits
      -> [LinearSVC + HMM_GMM Set 4] Acc: 0.8510, F1: 0.8544, Time: 0.17s
n_iterations: 4
n_required_iterations: 4
n_possible_iterations: 8
min_resources_: 8
max_resources_: 24000
aggressive_elimination: False
factor: 3
----------
iter: 0
n_candidates: 50
n_resources: 8
Fitting 1 folds for each of 50 candidates, totalling 50 fits
----------
iter: 1
n_candidates: 17
n_resources: 24
Fitting 1 folds for each of 17 candidates, totalling 17 fits
----------
iter: 2
n_candidates: 6
n_resources: 72
Fitting 1 folds for each of 6 candidates, totalling 6 fits
----------
iter: 3
n_candidates: 2
n_resources: 216
Fitting 1 folds for each of 2 candidates, totalling 2 fits
      -> [LogisticRegression + HMM_GMM Set 4] Acc: 0.8530, F1: 0.8544, Time: 0.50s
      -> [RNN + HMM_GMM Set 4] Acc: 1.0000, F1: 1.0000, Time: 57.13s
    [=== Generating 2x synthetic data with HMM_GMM (Set 5, Params: {'n_components': 2, 'n_mix': 4, 'covariance_type': 'spherical'}) ===]
n_iterations: 4
n_required_iterations: 4
n_possible_iterations: 8
min_resources_: 8
max_resources_: 24000
aggressive_elimination: False
factor: 3
----------
iter: 0
n_candidates: 50
n_resources: 8
Fitting 1 folds for each of 50 candidates, totalling 50 fits
----------
iter: 1
n_candidates: 17
n_resources: 24
Fitting 1 folds for each of 17 candidates, totalling 17 fits
----------
iter: 2
n_candidates: 6
n_resources: 72
Fitting 1 folds for each of 6 candidates, totalling 6 fits
----------
iter: 3
n_candidates: 2
n_resources: 216
Fitting 1 folds for each of 2 candidates, totalling 2 fits
      -> [KNN + HMM_GMM Set 5] Acc: 0.9703, F1: 0.9701, Time: 0.13s
n_iterations: 4
n_required_iterations: 4
n_possible_iterations: 8
min_resources_: 8
max_resources_: 24000
aggressive_elimination: False
factor: 3
----------
iter: 0
n_candidates: 50
n_resources: 8
Fitting 1 folds for each of 50 candidates, totalling 50 fits
----------
iter: 1
n_candidates: 17
n_resources: 24
Fitting 1 folds for each of 17 candidates, totalling 17 fits
----------
iter: 2
n_candidates: 6
n_resources: 72
Fitting 1 folds for each of 6 candidates, totalling 6 fits
----------
iter: 3
n_candidates: 2
n_resources: 216
Fitting 1 folds for each of 2 candidates, totalling 2 fits
      -> [RandomForest + HMM_GMM Set 5] Acc: 0.9827, F1: 0.9827, Time: 1.88s
n_iterations: 4
n_required_iterations: 4
n_possible_iterations: 8
min_resources_: 8
max_resources_: 24000
aggressive_elimination: False
factor: 3
----------
iter: 0
n_candidates: 50
n_resources: 8
Fitting 1 folds for each of 50 candidates, totalling 50 fits
----------
iter: 1
n_candidates: 17
n_resources: 24
Fitting 1 folds for each of 17 candidates, totalling 17 fits
----------
iter: 2
n_candidates: 6
n_resources: 72
Fitting 1 folds for each of 6 candidates, totalling 6 fits
----------
iter: 3
n_candidates: 2
n_resources: 216
Fitting 1 folds for each of 2 candidates, totalling 2 fits
      -> [LinearSVC + HMM_GMM Set 5] Acc: 0.8103, F1: 0.8171, Time: 0.33s
n_iterations: 4
n_required_iterations: 4
n_possible_iterations: 8
min_resources_: 8
max_resources_: 24000
aggressive_elimination: False
factor: 3
----------
iter: 0
n_candidates: 50
n_resources: 8
Fitting 1 folds for each of 50 candidates, totalling 50 fits
----------
iter: 1
n_candidates: 17
n_resources: 24
Fitting 1 folds for each of 17 candidates, totalling 17 fits
----------
iter: 2
n_candidates: 6
n_resources: 72
Fitting 1 folds for each of 6 candidates, totalling 6 fits
----------
iter: 3
n_candidates: 2
n_resources: 216
Fitting 1 folds for each of 2 candidates, totalling 2 fits
      -> [LogisticRegression + HMM_GMM Set 5] Acc: 0.8243, F1: 0.8305, Time: 0.49s
      -> [RNN + HMM_GMM Set 5] Acc: 0.6333, F1: 0.6024, Time: 58.38s
    [=== Generating 2x synthetic data with HMM_GMM (Set 6, Params: {'n_components': 2, 'n_mix': 1, 'covariance_type': 'spherical'}) ===]
n_iterations: 4
n_required_iterations: 4
n_possible_iterations: 8
min_resources_: 8
max_resources_: 24000
aggressive_elimination: False
factor: 3
----------
iter: 0
n_candidates: 50
n_resources: 8
Fitting 1 folds for each of 50 candidates, totalling 50 fits
----------
iter: 1
n_candidates: 17
n_resources: 24
Fitting 1 folds for each of 17 candidates, totalling 17 fits
----------
iter: 2
n_candidates: 6
n_resources: 72
Fitting 1 folds for each of 6 candidates, totalling 6 fits
----------
iter: 3
n_candidates: 2
n_resources: 216
Fitting 1 folds for each of 2 candidates, totalling 2 fits
      -> [KNN + HMM_GMM Set 6] Acc: 0.9700, F1: 0.9698, Time: 0.21s
n_iterations: 4
n_required_iterations: 4
n_possible_iterations: 8
min_resources_: 8
max_resources_: 24000
aggressive_elimination: False
factor: 3
----------
iter: 0
n_candidates: 50
n_resources: 8
Fitting 1 folds for each of 50 candidates, totalling 50 fits
----------
iter: 1
n_candidates: 17
n_resources: 24
Fitting 1 folds for each of 17 candidates, totalling 17 fits
----------
iter: 2
n_candidates: 6
n_resources: 72
Fitting 1 folds for each of 6 candidates, totalling 6 fits
----------
iter: 3
n_candidates: 2
n_resources: 216
Fitting 1 folds for each of 2 candidates, totalling 2 fits
      -> [RandomForest + HMM_GMM Set 6] Acc: 0.9873, F1: 0.9873, Time: 2.18s
n_iterations: 4
n_required_iterations: 4
n_possible_iterations: 8
min_resources_: 8
max_resources_: 24000
aggressive_elimination: False
factor: 3
----------
iter: 0
n_candidates: 50
n_resources: 8
Fitting 1 folds for each of 50 candidates, totalling 50 fits
----------
iter: 1
n_candidates: 17
n_resources: 24
Fitting 1 folds for each of 17 candidates, totalling 17 fits
----------
iter: 2
n_candidates: 6
n_resources: 72
Fitting 1 folds for each of 6 candidates, totalling 6 fits
----------
iter: 3
n_candidates: 2
n_resources: 216
Fitting 1 folds for each of 2 candidates, totalling 2 fits
      -> [LinearSVC + HMM_GMM Set 6] Acc: 0.8337, F1: 0.8360, Time: 0.19s
n_iterations: 4
n_required_iterations: 4
n_possible_iterations: 8
min_resources_: 8
max_resources_: 24000
aggressive_elimination: False
factor: 3
----------
iter: 0
n_candidates: 50
n_resources: 8
Fitting 1 folds for each of 50 candidates, totalling 50 fits
----------
iter: 1
n_candidates: 17
n_resources: 24
Fitting 1 folds for each of 17 candidates, totalling 17 fits
----------
iter: 2
n_candidates: 6
n_resources: 72
Fitting 1 folds for each of 6 candidates, totalling 6 fits
----------
iter: 3
n_candidates: 2
n_resources: 216
Fitting 1 folds for each of 2 candidates, totalling 2 fits
      -> [LogisticRegression + HMM_GMM Set 6] Acc: 0.8210, F1: 0.8262, Time: 0.13s
      -> [RNN + HMM_GMM Set 6] Acc: 0.9333, F1: 0.9322, Time: 66.24s
    [=== Generating 2x synthetic data with HMM_GMM (Set 7, Params: {'n_components': 4, 'n_mix': 5, 'covariance_type': 'full'}) ===]
HMM-GMM fitting failed for class AQ_Wines: Covariance of state #1, mixture #0 is not positive definite
HMM-GMM fitting failed for class Ethanol: Covariance of state #1, mixture #3 is not positive definite
HMM-GMM fitting failed for class HQ_Wines: Covariance of state #2, mixture #1 is not positive definite
HMM-GMM fitting failed for class LQ_Wines: Covariance of state #1, mixture #4 is not positive definite
n_iterations: 4
n_required_iterations: 4
n_possible_iterations: 7
min_resources_: 8
max_resources_: 16000
aggressive_elimination: False
factor: 3
----------
iter: 0
n_candidates: 50
n_resources: 8
Fitting 1 folds for each of 50 candidates, totalling 50 fits
Model is not converging.  Current: 55829.49934050773 is not greater than 56101.86989905342. Delta is -272.3705585456846
----------
iter: 1
n_candidates: 17
n_resources: 24
Fitting 1 folds for each of 17 candidates, totalling 17 fits
----------
iter: 2
n_candidates: 6
n_resources: 72
Fitting 1 folds for each of 6 candidates, totalling 6 fits
----------
iter: 3
n_candidates: 2
n_resources: 216
Fitting 1 folds for each of 2 candidates, totalling 2 fits
      -> [KNN + HMM_GMM Set 7] Acc: 0.9720, F1: 0.9719, Time: 0.05s
n_iterations: 4
n_required_iterations: 4
n_possible_iterations: 7
min_resources_: 8
max_resources_: 16000
aggressive_elimination: False
factor: 3
----------
iter: 0
n_candidates: 50
n_resources: 8
Fitting 1 folds for each of 50 candidates, totalling 50 fits
----------
iter: 1
n_candidates: 17
n_resources: 24
Fitting 1 folds for each of 17 candidates, totalling 17 fits
----------
iter: 2
n_candidates: 6
n_resources: 72
Fitting 1 folds for each of 6 candidates, totalling 6 fits
----------
iter: 3
n_candidates: 2
n_resources: 216
Fitting 1 folds for each of 2 candidates, totalling 2 fits
      -> [RandomForest + HMM_GMM Set 7] Acc: 0.9863, F1: 0.9864, Time: 1.85s
n_iterations: 4
n_required_iterations: 4
n_possible_iterations: 7
min_resources_: 8
max_resources_: 16000
aggressive_elimination: False
factor: 3
----------
iter: 0
n_candidates: 50
n_resources: 8
Fitting 1 folds for each of 50 candidates, totalling 50 fits
----------
iter: 1
n_candidates: 17
n_resources: 24
Fitting 1 folds for each of 17 candidates, totalling 17 fits
----------
iter: 2
n_candidates: 6
n_resources: 72
Fitting 1 folds for each of 6 candidates, totalling 6 fits
----------
iter: 3
n_candidates: 2
n_resources: 216
Fitting 1 folds for each of 2 candidates, totalling 2 fits
      -> [LinearSVC + HMM_GMM Set 7] Acc: 0.8257, F1: 0.8325, Time: 0.04s
n_iterations: 4
n_required_iterations: 4
n_possible_iterations: 7
min_resources_: 8
max_resources_: 16000
aggressive_elimination: False
factor: 3
----------
iter: 0
n_candidates: 50
n_resources: 8
Fitting 1 folds for each of 50 candidates, totalling 50 fits
----------
iter: 1
n_candidates: 17
n_resources: 24
Fitting 1 folds for each of 17 candidates, totalling 17 fits
----------
iter: 2
n_candidates: 6
n_resources: 72
Fitting 1 folds for each of 6 candidates, totalling 6 fits
----------
iter: 3
n_candidates: 2
n_resources: 216
Fitting 1 folds for each of 2 candidates, totalling 2 fits
      -> [LogisticRegression + HMM_GMM Set 7] Acc: 0.8287, F1: 0.8355, Time: 0.33s
      -> [RNN + HMM_GMM Set 7] Acc: 0.9000, F1: 0.9040, Time: 27.21s
    [=== Generating 2x synthetic data with HMM_GMM (Set 8, Params: {'n_components': 5, 'n_mix': 5, 'covariance_type': 'full'}) ===]
HMM-GMM fitting failed for class AQ_Wines: Covariance of state #3, mixture #0 is not positive definite
HMM-GMM fitting failed for class Ethanol: Covariance of state #3, mixture #0 is not positive definite
HMM-GMM fitting failed for class HQ_Wines: Covariance of state #3, mixture #0 is not positive definite
HMM-GMM fitting failed for class LQ_Wines: Covariance of state #1, mixture #3 is not positive definite
n_iterations: 4
n_required_iterations: 4
n_possible_iterations: 7
min_resources_: 8
max_resources_: 16000
aggressive_elimination: False
factor: 3
----------
iter: 0
n_candidates: 50
n_resources: 8
Fitting 1 folds for each of 50 candidates, totalling 50 fits
Degenerate mixture covariance
Degenerate mixture covariance
Degenerate mixture covariance
Degenerate mixture covariance
Degenerate mixture covariance
Degenerate mixture covariance
Degenerate mixture covariance
Degenerate mixture covariance
Degenerate mixture covariance
Degenerate mixture covariance
Degenerate mixture covariance
Degenerate mixture covariance
Degenerate mixture covariance
Degenerate mixture covariance
Degenerate mixture covariance
Degenerate mixture covariance
Degenerate mixture covariance
Degenerate mixture covariance
Degenerate mixture covariance
Degenerate mixture covariance
----------
iter: 1
n_candidates: 17
n_resources: 24
Fitting 1 folds for each of 17 candidates, totalling 17 fits
----------
iter: 2
n_candidates: 6
n_resources: 72
Fitting 1 folds for each of 6 candidates, totalling 6 fits
----------
iter: 3
n_candidates: 2
n_resources: 216
Fitting 1 folds for each of 2 candidates, totalling 2 fits
      -> [KNN + HMM_GMM Set 8] Acc: 0.9720, F1: 0.9719, Time: 0.05s
n_iterations: 4
n_required_iterations: 4
n_possible_iterations: 7
min_resources_: 8
max_resources_: 16000
aggressive_elimination: False
factor: 3
----------
iter: 0
n_candidates: 50
n_resources: 8
Fitting 1 folds for each of 50 candidates, totalling 50 fits
----------
iter: 1
n_candidates: 17
n_resources: 24
Fitting 1 folds for each of 17 candidates, totalling 17 fits
----------
iter: 2
n_candidates: 6
n_resources: 72
Fitting 1 folds for each of 6 candidates, totalling 6 fits
----------
iter: 3
n_candidates: 2
n_resources: 216
Fitting 1 folds for each of 2 candidates, totalling 2 fits
      -> [RandomForest + HMM_GMM Set 8] Acc: 0.9863, F1: 0.9864, Time: 3.99s
n_iterations: 4
n_required_iterations: 4
n_possible_iterations: 7
min_resources_: 8
max_resources_: 16000
aggressive_elimination: False
factor: 3
----------
iter: 0
n_candidates: 50
n_resources: 8
Fitting 1 folds for each of 50 candidates, totalling 50 fits
----------
iter: 1
n_candidates: 17
n_resources: 24
Fitting 1 folds for each of 17 candidates, totalling 17 fits
----------
iter: 2
n_candidates: 6
n_resources: 72
Fitting 1 folds for each of 6 candidates, totalling 6 fits
----------
iter: 3
n_candidates: 2
n_resources: 216
Fitting 1 folds for each of 2 candidates, totalling 2 fits
      -> [LinearSVC + HMM_GMM Set 8] Acc: 0.8257, F1: 0.8325, Time: 0.08s
n_iterations: 4
n_required_iterations: 4
n_possible_iterations: 7
min_resources_: 8
max_resources_: 16000
aggressive_elimination: False
factor: 3
----------
iter: 0
n_candidates: 50
n_resources: 8
Fitting 1 folds for each of 50 candidates, totalling 50 fits
----------
iter: 1
n_candidates: 17
n_resources: 24
Fitting 1 folds for each of 17 candidates, totalling 17 fits
----------
iter: 2
n_candidates: 6
n_resources: 72
Fitting 1 folds for each of 6 candidates, totalling 6 fits
----------
iter: 3
n_candidates: 2
n_resources: 216
Fitting 1 folds for each of 2 candidates, totalling 2 fits
      -> [LogisticRegression + HMM_GMM Set 8] Acc: 0.8287, F1: 0.8355, Time: 0.36s
      -> [RNN + HMM_GMM Set 8] Acc: 0.8000, F1: 0.7375, Time: 30.61s
    [=== Generating 2x synthetic data with HMM_GMM (Set 9, Params: {'n_components': 2, 'n_mix': 2, 'covariance_type': 'full'}) ===]
n_iterations: 4
n_required_iterations: 4
n_possible_iterations: 8
min_resources_: 8
max_resources_: 24000
aggressive_elimination: False
factor: 3
----------
iter: 0
n_candidates: 50
n_resources: 8
Fitting 1 folds for each of 50 candidates, totalling 50 fits
----------
iter: 1
n_candidates: 17
n_resources: 24
Fitting 1 folds for each of 17 candidates, totalling 17 fits
----------
iter: 2
n_candidates: 6
n_resources: 72
Fitting 1 folds for each of 6 candidates, totalling 6 fits
----------
iter: 3
n_candidates: 2
n_resources: 216
Fitting 1 folds for each of 2 candidates, totalling 2 fits
      -> [KNN + HMM_GMM Set 9] Acc: 0.9750, F1: 0.9749, Time: 0.12s
n_iterations: 4
n_required_iterations: 4
n_possible_iterations: 8
min_resources_: 8
max_resources_: 24000
aggressive_elimination: False
factor: 3
----------
iter: 0
n_candidates: 50
n_resources: 8
Fitting 1 folds for each of 50 candidates, totalling 50 fits
----------
iter: 1
n_candidates: 17
n_resources: 24
Fitting 1 folds for each of 17 candidates, totalling 17 fits
----------
iter: 2
n_candidates: 6
n_resources: 72
Fitting 1 folds for each of 6 candidates, totalling 6 fits
----------
iter: 3
n_candidates: 2
n_resources: 216
Fitting 1 folds for each of 2 candidates, totalling 2 fits
      -> [RandomForest + HMM_GMM Set 9] Acc: 0.9860, F1: 0.9860, Time: 2.81s
n_iterations: 4
n_required_iterations: 4
n_possible_iterations: 8
min_resources_: 8
max_resources_: 24000
aggressive_elimination: False
factor: 3
----------
iter: 0
n_candidates: 50
n_resources: 8
Fitting 1 folds for each of 50 candidates, totalling 50 fits
----------
iter: 1
n_candidates: 17
n_resources: 24
Fitting 1 folds for each of 17 candidates, totalling 17 fits
----------
iter: 2
n_candidates: 6
n_resources: 72
Fitting 1 folds for each of 6 candidates, totalling 6 fits
----------
iter: 3
n_candidates: 2
n_resources: 216
Fitting 1 folds for each of 2 candidates, totalling 2 fits
      -> [LinearSVC + HMM_GMM Set 9] Acc: 0.8207, F1: 0.8271, Time: 0.32s
n_iterations: 4
n_required_iterations: 4
n_possible_iterations: 8
min_resources_: 8
max_resources_: 24000
aggressive_elimination: False
factor: 3
----------
iter: 0
n_candidates: 50
n_resources: 8
Fitting 1 folds for each of 50 candidates, totalling 50 fits
----------
iter: 1
n_candidates: 17
n_resources: 24
Fitting 1 folds for each of 17 candidates, totalling 17 fits
----------
iter: 2
n_candidates: 6
n_resources: 72
Fitting 1 folds for each of 6 candidates, totalling 6 fits
----------
iter: 3
n_candidates: 2
n_resources: 216
Fitting 1 folds for each of 2 candidates, totalling 2 fits
      -> [LogisticRegression + HMM_GMM Set 9] Acc: 0.8237, F1: 0.8304, Time: 0.77s
      -> [RNN + HMM_GMM Set 9] Acc: 0.9667, F1: 0.9676, Time: 55.79s
    [=== Generating 2x synthetic data with HMM_GMM (Set 10, Params: {'n_components': 2, 'n_mix': 5, 'covariance_type': 'diag'}) ===]
n_iterations: 4
n_required_iterations: 4
n_possible_iterations: 8
min_resources_: 8
max_resources_: 24000
aggressive_elimination: False
factor: 3
----------
iter: 0
n_candidates: 50
n_resources: 8
Fitting 1 folds for each of 50 candidates, totalling 50 fits
----------
iter: 1
n_candidates: 17
n_resources: 24
Fitting 1 folds for each of 17 candidates, totalling 17 fits
----------
iter: 2
n_candidates: 6
n_resources: 72
Fitting 1 folds for each of 6 candidates, totalling 6 fits
----------
iter: 3
n_candidates: 2
n_resources: 216
Fitting 1 folds for each of 2 candidates, totalling 2 fits
      -> [KNN + HMM_GMM Set 10] Acc: 0.9673, F1: 0.9672, Time: 0.18s
n_iterations: 4
n_required_iterations: 4
n_possible_iterations: 8
min_resources_: 8
max_resources_: 24000
aggressive_elimination: False
factor: 3
----------
iter: 0
n_candidates: 50
n_resources: 8
Fitting 1 folds for each of 50 candidates, totalling 50 fits
----------
iter: 1
n_candidates: 17
n_resources: 24
Fitting 1 folds for each of 17 candidates, totalling 17 fits
----------
iter: 2
n_candidates: 6
n_resources: 72
Fitting 1 folds for each of 6 candidates, totalling 6 fits
----------
iter: 3
n_candidates: 2
n_resources: 216
Fitting 1 folds for each of 2 candidates, totalling 2 fits
      -> [RandomForest + HMM_GMM Set 10] Acc: 0.9847, F1: 0.9847, Time: 2.87s
n_iterations: 4
n_required_iterations: 4
n_possible_iterations: 8
min_resources_: 8
max_resources_: 24000
aggressive_elimination: False
factor: 3
----------
iter: 0
n_candidates: 50
n_resources: 8
Fitting 1 folds for each of 50 candidates, totalling 50 fits
----------
iter: 1
n_candidates: 17
n_resources: 24
Fitting 1 folds for each of 17 candidates, totalling 17 fits
----------
iter: 2
n_candidates: 6
n_resources: 72
Fitting 1 folds for each of 6 candidates, totalling 6 fits
----------
iter: 3
n_candidates: 2
n_resources: 216
Fitting 1 folds for each of 2 candidates, totalling 2 fits
      -> [LinearSVC + HMM_GMM Set 10] Acc: 0.8123, F1: 0.8195, Time: 0.17s
n_iterations: 4
n_required_iterations: 4
n_possible_iterations: 8
min_resources_: 8
max_resources_: 24000
aggressive_elimination: False
factor: 3
----------
iter: 0
n_candidates: 50
n_resources: 8
Fitting 1 folds for each of 50 candidates, totalling 50 fits
----------
iter: 1
n_candidates: 17
n_resources: 24
Fitting 1 folds for each of 17 candidates, totalling 17 fits
----------
iter: 2
n_candidates: 6
n_resources: 72
Fitting 1 folds for each of 6 candidates, totalling 6 fits
----------
iter: 3
n_candidates: 2
n_resources: 216
Fitting 1 folds for each of 2 candidates, totalling 2 fits
      -> [LogisticRegression + HMM_GMM Set 10] Acc: 0.8173, F1: 0.8242, Time: 0.77s
      -> [RNN + HMM_GMM Set 10] Acc: 0.6333, F1: 0.6024, Time: 38.13s
    [=== Generating 3x synthetic data with HMM_GMM (Set 1, Params: {'n_components': 1, 'n_mix': 4, 'covariance_type': 'spherical'}) ===]
n_iterations: 4
n_required_iterations: 4
n_possible_iterations: 8
min_resources_: 8
max_resources_: 32000
aggressive_elimination: False
factor: 3
----------
iter: 0
n_candidates: 50
n_resources: 8
Fitting 1 folds for each of 50 candidates, totalling 50 fits
----------
iter: 1
n_candidates: 17
n_resources: 24
Fitting 1 folds for each of 17 candidates, totalling 17 fits
----------
iter: 2
n_candidates: 6
n_resources: 72
Fitting 1 folds for each of 6 candidates, totalling 6 fits
----------
iter: 3
n_candidates: 2
n_resources: 216
Fitting 1 folds for each of 2 candidates, totalling 2 fits
      -> [KNN + HMM_GMM Set 1] Acc: 0.9640, F1: 0.9638, Time: 0.23s
n_iterations: 4
n_required_iterations: 4
n_possible_iterations: 8
min_resources_: 8
max_resources_: 32000
aggressive_elimination: False
factor: 3
----------
iter: 0
n_candidates: 50
n_resources: 8
Fitting 1 folds for each of 50 candidates, totalling 50 fits
----------
iter: 1
n_candidates: 17
n_resources: 24
Fitting 1 folds for each of 17 candidates, totalling 17 fits
----------
iter: 2
n_candidates: 6
n_resources: 72
Fitting 1 folds for each of 6 candidates, totalling 6 fits
----------
iter: 3
n_candidates: 2
n_resources: 216
Fitting 1 folds for each of 2 candidates, totalling 2 fits
      -> [RandomForest + HMM_GMM Set 1] Acc: 0.9800, F1: 0.9801, Time: 1.57s
n_iterations: 4
n_required_iterations: 4
n_possible_iterations: 8
min_resources_: 8
max_resources_: 32000
aggressive_elimination: False
factor: 3
----------
iter: 0
n_candidates: 50
n_resources: 8
Fitting 1 folds for each of 50 candidates, totalling 50 fits
----------
iter: 1
n_candidates: 17
n_resources: 24
Fitting 1 folds for each of 17 candidates, totalling 17 fits
----------
iter: 2
n_candidates: 6
n_resources: 72
Fitting 1 folds for each of 6 candidates, totalling 6 fits
----------
iter: 3
n_candidates: 2
n_resources: 216
Fitting 1 folds for each of 2 candidates, totalling 2 fits
      -> [LinearSVC + HMM_GMM Set 1] Acc: 0.8190, F1: 0.8254, Time: 0.42s
n_iterations: 4
n_required_iterations: 4
n_possible_iterations: 8
min_resources_: 8
max_resources_: 32000
aggressive_elimination: False
factor: 3
----------
iter: 0
n_candidates: 50
n_resources: 8
Fitting 1 folds for each of 50 candidates, totalling 50 fits
----------
iter: 1
n_candidates: 17
n_resources: 24
Fitting 1 folds for each of 17 candidates, totalling 17 fits
----------
iter: 2
n_candidates: 6
n_resources: 72
Fitting 1 folds for each of 6 candidates, totalling 6 fits
----------
iter: 3
n_candidates: 2
n_resources: 216
Fitting 1 folds for each of 2 candidates, totalling 2 fits
      -> [LogisticRegression + HMM_GMM Set 1] Acc: 0.8227, F1: 0.8290, Time: 0.18s
      -> [RNN + HMM_GMM Set 1] Acc: 0.9667, F1: 0.9667, Time: 91.41s
    [=== Generating 3x synthetic data with HMM_GMM (Set 2, Params: {'n_components': 4, 'n_mix': 2, 'covariance_type': 'tied'}) ===]
n_iterations: 4
n_required_iterations: 4
n_possible_iterations: 8
min_resources_: 8
max_resources_: 32000
aggressive_elimination: False
factor: 3
----------
iter: 0
n_candidates: 50
n_resources: 8
Fitting 1 folds for each of 50 candidates, totalling 50 fits
----------
iter: 1
n_candidates: 17
n_resources: 24
Fitting 1 folds for each of 17 candidates, totalling 17 fits
----------
iter: 2
n_candidates: 6
n_resources: 72
Fitting 1 folds for each of 6 candidates, totalling 6 fits
----------
iter: 3
n_candidates: 2
n_resources: 216
Fitting 1 folds for each of 2 candidates, totalling 2 fits
      -> [KNN + HMM_GMM Set 2] Acc: 0.9733, F1: 0.9732, Time: 0.18s
n_iterations: 4
n_required_iterations: 4
n_possible_iterations: 8
min_resources_: 8
max_resources_: 32000
aggressive_elimination: False
factor: 3
----------
iter: 0
n_candidates: 50
n_resources: 8
Fitting 1 folds for each of 50 candidates, totalling 50 fits
----------
iter: 1
n_candidates: 17
n_resources: 24
Fitting 1 folds for each of 17 candidates, totalling 17 fits
----------
iter: 2
n_candidates: 6
n_resources: 72
Fitting 1 folds for each of 6 candidates, totalling 6 fits
----------
iter: 3
n_candidates: 2
n_resources: 216
Fitting 1 folds for each of 2 candidates, totalling 2 fits
      -> [RandomForest + HMM_GMM Set 2] Acc: 0.9850, F1: 0.9850, Time: 6.55s
n_iterations: 4
n_required_iterations: 4
n_possible_iterations: 8
min_resources_: 8
max_resources_: 32000
aggressive_elimination: False
factor: 3
----------
iter: 0
n_candidates: 50
n_resources: 8
Fitting 1 folds for each of 50 candidates, totalling 50 fits
----------
iter: 1
n_candidates: 17
n_resources: 24
Fitting 1 folds for each of 17 candidates, totalling 17 fits
----------
iter: 2
n_candidates: 6
n_resources: 72
Fitting 1 folds for each of 6 candidates, totalling 6 fits
----------
iter: 3
n_candidates: 2
n_resources: 216
Fitting 1 folds for each of 2 candidates, totalling 2 fits
      -> [LinearSVC + HMM_GMM Set 2] Acc: 0.8293, F1: 0.8285, Time: 0.11s
n_iterations: 4
n_required_iterations: 4
n_possible_iterations: 8
min_resources_: 8
max_resources_: 32000
aggressive_elimination: False
factor: 3
----------
iter: 0
n_candidates: 50
n_resources: 8
Fitting 1 folds for each of 50 candidates, totalling 50 fits
----------
iter: 1
n_candidates: 17
n_resources: 24
Fitting 1 folds for each of 17 candidates, totalling 17 fits
----------
iter: 2
n_candidates: 6
n_resources: 72
Fitting 1 folds for each of 6 candidates, totalling 6 fits
----------
iter: 3
n_candidates: 2
n_resources: 216
Fitting 1 folds for each of 2 candidates, totalling 2 fits
      -> [LogisticRegression + HMM_GMM Set 2] Acc: 0.8347, F1: 0.8307, Time: 0.12s
      -> [RNN + HMM_GMM Set 2] Acc: 1.0000, F1: 1.0000, Time: 91.69s
    [=== Generating 3x synthetic data with HMM_GMM (Set 3, Params: {'n_components': 2, 'n_mix': 2, 'covariance_type': 'full'}) ===]
n_iterations: 4
n_required_iterations: 4
n_possible_iterations: 8
min_resources_: 8
max_resources_: 32000
aggressive_elimination: False
factor: 3
----------
iter: 0
n_candidates: 50
n_resources: 8
Fitting 1 folds for each of 50 candidates, totalling 50 fits
Model is not converging.  Current: 20575.615313427945 is not greater than 20667.451541495815. Delta is -91.83622806787025
Model is not converging.  Current: 35203.06021438956 is not greater than 35220.95644530212. Delta is -17.896230912563624
----------
iter: 1
n_candidates: 17
n_resources: 24
Fitting 1 folds for each of 17 candidates, totalling 17 fits
----------
iter: 2
n_candidates: 6
n_resources: 72
Fitting 1 folds for each of 6 candidates, totalling 6 fits
----------
iter: 3
n_candidates: 2
n_resources: 216
Fitting 1 folds for each of 2 candidates, totalling 2 fits
      -> [KNN + HMM_GMM Set 3] Acc: 0.9727, F1: 0.9725, Time: 0.09s
n_iterations: 4
n_required_iterations: 4
n_possible_iterations: 8
min_resources_: 8
max_resources_: 32000
aggressive_elimination: False
factor: 3
----------
iter: 0
n_candidates: 50
n_resources: 8
Fitting 1 folds for each of 50 candidates, totalling 50 fits
----------
iter: 1
n_candidates: 17
n_resources: 24
Fitting 1 folds for each of 17 candidates, totalling 17 fits
----------
iter: 2
n_candidates: 6
n_resources: 72
Fitting 1 folds for each of 6 candidates, totalling 6 fits
----------
iter: 3
n_candidates: 2
n_resources: 216
Fitting 1 folds for each of 2 candidates, totalling 2 fits
      -> [RandomForest + HMM_GMM Set 3] Acc: 0.9870, F1: 0.9870, Time: 4.59s
n_iterations: 4
n_required_iterations: 4
n_possible_iterations: 8
min_resources_: 8
max_resources_: 32000
aggressive_elimination: False
factor: 3
----------
iter: 0
n_candidates: 50
n_resources: 8
Fitting 1 folds for each of 50 candidates, totalling 50 fits
----------
iter: 1
n_candidates: 17
n_resources: 24
Fitting 1 folds for each of 17 candidates, totalling 17 fits
----------
iter: 2
n_candidates: 6
n_resources: 72
Fitting 1 folds for each of 6 candidates, totalling 6 fits
----------
iter: 3
n_candidates: 2
n_resources: 216
Fitting 1 folds for each of 2 candidates, totalling 2 fits
      -> [LinearSVC + HMM_GMM Set 3] Acc: 0.8153, F1: 0.8221, Time: 0.08s
n_iterations: 4
n_required_iterations: 4
n_possible_iterations: 8
min_resources_: 8
max_resources_: 32000
aggressive_elimination: False
factor: 3
----------
iter: 0
n_candidates: 50
n_resources: 8
Fitting 1 folds for each of 50 candidates, totalling 50 fits
----------
iter: 1
n_candidates: 17
n_resources: 24
Fitting 1 folds for each of 17 candidates, totalling 17 fits
----------
iter: 2
n_candidates: 6
n_resources: 72
Fitting 1 folds for each of 6 candidates, totalling 6 fits
----------
iter: 3
n_candidates: 2
n_resources: 216
Fitting 1 folds for each of 2 candidates, totalling 2 fits
      -> [LogisticRegression + HMM_GMM Set 3] Acc: 0.8200, F1: 0.8264, Time: 0.50s
      -> [RNN + HMM_GMM Set 3] Acc: 0.8333, F1: 0.8240, Time: 90.76s
    [=== Generating 3x synthetic data with HMM_GMM (Set 4, Params: {'n_components': 4, 'n_mix': 4, 'covariance_type': 'spherical'}) ===]
n_iterations: 4
n_required_iterations: 4
n_possible_iterations: 8
min_resources_: 8
max_resources_: 32000
aggressive_elimination: False
factor: 3
----------
iter: 0
n_candidates: 50
n_resources: 8
Fitting 1 folds for each of 50 candidates, totalling 50 fits
----------
iter: 1
n_candidates: 17
n_resources: 24
Fitting 1 folds for each of 17 candidates, totalling 17 fits
----------
iter: 2
n_candidates: 6
n_resources: 72
Fitting 1 folds for each of 6 candidates, totalling 6 fits
----------
iter: 3
n_candidates: 2
n_resources: 216
Fitting 1 folds for each of 2 candidates, totalling 2 fits
      -> [KNN + HMM_GMM Set 4] Acc: 0.9703, F1: 0.9701, Time: 0.19s
n_iterations: 4
n_required_iterations: 4
n_possible_iterations: 8
min_resources_: 8
max_resources_: 32000
aggressive_elimination: False
factor: 3
----------
iter: 0
n_candidates: 50
n_resources: 8
Fitting 1 folds for each of 50 candidates, totalling 50 fits
----------
iter: 1
n_candidates: 17
n_resources: 24
Fitting 1 folds for each of 17 candidates, totalling 17 fits
----------
iter: 2
n_candidates: 6
n_resources: 72
Fitting 1 folds for each of 6 candidates, totalling 6 fits
----------
iter: 3
n_candidates: 2
n_resources: 216
Fitting 1 folds for each of 2 candidates, totalling 2 fits
      -> [RandomForest + HMM_GMM Set 4] Acc: 0.9853, F1: 0.9853, Time: 2.16s
n_iterations: 4
n_required_iterations: 4
n_possible_iterations: 8
min_resources_: 8
max_resources_: 32000
aggressive_elimination: False
factor: 3
----------
iter: 0
n_candidates: 50
n_resources: 8
Fitting 1 folds for each of 50 candidates, totalling 50 fits
----------
iter: 1
n_candidates: 17
n_resources: 24
Fitting 1 folds for each of 17 candidates, totalling 17 fits
----------
iter: 2
n_candidates: 6
n_resources: 72
Fitting 1 folds for each of 6 candidates, totalling 6 fits
----------
iter: 3
n_candidates: 2
n_resources: 216
Fitting 1 folds for each of 2 candidates, totalling 2 fits
      -> [LinearSVC + HMM_GMM Set 4] Acc: 0.8407, F1: 0.8453, Time: 0.17s
n_iterations: 4
n_required_iterations: 4
n_possible_iterations: 8
min_resources_: 8
max_resources_: 32000
aggressive_elimination: False
factor: 3
----------
iter: 0
n_candidates: 50
n_resources: 8
Fitting 1 folds for each of 50 candidates, totalling 50 fits
----------
iter: 1
n_candidates: 17
n_resources: 24
Fitting 1 folds for each of 17 candidates, totalling 17 fits
----------
iter: 2
n_candidates: 6
n_resources: 72
Fitting 1 folds for each of 6 candidates, totalling 6 fits
----------
iter: 3
n_candidates: 2
n_resources: 216
Fitting 1 folds for each of 2 candidates, totalling 2 fits
      -> [LogisticRegression + HMM_GMM Set 4] Acc: 0.8490, F1: 0.8481, Time: 1.40s
      -> [RNN + HMM_GMM Set 4] Acc: 0.9667, F1: 0.9673, Time: 73.25s
    [=== Generating 3x synthetic data with HMM_GMM (Set 5, Params: {'n_components': 2, 'n_mix': 4, 'covariance_type': 'spherical'}) ===]
n_iterations: 4
n_required_iterations: 4
n_possible_iterations: 8
min_resources_: 8
max_resources_: 32000
aggressive_elimination: False
factor: 3
----------
iter: 0
n_candidates: 50
n_resources: 8
Fitting 1 folds for each of 50 candidates, totalling 50 fits
----------
iter: 1
n_candidates: 17
n_resources: 24
Fitting 1 folds for each of 17 candidates, totalling 17 fits
----------
iter: 2
n_candidates: 6
n_resources: 72
Fitting 1 folds for each of 6 candidates, totalling 6 fits
----------
iter: 3
n_candidates: 2
n_resources: 216
Fitting 1 folds for each of 2 candidates, totalling 2 fits
      -> [KNN + HMM_GMM Set 5] Acc: 0.9717, F1: 0.9716, Time: 0.10s
n_iterations: 4
n_required_iterations: 4
n_possible_iterations: 8
min_resources_: 8
max_resources_: 32000
aggressive_elimination: False
factor: 3
----------
iter: 0
n_candidates: 50
n_resources: 8
Fitting 1 folds for each of 50 candidates, totalling 50 fits
----------
iter: 1
n_candidates: 17
n_resources: 24
Fitting 1 folds for each of 17 candidates, totalling 17 fits
----------
iter: 2
n_candidates: 6
n_resources: 72
Fitting 1 folds for each of 6 candidates, totalling 6 fits
----------
iter: 3
n_candidates: 2
n_resources: 216
Fitting 1 folds for each of 2 candidates, totalling 2 fits
      -> [RandomForest + HMM_GMM Set 5] Acc: 0.9850, F1: 0.9850, Time: 3.04s
n_iterations: 4
n_required_iterations: 4
n_possible_iterations: 8
min_resources_: 8
max_resources_: 32000
aggressive_elimination: False
factor: 3
----------
iter: 0
n_candidates: 50
n_resources: 8
Fitting 1 folds for each of 50 candidates, totalling 50 fits
----------
iter: 1
n_candidates: 17
n_resources: 24
Fitting 1 folds for each of 17 candidates, totalling 17 fits
----------
iter: 2
n_candidates: 6
n_resources: 72
Fitting 1 folds for each of 6 candidates, totalling 6 fits
----------
iter: 3
n_candidates: 2
n_resources: 216
Fitting 1 folds for each of 2 candidates, totalling 2 fits
      -> [LinearSVC + HMM_GMM Set 5] Acc: 0.8360, F1: 0.8408, Time: 0.05s
n_iterations: 4
n_required_iterations: 4
n_possible_iterations: 8
min_resources_: 8
max_resources_: 32000
aggressive_elimination: False
factor: 3
----------
iter: 0
n_candidates: 50
n_resources: 8
Fitting 1 folds for each of 50 candidates, totalling 50 fits
----------
iter: 1
n_candidates: 17
n_resources: 24
Fitting 1 folds for each of 17 candidates, totalling 17 fits
----------
iter: 2
n_candidates: 6
n_resources: 72
Fitting 1 folds for each of 6 candidates, totalling 6 fits
----------
iter: 3
n_candidates: 2
n_resources: 216
Fitting 1 folds for each of 2 candidates, totalling 2 fits
      -> [LogisticRegression + HMM_GMM Set 5] Acc: 0.8180, F1: 0.8235, Time: 0.11s
      -> [RNN + HMM_GMM Set 5] Acc: 0.6667, F1: 0.6498, Time: 89.60s
    [=== Generating 3x synthetic data with HMM_GMM (Set 6, Params: {'n_components': 2, 'n_mix': 1, 'covariance_type': 'spherical'}) ===]
n_iterations: 4
n_required_iterations: 4
n_possible_iterations: 8
min_resources_: 8
max_resources_: 32000
aggressive_elimination: False
factor: 3
----------
iter: 0
n_candidates: 50
n_resources: 8
Fitting 1 folds for each of 50 candidates, totalling 50 fits
----------
iter: 1
n_candidates: 17
n_resources: 24
Fitting 1 folds for each of 17 candidates, totalling 17 fits
----------
iter: 2
n_candidates: 6
n_resources: 72
Fitting 1 folds for each of 6 candidates, totalling 6 fits
----------
iter: 3
n_candidates: 2
n_resources: 216
Fitting 1 folds for each of 2 candidates, totalling 2 fits
      -> [KNN + HMM_GMM Set 6] Acc: 0.9717, F1: 0.9716, Time: 0.10s
n_iterations: 4
n_required_iterations: 4
n_possible_iterations: 8
min_resources_: 8
max_resources_: 32000
aggressive_elimination: False
factor: 3
----------
iter: 0
n_candidates: 50
n_resources: 8
Fitting 1 folds for each of 50 candidates, totalling 50 fits
----------
iter: 1
n_candidates: 17
n_resources: 24
Fitting 1 folds for each of 17 candidates, totalling 17 fits
----------
iter: 2
n_candidates: 6
n_resources: 72
Fitting 1 folds for each of 6 candidates, totalling 6 fits
----------
iter: 3
n_candidates: 2
n_resources: 216
Fitting 1 folds for each of 2 candidates, totalling 2 fits
      -> [RandomForest + HMM_GMM Set 6] Acc: 0.9880, F1: 0.9880, Time: 7.96s
n_iterations: 4
n_required_iterations: 4
n_possible_iterations: 8
min_resources_: 8
max_resources_: 32000
aggressive_elimination: False
factor: 3
----------
iter: 0
n_candidates: 50
n_resources: 8
Fitting 1 folds for each of 50 candidates, totalling 50 fits
----------
iter: 1
n_candidates: 17
n_resources: 24
Fitting 1 folds for each of 17 candidates, totalling 17 fits
----------
iter: 2
n_candidates: 6
n_resources: 72
Fitting 1 folds for each of 6 candidates, totalling 6 fits
----------
iter: 3
n_candidates: 2
n_resources: 216
Fitting 1 folds for each of 2 candidates, totalling 2 fits
      -> [LinearSVC + HMM_GMM Set 6] Acc: 0.8323, F1: 0.8317, Time: 0.13s
n_iterations: 4
n_required_iterations: 4
n_possible_iterations: 8
min_resources_: 8
max_resources_: 32000
aggressive_elimination: False
factor: 3
----------
iter: 0
n_candidates: 50
n_resources: 8
Fitting 1 folds for each of 50 candidates, totalling 50 fits
----------
iter: 1
n_candidates: 17
n_resources: 24
Fitting 1 folds for each of 17 candidates, totalling 17 fits
----------
iter: 2
n_candidates: 6
n_resources: 72
Fitting 1 folds for each of 6 candidates, totalling 6 fits
----------
iter: 3
n_candidates: 2
n_resources: 216
Fitting 1 folds for each of 2 candidates, totalling 2 fits
      -> [LogisticRegression + HMM_GMM Set 6] Acc: 0.8197, F1: 0.8235, Time: 0.13s
      -> [RNN + HMM_GMM Set 6] Acc: 1.0000, F1: 1.0000, Time: 95.48s
    [=== Generating 3x synthetic data with HMM_GMM (Set 7, Params: {'n_components': 4, 'n_mix': 5, 'covariance_type': 'full'}) ===]
HMM-GMM fitting failed for class AQ_Wines: Covariance of state #1, mixture #0 is not positive definite
HMM-GMM fitting failed for class Ethanol: Covariance of state #1, mixture #3 is not positive definite
HMM-GMM fitting failed for class HQ_Wines: Covariance of state #2, mixture #1 is not positive definite
HMM-GMM fitting failed for class LQ_Wines: Covariance of state #1, mixture #4 is not positive definite
n_iterations: 4
n_required_iterations: 4
n_possible_iterations: 7
min_resources_: 8
max_resources_: 16000
aggressive_elimination: False
factor: 3
----------
iter: 0
n_candidates: 50
n_resources: 8
Fitting 1 folds for each of 50 candidates, totalling 50 fits
----------
iter: 1
n_candidates: 17
n_resources: 24
Fitting 1 folds for each of 17 candidates, totalling 17 fits
----------
iter: 2
n_candidates: 6
n_resources: 72
Fitting 1 folds for each of 6 candidates, totalling 6 fits
----------
iter: 3
n_candidates: 2
n_resources: 216
Fitting 1 folds for each of 2 candidates, totalling 2 fits
      -> [KNN + HMM_GMM Set 7] Acc: 0.9720, F1: 0.9719, Time: 0.05s
n_iterations: 4
n_required_iterations: 4
n_possible_iterations: 7
min_resources_: 8
max_resources_: 16000
aggressive_elimination: False
factor: 3
----------
iter: 0
n_candidates: 50
n_resources: 8
Fitting 1 folds for each of 50 candidates, totalling 50 fits
----------
iter: 1
n_candidates: 17
n_resources: 24
Fitting 1 folds for each of 17 candidates, totalling 17 fits
----------
iter: 2
n_candidates: 6
n_resources: 72
Fitting 1 folds for each of 6 candidates, totalling 6 fits
----------
iter: 3
n_candidates: 2
n_resources: 216
Fitting 1 folds for each of 2 candidates, totalling 2 fits
      -> [RandomForest + HMM_GMM Set 7] Acc: 0.9863, F1: 0.9864, Time: 2.00s
n_iterations: 4
n_required_iterations: 4
n_possible_iterations: 7
min_resources_: 8
max_resources_: 16000
aggressive_elimination: False
factor: 3
----------
iter: 0
n_candidates: 50
n_resources: 8
Fitting 1 folds for each of 50 candidates, totalling 50 fits
----------
iter: 1
n_candidates: 17
n_resources: 24
Fitting 1 folds for each of 17 candidates, totalling 17 fits
----------
iter: 2
n_candidates: 6
n_resources: 72
Fitting 1 folds for each of 6 candidates, totalling 6 fits
----------
iter: 3
n_candidates: 2
n_resources: 216
Fitting 1 folds for each of 2 candidates, totalling 2 fits
      -> [LinearSVC + HMM_GMM Set 7] Acc: 0.8257, F1: 0.8325, Time: 0.08s
n_iterations: 4
n_required_iterations: 4
n_possible_iterations: 7
min_resources_: 8
max_resources_: 16000
aggressive_elimination: False
factor: 3
----------
iter: 0
n_candidates: 50
n_resources: 8
Fitting 1 folds for each of 50 candidates, totalling 50 fits
----------
iter: 1
n_candidates: 17
n_resources: 24
Fitting 1 folds for each of 17 candidates, totalling 17 fits
----------
iter: 2
n_candidates: 6
n_resources: 72
Fitting 1 folds for each of 6 candidates, totalling 6 fits
----------
iter: 3
n_candidates: 2
n_resources: 216
Fitting 1 folds for each of 2 candidates, totalling 2 fits
      -> [LogisticRegression + HMM_GMM Set 7] Acc: 0.8287, F1: 0.8355, Time: 0.73s
      -> [RNN + HMM_GMM Set 7] Acc: 0.9333, F1: 0.9322, Time: 26.53s
    [=== Generating 3x synthetic data with HMM_GMM (Set 8, Params: {'n_components': 5, 'n_mix': 5, 'covariance_type': 'full'}) ===]
HMM-GMM fitting failed for class AQ_Wines: Covariance of state #3, mixture #0 is not positive definite
HMM-GMM fitting failed for class Ethanol: Covariance of state #3, mixture #0 is not positive definite
HMM-GMM fitting failed for class HQ_Wines: Covariance of state #3, mixture #0 is not positive definite
HMM-GMM fitting failed for class LQ_Wines: Covariance of state #1, mixture #3 is not positive definite
n_iterations: 4
n_required_iterations: 4
n_possible_iterations: 7
min_resources_: 8
max_resources_: 16000
aggressive_elimination: False
factor: 3
----------
iter: 0
n_candidates: 50
n_resources: 8
Fitting 1 folds for each of 50 candidates, totalling 50 fits
Degenerate mixture covariance
Degenerate mixture covariance
Degenerate mixture covariance
Degenerate mixture covariance
Degenerate mixture covariance
Degenerate mixture covariance
Degenerate mixture covariance
Degenerate mixture covariance
Degenerate mixture covariance
Degenerate mixture covariance
Degenerate mixture covariance
Degenerate mixture covariance
Degenerate mixture covariance
Degenerate mixture covariance
Degenerate mixture covariance
Degenerate mixture covariance
Degenerate mixture covariance
Degenerate mixture covariance
Degenerate mixture covariance
Degenerate mixture covariance
Degenerate mixture covariance
Degenerate mixture covariance
Degenerate mixture covariance
Degenerate mixture covariance
Degenerate mixture covariance
Degenerate mixture covariance
Degenerate mixture covariance
Degenerate mixture covariance
Degenerate mixture covariance
Degenerate mixture covariance
Degenerate mixture covariance
Degenerate mixture covariance
Degenerate mixture covariance
Degenerate mixture covariance
Degenerate mixture covariance
Degenerate mixture covariance
Degenerate mixture covariance
Degenerate mixture covariance
Degenerate mixture covariance
Degenerate mixture covariance
----------
iter: 1
n_candidates: 17
n_resources: 24
Fitting 1 folds for each of 17 candidates, totalling 17 fits
----------
iter: 2
n_candidates: 6
n_resources: 72
Fitting 1 folds for each of 6 candidates, totalling 6 fits
----------
iter: 3
n_candidates: 2
n_resources: 216
Fitting 1 folds for each of 2 candidates, totalling 2 fits
      -> [KNN + HMM_GMM Set 8] Acc: 0.9720, F1: 0.9719, Time: 0.11s
n_iterations: 4
n_required_iterations: 4
n_possible_iterations: 7
min_resources_: 8
max_resources_: 16000
aggressive_elimination: False
factor: 3
----------
iter: 0
n_candidates: 50
n_resources: 8
Fitting 1 folds for each of 50 candidates, totalling 50 fits
----------
iter: 1
n_candidates: 17
n_resources: 24
Fitting 1 folds for each of 17 candidates, totalling 17 fits
----------
iter: 2
n_candidates: 6
n_resources: 72
Fitting 1 folds for each of 6 candidates, totalling 6 fits
----------
iter: 3
n_candidates: 2
n_resources: 216
Fitting 1 folds for each of 2 candidates, totalling 2 fits
      -> [RandomForest + HMM_GMM Set 8] Acc: 0.9863, F1: 0.9864, Time: 3.83s
n_iterations: 4
n_required_iterations: 4
n_possible_iterations: 7
min_resources_: 8
max_resources_: 16000
aggressive_elimination: False
factor: 3
----------
iter: 0
n_candidates: 50
n_resources: 8
Fitting 1 folds for each of 50 candidates, totalling 50 fits
----------
iter: 1
n_candidates: 17
n_resources: 24
Fitting 1 folds for each of 17 candidates, totalling 17 fits
----------
iter: 2
n_candidates: 6
n_resources: 72
Fitting 1 folds for each of 6 candidates, totalling 6 fits
----------
iter: 3
n_candidates: 2
n_resources: 216
Fitting 1 folds for each of 2 candidates, totalling 2 fits
      -> [LinearSVC + HMM_GMM Set 8] Acc: 0.8257, F1: 0.8325, Time: 0.04s
n_iterations: 4
n_required_iterations: 4
n_possible_iterations: 7
min_resources_: 8
max_resources_: 16000
aggressive_elimination: False
factor: 3
----------
iter: 0
n_candidates: 50
n_resources: 8
Fitting 1 folds for each of 50 candidates, totalling 50 fits
----------
iter: 1
n_candidates: 17
n_resources: 24
Fitting 1 folds for each of 17 candidates, totalling 17 fits
----------
iter: 2
n_candidates: 6
n_resources: 72
Fitting 1 folds for each of 6 candidates, totalling 6 fits
----------
iter: 3
n_candidates: 2
n_resources: 216
Fitting 1 folds for each of 2 candidates, totalling 2 fits
      -> [LogisticRegression + HMM_GMM Set 8] Acc: 0.8287, F1: 0.8355, Time: 0.74s
      -> [RNN + HMM_GMM Set 8] Acc: 0.9667, F1: 0.9673, Time: 30.06s
    [=== Generating 3x synthetic data with HMM_GMM (Set 9, Params: {'n_components': 2, 'n_mix': 2, 'covariance_type': 'full'}) ===]
n_iterations: 4
n_required_iterations: 4
n_possible_iterations: 8
min_resources_: 8
max_resources_: 32000
aggressive_elimination: False
factor: 3
----------
iter: 0
n_candidates: 50
n_resources: 8
Fitting 1 folds for each of 50 candidates, totalling 50 fits
----------
iter: 1
n_candidates: 17
n_resources: 24
Fitting 1 folds for each of 17 candidates, totalling 17 fits
----------
iter: 2
n_candidates: 6
n_resources: 72
Fitting 1 folds for each of 6 candidates, totalling 6 fits
----------
iter: 3
n_candidates: 2
n_resources: 216
Fitting 1 folds for each of 2 candidates, totalling 2 fits
      -> [KNN + HMM_GMM Set 9] Acc: 0.9730, F1: 0.9728, Time: 0.19s
n_iterations: 4
n_required_iterations: 4
n_possible_iterations: 8
min_resources_: 8
max_resources_: 32000
aggressive_elimination: False
factor: 3
----------
iter: 0
n_candidates: 50
n_resources: 8
Fitting 1 folds for each of 50 candidates, totalling 50 fits
----------
iter: 1
n_candidates: 17
n_resources: 24
Fitting 1 folds for each of 17 candidates, totalling 17 fits
----------
iter: 2
n_candidates: 6
n_resources: 72
Fitting 1 folds for each of 6 candidates, totalling 6 fits
----------
iter: 3
n_candidates: 2
n_resources: 216
Fitting 1 folds for each of 2 candidates, totalling 2 fits
      -> [RandomForest + HMM_GMM Set 9] Acc: 0.9870, F1: 0.9870, Time: 3.33s
n_iterations: 4
n_required_iterations: 4
n_possible_iterations: 8
min_resources_: 8
max_resources_: 32000
aggressive_elimination: False
factor: 3
----------
iter: 0
n_candidates: 50
n_resources: 8
Fitting 1 folds for each of 50 candidates, totalling 50 fits
----------
iter: 1
n_candidates: 17
n_resources: 24
Fitting 1 folds for each of 17 candidates, totalling 17 fits
----------
iter: 2
n_candidates: 6
n_resources: 72
Fitting 1 folds for each of 6 candidates, totalling 6 fits
----------
iter: 3
n_candidates: 2
n_resources: 216
Fitting 1 folds for each of 2 candidates, totalling 2 fits
      -> [LinearSVC + HMM_GMM Set 9] Acc: 0.8253, F1: 0.8309, Time: 0.08s
n_iterations: 4
n_required_iterations: 4
n_possible_iterations: 8
min_resources_: 8
max_resources_: 32000
aggressive_elimination: False
factor: 3
----------
iter: 0
n_candidates: 50
n_resources: 8
Fitting 1 folds for each of 50 candidates, totalling 50 fits
----------
iter: 1
n_candidates: 17
n_resources: 24
Fitting 1 folds for each of 17 candidates, totalling 17 fits
----------
iter: 2
n_candidates: 6
n_resources: 72
Fitting 1 folds for each of 6 candidates, totalling 6 fits
----------
iter: 3
n_candidates: 2
n_resources: 216
Fitting 1 folds for each of 2 candidates, totalling 2 fits
      -> [LogisticRegression + HMM_GMM Set 9] Acc: 0.8337, F1: 0.8373, Time: 0.13s
      -> [RNN + HMM_GMM Set 9] Acc: 0.9333, F1: 0.9355, Time: 91.25s
    [=== Generating 3x synthetic data with HMM_GMM (Set 10, Params: {'n_components': 2, 'n_mix': 5, 'covariance_type': 'diag'}) ===]
n_iterations: 4
n_required_iterations: 4
n_possible_iterations: 8
min_resources_: 8
max_resources_: 32000
aggressive_elimination: False
factor: 3
----------
iter: 0
n_candidates: 50
n_resources: 8
Fitting 1 folds for each of 50 candidates, totalling 50 fits
----------
iter: 1
n_candidates: 17
n_resources: 24
Fitting 1 folds for each of 17 candidates, totalling 17 fits
----------
iter: 2
n_candidates: 6
n_resources: 72
Fitting 1 folds for each of 6 candidates, totalling 6 fits
----------
iter: 3
n_candidates: 2
n_resources: 216
Fitting 1 folds for each of 2 candidates, totalling 2 fits
      -> [KNN + HMM_GMM Set 10] Acc: 0.9627, F1: 0.9625, Time: 0.56s
n_iterations: 4
n_required_iterations: 4
n_possible_iterations: 8
min_resources_: 8
max_resources_: 32000
aggressive_elimination: False
factor: 3
----------
iter: 0
n_candidates: 50
n_resources: 8
Fitting 1 folds for each of 50 candidates, totalling 50 fits
----------
iter: 1
n_candidates: 17
n_resources: 24
Fitting 1 folds for each of 17 candidates, totalling 17 fits
----------
iter: 2
n_candidates: 6
n_resources: 72
Fitting 1 folds for each of 6 candidates, totalling 6 fits
----------
iter: 3
n_candidates: 2
n_resources: 216
Fitting 1 folds for each of 2 candidates, totalling 2 fits
      -> [RandomForest + HMM_GMM Set 10] Acc: 0.9820, F1: 0.9820, Time: 3.81s
n_iterations: 4
n_required_iterations: 4
n_possible_iterations: 8
min_resources_: 8
max_resources_: 32000
aggressive_elimination: False
factor: 3
----------
iter: 0
n_candidates: 50
n_resources: 8
Fitting 1 folds for each of 50 candidates, totalling 50 fits
----------
iter: 1
n_candidates: 17
n_resources: 24
Fitting 1 folds for each of 17 candidates, totalling 17 fits
----------
iter: 2
n_candidates: 6
n_resources: 72
Fitting 1 folds for each of 6 candidates, totalling 6 fits
----------
iter: 3
n_candidates: 2
n_resources: 216
Fitting 1 folds for each of 2 candidates, totalling 2 fits
      -> [LinearSVC + HMM_GMM Set 10] Acc: 0.8110, F1: 0.8176, Time: 0.10s
n_iterations: 4
n_required_iterations: 4
n_possible_iterations: 8
min_resources_: 8
max_resources_: 32000
aggressive_elimination: False
factor: 3
----------
iter: 0
n_candidates: 50
n_resources: 8
Fitting 1 folds for each of 50 candidates, totalling 50 fits
----------
iter: 1
n_candidates: 17
n_resources: 24
Fitting 1 folds for each of 17 candidates, totalling 17 fits
----------
iter: 2
n_candidates: 6
n_resources: 72
Fitting 1 folds for each of 6 candidates, totalling 6 fits
----------
iter: 3
n_candidates: 2
n_resources: 216
Fitting 1 folds for each of 2 candidates, totalling 2 fits
      -> [LogisticRegression + HMM_GMM Set 10] Acc: 0.8253, F1: 0.8312, Time: 1.19s
      -> [RNN + HMM_GMM Set 10] Acc: 0.9667, F1: 0.9661, Time: 91.54s
    [=== Generating 5x synthetic data with HMM_GMM (Set 1, Params: {'n_components': 1, 'n_mix': 4, 'covariance_type': 'spherical'}) ===]
n_iterations: 4
n_required_iterations: 4
n_possible_iterations: 8
min_resources_: 8
max_resources_: 48000
aggressive_elimination: False
factor: 3
----------
iter: 0
n_candidates: 50
n_resources: 8
Fitting 1 folds for each of 50 candidates, totalling 50 fits
----------
iter: 1
n_candidates: 17
n_resources: 24
Fitting 1 folds for each of 17 candidates, totalling 17 fits
----------
iter: 2
n_candidates: 6
n_resources: 72
Fitting 1 folds for each of 6 candidates, totalling 6 fits
----------
iter: 3
n_candidates: 2
n_resources: 216
Fitting 1 folds for each of 2 candidates, totalling 2 fits
      -> [KNN + HMM_GMM Set 1] Acc: 0.9640, F1: 0.9638, Time: 0.46s
n_iterations: 4
n_required_iterations: 4
n_possible_iterations: 8
min_resources_: 8
max_resources_: 48000
aggressive_elimination: False
factor: 3
----------
iter: 0
n_candidates: 50
n_resources: 8
Fitting 1 folds for each of 50 candidates, totalling 50 fits
----------
iter: 1
n_candidates: 17
n_resources: 24
Fitting 1 folds for each of 17 candidates, totalling 17 fits
----------
iter: 2
n_candidates: 6
n_resources: 72
Fitting 1 folds for each of 6 candidates, totalling 6 fits
----------
iter: 3
n_candidates: 2
n_resources: 216
Fitting 1 folds for each of 2 candidates, totalling 2 fits
      -> [RandomForest + HMM_GMM Set 1] Acc: 0.9850, F1: 0.9850, Time: 4.41s
n_iterations: 4
n_required_iterations: 4
n_possible_iterations: 8
min_resources_: 8
max_resources_: 48000
aggressive_elimination: False
factor: 3
----------
iter: 0
n_candidates: 50
n_resources: 8
Fitting 1 folds for each of 50 candidates, totalling 50 fits
----------
iter: 1
n_candidates: 17
n_resources: 24
Fitting 1 folds for each of 17 candidates, totalling 17 fits
----------
iter: 2
n_candidates: 6
n_resources: 72
Fitting 1 folds for each of 6 candidates, totalling 6 fits
----------
iter: 3
n_candidates: 2
n_resources: 216
Fitting 1 folds for each of 2 candidates, totalling 2 fits
      -> [LinearSVC + HMM_GMM Set 1] Acc: 0.8173, F1: 0.8238, Time: 0.48s
n_iterations: 4
n_required_iterations: 4
n_possible_iterations: 8
min_resources_: 8
max_resources_: 48000
aggressive_elimination: False
factor: 3
----------
iter: 0
n_candidates: 50
n_resources: 8
Fitting 1 folds for each of 50 candidates, totalling 50 fits
----------
iter: 1
n_candidates: 17
n_resources: 24
Fitting 1 folds for each of 17 candidates, totalling 17 fits
----------
iter: 2
n_candidates: 6
n_resources: 72
Fitting 1 folds for each of 6 candidates, totalling 6 fits
----------
iter: 3
n_candidates: 2
n_resources: 216
Fitting 1 folds for each of 2 candidates, totalling 2 fits
      -> [LogisticRegression + HMM_GMM Set 1] Acc: 0.8153, F1: 0.8223, Time: 1.85s
      -> [RNN + HMM_GMM Set 1] Acc: 0.9667, F1: 0.9667, Time: 164.51s
    [=== Generating 5x synthetic data with HMM_GMM (Set 2, Params: {'n_components': 4, 'n_mix': 2, 'covariance_type': 'tied'}) ===]
n_iterations: 4
n_required_iterations: 4
n_possible_iterations: 8
min_resources_: 8
max_resources_: 48000
aggressive_elimination: False
factor: 3
----------
iter: 0
n_candidates: 50
n_resources: 8
Fitting 1 folds for each of 50 candidates, totalling 50 fits
----------
iter: 1
n_candidates: 17
n_resources: 24
Fitting 1 folds for each of 17 candidates, totalling 17 fits
----------
iter: 2
n_candidates: 6
n_resources: 72
Fitting 1 folds for each of 6 candidates, totalling 6 fits
----------
iter: 3
n_candidates: 2
n_resources: 216
Fitting 1 folds for each of 2 candidates, totalling 2 fits
      -> [KNN + HMM_GMM Set 2] Acc: 0.9723, F1: 0.9722, Time: 0.21s
n_iterations: 4
n_required_iterations: 4
n_possible_iterations: 8
min_resources_: 8
max_resources_: 48000
aggressive_elimination: False
factor: 3
----------
iter: 0
n_candidates: 50
n_resources: 8
Fitting 1 folds for each of 50 candidates, totalling 50 fits
----------
iter: 1
n_candidates: 17
n_resources: 24
Fitting 1 folds for each of 17 candidates, totalling 17 fits
----------
iter: 2
n_candidates: 6
n_resources: 72
Fitting 1 folds for each of 6 candidates, totalling 6 fits
----------
iter: 3
n_candidates: 2
n_resources: 216
Fitting 1 folds for each of 2 candidates, totalling 2 fits
      -> [RandomForest + HMM_GMM Set 2] Acc: 0.9867, F1: 0.9866, Time: 4.28s
n_iterations: 4
n_required_iterations: 4
n_possible_iterations: 8
min_resources_: 8
max_resources_: 48000
aggressive_elimination: False
factor: 3
----------
iter: 0
n_candidates: 50
n_resources: 8
Fitting 1 folds for each of 50 candidates, totalling 50 fits
----------
iter: 1
n_candidates: 17
n_resources: 24
Fitting 1 folds for each of 17 candidates, totalling 17 fits
----------
iter: 2
n_candidates: 6
n_resources: 72
Fitting 1 folds for each of 6 candidates, totalling 6 fits
----------
iter: 3
n_candidates: 2
n_resources: 216
Fitting 1 folds for each of 2 candidates, totalling 2 fits
      -> [LinearSVC + HMM_GMM Set 2] Acc: 0.8433, F1: 0.8363, Time: 0.18s
n_iterations: 4
n_required_iterations: 4
n_possible_iterations: 8
min_resources_: 8
max_resources_: 48000
aggressive_elimination: False
factor: 3
----------
iter: 0
n_candidates: 50
n_resources: 8
Fitting 1 folds for each of 50 candidates, totalling 50 fits
----------
iter: 1
n_candidates: 17
n_resources: 24
Fitting 1 folds for each of 17 candidates, totalling 17 fits
----------
iter: 2
n_candidates: 6
n_resources: 72
Fitting 1 folds for each of 6 candidates, totalling 6 fits
----------
iter: 3
n_candidates: 2
n_resources: 216
Fitting 1 folds for each of 2 candidates, totalling 2 fits
      -> [LogisticRegression + HMM_GMM Set 2] Acc: 0.8293, F1: 0.8211, Time: 0.63s
      -> [RNN + HMM_GMM Set 2] Acc: 0.9667, F1: 0.9673, Time: 176.52s
    [=== Generating 5x synthetic data with HMM_GMM (Set 3, Params: {'n_components': 2, 'n_mix': 2, 'covariance_type': 'full'}) ===]
n_iterations: 4
n_required_iterations: 4
n_possible_iterations: 8
min_resources_: 8
max_resources_: 48000
aggressive_elimination: False
factor: 3
----------
iter: 0
n_candidates: 50
n_resources: 8
Fitting 1 folds for each of 50 candidates, totalling 50 fits
