=================================================
Starting job on node10
CPUs allocated: 56
SLURM_ARRAY_JOB_ID: 471
SLURM_ARRAY_TASK_ID: 7
Processing dataset: Wine_spoilage
Processing seeds: 20
=================================================
Pulling latest changes from git...
Already up to date.
============================================================
🚀 STARTING EXPERIMENT ORCHESTRATION
============================================================
📌 Datasets: ['Wine_spoilage']
📌 Seeds: [20]
⚡ Max Workers: 56 (Auto-detected HPC: Yes)
📋 Total sequence tasks: 10
📋 Total individual folds to run: 10
 Output will be hidden and written to logs/
============================================================

[+] COMPLETED Wine_spoilage (Seed 20, Fold 5)
[+] COMPLETED Wine_spoilage (Seed 20, Fold 9)
[+] COMPLETED Wine_spoilage (Seed 20, Fold 3)
[+] COMPLETED Wine_spoilage (Seed 20, Fold 2)
[+] COMPLETED Wine_spoilage (Seed 20, Fold 10)
[+] COMPLETED Wine_spoilage (Seed 20, Fold 6)
[+] COMPLETED Wine_spoilage (Seed 20, Fold 4)
[+] COMPLETED Wine_spoilage (Seed 20, Fold 8)
[+] COMPLETED Wine_spoilage (Seed 20, Fold 7)
[+] COMPLETED Wine_spoilage (Seed 20, Fold 1)

============================================================
✅ ALL TASKS COMPLETED
============================================================
=================================================
Job completed.
=================================================
