=================================================
Starting job on node9
CPUs allocated: 56
SLURM_ARRAY_JOB_ID: 471
SLURM_ARRAY_TASK_ID: 6
Processing dataset: Brewed_vinegar
Processing seeds: 20
=================================================
Pulling latest changes from git...
Already up to date.
============================================================
🚀 STARTING EXPERIMENT ORCHESTRATION
============================================================
📌 Datasets: ['Brewed_vinegar']
📌 Seeds: [20]
⚡ Max Workers: 56 (Auto-detected HPC: Yes)
📋 Total sequence tasks: 10
📋 Total individual folds to run: 10
 Output will be hidden and written to logs/
============================================================

[+] COMPLETED Brewed_vinegar (Seed 20, Fold 2)
[+] COMPLETED Brewed_vinegar (Seed 20, Fold 7)
[+] COMPLETED Brewed_vinegar (Seed 20, Fold 8)
[+] COMPLETED Brewed_vinegar (Seed 20, Fold 4)
[+] COMPLETED Brewed_vinegar (Seed 20, Fold 1)
[+] COMPLETED Brewed_vinegar (Seed 20, Fold 10)
[+] COMPLETED Brewed_vinegar (Seed 20, Fold 3)
[+] COMPLETED Brewed_vinegar (Seed 20, Fold 5)
[+] COMPLETED Brewed_vinegar (Seed 20, Fold 9)
[+] COMPLETED Brewed_vinegar (Seed 20, Fold 6)

============================================================
✅ ALL TASKS COMPLETED
============================================================
=================================================
Job completed.
=================================================
