=================================================
Starting job on node11
CPUs allocated: 56
SLURM_ARRAY_JOB_ID: 471
SLURM_ARRAY_TASK_ID: 8
Processing dataset: Chinese_wine
Processing seeds: 20
=================================================
Pulling latest changes from git...
Already up to date.
============================================================
🚀 STARTING EXPERIMENT ORCHESTRATION
============================================================
📌 Datasets: ['Chinese_wine']
📌 Seeds: [20]
⚡ Max Workers: 56 (Auto-detected HPC: Yes)
📋 Total sequence tasks: 10
📋 Total individual folds to run: 10
 Output will be hidden and written to logs/
============================================================

[+] COMPLETED Chinese_wine (Seed 20, Fold 10)
[+] COMPLETED Chinese_wine (Seed 20, Fold 3)
[+] COMPLETED Chinese_wine (Seed 20, Fold 7)
[+] COMPLETED Chinese_wine (Seed 20, Fold 1)
[+] COMPLETED Chinese_wine (Seed 20, Fold 6)
[+] COMPLETED Chinese_wine (Seed 20, Fold 8)
[+] COMPLETED Chinese_wine (Seed 20, Fold 9)
[+] COMPLETED Chinese_wine (Seed 20, Fold 4)
[+] COMPLETED Chinese_wine (Seed 20, Fold 2)
[+] COMPLETED Chinese_wine (Seed 20, Fold 5)

============================================================
✅ ALL TASKS COMPLETED
============================================================
=================================================
Job completed.
=================================================
