=================================================
Starting job on node7
CPUs allocated: 56
SLURM_ARRAY_JOB_ID: 456
SLURM_ARRAY_TASK_ID: 4
Processing dataset: Coffee
=================================================
Pulling latest changes from git...
Already up to date.
============================================================
🚀 STARTING EXPERIMENT ORCHESTRATION
============================================================
📌 Datasets: ['Coffee']
📌 Seeds: [1, 2, 5, 10, 20]
⚡ Max Workers: 56 (Auto-detected HPC: Yes)
📋 Total sequence tasks: 50
📋 Total individual folds to run: 50
 Output will be hidden and written to logs/
============================================================

[+] COMPLETED Coffee (Seed 1, Fold 5)
[+] COMPLETED Coffee (Seed 1, Fold 1)
[+] COMPLETED Coffee (Seed 1, Fold 2)
[+] COMPLETED Coffee (Seed 1, Fold 7)
[+] COMPLETED Coffee (Seed 1, Fold 8)
[+] COMPLETED Coffee (Seed 1, Fold 3)
[+] COMPLETED Coffee (Seed 1, Fold 9)
[+] COMPLETED Coffee (Seed 1, Fold 4)
[+] COMPLETED Coffee (Seed 1, Fold 10)
[+] COMPLETED Coffee (Seed 1, Fold 6)
[+] COMPLETED Coffee (Seed 2, Fold 10)
[+] COMPLETED Coffee (Seed 2, Fold 9)
[+] COMPLETED Coffee (Seed 2, Fold 8)
[+] COMPLETED Coffee (Seed 2, Fold 4)
[+] COMPLETED Coffee (Seed 2, Fold 6)
[+] COMPLETED Coffee (Seed 2, Fold 3)
[+] COMPLETED Coffee (Seed 2, Fold 2)
[+] COMPLETED Coffee (Seed 2, Fold 5)
[+] COMPLETED Coffee (Seed 2, Fold 1)
[+] COMPLETED Coffee (Seed 2, Fold 7)
[+] COMPLETED Coffee (Seed 5, Fold 8)
[+] COMPLETED Coffee (Seed 5, Fold 9)
[+] COMPLETED Coffee (Seed 5, Fold 5)
[+] COMPLETED Coffee (Seed 5, Fold 6)
[+] COMPLETED Coffee (Seed 5, Fold 2)
[+] COMPLETED Coffee (Seed 5, Fold 1)
[+] COMPLETED Coffee (Seed 5, Fold 3)
[+] COMPLETED Coffee (Seed 5, Fold 4)
[+] COMPLETED Coffee (Seed 5, Fold 10)
[+] COMPLETED Coffee (Seed 5, Fold 7)
[+] COMPLETED Coffee (Seed 10, Fold 9)
[+] COMPLETED Coffee (Seed 10, Fold 8)
[+] COMPLETED Coffee (Seed 10, Fold 3)
[+] COMPLETED Coffee (Seed 10, Fold 2)
[+] COMPLETED Coffee (Seed 10, Fold 4)
[+] COMPLETED Coffee (Seed 10, Fold 6)
[+] COMPLETED Coffee (Seed 10, Fold 10)
[+] COMPLETED Coffee (Seed 10, Fold 7)
[+] COMPLETED Coffee (Seed 10, Fold 5)
[+] COMPLETED Coffee (Seed 10, Fold 1)
[+] COMPLETED Coffee (Seed 20, Fold 1)
[+] COMPLETED Coffee (Seed 20, Fold 5)
[+] COMPLETED Coffee (Seed 20, Fold 2)
[+] COMPLETED Coffee (Seed 20, Fold 10)
[+] COMPLETED Coffee (Seed 20, Fold 8)
[+] COMPLETED Coffee (Seed 20, Fold 6)
[+] COMPLETED Coffee (Seed 20, Fold 4)
[+] COMPLETED Coffee (Seed 20, Fold 7)
[+] COMPLETED Coffee (Seed 20, Fold 3)
[+] COMPLETED Coffee (Seed 20, Fold 9)

============================================================
✅ ALL TASKS COMPLETED
============================================================
=================================================
Job completed.
=================================================
