=================================================
Starting job on node3
CPUs allocated: 56
SLURM_ARRAY_JOB_ID: 471
SLURM_ARRAY_TASK_ID: 0
Processing dataset: Plant_oil
Processing seeds: 1 2 5 10
=================================================
Pulling latest changes from git...
Already up to date.
============================================================
🚀 STARTING EXPERIMENT ORCHESTRATION
============================================================
📌 Datasets: ['Plant_oil']
📌 Seeds: [1, 2, 5, 10]
⚡ Max Workers: 56 (Auto-detected HPC: Yes)
📋 Total sequence tasks: 40
📋 Total individual folds to run: 40
 Output will be hidden and written to logs/
============================================================

[+] COMPLETED Plant_oil (Seed 1, Fold 9)
[+] COMPLETED Plant_oil (Seed 1, Fold 10)
[+] COMPLETED Plant_oil (Seed 1, Fold 2)
[+] COMPLETED Plant_oil (Seed 1, Fold 6)
[+] COMPLETED Plant_oil (Seed 1, Fold 1)
[+] COMPLETED Plant_oil (Seed 1, Fold 7)
[+] COMPLETED Plant_oil (Seed 1, Fold 5)
[+] COMPLETED Plant_oil (Seed 1, Fold 4)
[+] COMPLETED Plant_oil (Seed 1, Fold 8)
[+] COMPLETED Plant_oil (Seed 1, Fold 3)
[+] COMPLETED Plant_oil (Seed 2, Fold 5)
[+] COMPLETED Plant_oil (Seed 2, Fold 9)
[+] COMPLETED Plant_oil (Seed 2, Fold 10)
[+] COMPLETED Plant_oil (Seed 2, Fold 7)
[+] COMPLETED Plant_oil (Seed 2, Fold 4)
[+] COMPLETED Plant_oil (Seed 2, Fold 1)
[+] COMPLETED Plant_oil (Seed 2, Fold 6)
[+] COMPLETED Plant_oil (Seed 2, Fold 3)
[+] COMPLETED Plant_oil (Seed 2, Fold 2)
[+] COMPLETED Plant_oil (Seed 2, Fold 8)
[+] COMPLETED Plant_oil (Seed 5, Fold 5)
[+] COMPLETED Plant_oil (Seed 5, Fold 2)
[+] COMPLETED Plant_oil (Seed 5, Fold 3)
[+] COMPLETED Plant_oil (Seed 5, Fold 9)
[+] COMPLETED Plant_oil (Seed 5, Fold 1)
[+] COMPLETED Plant_oil (Seed 5, Fold 6)
[+] COMPLETED Plant_oil (Seed 5, Fold 4)
[+] COMPLETED Plant_oil (Seed 5, Fold 8)
[+] COMPLETED Plant_oil (Seed 5, Fold 10)
[+] COMPLETED Plant_oil (Seed 5, Fold 7)
[+] COMPLETED Plant_oil (Seed 10, Fold 10)
[+] COMPLETED Plant_oil (Seed 10, Fold 1)
[+] COMPLETED Plant_oil (Seed 10, Fold 3)
[+] COMPLETED Plant_oil (Seed 10, Fold 5)
[+] COMPLETED Plant_oil (Seed 10, Fold 6)
[+] COMPLETED Plant_oil (Seed 10, Fold 7)
[+] COMPLETED Plant_oil (Seed 10, Fold 2)
[+] COMPLETED Plant_oil (Seed 10, Fold 8)
[+] COMPLETED Plant_oil (Seed 10, Fold 4)
[+] COMPLETED Plant_oil (Seed 10, Fold 9)

============================================================
✅ ALL TASKS COMPLETED
============================================================
=================================================
Job completed.
=================================================
